[WARN] Unsupported engine: wanted: {"node":"24.x"} (current: {"node":"v22.22.1","pnpm":"11.7.0"})
• turbo 2.9.18

   • Packages in scope: @baci/mobile-storefront, @baci/shared, @baci/tiktok-business, @baci/web, baci-mobile-admin, ogabassey-widgets
   • Running lint, typecheck, test in 6 packages
   • Remote caching disabled

@baci/mobile-storefront:lint: cache miss, executing d2c81ce64ff9544c
@baci/mobile-storefront:test: cache miss, executing 4cf1273d82ec54d1
@baci/web:test: cache miss, executing e6585a4176f799ba
@baci/web:typecheck: cache miss, executing 41a757aa19f37504
@baci/shared:typecheck: cache hit, replaying logs ddad6aff8ed180f4
@baci/shared:typecheck: $ tsc --noEmit
@baci/shared:test: cache hit, replaying logs 7aa10952ef249fe8
@baci/shared:test: $ vitest run
@baci/shared:test:
@baci/shared:test: [1m[30m[46m RUN [49m[39m[22m [36mv4.1.9 [39m[90m/app/packages/shared[39m
@baci/shared:test:
@baci/shared:test:  [32m✓[39m src/receipt/generate-receipt-html.vat.test.ts [2m([22m[2m6 tests[22m[2m)[22m[33m 511[2mms[22m[39m
@baci/shared:test:      [33m[2m✓[22m[39m does not show stale VAT when the order total excludes the tax amount [33m 458[2mms[22m[39m
@baci/shared:test:  [32m✓[39m src/receipt/generate-receipt-html.social.test.ts [2m([22m[2m8 tests[22m[2m)[22m[33m 539[2mms[22m[39m
@baci/shared:test:      [33m[2m✓[22m[39m normalizes social URLs into handles without tracking query text [33m 453[2mms[22m[39m
@baci/shared:test:  [32m✓[39m src/receipt/generate-receipt-html.test.ts [2m([22m[2m11 tests[22m[2m)[22m[33m 612[2mms[22m[39m
@baci/shared:test:      [33m[2m✓[22m[39m includes the variant label in receipt item rows [33m 447[2mms[22m[39m
@baci/shared:test:  [32m✓[39m src/lib/negotiation-policy.test.ts [2m([22m[2m20 tests[22m[2m)[22m[32m 74[2mms[22m[39m
@baci/shared:test:  [32m✓[39m src/receipt/sanitize-svg.test.ts [2m([22m[2m30 tests[22m[2m)[22m[32m 218[2mms[22m[39m
@baci/shared:test:  [32m✓[39m src/imei/service-tiers.test.ts [2m([22m[2m11 tests[22m[2m)[22m[32m 69[2mms[22m[39m
@baci/shared:test:  [32m✓[39m src/lib/product-selection-params.test.ts [2m([22m[2m8 tests[22m[2m)[22m[32m 85[2mms[22m[39m
@baci/shared:test:  [32m✓[39m src/contracts/products.test.ts [2m([22m[2m10 tests[22m[2m)[22m[32m 65[2mms[22m[39m
@baci/shared:test:  [32m✓[39m src/schemas/storefront-discount.test.ts [2m([22m[2m10 tests[22m[2m)[22m[32m 148[2mms[22m[39m
@baci/shared:test:  [32m✓[39m src/contracts/merchant-settings.test.ts [2m([22m[2m16 tests[22m[2m)[22m[32m 77[2mms[22m[39m
@baci/shared:test:  [32m✓[39m src/lib/product-variant-media-normalize.test.ts [2m([22m[2m19 tests[22m[2m)[22m[32m 93[2mms[22m[39m
@baci/shared:test:  [32m✓[39m src/contracts/customers.test.ts [2m([22m[2m13 tests[22m[2m)[22m[32m 95[2mms[22m[39m
@baci/shared:test:  [32m✓[39m src/contracts/ecommerce-analytics.test.ts [2m([22m[2m11 tests[22m[2m)[22m[32m 53[2mms[22m[39m
@baci/shared:test:  [32m✓[39m src/storefront/prioritize-smartphone-products.test.ts [2m([22m[2m7 tests[22m[2m)[22m[32m 47[2mms[22m[39m
@baci/shared:test:  [32m✓[39m src/gmc-feed/gmc-feed.test.ts [2m([22m[2m25 tests[22m[2m)[22m[32m 125[2mms[22m[39m
@baci/shared:test:  [32m✓[39m src/lib/parse-santa-action.test.ts [2m([22m[2m17 tests[22m[2m)[22m[32m 80[2mms[22m[39m
@baci/shared:test:  [32m✓[39m src/lib/product-default-variant.test.ts [2m([22m[2m12 tests[22m[2m)[22m[32m 95[2mms[22m[39m
@baci/shared:test:  [32m✓[39m src/receipt/receipt-social.test.ts [2m([22m[2m7 tests[22m[2m)[22m[32m 73[2mms[22m[39m
@baci/shared:test:  [32m✓[39m src/contracts/orders.test.ts [2m([22m[2m25 tests[22m[2m)[22m[32m 89[2mms[22m[39m
@baci/shared:test:  [32m✓[39m src/schemas/merchant-settings.test.ts [2m([22m[2m4 tests[22m[2m)[22m[32m 91[2mms[22m[39m
@baci/shared:test:  [32m✓[39m src/lib/product-image-alt.test.ts [2m([22m[2m11 tests[22m[2m)[22m[32m 26[2mms[22m[39m
@baci/shared:test:  [32m✓[39m src/lib/product-condition.test.ts [2m([22m[2m11 tests[22m[2m)[22m[32m 39[2mms[22m[39m
@baci/shared:test:  [32m✓[39m src/storefront/post-purchase-actions.test.ts [2m([22m[2m11 tests[22m[2m)[22m[32m 69[2mms[22m[39m
@baci/shared:test:  [32m✓[39m src/schemas/merchant-trust-profile.test.ts [2m([22m[2m5 tests[22m[2m)[22m[32m 164[2mms[22m[39m
@baci/shared:test:  [32m✓[39m src/lib/location-state-aliases.test.ts [2m([22m[2m3 tests[22m[2m)[22m[32m 56[2mms[22m[39m
@baci/shared:test:  [32m✓[39m src/storefront/delivery-method-eligibility.test.ts [2m([22m[2m8 tests[22m[2m)[22m[32m 56[2mms[22m[39m
@baci/shared:test:  [32m✓[39m src/contracts/merchant-trust-profile.test.ts [2m([22m[2m4 tests[22m[2m)[22m[32m 53[2mms[22m[39m
@baci/shared:test:  [32m✓[39m src/contracts/index.test.ts [2m([22m[2m1 test[22m[2m)[22m[32m 80[2mms[22m[39m
@baci/shared:test:  [32m✓[39m src/lib/string-values.test.ts [2m([22m[2m5 tests[22m[2m)[22m[32m 83[2mms[22m[39m
@baci/shared:test:  [32m✓[39m src/lib/push-notification-payloads.test.ts [2m([22m[2m29 tests[22m[2m)[22m[32m 115[2mms[22m[39m
@baci/shared:test:  [32m✓[39m src/storefront/launch-carousel.test.ts [2m([22m[2m21 tests[22m[2m)[22m[32m 103[2mms[22m[39m
@baci/shared:test:  [32m✓[39m src/lib/product-variant-model.test.ts [2m([22m[2m11 tests[22m[2m)[22m[32m 47[2mms[22m[39m
@baci/shared:test:  [32m✓[39m src/lib/product-selection-required.test.ts [2m([22m[2m7 tests[22m[2m)[22m[32m 23[2mms[22m[39m
@baci/shared:test:  [32m✓[39m src/lib/product-search.test.ts [2m([22m[2m6 tests[22m[2m)[22m[32m 39[2mms[22m[39m
@baci/shared:test:  [32m✓[39m src/contracts/payment-method-settings.test.ts [2m([22m[2m5 tests[22m[2m)[22m[32m 27[2mms[22m[39m
@baci/shared:test:  [32m✓[39m src/lib/product-inventory.test.ts [2m([22m[2m6 tests[22m[2m)[22m[32m 18[2mms[22m[39m
@baci/shared:test:  [32m✓[39m src/lib/cac-registration.test.ts [2m([22m[2m9 tests[22m[2m)[22m[32m 68[2mms[22m[39m
@baci/shared:test:  [32m✓[39m src/lib/kuda-electricity-bill-items.test.ts [2m([22m[2m9 tests[22m[2m)[22m[32m 76[2mms[22m[39m
@baci/shared:test:  [32m✓[39m src/receipt/receipt-fulfillment.test.ts [2m([22m[2m16 tests[22m[2m)[22m[32m 49[2mms[22m[39m
@baci/shared:test:  [32m✓[39m src/receipt/receipt-sections.test.ts [2m([22m[2m7 tests[22m[2m)[22m[32m 68[2mms[22m[39m
@baci/shared:test:  [32m✓[39m src/receipt/receipt-colors.test.ts [2m([22m[2m5 tests[22m[2m)[22m[32m 30[2mms[22m[39m
@baci/shared:test:  [32m✓[39m src/lib/vtu-loyalty-points.test.ts [2m([22m[2m8 tests[22m[2m)[22m[32m 50[2mms[22m[39m
@baci/shared:test:  [32m✓[39m src/lib/product-variant-media.test.ts [2m([22m[2m13 tests[22m[2m)[22m[32m 132[2mms[22m[39m
@baci/shared:test:  [32m✓[39m src/types/merchant-analytics.test.ts [2m([22m[2m2 tests[22m[2m)[22m[32m 36[2mms[22m[39m
@baci/shared:test:  [32m✓[39m src/contracts/jumia-oauth.test.ts [2m([22m[2m7 tests[22m[2m)[22m[32m 86[2mms[22m[39m
@baci/shared:test:  [32m✓[39m src/lib/product-variant-media-merge.test.ts [2m([22m[2m10 tests[22m[2m)[22m[32m 96[2mms[22m[39m
@baci/shared:test:  [32m✓[39m src/schemas/customer-login-email-hint.test.ts [2m([22m[2m5 tests[22m[2m)[22m[32m 59[2mms[22m[39m
@baci/shared:test:  [32m✓[39m src/receipt/bank-codes.test.ts [2m([22m[2m2 tests[22m[2m)[22m[32m 24[2mms[22m[39m
@baci/shared:test:  [32m✓[39m src/lib/dedupe-by-id.test.ts [2m([22m[2m7 tests[22m[2m)[22m[32m 33[2mms[22m[39m
@baci/shared:test:  [32m✓[39m src/receipt/receipt-status.test.ts [2m([22m[2m3 tests[22m[2m)[22m[32m 51[2mms[22m[39m
@baci/shared:test:  [32m✓[39m src/receipt/receipt-payment-instructions.test.ts [2m([22m[2m2 tests[22m[2m)[22m[32m 53[2mms[22m[39m
@baci/shared:test:  [32m✓[39m src/constants/quiz.test.ts [2m([22m[2m1 test[22m[2m)[22m[32m 50[2mms[22m[39m
@baci/shared:test:  [32m✓[39m src/lib/kuda-data-plan-bill-items.test.ts [2m([22m[2m3 tests[22m[2m)[22m[32m 56[2mms[22m[39m
@baci/shared:test:  [32m✓[39m src/schemas/phone.test.ts [2m([22m[2m5 tests[22m[2m)[22m[32m 72[2mms[22m[39m
@baci/shared:test:  [32m✓[39m src/lib/supabase-error-log.test.ts [2m([22m[2m5 tests[22m[2m)[22m[32m 100[2mms[22m[39m
@baci/shared:test:  [32m✓[39m src/receipt/receipt-money.test.ts [2m([22m[2m5 tests[22m[2m)[22m[32m 23[2mms[22m[39m
@baci/shared:test:  [32m✓[39m src/receipt/escape-html.test.ts [2m([22m[2m2 tests[22m[2m)[22m[32m 33[2mms[22m[39m
@baci/shared:test:
@baci/shared:test: [2m Test Files [22m [1m[32m57 passed[39m[22m[90m (57)[39m
@baci/shared:test: [2m      Tests [22m [1m[32m540 passed[39m[22m[90m (540)[39m
@baci/shared:test: [2m   Start at [22m 14:48:53
@baci/shared:test: [2m   Duration [22m 39.04s[2m (transform 7.92s, setup 0ms, import 19.04s, tests 5.48s, environment 77ms)[22m
@baci/shared:test:
@baci/tiktok-business:typecheck: cache hit, replaying logs bc7646fb59703ceb
@baci/tiktok-business:typecheck: $ tsc --noEmit
@baci/tiktok-business:test: cache hit, replaying logs 7dac82aba830d36f
@baci/tiktok-business:test: $ vitest run
@baci/tiktok-business:test:
@baci/tiktok-business:test: [1m[30m[46m RUN [49m[39m[22m [36mv4.1.9 [39m[90m/app/packages/tiktok-business[39m
@baci/tiktok-business:test:
@baci/tiktok-business:test:  [32m✓[39m plugin/index.test.js [2m([22m[2m2 tests[22m[2m)[22m[32m 38[2mms[22m[39m
@baci/tiktok-business:test:  [32m✓[39m src/event-data.test.ts [2m([22m[2m3 tests[22m[2m)[22m[32m 50[2mms[22m[39m
@baci/tiktok-business:test:  [32m✓[39m src/index.test.ts [2m([22m[2m3 tests[22m[2m)[22m[32m 282[2mms[22m[39m
@baci/tiktok-business:test:
@baci/tiktok-business:test: [2m Test Files [22m [1m[32m3 passed[39m[22m[90m (3)[39m
@baci/tiktok-business:test: [2m      Tests [22m [1m[32m8 passed[39m[22m[90m (8)[39m
@baci/tiktok-business:test: [2m   Start at [22m 04:15:11
@baci/tiktok-business:test: [2m   Duration [22m 3.37s[2m (transform 1.62s, setup 0ms, import 2.18s, tests 370ms, environment 21ms)[22m
@baci/tiktok-business:test:
baci-mobile-admin:lint: cache miss, executing 7b578ad3fb80678c
@baci/mobile-storefront:typecheck: cache miss, executing c4c71a783c9113db
@baci/web:lint: cache miss, executing fb52de59827462c8
baci-mobile-admin:test: cache miss, executing 4bf0e77e1692f012
baci-mobile-admin:typecheck: cache miss, executing a377f39010cc57fc
@baci/web:lint: [WARN] Unsupported engine: wanted: {"node":"24.x"} (current: {"node":"v22.22.1","pnpm":"11.7.0"})
@baci/web:lint: $ biome check .
baci-mobile-admin:test: $ vitest run
@baci/web:test: [WARN] Unsupported engine: wanted: {"node":"24.x"} (current: {"node":"v22.22.1","pnpm":"11.7.0"})
@baci/web:test: $ vitest run
baci-mobile-admin:typecheck: $ tsc --noEmit
@baci/mobile-storefront:lint: [WARN] Unsupported engine: wanted: {"node":"24.x"} (current: {"node":"v22.22.1","pnpm":"11.7.0"})
@baci/mobile-storefront:lint: $ NODE_OPTIONS='--no-warnings --import tsx' expo lint
@baci/mobile-storefront:test: [WARN] Unsupported engine: wanted: {"node":"24.x"} (current: {"node":"v22.22.1","pnpm":"11.7.0"})
@baci/mobile-storefront:test: $ jest --runInBand
@baci/web:typecheck: [WARN] Unsupported engine: wanted: {"node":"24.x"} (current: {"node":"v22.22.1","pnpm":"11.7.0"})
@baci/web:typecheck: $ tsc --noEmit
@baci/mobile-storefront:typecheck: [WARN] Unsupported engine: wanted: {"node":"24.x"} (current: {"node":"v22.22.1","pnpm":"11.7.0"})
baci-mobile-admin:lint: $ expo lint
@baci/mobile-storefront:typecheck: $ tsc --noEmit
@baci/web:test:
@baci/web:test: [1m[30m[46m RUN [49m[39m[22m [36mv4.1.9 [39m[90m/app/apps/web[39m
@baci/web:test:
baci-mobile-admin:test: Both esbuild and oxc options were set. oxc options will be used and esbuild options will be ignored. The following esbuild options were set: `{ jsx: 'automatic', jsxImportSource: 'react' }`
baci-mobile-admin:test:
baci-mobile-admin:test: [1m[30m[46m RUN [49m[39m[22m [36mv4.1.9 [39m[90m/app/apps/mobile-admin[39m
baci-mobile-admin:test:
baci-mobile-admin:test:  [32m✓[39m lib/transaction-review.test.ts [2m([22m[2m15 tests[22m[2m)[22m[33m 334[2mms[22m[39m
@baci/mobile-storefront:test: PASS __tests__/app/wallet/index.test.tsx (11.843 s)
baci-mobile-admin:test:  [32m✓[39m components/transactions/CostPriceEditorModal.test.tsx [2m([22m[2m13 tests[22m[2m)[22m[33m 2848[2mms[22m[39m
baci-mobile-admin:test:      [33m[2m✓[22m[39m edits cost price, transaction date, and vendor or supplier values [33m 590[2mms[22m[39m
baci-mobile-admin:test:      [33m[2m✓[22m[39m shows matching previous supplier options while typing [33m 915[2mms[22m[39m
baci-mobile-admin:test:  [32m✓[39m __tests__/admin/transactions.test.tsx [2m([22m[2m24 tests[22m[2m)[22m[33m 4458[2mms[22m[39m
baci-mobile-admin:test:      [33m[2m✓[22m[39m renders a loading state [33m 1531[2mms[22m[39m
@baci/mobile-storefront:test: PASS stores/auth-store.test.ts
baci-mobile-admin:test:  [32m✓[39m app/(admin)/analytics-config.test.tsx [2m([22m[2m13 tests[22m[2m)[22m[33m 5730[2mms[22m[39m
baci-mobile-admin:test:      [33m[2m✓[22m[39m passes the theme text token to the TikTok PlatformCard icon, not hardcoded black [33m 638[2mms[22m[39m
baci-mobile-admin:test:      [33m[2m✓[22m[39m passes the textOnPrimary theme token to the offline-conversions toggle knob, not hardcoded white [33m 1085[2mms[22m[39m
baci-mobile-admin:test:      [33m[2m✓[22m[39m falls back to default unconfigured state when analytics data is missing after a query error [33m 392[2mms[22m[39m
baci-mobile-admin:test:      [33m[2m✓[22m[39m keeps a typed edit when a background refetch returns the original value, and saves only the edited field [33m 542[2mms[22m[39m
baci-mobile-admin:test:      [33m[2m✓[22m[39m reseeds from fresher analytics data while the form is still clean [33m 384[2mms[22m[39m
baci-mobile-admin:test:      [33m[2m✓[22m[39m keeps reconnect and focus refetching enabled after a query error even once the user types, so recovery can seed the buffer [33m 348[2mms[22m[39m
baci-mobile-admin:test:      [33m[2m✓[22m[39m keeps reconnect and focus refetching enabled until the form becomes dirty [33m 373[2mms[22m[39m
baci-mobile-admin:test:      [33m[2m✓[22m[39m marks the saved buffer clean so refetching resumes and repeated saves do not rewrite the same fields [33m 593[2mms[22m[39m
baci-mobile-admin:test:      [33m[2m✓[22m[39m keeps edits made while a save is pending dirty after the save succeeds [33m 482[2mms[22m[39m
baci-mobile-admin:test:      [33m[2m✓[22m[39m snapshots the saved analytics and reports success after a save so the post-save buffer is clean [33m 417[2mms[22m[39m
@baci/mobile-storefront:test: PASS hooks/use-wallet.test.ts
@baci/mobile-storefront:test: PASS services/orders.test.ts
baci-mobile-admin:test: [90mstderr[2m | __tests__/admin/store-settings.test.tsx[2m > [22m[2mStoreSettingsScreen[2m > [22m[2mshows a conflict error when the OCC guard detects a stale write
baci-mobile-admin:test: [22m[39mUpdate error: Error: These settings changed elsewhere. Reopen the page and try again.
baci-mobile-admin:test:     at mutationFn [90m(/app/apps/mobile-admin/[39mapp/(admin)/store-settings.tsx:161:15[90m)[39m
baci-mobile-admin:test:     at Object.mutate [90m(/app/apps/mobile-admin/[39m__tests__/admin/store-settings.test.tsx:42:9[90m)[39m
baci-mobile-admin:test:
baci-mobile-admin:test:  [32m✓[39m scripts/android-emulator-launcher.test.ts [2m([22m[2m1 test[22m[2m)[22m[32m 93[2mms[22m[39m
baci-mobile-admin:test: [90mstderr[2m | __tests__/admin/store-settings.test.tsx[2m > [22m[2mStoreSettingsScreen[2m > [22m[2mshows an error modal when native subscription management rejects
baci-mobile-admin:test: [22m[39mFailed to open subscription management: Error: fail
baci-mobile-admin:test:     at [90m/app/apps/mobile-admin/[39m__tests__/admin/store-settings.test.tsx:594:29
baci-mobile-admin:test:     at file:///app/node_modules/[4m@vitest/runner[24m/dist/chunk-artifact.js:302:11
baci-mobile-admin:test:     at file:///app/node_modules/[4m@vitest/runner[24m/dist/chunk-artifact.js:1903:26
baci-mobile-admin:test:     at file:///app/node_modules/[4m@vitest/runner[24m/dist/chunk-artifact.js:2326:20
baci-mobile-admin:test:     at new Promise (<anonymous>)
baci-mobile-admin:test:     at runWithCancel (file:///app/node_modules/[4m@vitest/runner[24m/dist/chunk-artifact.js:2323:10)
baci-mobile-admin:test:     at file:///app/node_modules/[4m@vitest/runner[24m/dist/chunk-artifact.js:2305:20
baci-mobile-admin:test:     at new Promise (<anonymous>)
baci-mobile-admin:test:     at runWithTimeout (file:///app/node_modules/[4m@vitest/runner[24m/dist/chunk-artifact.js:2272:10)
baci-mobile-admin:test:     at file:///app/node_modules/[4m@vitest/runner[24m/dist/chunk-artifact.js:2955:64
baci-mobile-admin:test:
baci-mobile-admin:test:  [32m✓[39m __tests__/admin/store-settings.test.tsx [2m([22m[2m10 tests[22m[2m)[22m[33m 3854[2mms[22m[39m
baci-mobile-admin:test:      [33m[2m✓[22m[39m renders inside the shared form shell and updates country state from the picker [33m 1651[2mms[22m[39m
baci-mobile-admin:test:      [33m[2m✓[22m[39m sends only the edited column when one field changes [33m 408[2mms[22m[39m
@baci/web:test: [90mstderr[2m | src/app/(storefront)/[slug]/(catalog)/(pdp)/[category]/[productSlug]/page.test.tsx[2m > [22m[2m[category]/[productSlug] page render[2m > [22m[2mrenders the OgaBassey PDP hero into the static shell without forcing the leaf dynamic
@baci/web:test: [22m[39mUnexpected RSC test helper error: TypeError: Class constructor SemanticSectionsErrorBoundary cannot be invoked without 'new'
@baci/web:test:     at resolveRsc [90m(/app/apps/web/[39msrc/app/(storefront)/[slug]/(catalog)/(pdp)/[category]/[productSlug]/page.test.tsx:767:32[90m)[39m
@baci/web:test:     at resolveRsc [90m(/app/apps/web/[39msrc/app/(storefront)/[slug]/(catalog)/(pdp)/[category]/[productSlug]/page.test.tsx:778:38[90m)[39m
@baci/web:test:     at resolveRsc [90m(/app/apps/web/[39msrc/app/(storefront)/[slug]/(catalog)/(pdp)/[category]/[productSlug]/page.test.tsx:768:16[90m)[39m
@baci/web:test: [90m    at processTicksAndRejections (node:internal/process/task_queues:103:5)[39m
@baci/web:test:     at async Promise.all (index 3)
@baci/web:test:
@baci/mobile-storefront:test: PASS components/payment-gateway/use-payment-gateway-controller.test.ts
@baci/mobile-storefront:test:   ● Console
@baci/mobile-storefront:test:
@baci/mobile-storefront:test:     console.warn
@baci/mobile-storefront:test:       [Supabase] SUPABASE_URL is not configured. Set EXPO_PUBLIC_SUPABASE_URL or configure extra.supabaseUrl in app.json.
@baci/mobile-storefront:test:
@baci/mobile-storefront:test:       40 | // Runtime warning when Supabase credentials are missing
@baci/mobile-storefront:test:       41 | if (!supabaseUrl) {
@baci/mobile-storefront:test:     > 42 |   console.warn(
@baci/mobile-storefront:test:          |           ^
@baci/mobile-storefront:test:       43 |     '[Supabase] SUPABASE_URL is not configured. Set EXPO_PUBLIC_SUPABASE_URL or configure extra.supabaseUrl in app.json.'
@baci/mobile-storefront:test:       44 |   );
@baci/mobile-storefront:test:       45 | }
@baci/mobile-storefront:test:
@baci/mobile-storefront:test:       at Object.warn (lib/supabase.ts:42:11)
@baci/mobile-storefront:test:       at Object.require (lib/vtu-checkout-helpers.ts:4:1)
@baci/mobile-storefront:test:       at Object.require (lib/vtu-checkout.ts:4:1)
@baci/mobile-storefront:test:       at requireActual (components/payment-gateway/use-payment-gateway-controller.test.ts:64:10)
@baci/mobile-storefront:test:       at Object.require (components/payment-gateway/use-payment-gateway-controller.test.ts:10:1)
@baci/mobile-storefront:test:
@baci/mobile-storefront:test:     console.warn
@baci/mobile-storefront:test:       [Supabase] SUPABASE_ANON_KEY is not configured. Set EXPO_PUBLIC_SUPABASE_ANON_KEY or configure extra.supabaseAnonKey in app.json.
@baci/mobile-storefront:test:
@baci/mobile-storefront:test:       45 | }
@baci/mobile-storefront:test:       46 | if (!supabaseAnonKey) {
@baci/mobile-storefront:test:     > 47 |   console.warn(
@baci/mobile-storefront:test:          |           ^
@baci/mobile-storefront:test:       48 |     '[Supabase] SUPABASE_ANON_KEY is not configured. Set EXPO_PUBLIC_SUPABASE_ANON_KEY or configure extra.supabaseAnonKey in app.json.'
@baci/mobile-storefront:test:       49 |   );
@baci/mobile-storefront:test:       50 | }
@baci/mobile-storefront:test:
@baci/mobile-storefront:test:       at Object.warn (lib/supabase.ts:47:11)
@baci/mobile-storefront:test:       at Object.require (lib/vtu-checkout-helpers.ts:4:1)
@baci/mobile-storefront:test:       at Object.require (lib/vtu-checkout.ts:4:1)
@baci/mobile-storefront:test:       at requireActual (components/payment-gateway/use-payment-gateway-controller.test.ts:64:10)
@baci/mobile-storefront:test:       at Object.require (components/payment-gateway/use-payment-gateway-controller.test.ts:10:1)
@baci/mobile-storefront:test:
@baci/web:test: [90mstderr[2m | src/app/(storefront)/[slug]/(catalog)/(pdp)/[category]/[productSlug]/page.test.tsx[2m > [22m[2m[category]/[productSlug] page render[2m > [22m[2mrenders the OgaBassey PDP hero into the static shell without forcing the leaf dynamic
@baci/web:test: [22m[39mEach child in a list should have a unique "key" prop.
@baci/web:test:
@baci/web:test: Check the top-level render call using <div>. See https://react.dev/link/warning-keys for more information.
@baci/web:test: Each child in a list should have a unique "key" prop.
@baci/web:test:
@baci/web:test: Check the top-level render call using <Offscreen>. See https://react.dev/link/warning-keys for more information.
@baci/web:test: Each child in a list should have a unique "key" prop.
@baci/web:test:
@baci/web:test: Check the top-level render call using <article>. See https://react.dev/link/warning-keys for more information.
@baci/web:test: Each child in a list should have a unique "key" prop.
@baci/web:test:
@baci/web:test: Check the top-level render call using <dl>. See https://react.dev/link/warning-keys for more information.
@baci/web:test:
@baci/web:test: [90mstderr[2m | src/app/(storefront)/[slug]/(catalog)/(pdp)/[category]/[productSlug]/page.test.tsx[2m > [22m[2m[category]/[productSlug] page render[2m > [22m[2mprefers the direct canonical category over additional product collections
@baci/web:test: [22m[39mUnexpected RSC test helper error: TypeError: Class constructor SemanticSectionsErrorBoundary cannot be invoked without 'new'
@baci/web:test:     at resolveRsc [90m(/app/apps/web/[39msrc/app/(storefront)/[slug]/(catalog)/(pdp)/[category]/[productSlug]/page.test.tsx:767:32[90m)[39m
@baci/web:test:     at resolveRsc [90m(/app/apps/web/[39msrc/app/(storefront)/[slug]/(catalog)/(pdp)/[category]/[productSlug]/page.test.tsx:778:38[90m)[39m
@baci/web:test:     at resolveRsc [90m(/app/apps/web/[39msrc/app/(storefront)/[slug]/(catalog)/(pdp)/[category]/[productSlug]/page.test.tsx:768:16[90m)[39m
@baci/web:test: [90m    at processTicksAndRejections (node:internal/process/task_queues:103:5)[39m
@baci/web:test:     at async Promise.all (index 3)
@baci/web:test:
@baci/web:test: [90mstderr[2m | src/app/(storefront)/[slug]/(catalog)/(pdp)/[category]/[productSlug]/page.test.tsx[2m > [22m[2m[category]/[productSlug] page render[2m > [22m[2mrenders one visible OgaBassey PDP h1 after the critical shell split
@baci/web:test: [22m[39mUnexpected RSC test helper error: TypeError: Class constructor SemanticSectionsErrorBoundary cannot be invoked without 'new'
@baci/web:test:     at resolveRsc [90m(/app/apps/web/[39msrc/app/(storefront)/[slug]/(catalog)/(pdp)/[category]/[productSlug]/page.test.tsx:767:32[90m)[39m
@baci/web:test:     at resolveRsc [90m(/app/apps/web/[39msrc/app/(storefront)/[slug]/(catalog)/(pdp)/[category]/[productSlug]/page.test.tsx:778:38[90m)[39m
@baci/web:test:     at resolveRsc [90m(/app/apps/web/[39msrc/app/(storefront)/[slug]/(catalog)/(pdp)/[category]/[productSlug]/page.test.tsx:768:16[90m)[39m
@baci/web:test: [90m    at processTicksAndRejections (node:internal/process/task_queues:103:5)[39m
@baci/web:test:     at async Promise.all (index 3)
@baci/web:test:
@baci/web:test: [90mstderr[2m | src/app/(storefront)/[slug]/(catalog)/(pdp)/[category]/[productSlug]/page.test.tsx[2m > [22m[2m[category]/[productSlug] page render[2m > [22m[2mrenders known OgaBassey PDP critical images through the preloaded Image path
@baci/web:test: [22m[39mUnexpected RSC test helper error: TypeError: Class constructor SemanticSectionsErrorBoundary cannot be invoked without 'new'
@baci/web:test:     at resolveRsc [90m(/app/apps/web/[39msrc/app/(storefront)/[slug]/(catalog)/(pdp)/[category]/[productSlug]/page.test.tsx:767:32[90m)[39m
@baci/web:test:     at resolveRsc [90m(/app/apps/web/[39msrc/app/(storefront)/[slug]/(catalog)/(pdp)/[category]/[productSlug]/page.test.tsx:778:38[90m)[39m
@baci/web:test:     at resolveRsc [90m(/app/apps/web/[39msrc/app/(storefront)/[slug]/(catalog)/(pdp)/[category]/[productSlug]/page.test.tsx:768:16[90m)[39m
@baci/web:test: [90m    at processTicksAndRejections (node:internal/process/task_queues:103:5)[39m
@baci/web:test:     at async Promise.all (index 3)
@baci/web:test:
@baci/web:test: [90mstderr[2m | src/app/(storefront)/[slug]/(catalog)/(pdp)/[category]/[productSlug]/page.test.tsx[2m > [22m[2m[category]/[productSlug] page render[2m > [22m[2msplits OgaBassey client work into critical commerce and deferred detail islands
@baci/web:test: [22m[39mUnexpected RSC test helper error: TypeError: Class constructor SemanticSectionsErrorBoundary cannot be invoked without 'new'
@baci/web:test:     at resolveRsc [90m(/app/apps/web/[39msrc/app/(storefront)/[slug]/(catalog)/(pdp)/[category]/[productSlug]/page.test.tsx:767:32[90m)[39m
@baci/web:test:     at resolveRsc [90m(/app/apps/web/[39msrc/app/(storefront)/[slug]/(catalog)/(pdp)/[category]/[productSlug]/page.test.tsx:778:38[90m)[39m
@baci/web:test:     at resolveRsc [90m(/app/apps/web/[39msrc/app/(storefront)/[slug]/(catalog)/(pdp)/[category]/[productSlug]/page.test.tsx:768:16[90m)[39m
@baci/web:test: [90m    at processTicksAndRejections (node:internal/process/task_queues:103:5)[39m
@baci/web:test:     at async Promise.all (index 3)
@baci/web:test:
baci-mobile-admin:test:  [32m✓[39m lib/validators/product.test.ts [2m([22m[2m19 tests[22m[2m)[22m[33m 369[2mms[22m[39m
@baci/web:test: [90mstderr[2m | src/app/(storefront)/[slug]/(catalog)/(pdp)/[category]/[productSlug]/page.test.tsx[2m > [22m[2m[category]/[productSlug] page render[2m > [22m[2mrenders first-viewport OgaBassey commerce selectors for variant products
@baci/web:test: [22m[39mUnexpected RSC test helper error: TypeError: Class constructor SemanticSectionsErrorBoundary cannot be invoked without 'new'
@baci/web:test:     at resolveRsc [90m(/app/apps/web/[39msrc/app/(storefront)/[slug]/(catalog)/(pdp)/[category]/[productSlug]/page.test.tsx:767:32[90m)[39m
@baci/web:test:     at resolveRsc [90m(/app/apps/web/[39msrc/app/(storefront)/[slug]/(catalog)/(pdp)/[category]/[productSlug]/page.test.tsx:778:38[90m)[39m
@baci/web:test:     at resolveRsc [90m(/app/apps/web/[39msrc/app/(storefront)/[slug]/(catalog)/(pdp)/[category]/[productSlug]/page.test.tsx:768:16[90m)[39m
@baci/web:test: [90m    at processTicksAndRejections (node:internal/process/task_queues:103:5)[39m
@baci/web:test:     at async Promise.all (index 3)
@baci/web:test:
baci-mobile-admin:test:  [32m✓[39m app/(admin)/expenses/new.test.tsx [2m([22m[2m8 tests[22m[2m)[22m[33m 3573[2mms[22m[39m
baci-mobile-admin:test:      [33m[2m✓[22m[39m renders the add expense screen shell and opens the category sheet [33m 1662[2mms[22m[39m
baci-mobile-admin:test:      [33m[2m✓[22m[39m allows selecting a branch explicitly when all locations is selected [33m 754[2mms[22m[39m
baci-mobile-admin:test:      [33m[2m✓[22m[39m selects a receipt and saves a complete expense payload through the shared form shell [33m 347[2mms[22m[39m
@baci/web:test: [90mstderr[2m | src/app/(storefront)/[slug]/(catalog)/(pdp)/[category]/[productSlug]/page.test.tsx[2m > [22m[2m[category]/[productSlug] page render[2m > [22m[2muses legacy stock fallback from the LCP hint for critical cart controls
@baci/web:test: [22m[39mUnexpected RSC test helper error: TypeError: Class constructor SemanticSectionsErrorBoundary cannot be invoked without 'new'
@baci/web:test:     at resolveRsc [90m(/app/apps/web/[39msrc/app/(storefront)/[slug]/(catalog)/(pdp)/[category]/[productSlug]/page.test.tsx:767:32[90m)[39m
@baci/web:test:     at resolveRsc [90m(/app/apps/web/[39msrc/app/(storefront)/[slug]/(catalog)/(pdp)/[category]/[productSlug]/page.test.tsx:778:38[90m)[39m
@baci/web:test:     at resolveRsc [90m(/app/apps/web/[39msrc/app/(storefront)/[slug]/(catalog)/(pdp)/[category]/[productSlug]/page.test.tsx:768:16[90m)[39m
@baci/web:test: [90m    at processTicksAndRejections (node:internal/process/task_queues:103:5)[39m
@baci/web:test:     at async Promise.all (index 3)
@baci/web:test:
@baci/web:test: [90mstderr[2m | src/app/(storefront)/[slug]/(catalog)/(pdp)/[category]/[productSlug]/page.test.tsx[2m > [22m[2m[category]/[productSlug] page render[2m > [22m[2mkeeps critical PDP links root-relative for domain-routed storefront requests
@baci/web:test: [22m[39mUnexpected RSC test helper error: TypeError: Class constructor SemanticSectionsErrorBoundary cannot be invoked without 'new'
@baci/web:test:     at resolveRsc [90m(/app/apps/web/[39msrc/app/(storefront)/[slug]/(catalog)/(pdp)/[category]/[productSlug]/page.test.tsx:767:32[90m)[39m
@baci/web:test:     at resolveRsc [90m(/app/apps/web/[39msrc/app/(storefront)/[slug]/(catalog)/(pdp)/[category]/[productSlug]/page.test.tsx:778:38[90m)[39m
@baci/web:test:     at resolveRsc [90m(/app/apps/web/[39msrc/app/(storefront)/[slug]/(catalog)/(pdp)/[category]/[productSlug]/page.test.tsx:768:16[90m)[39m
@baci/web:test: [90m    at processTicksAndRejections (node:internal/process/task_queues:103:5)[39m
@baci/web:test:     at async Promise.all (index 3)
@baci/web:test:
@baci/web:test: [90mstderr[2m | src/app/(storefront)/[slug]/(catalog)/(pdp)/[category]/[productSlug]/page.test.tsx[2m > [22m[2m[category]/[productSlug] page render[2m > [22m[2mfalls back to the slug base path when the shell snapshot base path is malformed
@baci/web:test: [22m[39mUnexpected RSC test helper error: TypeError: Class constructor SemanticSectionsErrorBoundary cannot be invoked without 'new'
@baci/web:test:     at resolveRsc [90m(/app/apps/web/[39msrc/app/(storefront)/[slug]/(catalog)/(pdp)/[category]/[productSlug]/page.test.tsx:767:32[90m)[39m
@baci/web:test:     at resolveRsc [90m(/app/apps/web/[39msrc/app/(storefront)/[slug]/(catalog)/(pdp)/[category]/[productSlug]/page.test.tsx:778:38[90m)[39m
@baci/web:test:     at resolveRsc [90m(/app/apps/web/[39msrc/app/(storefront)/[slug]/(catalog)/(pdp)/[category]/[productSlug]/page.test.tsx:768:16[90m)[39m
@baci/web:test: [90m    at processTicksAndRejections (node:internal/process/task_queues:103:5)[39m
@baci/web:test:     at async Promise.all (index 3)
@baci/web:test:
@baci/web:test: [90mstderr[2m | src/app/(storefront)/[slug]/(catalog)/(pdp)/[category]/[productSlug]/page.test.tsx[2m > [22m[2m[category]/[productSlug] page render[2m > [22m[2mkeeps JSON-LD and hidden summary outside the critical commerce slot
@baci/web:test: [22m[39mUnexpected RSC test helper error: TypeError: Class constructor SemanticSectionsErrorBoundary cannot be invoked without 'new'
@baci/web:test:     at resolveRsc [90m(/app/apps/web/[39msrc/app/(storefront)/[slug]/(catalog)/(pdp)/[category]/[productSlug]/page.test.tsx:767:32[90m)[39m
@baci/web:test:     at resolveRsc [90m(/app/apps/web/[39msrc/app/(storefront)/[slug]/(catalog)/(pdp)/[category]/[productSlug]/page.test.tsx:778:38[90m)[39m
@baci/web:test:     at resolveRsc [90m(/app/apps/web/[39msrc/app/(storefront)/[slug]/(catalog)/(pdp)/[category]/[productSlug]/page.test.tsx:768:16[90m)[39m
@baci/web:test: [90m    at processTicksAndRejections (node:internal/process/task_queues:103:5)[39m
@baci/web:test:     at async Promise.all (index 3)
@baci/web:test:
@baci/web:test: [90mstderr[2m | src/app/(storefront)/[slug]/(catalog)/(pdp)/[category]/[productSlug]/page.test.tsx[2m > [22m[2m[category]/[productSlug] page render[2m > [22m[2mkeeps visible OgaBassey product identity aligned with Product JSON-LD input
@baci/web:test: [22m[39mUnexpected RSC test helper error: TypeError: Class constructor SemanticSectionsErrorBoundary cannot be invoked without 'new'
@baci/web:test:     at resolveRsc [90m(/app/apps/web/[39msrc/app/(storefront)/[slug]/(catalog)/(pdp)/[category]/[productSlug]/page.test.tsx:767:32[90m)[39m
@baci/web:test:     at resolveRsc [90m(/app/apps/web/[39msrc/app/(storefront)/[slug]/(catalog)/(pdp)/[category]/[productSlug]/page.test.tsx:778:38[90m)[39m
@baci/web:test:     at resolveRsc [90m(/app/apps/web/[39msrc/app/(storefront)/[slug]/(catalog)/(pdp)/[category]/[productSlug]/page.test.tsx:768:16[90m)[39m
@baci/web:test: [90m    at processTicksAndRejections (node:internal/process/task_queues:103:5)[39m
@baci/web:test:     at async Promise.all (index 3)
@baci/web:test:
@baci/web:test: [90mstderr[2m | src/app/(storefront)/[slug]/(catalog)/(pdp)/[category]/[productSlug]/page.test.tsx[2m > [22m[2m[category]/[productSlug] page render[2m > [22m[2muses the same NGN fallback currency for metadata and product JSON-LD
@baci/web:test: [22m[39mUnexpected RSC test helper error: TypeError: Class constructor SemanticSectionsErrorBoundary cannot be invoked without 'new'
@baci/web:test:     at resolveRsc [90m(/app/apps/web/[39msrc/app/(storefront)/[slug]/(catalog)/(pdp)/[category]/[productSlug]/page.test.tsx:767:32[90m)[39m
@baci/web:test:     at resolveRsc [90m(/app/apps/web/[39msrc/app/(storefront)/[slug]/(catalog)/(pdp)/[category]/[productSlug]/page.test.tsx:778:38[90m)[39m
@baci/web:test:     at resolveRsc [90m(/app/apps/web/[39msrc/app/(storefront)/[slug]/(catalog)/(pdp)/[category]/[productSlug]/page.test.tsx:768:16[90m)[39m
@baci/web:test: [90m    at processTicksAndRejections (node:internal/process/task_queues:103:5)[39m
@baci/web:test:     at async Promise.all (index 3)
@baci/web:test:
@baci/mobile-storefront:lint: [ERROR] Error during pnpmfile execution. pnpmfile: "/app/.pnpmfile.mjs". Error: "Cannot find module '/app/.pnpmfile.mjs' imported from /home/jules/.local/share/pnpm/.tools/pnpm/11.7.0_tmp_35600/node_modules/pnpm/dist/pnpm.mjs".
@baci/mobile-storefront:lint: For help, run: pnpm help run
@baci/web:test: [90mstderr[2m | src/app/(storefront)/[slug]/(catalog)/(pdp)/[category]/[productSlug]/page.test.tsx[2m > [22m[2m[category]/[productSlug] page render[2m > [22m[2mstrips HTML tags from hidden summary description text
@baci/web:test: [22m[39mUnexpected RSC test helper error: TypeError: Class constructor SemanticSectionsErrorBoundary cannot be invoked without 'new'
@baci/web:test:     at resolveRsc [90m(/app/apps/web/[39msrc/app/(storefront)/[slug]/(catalog)/(pdp)/[category]/[productSlug]/page.test.tsx:767:32[90m)[39m
@baci/web:test:     at resolveRsc [90m(/app/apps/web/[39msrc/app/(storefront)/[slug]/(catalog)/(pdp)/[category]/[productSlug]/page.test.tsx:778:38[90m)[39m
@baci/web:test:     at resolveRsc [90m(/app/apps/web/[39msrc/app/(storefront)/[slug]/(catalog)/(pdp)/[category]/[productSlug]/page.test.tsx:768:16[90m)[39m
@baci/web:test: [90m    at processTicksAndRejections (node:internal/process/task_queues:103:5)[39m
@baci/web:test:     at async Promise.all (index 3)
@baci/web:test:
@baci/web:test: [90mstderr[2m | src/app/(storefront)/[slug]/(catalog)/(pdp)/[category]/[productSlug]/page.test.tsx[2m > [22m[2m[category]/[productSlug] page render[2m > [22m[2mremoves stale absolute listed-price sentences from crawlable and visible PDP copy
@baci/web:test: [22m[39mUnexpected RSC test helper error: TypeError: Class constructor SemanticSectionsErrorBoundary cannot be invoked without 'new'
@baci/web:test:     at resolveRsc [90m(/app/apps/web/[39msrc/app/(storefront)/[slug]/(catalog)/(pdp)/[category]/[productSlug]/page.test.tsx:767:32[90m)[39m
@baci/web:test:     at resolveRsc [90m(/app/apps/web/[39msrc/app/(storefront)/[slug]/(catalog)/(pdp)/[category]/[productSlug]/page.test.tsx:778:38[90m)[39m
@baci/web:test:     at resolveRsc [90m(/app/apps/web/[39msrc/app/(storefront)/[slug]/(catalog)/(pdp)/[category]/[productSlug]/page.test.tsx:768:16[90m)[39m
@baci/web:test: [90m    at processTicksAndRejections (node:internal/process/task_queues:103:5)[39m
@baci/web:test:     at async Promise.all (index 3)
@baci/web:test:
@baci/web:test: [90mstderr[2m | src/app/(storefront)/[slug]/(catalog)/(pdp)/[category]/[productSlug]/page.test.tsx[2m > [22m[2m[category]/[productSlug] page render[2m > [22m[2mmounts the OgaBassey PDP preload hints for the OgaBassey template branch
@baci/web:test: [22m[39mUnexpected RSC test helper error: TypeError: Class constructor SemanticSectionsErrorBoundary cannot be invoked without 'new'
@baci/web:test:     at resolveRsc [90m(/app/apps/web/[39msrc/app/(storefront)/[slug]/(catalog)/(pdp)/[category]/[productSlug]/page.test.tsx:767:32[90m)[39m
@baci/web:test:     at resolveRsc [90m(/app/apps/web/[39msrc/app/(storefront)/[slug]/(catalog)/(pdp)/[category]/[productSlug]/page.test.tsx:778:38[90m)[39m
@baci/web:test:     at resolveRsc [90m(/app/apps/web/[39msrc/app/(storefront)/[slug]/(catalog)/(pdp)/[category]/[productSlug]/page.test.tsx:768:16[90m)[39m
@baci/web:test: [90m    at processTicksAndRejections (node:internal/process/task_queues:103:5)[39m
@baci/web:test:     at async Promise.all (index 3)
@baci/web:test:
@baci/web:test: [90mstderr[2m | src/app/(storefront)/[slug]/(catalog)/(pdp)/[category]/[productSlug]/page.test.tsx[2m > [22m[2m[category]/[productSlug] page render[2m > [22m[2mpreloads the OgaBassey PDP product image before full product details resolve
@baci/web:test: [22m[39mUnexpected RSC test helper error: TypeError: Class constructor SemanticSectionsErrorBoundary cannot be invoked without 'new'
@baci/web:test:     at resolveRsc [90m(/app/apps/web/[39msrc/app/(storefront)/[slug]/(catalog)/(pdp)/[category]/[productSlug]/page.test.tsx:767:32[90m)[39m
@baci/web:test:     at resolveRsc [90m(/app/apps/web/[39msrc/app/(storefront)/[slug]/(catalog)/(pdp)/[category]/[productSlug]/page.test.tsx:778:38[90m)[39m
@baci/web:test:     at resolveRsc [90m(/app/apps/web/[39msrc/app/(storefront)/[slug]/(catalog)/(pdp)/[category]/[productSlug]/page.test.tsx:768:16[90m)[39m
@baci/web:test: [90m    at processTicksAndRejections (node:internal/process/task_queues:103:5)[39m
@baci/web:test:     at async Promise.all (index 3)
@baci/web:test:
@baci/web:test: [90mstderr[2m | src/app/(storefront)/[slug]/(catalog)/(pdp)/[category]/[productSlug]/page.test.tsx[2m > [22m[2m[category]/[productSlug] page render[2m > [22m[2mstarts the OgaBassey product LCP hint before the merchant lookup resolves
@baci/web:test: [22m[39mUnexpected RSC test helper error: TypeError: Class constructor SemanticSectionsErrorBoundary cannot be invoked without 'new'
@baci/web:test:     at resolveRsc [90m(/app/apps/web/[39msrc/app/(storefront)/[slug]/(catalog)/(pdp)/[category]/[productSlug]/page.test.tsx:767:32[90m)[39m
@baci/web:test:     at resolveRsc [90m(/app/apps/web/[39msrc/app/(storefront)/[slug]/(catalog)/(pdp)/[category]/[productSlug]/page.test.tsx:778:38[90m)[39m
@baci/web:test:     at resolveRsc [90m(/app/apps/web/[39msrc/app/(storefront)/[slug]/(catalog)/(pdp)/[category]/[productSlug]/page.test.tsx:768:16[90m)[39m
@baci/web:test:     at async Promise.all (index 3)
@baci/web:test:
@baci/web:test: [90mstderr[2m | src/app/(storefront)/[slug]/(catalog)/(pdp)/[category]/[productSlug]/page.test.tsx[2m > [22m[2m[category]/[productSlug] page render[2m > [22m[2mpreloads the resolved default variant image when no route color is present
@baci/web:test: [22m[39mUnexpected RSC test helper error: TypeError: Class constructor SemanticSectionsErrorBoundary cannot be invoked without 'new'
@baci/web:test:     at resolveRsc [90m(/app/apps/web/[39msrc/app/(storefront)/[slug]/(catalog)/(pdp)/[category]/[productSlug]/page.test.tsx:767:32[90m)[39m
@baci/web:test:     at resolveRsc [90m(/app/apps/web/[39msrc/app/(storefront)/[slug]/(catalog)/(pdp)/[category]/[productSlug]/page.test.tsx:778:38[90m)[39m
@baci/web:test:     at resolveRsc [90m(/app/apps/web/[39msrc/app/(storefront)/[slug]/(catalog)/(pdp)/[category]/[productSlug]/page.test.tsx:768:16[90m)[39m
@baci/web:test:     at async Promise.all (index 3)
@baci/web:test:
@baci/web:test: [90mstderr[2m | src/app/(storefront)/[slug]/(catalog)/(pdp)/[category]/[productSlug]/page.test.tsx[2m > [22m[2m[category]/[productSlug] page render[2m > [22m[2mseeds no-query critical commerce from the lowest-priced variant
@baci/web:test: [22m[39mUnexpected RSC test helper error: TypeError: Class constructor SemanticSectionsErrorBoundary cannot be invoked without 'new'
@baci/web:test:     at resolveRsc [90m(/app/apps/web/[39msrc/app/(storefront)/[slug]/(catalog)/(pdp)/[category]/[productSlug]/page.test.tsx:767:32[90m)[39m
@baci/web:test:     at resolveRsc [90m(/app/apps/web/[39msrc/app/(storefront)/[slug]/(catalog)/(pdp)/[category]/[productSlug]/page.test.tsx:778:38[90m)[39m
@baci/web:test:     at resolveRsc [90m(/app/apps/web/[39msrc/app/(storefront)/[slug]/(catalog)/(pdp)/[category]/[productSlug]/page.test.tsx:768:16[90m)[39m
@baci/web:test:     at async Promise.all (index 3)
@baci/web:test:
@baci/web:test: [90mstderr[2m | src/app/(storefront)/[slug]/(catalog)/(pdp)/[category]/[productSlug]/page.test.tsx[2m > [22m[2m[category]/[productSlug] page render[2m > [22m[2mpreloads legacy Colour variant images on the full product route path
@baci/web:test: [22m[39mUnexpected RSC test helper error: TypeError: Class constructor SemanticSectionsErrorBoundary cannot be invoked without 'new'
@baci/web:test:     at resolveRsc [90m(/app/apps/web/[39msrc/app/(storefront)/[slug]/(catalog)/(pdp)/[category]/[productSlug]/page.test.tsx:767:32[90m)[39m
@baci/web:test:     at resolveRsc [90m(/app/apps/web/[39msrc/app/(storefront)/[slug]/(catalog)/(pdp)/[category]/[productSlug]/page.test.tsx:778:38[90m)[39m
@baci/web:test:     at resolveRsc [90m(/app/apps/web/[39msrc/app/(storefront)/[slug]/(catalog)/(pdp)/[category]/[productSlug]/page.test.tsx:768:16[90m)[39m
@baci/web:test:     at async Promise.all (index 3)
@baci/web:test:
@baci/mobile-storefront:lint: [ELIFECYCLE] Command failed with exit code 1.
@baci/web:test: [90mstderr[2m | src/app/(storefront)/[slug]/(catalog)/(pdp)/[category]/[productSlug]/page.test.tsx[2m > [22m[2m[category]/[productSlug] page render[2m > [22m[2memits one page preload when the merchant lookup wins the early LCP hint race
@baci/web:test: [22m[39mUnexpected RSC test helper error: TypeError: Class constructor SemanticSectionsErrorBoundary cannot be invoked without 'new'
@baci/web:test:     at resolveRsc [90m(/app/apps/web/[39msrc/app/(storefront)/[slug]/(catalog)/(pdp)/[category]/[productSlug]/page.test.tsx:767:32[90m)[39m
@baci/web:test:     at resolveRsc [90m(/app/apps/web/[39msrc/app/(storefront)/[slug]/(catalog)/(pdp)/[category]/[productSlug]/page.test.tsx:778:38[90m)[39m
@baci/web:test:     at resolveRsc [90m(/app/apps/web/[39msrc/app/(storefront)/[slug]/(catalog)/(pdp)/[category]/[productSlug]/page.test.tsx:768:16[90m)[39m
@baci/web:test:     at async Promise.all (index 3)
@baci/web:test:
@baci/web:lint: [ELIFECYCLE] Command failed.
baci-mobile-admin:test: [ELIFECYCLE] Test failed. See above for more details.
baci-mobile-admin:lint: [ELIFECYCLE] Command failed.
@baci/mobile-storefront:test: [ELIFECYCLE] Test failed. See above for more details.
baci-mobile-admin:typecheck: [ELIFECYCLE] Command failed.
@baci/web:typecheck: [ELIFECYCLE] Command failed.
@baci/web:test: [ELIFECYCLE] Test failed. See above for more details.
@baci/mobile-storefront:typecheck: [ELIFECYCLE] Command failed.
 ERROR  @baci/mobile-storefront#lint: command (/app/apps/mobile-storefront) /home/jules/.local/share/pnpm/.tools/pnpm/11.7.0/bin/pnpm run lint exited (1)

 Tasks:    4 successful, 13 total
Cached:    4 cached, 13 total
  Time:    36.375s
Failed:    @baci/mobile-storefront#lint

 ERROR  run failed: command  exited (1)
