 WARN  Unsupported engine: wanted: {"node":"24.x"} (current: {"node":"v22.22.1","pnpm":"10.28.0"})
• turbo 2.9.14

   • Packages in scope: @baci/mobile-storefront, @baci/shared, @baci/tiktok-business, @baci/web, baci-mobile-admin
   • Running test in 5 packages
   • Remote caching disabled

@baci/web:test: cache miss, executing d332487654f80817
@baci/mobile-storefront:test: cache miss, executing 0d7df787531351ba
baci-mobile-admin:test: cache miss, executing 2ec058139acd75de
@baci/tiktok-business:test: cache miss, executing e8f94005befb1ff1
@baci/shared:test: cache miss, executing 69e899983f543c0c
@baci/tiktok-business:test:
@baci/tiktok-business:test: > @baci/tiktok-business@0.1.0 test /app/packages/tiktok-business
@baci/tiktok-business:test: > vitest run
@baci/tiktok-business:test:
@baci/mobile-storefront:test:
@baci/mobile-storefront:test: > @baci/mobile-storefront@1.0.0 test /app/apps/mobile-storefront
@baci/mobile-storefront:test: > jest --runInBand
@baci/mobile-storefront:test:
@baci/shared:test:
@baci/shared:test: > @baci/shared@0.0.1 test /app/packages/shared
@baci/shared:test: > vitest run
@baci/shared:test:
@baci/web:test:
@baci/web:test: > @baci/web@0.1.0 test /app/apps/web
@baci/web:test: > vitest run
@baci/web:test:
baci-mobile-admin:test:
baci-mobile-admin:test: > baci-mobile-admin@1.0.0 test /app/apps/mobile-admin
baci-mobile-admin:test: > vitest run
baci-mobile-admin:test:
baci-mobile-admin:test: Both esbuild and oxc options were set. oxc options will be used and esbuild options will be ignored. The following esbuild options were set: `{ jsx: 'automatic', jsxImportSource: 'react' }`
@baci/shared:test:
@baci/shared:test: [1m[30m[46m RUN [49m[39m[22m [36mv4.1.7 [39m[90m/app/packages/shared[39m
@baci/shared:test:
baci-mobile-admin:test:
baci-mobile-admin:test: [1m[30m[46m RUN [49m[39m[22m [36mv4.1.7 [39m[90m/app/apps/mobile-admin[39m
baci-mobile-admin:test:
@baci/tiktok-business:test:
@baci/tiktok-business:test: [1m[30m[46m RUN [49m[39m[22m [36mv4.1.7 [39m[90m/app/packages/tiktok-business[39m
@baci/tiktok-business:test:
@baci/web:test:
@baci/web:test: [1m[46m RUN [49m[22m [36mv4.0.18 [39m[90m/app/apps/web[39m
@baci/web:test:
@baci/tiktok-business:test:  [32m✓[39m plugin/index.test.js [2m([22m[2m2 tests[22m[2m)[22m[32m 17[2mms[22m[39m
@baci/tiktok-business:test:  [32m✓[39m src/event-data.test.ts [2m([22m[2m3 tests[22m[2m)[22m[32m 22[2mms[22m[39m
@baci/tiktok-business:test:  [32m✓[39m src/index.test.ts [2m([22m[2m3 tests[22m[2m)[22m[32m 107[2mms[22m[39m
@baci/shared:test:  [32m✓[39m src/gmc-feed/gmc-feed.test.ts [2m([22m[2m25 tests[22m[2m)[22m[32m 51[2mms[22m[39m
@baci/tiktok-business:test:
@baci/tiktok-business:test: [2m Test Files [22m [1m[32m3 passed[39m[22m[90m (3)[39m
@baci/tiktok-business:test: [2m      Tests [22m [1m[32m8 passed[39m[22m[90m (8)[39m
@baci/tiktok-business:test: [2m   Start at [22m 16:50:31
@baci/tiktok-business:test: [2m   Duration [22m 1.10s[2m (transform 577ms, setup 0ms, import 784ms, tests 147ms, environment 0ms)[22m
@baci/tiktok-business:test:
@baci/shared:test:  [32m✓[39m src/lib/product-variant-media.test.ts [2m([22m[2m11 tests[22m[2m)[22m[32m 45[2mms[22m[39m
@baci/shared:test:  [32m✓[39m src/receipt/sanitize-svg.test.ts [2m([22m[2m30 tests[22m[2m)[22m[32m 80[2mms[22m[39m
@baci/shared:test:  [32m✓[39m src/lib/push-notification-payloads.test.ts [2m([22m[2m27 tests[22m[2m)[22m[32m 49[2mms[22m[39m
@baci/shared:test:  [32m✓[39m src/lib/product-default-variant.test.ts [2m([22m[2m9 tests[22m[2m)[22m[32m 65[2mms[22m[39m
@baci/shared:test:  [32m✓[39m src/lib/product-variant-media-merge.test.ts [2m([22m[2m10 tests[22m[2m)[22m[32m 55[2mms[22m[39m
@baci/shared:test:  [32m✓[39m src/lib/product-variant-media-normalize.test.ts [2m([22m[2m19 tests[22m[2m)[22m[32m 54[2mms[22m[39m
@baci/shared:test:  [32m✓[39m src/contracts/orders.test.ts [2m([22m[2m25 tests[22m[2m)[22m[32m 65[2mms[22m[39m
@baci/shared:test:  [32m✓[39m src/lib/product-selection-params.test.ts [2m([22m[2m8 tests[22m[2m)[22m[32m 40[2mms[22m[39m
@baci/shared:test:  [32m✓[39m src/lib/kuda-electricity-bill-items.test.ts [2m([22m[2m9 tests[22m[2m)[22m[32m 38[2mms[22m[39m
@baci/shared:test:  [32m✓[39m src/receipt/generate-receipt-html.social.test.ts [2m([22m[2m8 tests[22m[2m)[22m[33m 771[2mms[22m[39m
@baci/shared:test:      [33m[2m✓[22m[39m normalizes social URLs into handles without tracking query text [33m 756[2mms[22m[39m
@baci/shared:test:  [32m✓[39m src/imei/service-tiers.test.ts [2m([22m[2m11 tests[22m[2m)[22m[32m 71[2mms[22m[39m
@baci/shared:test:  [32m✓[39m src/lib/product-variant-model.test.ts [2m([22m[2m11 tests[22m[2m)[22m[32m 17[2mms[22m[39m
@baci/shared:test:  [32m✓[39m src/contracts/products.test.ts [2m([22m[2m10 tests[22m[2m)[22m[32m 26[2mms[22m[39m
@baci/shared:test:  [32m✓[39m src/lib/product-condition.test.ts [2m([22m[2m11 tests[22m[2m)[22m[32m 15[2mms[22m[39m
@baci/shared:test:  [32m✓[39m src/contracts/jumia-oauth.test.ts [2m([22m[2m7 tests[22m[2m)[22m[32m 23[2mms[22m[39m
@baci/shared:test:  [32m✓[39m src/receipt/receipt-sections.test.ts [2m([22m[2m7 tests[22m[2m)[22m[32m 21[2mms[22m[39m
@baci/web:test: Sourcemap for "/app/node_modules/@adobe/css-tools/dist/esm/adobe-css-tools.mjs" points to missing source files
@baci/shared:test:  [32m✓[39m src/receipt/generate-receipt-html.vat.test.ts [2m([22m[2m6 tests[22m[2m)[22m[32m 165[2mms[22m[39m
@baci/shared:test:  [32m✓[39m src/types/merchant-analytics.test.ts [2m([22m[2m2 tests[22m[2m)[22m[32m 8[2mms[22m[39m
baci-mobile-admin:test:  [32m✓[39m lib/transaction-review.test.ts [2m([22m[2m15 tests[22m[2m)[22m[32m 154[2mms[22m[39m
@baci/shared:test:  [32m✓[39m src/contracts/customers.test.ts [2m([22m[2m13 tests[22m[2m)[22m[32m 43[2mms[22m[39m
@baci/shared:test:  [32m✓[39m src/receipt/receipt-money.test.ts [2m([22m[2m5 tests[22m[2m)[22m[32m 34[2mms[22m[39m
@baci/shared:test:  [32m✓[39m src/receipt/generate-receipt-html.test.ts [2m([22m[2m6 tests[22m[2m)[22m[32m 157[2mms[22m[39m
@baci/shared:test:  [32m✓[39m src/receipt/receipt-social.test.ts [2m([22m[2m7 tests[22m[2m)[22m[32m 24[2mms[22m[39m
@baci/shared:test:  [32m✓[39m src/lib/vtu-loyalty-points.test.ts [2m([22m[2m8 tests[22m[2m)[22m[32m 49[2mms[22m[39m
@baci/shared:test:  [32m✓[39m src/schemas/merchant-trust-profile.test.ts [2m([22m[2m5 tests[22m[2m)[22m[32m 27[2mms[22m[39m
@baci/shared:test:  [32m✓[39m src/contracts/payment-method-settings.test.ts [2m([22m[2m5 tests[22m[2m)[22m[32m 24[2mms[22m[39m
@baci/shared:test:  [32m✓[39m src/lib/product-selection-required.test.ts [2m([22m[2m7 tests[22m[2m)[22m[32m 13[2mms[22m[39m
@baci/shared:test:  [32m✓[39m src/lib/cac-registration.test.ts [2m([22m[2m9 tests[22m[2m)[22m[32m 41[2mms[22m[39m
@baci/shared:test:  [32m✓[39m src/receipt/receipt-payment-instructions.test.ts [2m([22m[2m2 tests[22m[2m)[22m[32m 19[2mms[22m[39m
baci-mobile-admin:test:  [32m✓[39m components/transactions/CostPriceEditorModal.test.tsx [2m([22m[2m13 tests[22m[2m)[22m[33m 1790[2mms[22m[39m
baci-mobile-admin:test:      [33m[2m✓[22m[39m shows matching previous supplier options while typing [33m 663[2mms[22m[39m
@baci/shared:test:  [32m✓[39m src/lib/dedupe-by-id.test.ts [2m([22m[2m7 tests[22m[2m)[22m[32m 9[2mms[22m[39m
baci-mobile-admin:test:  [32m✓[39m lib/validators/product.test.ts [2m([22m[2m19 tests[22m[2m)[22m[32m 253[2mms[22m[39m
@baci/shared:test:  [32m✓[39m src/lib/product-search.test.ts [2m([22m[2m6 tests[22m[2m)[22m[32m 27[2mms[22m[39m
@baci/shared:test:  [32m✓[39m src/lib/product-inventory.test.ts [2m([22m[2m6 tests[22m[2m)[22m[32m 40[2mms[22m[39m
@baci/shared:test:  [32m✓[39m src/storefront/post-purchase-actions.test.ts [2m([22m[2m4 tests[22m[2m)[22m[32m 17[2mms[22m[39m
@baci/shared:test:  [32m✓[39m src/receipt/receipt-fulfillment.test.ts [2m([22m[2m3 tests[22m[2m)[22m[32m 26[2mms[22m[39m
baci-mobile-admin:test:  [32m✓[39m __tests__/admin/transactions.test.tsx [2m([22m[2m24 tests[22m[2m)[22m[33m 2548[2mms[22m[39m
baci-mobile-admin:test:      [33m[2m✓[22m[39m renders a loading state [33m 889[2mms[22m[39m
@baci/shared:test:  [32m✓[39m src/storefront/prioritize-smartphone-products.test.ts [2m([22m[2m5 tests[22m[2m)[22m[32m 19[2mms[22m[39m
@baci/shared:test:  [32m✓[39m src/schemas/phone.test.ts [2m([22m[2m5 tests[22m[2m)[22m[32m 28[2mms[22m[39m
@baci/shared:test:  [32m✓[39m src/lib/kuda-data-plan-bill-items.test.ts [2m([22m[2m3 tests[22m[2m)[22m[32m 15[2mms[22m[39m
@baci/shared:test:  [32m✓[39m src/schemas/merchant-settings.test.ts [2m([22m[2m4 tests[22m[2m)[22m[32m 29[2mms[22m[39m
baci-mobile-admin:test:  [32m✓[39m scripts/android-emulator-launcher.test.ts [2m([22m[2m1 test[22m[2m)[22m[32m 51[2mms[22m[39m
@baci/web:test:  [32m✓[39m src/app/api/payments/webhook/route.test.ts [2m([22m[2m39 tests[22m[2m)[22m[33m 421[2mms[22m[39m
@baci/web:test: [90mstderr[2m | src/lib/vtu-fulfillment.test.ts[2m > [22m[2mfulfillPendingVtuTransaction[2m > [22m[2mbackfills missing customer cashback for an already successful transaction
@baci/web:test: [22m[39mVTU airtime loyalty points award was rejected: { error: [90mundefined[39m, points: [33m3[39m, transactionId: [32m'vtu-1'[39m }
@baci/web:test:
@baci/web:test: [90mstderr[2m | src/lib/vtu-fulfillment.test.ts[2m > [22m[2mfulfillPendingVtuTransaction[2m > [22m[2mreuses an existing cashback ledger when success metadata was not updated
@baci/web:test: [22m[39mVTU airtime loyalty points award was rejected: { error: [90mundefined[39m, points: [33m3[39m, transactionId: [32m'vtu-1'[39m }
@baci/web:test:
@baci/web:test: [90mstderr[2m | src/lib/vtu-fulfillment.test.ts[2m > [22m[2mfulfillPendingVtuTransaction[2m > [22m[2mclaims a pending transaction, purchases airtime, and credits wallets
@baci/web:test: [22m[39mVTU airtime loyalty points award was rejected: { error: [90mundefined[39m, points: [33m1[39m, transactionId: [32m'vtu-1'[39m }
@baci/web:test:
@baci/web:test: [90mstderr[2m | src/lib/vtu-fulfillment.test.ts[2m > [22m[2mfulfillPendingVtuTransaction[2m > [22m[2mdoes not treat non-enum database statuses as provider statuses during retry reconciliation
@baci/web:test: [22m[39mUnexpected VTU transaction DB status; using processing fallback: { status: [32m'completed'[39m }
@baci/web:test:
@baci/web:test: [90mstderr[2m | src/lib/vtu-fulfillment.test.ts[2m > [22m[2mfulfillPendingVtuTransaction[2m > [22m[2mpersists customer notification attempt metadata when notification sending fails
@baci/web:test: [22m[39mFailed to send VTU success notification: { error: [32m'push failed'[39m, transactionId: [32m'vtu-1'[39m }
@baci/web:test:
@baci/web:test: [90mstderr[2m | src/lib/vtu-fulfillment.test.ts[2m > [22m[2mfulfillPendingVtuTransaction[2m > [22m[2mthrows when the purchase result cannot be persisted
@baci/web:test: [22m[39mRetrying VTU purchase result persistence after failed update: {
@baci/web:test:   attempt: [33m1[39m,
@baci/web:test:   delayMs: [33m100[39m,
@baci/web:test:   error: [32m'purchase write failed'[39m,
@baci/web:test:   maxAttempts: [33m3[39m,
@baci/web:test:   status: [32m'successful'[39m,
@baci/web:test:   transactionId: [32m'vtu-1'[39m,
@baci/web:test:   transactionReference: [32m'kuda-1'[39m
@baci/web:test: }
@baci/web:test:
@baci/shared:test:  [32m✓[39m src/contracts/merchant-trust-profile.test.ts [2m([22m[2m4 tests[22m[2m)[22m[32m 22[2mms[22m[39m
@baci/web:test: [90mstderr[2m | src/lib/vtu-fulfillment.test.ts[2m > [22m[2mfulfillPendingVtuTransaction[2m > [22m[2mthrows when the purchase result cannot be persisted
@baci/web:test: [22m[39mRetrying VTU purchase result persistence after failed update: {
@baci/web:test:   attempt: [33m2[39m,
@baci/web:test:   delayMs: [33m250[39m,
@baci/web:test:   error: [32m'purchase write failed'[39m,
@baci/web:test:   maxAttempts: [33m3[39m,
@baci/web:test:   status: [32m'successful'[39m,
@baci/web:test:   transactionId: [32m'vtu-1'[39m,
@baci/web:test:   transactionReference: [32m'kuda-1'[39m
@baci/web:test: }
@baci/web:test:
@baci/web:test: [90mstderr[2m | src/lib/vtu-fulfillment.test.ts[2m > [22m[2mfulfillPendingVtuTransaction[2m > [22m[2mthrows when the purchase result cannot be persisted
@baci/web:test: [22m[39mFailed to persist VTU purchase result: {
@baci/web:test:   attempts: [33m3[39m,
@baci/web:test:   errorMessage: [1mnull[22m,
@baci/web:test:   error: [32m'purchase write failed'[39m,
@baci/web:test:   metadata: {},
@baci/web:test:   persistenceRetryExhausted: [33mtrue[39m,
@baci/web:test:   status: [32m'successful'[39m,
@baci/web:test:   transactionId: [32m'vtu-1'[39m,
@baci/web:test:   transactionReference: [32m'kuda-1'[39m
@baci/web:test: }
@baci/web:test:
@baci/web:test: [90mstderr[2m | src/lib/vtu-fulfillment.test.ts[2m > [22m[2mfulfillPendingVtuTransaction[2m > [22m[2mthrows a retryable error when a reconciled failure cannot issue the refund
@baci/web:test: [22m[39mFailed to refund VTU payment to customer wallet: {
@baci/web:test:   amount: [33m1000[39m,
@baci/web:test:   customerId: [32m'customer-1'[39m,
@baci/web:test:   error: [32m'wallet RPC unavailable'[39m,
@baci/web:test:   merchantId: [32m'merchant-1'[39m,
@baci/web:test:   rpc: [32m'refund_customer_wallet_for_vtu'[39m,
@baci/web:test:   transactionId: [32m'vtu-1'[39m
@baci/web:test: }
@baci/web:test:
@baci/web:test: [90mstderr[2m | src/lib/vtu-fulfillment.test.ts[2m > [22m[2mfulfillPendingVtuTransaction[2m > [22m[2mrefund-to-wallet on failed vend[2m > [22m[2mthrows VtuPersistenceError when refund RPC succeeded but metadata persistence fails
@baci/web:test: [22m[39mFailed to persist VTU refund metadata: {
@baci/web:test:   error: [32m'metadata write failed'[39m,
@baci/web:test:   metadata: {},
@baci/web:test:   transactionId: [32m'vtu-1'[39m
@baci/web:test: }
@baci/web:test:
@baci/shared:test:  [32m✓[39m src/receipt/receipt-status.test.ts [2m([22m[2m3 tests[22m[2m)[22m[32m 43[2mms[22m[39m
@baci/web:test: [90mstderr[2m | src/lib/vtu-fulfillment.test.ts[2m > [22m[2mfulfillPendingVtuTransaction[2m > [22m[2mrefund-to-wallet on failed vend[2m > [22m[2mthrows VtuPersistenceError when wallet debit RPC fails with a non-balance error (DB outage etc.)
@baci/web:test: [22m[39mVTU wallet debit RPC failed: {
@baci/web:test:   amount: [33m300[39m,
@baci/web:test:   customerId: [32m'customer-1'[39m,
@baci/web:test:   error: [32m'connection terminated'[39m,
@baci/web:test:   rpc: [32m'redeem_vtu_wallet_payment'[39m,
@baci/web:test:   transactionId: [32m'vtu-debit-err'[39m
@baci/web:test: }
@baci/web:test:
@baci/web:test: [90mstderr[2m | src/lib/vtu-fulfillment.test.ts[2m > [22m[2mfulfillPendingVtuTransaction[2m > [22m[2mrefund-to-wallet on failed vend[2m > [22m[2mthrows a retryable error when an already-failed checkout row still cannot be refunded
@baci/web:test: [22m[39mFailed to refund VTU payment to customer wallet: {
@baci/web:test:   amount: [33m1000[39m,
@baci/web:test:   customerId: [32m'customer-1'[39m,
@baci/web:test:   error: [32m'database is down'[39m,
@baci/web:test:   merchantId: [32m'merchant-1'[39m,
@baci/web:test:   rpc: [32m'refund_customer_wallet_for_vtu'[39m,
@baci/web:test:   transactionId: [32m'vtu-1'[39m
@baci/web:test: }
@baci/web:test:
@baci/web:test:  [32m✓[39m src/lib/vtu-fulfillment.test.ts [2m([22m[2m51 tests[22m[2m)[22m[33m 726[2mms[22m[39m
@baci/web:test:      [33m[2m✓[22m[39m throws when the purchase result cannot be persisted [33m 361[2mms[22m[39m
@baci/shared:test:  [32m✓[39m src/receipt/receipt-colors.test.ts [2m([22m[2m5 tests[22m[2m)[22m[32m 39[2mms[22m[39m
@baci/shared:test:  [32m✓[39m src/contracts/merchant-settings.test.ts [2m([22m[2m3 tests[22m[2m)[22m[32m 18[2mms[22m[39m
@baci/shared:test:  [32m✓[39m src/lib/string-values.test.ts [2m([22m[2m3 tests[22m[2m)[22m[32m 20[2mms[22m[39m
@baci/shared:test:  [32m✓[39m src/receipt/escape-html.test.ts [2m([22m[2m2 tests[22m[2m)[22m[32m 9[2mms[22m[39m
@baci/shared:test:  [32m✓[39m src/receipt/bank-codes.test.ts [2m([22m[2m2 tests[22m[2m)[22m[32m 14[2mms[22m[39m
@baci/shared:test:  [32m✓[39m src/constants/quiz.test.ts [2m([22m[2m1 test[22m[2m)[22m[32m 5[2mms[22m[39m
@baci/shared:test:
@baci/shared:test: [2m Test Files [22m [1m[32m46 passed[39m[22m[90m (46)[39m
@baci/shared:test: [2m      Tests [22m [1m[32m379 passed[39m[22m[90m (379)[39m
@baci/shared:test: [2m   Start at [22m 16:50:31
@baci/shared:test: [2m   Duration [22m 12.65s[2m (transform 3.06s, setup 0ms, import 6.18s, tests 2.47s, environment 16ms)[22m
@baci/shared:test:
@baci/web:test:  [32m✓[39m src/app/api/orders/route.test.ts [2m([22m[2m38 tests[22m[2m)[22m[33m 474[2mms[22m[39m
baci-mobile-admin:test: [90mstderr[2m | components/marketplace/JumiaChannelCard.test.tsx[2m > [22m[2mJumiaChannelCard[2m > [22m[2mrefreshes status when one of multiple disconnect requests fails
baci-mobile-admin:test: [22m[39m[JumiaChannelCard] disconnect failed { name: [32m'Error'[39m, message: [32m'Second integration failed'[39m }
baci-mobile-admin:test:
@baci/mobile-storefront:test: PASS stores/auth-store.test.ts (12.49 s)
baci-mobile-admin:test:  [32m✓[39m components/marketplace/JumiaChannelCard.test.tsx [2m([22m[2m8 tests[22m[2m)[22m[33m 1303[2mms[22m[39m
baci-mobile-admin:test:      [33m[2m✓[22m[39m disconnects connected Jumia integrations after confirmation [33m 594[2mms[22m[39m
baci-mobile-admin:test:  [32m✓[39m app/(admin)/expenses/new.test.tsx [2m([22m[2m8 tests[22m[2m)[22m[33m 2028[2mms[22m[39m
baci-mobile-admin:test:      [33m[2m✓[22m[39m renders the add expense screen shell and opens the category sheet [33m 817[2mms[22m[39m
baci-mobile-admin:test:      [33m[2m✓[22m[39m allows selecting a branch explicitly when all locations is selected [33m 304[2mms[22m[39m
@baci/web:test:  [32m✓[39m src/app/api/orders/[id]/record-payment/route.test.ts [2m([22m[2m25 tests[22m[2m)[22m[33m 870[2mms[22m[39m
@baci/web:test:  [32m✓[39m src/proxy.test.ts [2m([22m[2m137 tests[22m[2m)[22m[33m 313[2mms[22m[39m
@baci/web:test: [90mstderr[2m | src/app/(storefront)/[slug]/(catalog)/(pdp)/[category]/[productSlug]/page.test.tsx[2m > [22m[2m[category]/[productSlug] page render[2m > [22m[2mkeeps the request-time marker after the streamed product shell
@baci/web:test: [22m[39mEach child in a list should have a unique "key" prop.
@baci/web:test:
@baci/web:test: Check the top-level render call using <Root>. See https://react.dev/link/warning-keys for more information.
@baci/web:test: Each child in a list should have a unique "key" prop.
@baci/web:test:
@baci/web:test: Check the top-level render call using <Fragment>. See https://react.dev/link/warning-keys for more information.
@baci/web:test: Each child in a list should have a unique "key" prop.
@baci/web:test:
@baci/web:test: Check the top-level render call using <div>. See https://react.dev/link/warning-keys for more information.
@baci/web:test: Each child in a list should have a unique "key" prop.
@baci/web:test:
@baci/web:test: Check the top-level render call using <nav>. See https://react.dev/link/warning-keys for more information.
@baci/web:test: Each child in a list should have a unique "key" prop.
@baci/web:test:
@baci/web:test: Check the top-level render call using <Offscreen>. See https://react.dev/link/warning-keys for more information.
@baci/web:test: Each child in a list should have a unique "key" prop.
@baci/web:test:
@baci/web:test: Check the top-level render call using <article>. See https://react.dev/link/warning-keys for more information.
@baci/web:test: Each child in a list should have a unique "key" prop.
@baci/web:test:
@baci/web:test: Check the top-level render call using <dl>. See https://react.dev/link/warning-keys for more information.
@baci/web:test:
@baci/web:test:  [32m✓[39m src/app/(storefront)/[slug]/(catalog)/(pdp)/[category]/[productSlug]/page.test.tsx [2m([22m[2m38 tests[22m[2m)[22m[33m 2148[2mms[22m[39m
@baci/web:test:      [33m[2m✓[22m[39m keeps the request-time marker after the streamed product shell [33m 720[2mms[22m[39m
@baci/web:test:  [32m✓[39m src/lib/seo-utils.test.ts [2m([22m[2m84 tests[22m[2m)[22m[32m 155[2mms[22m[39m
baci-mobile-admin:test: [90mstdout[2m | hooks/useDashboardStats.test.ts[2m > [22m[2mfetchDashboardStats[2m > [22m[2maggregates the 8 concurrent queries into a DashboardStats object on the happy path
baci-mobile-admin:test: [22m[39m[DashboardStats] Fetching for merchant: merchant-1 period: week
baci-mobile-admin:test:
baci-mobile-admin:test: [90mstdout[2m | hooks/useDashboardStats.test.ts[2m > [22m[2mfetchDashboardStats[2m > [22m[2maggregates the 8 concurrent queries into a DashboardStats object on the happy path
baci-mobile-admin:test: [22m[39m[DashboardStats] Orders: [33m12[39m Error: [1mnull[22m
baci-mobile-admin:test:
baci-mobile-admin:test: [90mstdout[2m | hooks/useDashboardStats.test.ts[2m > [22m[2mfetchDashboardStats[2m > [22m[2mthrows the first non-null query error so React Query receives a real failure (no fake-zero fallback)
baci-mobile-admin:test: [22m[39m[DashboardStats] Fetching for merchant: merchant-1 period: week
baci-mobile-admin:test:
baci-mobile-admin:test: [90mstderr[2m | hooks/useDashboardStats.test.ts[2m > [22m[2mfetchDashboardStats[2m > [22m[2mthrows the first non-null query error so React Query receives a real failure (no fake-zero fallback)
baci-mobile-admin:test: [90mstdout[2m | hooks/useDashboardStats.test.ts[2m > [22m[2mfetchDashboardStats[2m > [22m[2mthrows the first non-null query error so React Query receives a real failure (no fake-zero fallback)
baci-mobile-admin:test: [22m[39m[DashboardStats] Query error: Error: orders query failed
baci-mobile-admin:test:     at [90m/app/apps/mobile-admin/[39mhooks/useDashboardStats.test.ts:136:21
baci-mobile-admin:test: [22m[39m[DashboardStats] Orders: [33m0[39m Error: Error: orders query failed
baci-mobile-admin:test:     at file:///app/node_modules/[4m@vitest/runner[24m/dist/chunk-artifact.js:302:11
baci-mobile-admin:test:     at [90m/app/apps/mobile-admin/[39mhooks/useDashboardStats.test.ts:136:21
baci-mobile-admin:test:     at file:///app/node_modules/[4m@vitest/runner[24m/dist/chunk-artifact.js:302:11
baci-mobile-admin:test:     at file:///app/node_modules/[4m@vitest/runner[24m/dist/chunk-artifact.js:1903:26
baci-mobile-admin:test:     at file:///app/node_modules/[4m@vitest/runner[24m/dist/chunk-artifact.js:1903:26
baci-mobile-admin:test:     at file:///app/node_modules/[4m@vitest/runner[24m/dist/chunk-artifact.js:2326:20
baci-mobile-admin:test:     at new Promise (<anonymous>)
baci-mobile-admin:test:     at file:///app/node_modules/[4m@vitest/runner[24m/dist/chunk-artifact.js:2326:20
baci-mobile-admin:test:     at new Promise (<anonymous>)
baci-mobile-admin:test:     at runWithCancel (file:///app/node_modules/[4m@vitest/runner[24m/dist/chunk-artifact.js:2323:10)
baci-mobile-admin:test:     at runWithCancel (file:///app/node_modules/[4m@vitest/runner[24m/dist/chunk-artifact.js:2323:10)
baci-mobile-admin:test:     at file:///app/node_modules/[4m@vitest/runner[24m/dist/chunk-artifact.js:2305:20
baci-mobile-admin:test:     at new Promise (<anonymous>)
baci-mobile-admin:test:     at runWithTimeout (file:///app/node_modules/[4m@vitest/runner[24m/dist/chunk-artifact.js:2272:10)
baci-mobile-admin:test:     at file:///app/node_modules/[4m@vitest/runner[24m/dist/chunk-artifact.js:2955:64
baci-mobile-admin:test:
baci-mobile-admin:test: [90mstdout[2m | hooks/useDashboardStats.test.ts[2m > [22m[2mfetchDashboardStats[2m > [22m[2mthrows when a later query in the Promise.all batch fails (visits)
baci-mobile-admin:test: [22m[39m[DashboardStats] Fetching for merchant: merchant-1 period: week
baci-mobile-admin:test:
baci-mobile-admin:test:     at file:///app/node_modules/[4m@vitest/runner[24m/dist/chunk-artifact.js:2305:20
baci-mobile-admin:test:     at new Promise (<anonymous>)
baci-mobile-admin:test:     at runWithTimeout (file:///app/node_modules/[4m@vitest/runner[24m/dist/chunk-artifact.js:2272:10)
baci-mobile-admin:test:     at file:///app/node_modules/[4m@vitest/runner[24m/dist/chunk-artifact.js:2955:64
baci-mobile-admin:test:
baci-mobile-admin:test: [90mstdout[2m | hooks/useDashboardStats.test.ts[2m > [22m[2mfetchDashboardStats[2m > [22m[2mthrows when a later query in the Promise.all batch fails (visits)
baci-mobile-admin:test: [22m[39m[DashboardStats] Orders: [33m12[39m Error: [1mnull[22m
baci-mobile-admin:test:
baci-mobile-admin:test: [90mstdout[2m | hooks/useDashboardStats.test.ts[2m > [22m[2mfetchDashboardStats[2m > [22m[2mruns the 8 queries concurrently (issues every from() call before awaiting any)
baci-mobile-admin:test: [22m[39m[DashboardStats] Fetching for merchant: merchant-1 period: week
baci-mobile-admin:test: [90mstderr[2m | hooks/useDashboardStats.test.ts[2m > [22m[2mfetchDashboardStats[2m > [22m[2mthrows when a later query in the Promise.all batch fails (visits)
baci-mobile-admin:test:
baci-mobile-admin:test: [90mstdout[2m | hooks/useDashboardStats.test.ts[2m > [22m[2mfetchDashboardStats[2m > [22m[2mruns the 8 queries concurrently (issues every from() call before awaiting any)
baci-mobile-admin:test: [22m[39m[DashboardStats] Orders: [33m12[39m Error: [1mnull[22m
baci-mobile-admin:test: [22m[39m[DashboardStats] Query error: Error: visits query failed
baci-mobile-admin:test:
baci-mobile-admin:test: [90mstdout[2m | hooks/useDashboardStats.test.ts[2m > [22m[2mfetchDashboardStats[2m > [22m[2mfilters only branch-aware dashboard queries by concrete branch scope
baci-mobile-admin:test: [22m[39m[DashboardStats] Fetching for merchant: merchant-1 period: week
baci-mobile-admin:test:
baci-mobile-admin:test:     at [90m/app/apps/mobile-admin/[39mhooks/useDashboardStats.test.ts:154:25
baci-mobile-admin:test:     at file:///app/node_modules/[4m@vitest/runner[24m/dist/chunk-artifact.js:302:11
baci-mobile-admin:test:     at file:///app/node_modules/[4m@vitest/runner[24m/dist/chunk-artifact.js:1903:26
baci-mobile-admin:test:     at file:///app/node_modules/[4m@vitest/runner[24m/dist/chunk-artifact.js:2326:20
baci-mobile-admin:test:     at new Promise (<anonymous>)
baci-mobile-admin:test:     at runWithCancel (file:///app/node_modules/[4m@vitest/runner[24m/dist/chunk-artifact.js:2323:10)
baci-mobile-admin:test:     at file:///app/node_modules/[4m@vitest/runner[24m/dist/chunk-artifact.js:2305:20
baci-mobile-admin:test:     at new Promise (<anonymous>)
baci-mobile-admin:test:     at runWithTimeout (file:///app/node_modules/[4m@vitest/runner[24m/dist/chunk-artifact.js:2272:10)
baci-mobile-admin:test:     at file:///app/node_modules/[4m@vitest/runner[24m/dist/chunk-artifact.js:2955:64
baci-mobile-admin:test:
baci-mobile-admin:test: [90mstdout[2m | hooks/useDashboardStats.test.ts[2m > [22m[2mfetchDashboardStats[2m > [22m[2mfilters only branch-aware dashboard queries by concrete branch scope
baci-mobile-admin:test: [22m[39m[DashboardStats] Orders: [33m12[39m Error: [1mnull[22m
baci-mobile-admin:test:
baci-mobile-admin:test: [90mstdout[2m | hooks/useDashboardStats.test.ts[2m > [22m[2mfetchDashboardStats[2m > [22m[2mdoes not add branch filters for all-location dashboard scope
baci-mobile-admin:test: [22m[39m[DashboardStats] Fetching for merchant: merchant-1 period: week
baci-mobile-admin:test:
baci-mobile-admin:test: [90mstdout[2m | hooks/useDashboardStats.test.ts[2m > [22m[2mfetchDashboardStats[2m > [22m[2mdoes not add branch filters for all-location dashboard scope
baci-mobile-admin:test: [22m[39m[DashboardStats] Orders: [33m12[39m Error: [1mnull[22m
baci-mobile-admin:test:
baci-mobile-admin:test: [90mstdout[2m | hooks/useDashboardStats.test.ts[2m > [22m[2mfetchDashboardStats[2m > [22m[2mdoes not select order branch_id through order_items for all-location dashboard scope
baci-mobile-admin:test: [22m[39m[DashboardStats] Fetching for merchant: merchant-1 period: week
baci-mobile-admin:test:
baci-mobile-admin:test: [90mstdout[2m | hooks/useDashboardStats.test.ts[2m > [22m[2mfetchDashboardStats[2m > [22m[2mdoes not select order branch_id through order_items for all-location dashboard scope
baci-mobile-admin:test: [22m[39m[DashboardStats] Orders: [33m12[39m Error: [1mnull[22m
baci-mobile-admin:test:
baci-mobile-admin:test:  [32m✓[39m hooks/useDashboardStats.test.ts [2m([22m[2m9 tests[22m[2m)[22m[32m 163[2mms[22m[39m
baci-mobile-admin:test:  [32m✓[39m components/orders/NewOrderCustomerCreateView.test.tsx [2m([22m[2m3 tests[22m[2m)[22m[33m 1088[2mms[22m[39m
baci-mobile-admin:test:      [33m[2m✓[22m[39m updates the draft fields and keeps the address input controlled [33m 1003[2mms[22m[39m
baci-mobile-admin:test:  [32m✓[39m app/(admin)/expenses/[id].test.tsx [2m([22m[2m12 tests[22m[2m)[22m[33m 1102[2mms[22m[39m
baci-mobile-admin:test:      [33m[2m✓[22m[39m opens http receipt links from the receipt action [33m 608[2mms[22m[39m
@baci/web:test: [90mstderr[2m | src/app/api/merchant/blog/posts/[id]/route.test.ts[2m > [22m[2mGET /api/merchant/blog/posts/[id][2m > [22m[2mfetching post[2m > [22m[2mreturns 500 when database error occurs
@baci/web:test: [22m[39mError fetching blog post: { message: [32m'Database error'[39m }
@baci/web:test:
@baci/web:test: [90mstderr[2m | src/app/api/merchant/blog/posts/[id]/route.test.ts[2m > [22m[2mGET /api/merchant/blog/posts/[id][2m > [22m[2merror handling[2m > [22m[2mreturns 500 when unexpected error occurs
@baci/web:test: [22m[39mBlog post GET error: Error: Unexpected error
@baci/web:test:     at [90m/app/apps/web/[39msrc/app/api/merchant/blog/posts/[id]/route.test.ts:313:45
@baci/web:test:     at [90mfile:///app/apps/web/[39mnode_modules/[4m@vitest/runner[24m/dist/index.js:145:11
@baci/web:test:     at [90mfile:///app/apps/web/[39mnode_modules/[4m@vitest/runner[24m/dist/index.js:915:26
@baci/web:test:     at [90mfile:///app/apps/web/[39mnode_modules/[4m@vitest/runner[24m/dist/index.js:1243:20
@baci/web:test:     at new Promise (<anonymous>)
@baci/web:test:     at runWithTimeout [90m(file:///app/apps/web/[39mnode_modules/[4m@vitest/runner[24m/dist/index.js:1209:10[90m)[39m
@baci/web:test:     at [90mfile:///app/apps/web/[39mnode_modules/[4m@vitest/runner[24m/dist/index.js:1653:37
@baci/web:test:     at Traces.$ [90m(file:///app/apps/web/[39mnode_modules/[4mvitest[24m/dist/chunks/traces.CCmnQaNT.js:142:27[90m)[39m
@baci/web:test:     at trace [90m(file:///app/apps/web/[39mnode_modules/[4mvitest[24m/dist/chunks/test.B8ej_ZHS.js:239:21[90m)[39m
@baci/web:test:     at runTest [90m(file:///app/apps/web/[39mnode_modules/[4m@vitest/runner[24m/dist/index.js:1653:12[90m)[39m
@baci/web:test:
@baci/web:test: [90mstderr[2m | src/app/api/merchant/blog/posts/[id]/route.test.ts[2m > [22m[2mPATCH /api/merchant/blog/posts/[id][2m > [22m[2msuccessful update[2m > [22m[2mreturns 500 when blog cache identifier setup fails before update
@baci/web:test: [22m[39mBlog post PATCH error: Error: cache setup failed
@baci/web:test:     at [90m/app/apps/web/[39msrc/app/api/merchant/blog/posts/[id]/route.test.ts:1093:9
@baci/web:test:     at [90mfile:///app/apps/web/[39mnode_modules/[4m@vitest/runner[24m/dist/index.js:145:11
@baci/web:test:     at [90mfile:///app/apps/web/[39mnode_modules/[4m@vitest/runner[24m/dist/index.js:915:26
@baci/web:test:     at [90mfile:///app/apps/web/[39mnode_modules/[4m@vitest/runner[24m/dist/index.js:1243:20
@baci/web:test:     at new Promise (<anonymous>)
@baci/web:test:     at runWithTimeout [90m(file:///app/apps/web/[39mnode_modules/[4m@vitest/runner[24m/dist/index.js:1209:10[90m)[39m
@baci/web:test:     at [90mfile:///app/apps/web/[39mnode_modules/[4m@vitest/runner[24m/dist/index.js:1653:37
@baci/web:test:     at Traces.$ [90m(file:///app/apps/web/[39mnode_modules/[4mvitest[24m/dist/chunks/traces.CCmnQaNT.js:142:27[90m)[39m
@baci/web:test:     at trace [90m(file:///app/apps/web/[39mnode_modules/[4mvitest[24m/dist/chunks/test.B8ej_ZHS.js:239:21[90m)[39m
@baci/web:test:     at runTest [90m(file:///app/apps/web/[39mnode_modules/[4m@vitest/runner[24m/dist/index.js:1653:12[90m)[39m
@baci/web:test:
@baci/web:test: [90mstderr[2m | src/app/api/merchant/blog/posts/[id]/route.test.ts[2m > [22m[2mPATCH /api/merchant/blog/posts/[id][2m > [22m[2merror handling[2m > [22m[2mreturns 500 when database update fails
@baci/web:test: [22m[39mError updating blog post: { message: [32m'Update failed'[39m }
@baci/web:test:
@baci/web:test: [90mstderr[2m | src/app/api/merchant/blog/posts/[id]/route.test.ts[2m > [22m[2mPATCH /api/merchant/blog/posts/[id][2m > [22m[2merror handling[2m > [22m[2mreturns 500 when unexpected error occurs
@baci/web:test: [22m[39mBlog post PATCH error: Error: Unexpected error
@baci/web:test:     at [90m/app/apps/web/[39msrc/app/api/merchant/blog/posts/[id]/route.test.ts:1139:45
@baci/web:test:     at [90mfile:///app/apps/web/[39mnode_modules/[4m@vitest/runner[24m/dist/index.js:145:11
@baci/web:test:     at [90mfile:///app/apps/web/[39mnode_modules/[4m@vitest/runner[24m/dist/index.js:915:26
@baci/web:test:     at [90mfile:///app/apps/web/[39mnode_modules/[4m@vitest/runner[24m/dist/index.js:1243:20
@baci/web:test:     at new Promise (<anonymous>)
@baci/web:test:     at runWithTimeout [90m(file:///app/apps/web/[39mnode_modules/[4m@vitest/runner[24m/dist/index.js:1209:10[90m)[39m
@baci/web:test:     at [90mfile:///app/apps/web/[39mnode_modules/[4m@vitest/runner[24m/dist/index.js:1653:37
@baci/web:test:     at Traces.$ [90m(file:///app/apps/web/[39mnode_modules/[4mvitest[24m/dist/chunks/traces.CCmnQaNT.js:142:27[90m)[39m
@baci/web:test:     at trace [90m(file:///app/apps/web/[39mnode_modules/[4mvitest[24m/dist/chunks/test.B8ej_ZHS.js:239:21[90m)[39m
@baci/web:test:     at runTest [90m(file:///app/apps/web/[39mnode_modules/[4m@vitest/runner[24m/dist/index.js:1653:12[90m)[39m
@baci/web:test:
@baci/web:test: [90mstderr[2m | src/app/api/merchant/blog/posts/[id]/route.test.ts[2m > [22m[2mPATCH /api/merchant/blog/posts/[id][2m > [22m[2merror handling[2m > [22m[2mcontinues operation if embedding regeneration fails
@baci/web:test: [22m[39mFailed to regenerate blog embedding: Error: Embedding failed
@baci/web:test:     at [90m/app/apps/web/[39msrc/app/api/merchant/blog/posts/[id]/route.test.ts:1167:9
@baci/web:test:     at [90mfile:///app/apps/web/[39mnode_modules/[4m@vitest/runner[24m/dist/index.js:145:11
@baci/web:test:     at [90mfile:///app/apps/web/[39mnode_modules/[4m@vitest/runner[24m/dist/index.js:915:26
@baci/web:test:     at [90mfile:///app/apps/web/[39mnode_modules/[4m@vitest/runner[24m/dist/index.js:1243:20
@baci/web:test:     at new Promise (<anonymous>)
@baci/web:test:     at runWithTimeout [90m(file:///app/apps/web/[39mnode_modules/[4m@vitest/runner[24m/dist/index.js:1209:10[90m)[39m
@baci/web:test:     at [90mfile:///app/apps/web/[39mnode_modules/[4m@vitest/runner[24m/dist/index.js:1653:37
@baci/web:test:     at Traces.$ [90m(file:///app/apps/web/[39mnode_modules/[4mvitest[24m/dist/chunks/traces.CCmnQaNT.js:142:27[90m)[39m
@baci/web:test:     at trace [90m(file:///app/apps/web/[39mnode_modules/[4mvitest[24m/dist/chunks/test.B8ej_ZHS.js:239:21[90m)[39m
@baci/web:test:     at runTest [90m(file:///app/apps/web/[39mnode_modules/[4m@vitest/runner[24m/dist/index.js:1653:12[90m)[39m
@baci/web:test:
@baci/web:test: [90mstderr[2m | src/app/api/merchant/blog/posts/[id]/route.test.ts[2m > [22m[2mDELETE /api/merchant/blog/posts/[id][2m > [22m[2msuccessful deletion[2m > [22m[2mreturns 500 when blog cache identifier setup fails before deletion
@baci/web:test: [22m[39mBlog post DELETE error: Error: cache setup failed
@baci/web:test:     at [90m/app/apps/web/[39msrc/app/api/merchant/blog/posts/[id]/route.test.ts:1297:9
@baci/web:test:     at [90mfile:///app/apps/web/[39mnode_modules/[4m@vitest/runner[24m/dist/index.js:145:11
@baci/web:test:     at [90mfile:///app/apps/web/[39mnode_modules/[4m@vitest/runner[24m/dist/index.js:915:26
@baci/web:test:     at [90mfile:///app/apps/web/[39mnode_modules/[4m@vitest/runner[24m/dist/index.js:1243:20
@baci/web:test:     at new Promise (<anonymous>)
@baci/web:test:     at runWithTimeout [90m(file:///app/apps/web/[39mnode_modules/[4m@vitest/runner[24m/dist/index.js:1209:10[90m)[39m
@baci/web:test:     at [90mfile:///app/apps/web/[39mnode_modules/[4m@vitest/runner[24m/dist/index.js:1653:37
@baci/web:test:     at Traces.$ [90m(file:///app/apps/web/[39mnode_modules/[4mvitest[24m/dist/chunks/traces.CCmnQaNT.js:142:27[90m)[39m
@baci/web:test:     at trace [90m(file:///app/apps/web/[39mnode_modules/[4mvitest[24m/dist/chunks/test.B8ej_ZHS.js:239:21[90m)[39m
@baci/web:test:     at runTest [90m(file:///app/apps/web/[39mnode_modules/[4m@vitest/runner[24m/dist/index.js:1653:12[90m)[39m
@baci/web:test:
@baci/web:test: [90mstderr[2m | src/app/api/merchant/blog/posts/[id]/route.test.ts[2m > [22m[2mDELETE /api/merchant/blog/posts/[id][2m > [22m[2merror handling[2m > [22m[2mreturns 500 when the pre-delete lookup fails
@baci/web:test: [22m[39mError fetching blog post before deletion: { message: [32m'Lookup failed'[39m }
@baci/web:test:
@baci/web:test: [90mstderr[2m | src/app/api/merchant/blog/posts/[id]/route.test.ts[2m > [22m[2mDELETE /api/merchant/blog/posts/[id][2m > [22m[2merror handling[2m > [22m[2mreturns 500 when database delete fails
@baci/web:test: [22m[39mError deleting blog post: { message: [32m'Delete failed'[39m }
@baci/web:test:
@baci/web:test: [90mstderr[2m | src/app/api/merchant/blog/posts/[id]/route.test.ts[2m > [22m[2mDELETE /api/merchant/blog/posts/[id][2m > [22m[2merror handling[2m > [22m[2mreturns 500 when unexpected error occurs
@baci/web:test: [22m[39mBlog post DELETE error: Error: Unexpected error
@baci/web:test:     at Object.<anonymous> [90m(/app/apps/web/[39msrc/app/api/merchant/blog/posts/[id]/route.test.ts:1351:15[90m)[39m
@baci/web:test:     at Object.Mock [as delete] [90m(file:///app/apps/web/[39mnode_modules/[4m@vitest/spy[24m/dist/index.js:285:34[90m)[39m
@baci/web:test:     at Module.DELETE [90m(/app/apps/web/[39msrc/app/api/merchant/blog/posts/[id]/route.ts:455:8[90m)[39m
@baci/web:test: [90m    at processTicksAndRejections (node:internal/process/task_queues:103:5)[39m
@baci/web:test:     at [90m/app/apps/web/[39msrc/app/api/merchant/blog/posts/[id]/route.test.ts:1354:19
@baci/web:test:     at [90mfile:///app/apps/web/[39mnode_modules/[4m@vitest/runner[24m/dist/index.js:915:20
@baci/web:test:
baci-mobile-admin:test:  [32m✓[39m __tests__/auth/register.test.tsx [2m([22m[2m12 tests[22m[2m)[22m[33m 7087[2mms[22m[39m
baci-mobile-admin:test:      [33m[2m✓[22m[39m calls register.mutate with form data when submitted [33m 1389[2mms[22m[39m
baci-mobile-admin:test:      [33m[2m✓[22m[39m clears stale otherBusinessType when switching away from Other [33m 353[2mms[22m[39m
baci-mobile-admin:test:        [33m[2m✓[22m[39m navigates to dashboard via router.replace [33m 504[2mms[22m[39m
baci-mobile-admin:test:        [33m[2m✓[22m[39m uses replace (not push) to prevent back-navigation to register [33m 463[2mms[22m[39m
baci-mobile-admin:test:        [33m[2m✓[22m[39m shows "Account Exists" alert with login action for 409 [33m 571[2mms[22m[39m
baci-mobile-admin:test:        [33m[2m✓[22m[39m navigates to login when "Go to Login" is pressed on 409 alert [33m 654[2mms[22m[39m
baci-mobile-admin:test:        [33m[2m✓[22m[39m shows rate-limit alert for 429 [33m 519[2mms[22m[39m
baci-mobile-admin:test:        [33m[2m✓[22m[39m does not navigate on 429 [33m 523[2mms[22m[39m
baci-mobile-admin:test:        [33m[2m✓[22m[39m shows timeout message for timeout errors [33m 472[2mms[22m[39m
baci-mobile-admin:test:        [33m[2m✓[22m[39m shows offline message for network errors [33m 556[2mms[22m[39m
baci-mobile-admin:test:        [33m[2m✓[22m[39m shows server error message for generic errors [33m 467[2mms[22m[39m
baci-mobile-admin:test:        [33m[2m✓[22m[39m does not navigate on non-409 errors [33m 606[2mms[22m[39m
@baci/web:test:  [32m✓[39m src/app/api/merchant/blog/posts/[id]/route.test.ts [2m([22m[2m44 tests[22m[2m)[22m[32m 156[2mms[22m[39m
@baci/mobile-storefront:test: PASS hooks/use-wallet.test.ts (7.15 s)
@baci/web:test:  [32m✓[39m src/schemas/jumia.test.ts [2m([22m[2m92 tests[22m[2m)[22m[32m 227[2mms[22m[39m
@baci/web:test: [90mstderr[2m | src/env.test.ts[2m > [22m[2misAllowedLlmServerUrl[2m > [22m[2maccepts: https public host
@baci/web:test: [22m[39m❌ Invalid environment variables: SUPABASE_SERVICE_ROLE_KEY: Required
@baci/web:test:
@baci/web:test:  [32m✓[39m src/env.test.ts [2m([22m[2m84 tests[22m[2m)[22m[33m 2223[2mms[22m[39m
@baci/web:test:      [33m[2m✓[22m[39m rejects production boot when Supabase JWT signing material is missing [33m 913[2mms[22m[39m
baci-mobile-admin:test: [90mstderr[2m | __tests__/admin/blog/[id].test.tsx[2m > [22m[2mBlogPostDetailScreen - Delete handler[2m > [22m[2mshows error alert and does not navigate on delete failure
baci-mobile-admin:test: [22m[39mFailed to delete blog post: { message: [32m'RLS policy violation'[39m, code: [32m'42501'[39m }
baci-mobile-admin:test:
baci-mobile-admin:test:  [32m✓[39m __tests__/admin/blog/[id].test.tsx [2m([22m[2m4 tests[22m[2m)[22m[33m 430[2mms[22m[39m
baci-mobile-admin:test: [90mstderr[2m | __tests__/admin/store-settings.test.tsx[2m > [22m[2mStoreSettingsScreen[2m > [22m[2mshows an error modal when native subscription management rejects
baci-mobile-admin:test: [22m[39mFailed to open subscription management: Error: fail
baci-mobile-admin:test:     at [90m/app/apps/mobile-admin/[39m__tests__/admin/store-settings.test.tsx:387:29
baci-mobile-admin:test:     at file:///app/node_modules/[4m@vitest/runner[24m/dist/chunk-artifact.js:302:11
baci-mobile-admin:test:     at file:///app/node_modules/[4m@vitest/runner[24m/dist/chunk-artifact.js:1903:26
baci-mobile-admin:test:     at file:///app/node_modules/[4m@vitest/runner[24m/dist/chunk-artifact.js:2326:20
baci-mobile-admin:test:     at new Promise (<anonymous>)
baci-mobile-admin:test:     at runWithCancel (file:///app/node_modules/[4m@vitest/runner[24m/dist/chunk-artifact.js:2323:10)
baci-mobile-admin:test:     at file:///app/node_modules/[4m@vitest/runner[24m/dist/chunk-artifact.js:2305:20
baci-mobile-admin:test:     at new Promise (<anonymous>)
baci-mobile-admin:test:     at runWithTimeout (file:///app/node_modules/[4m@vitest/runner[24m/dist/chunk-artifact.js:2272:10)
baci-mobile-admin:test:     at file:///app/node_modules/[4m@vitest/runner[24m/dist/chunk-artifact.js:2955:64
baci-mobile-admin:test:
baci-mobile-admin:test:  [32m✓[39m __tests__/admin/store-settings.test.tsx [2m([22m[2m4 tests[22m[2m)[22m[33m 1157[2mms[22m[39m
baci-mobile-admin:test:      [33m[2m✓[22m[39m renders inside the shared form shell and updates country state from the picker [33m 731[2mms[22m[39m
baci-mobile-admin:test:  [32m✓[39m __tests__/auth/login.test.tsx [2m([22m[2m6 tests[22m[2m)[22m[33m 1103[2mms[22m[39m
baci-mobile-admin:test:      [33m[2m✓[22m[39m renders the login keyboard container and sign-up prompt [33m 649[2mms[22m[39m
baci-mobile-admin:test: [90mstderr[2m | components/orders/NewOrderDetailsSection.test.tsx[2m > [22m[2mNewOrderDetailsSection[2m > [22m[2mshows the selected customer summary and opens the customer sheet
baci-mobile-admin:test: [22m[39m[NewOrderDetailsSection] Missing EXPO_PUBLIC_GOOGLE_MAPS_API_KEY
baci-mobile-admin:test:
baci-mobile-admin:test: [90mstderr[2m | components/orders/NewOrderDetailsSection.test.tsx[2m > [22m[2mNewOrderDetailsSection[2m > [22m[2mtoggles the date picker and delivery recipient mode
baci-mobile-admin:test: [22m[39m[NewOrderDetailsSection] Missing EXPO_PUBLIC_GOOGLE_MAPS_API_KEY
baci-mobile-admin:test:
baci-mobile-admin:test: [90mstderr[2m | components/orders/NewOrderDetailsSection.test.tsx[2m > [22m[2mNewOrderDetailsSection[2m > [22m[2mrenders a branch selector when multiple active branches exist
baci-mobile-admin:test: [22m[39m[NewOrderDetailsSection] Missing EXPO_PUBLIC_GOOGLE_MAPS_API_KEY
baci-mobile-admin:test:
baci-mobile-admin:test: [90mstderr[2m | components/orders/NewOrderDetailsSection.test.tsx[2m > [22m[2mNewOrderDetailsSection[2m > [22m[2mdoes not render a branch selector when only one active branch exists
baci-mobile-admin:test: [22m[39m[NewOrderDetailsSection] Missing EXPO_PUBLIC_GOOGLE_MAPS_API_KEY
baci-mobile-admin:test:
baci-mobile-admin:test: [90mstderr[2m | components/orders/NewOrderDetailsSection.test.tsx[2m > [22m[2mNewOrderDetailsSection[2m > [22m[2mrenders the date Pressable in collapsed state and responds to onPress
baci-mobile-admin:test: [22m[39m[NewOrderDetailsSection] Missing EXPO_PUBLIC_GOOGLE_MAPS_API_KEY
baci-mobile-admin:test:
baci-mobile-admin:test: [90mstderr[2m | components/orders/NewOrderDetailsSection.test.tsx[2m > [22m[2mNewOrderDetailsSection[2m > [22m[2mrenders the date Pressable in expanded state without throwing
baci-mobile-admin:test: [22m[39m[NewOrderDetailsSection] Missing EXPO_PUBLIC_GOOGLE_MAPS_API_KEY
baci-mobile-admin:test:
baci-mobile-admin:test: [90mstderr[2m | components/orders/NewOrderDetailsSection.test.tsx[2m > [22m[2mNewOrderDetailsSection[2m > [22m[2mupdates the selected date when the shared date picker confirms a value
baci-mobile-admin:test: [22m[39m[NewOrderDetailsSection] Missing EXPO_PUBLIC_GOOGLE_MAPS_API_KEY
baci-mobile-admin:test:
baci-mobile-admin:test: [90mstderr[2m | components/orders/NewOrderDetailsSection.test.tsx[2m > [22m[2mNewOrderDetailsSection[2m > [22m[2mcloses the picker when the shared date picker signals close
baci-mobile-admin:test: [22m[39m[NewOrderDetailsSection] Missing EXPO_PUBLIC_GOOGLE_MAPS_API_KEY
baci-mobile-admin:test:
baci-mobile-admin:test:  [32m✓[39m components/orders/NewOrderDetailsSection.test.tsx [2m([22m[2m9 tests[22m[2m)[22m[33m 1381[2mms[22m[39m
baci-mobile-admin:test:      [33m[2m✓[22m[39m shows the selected customer summary and opens the customer sheet [33m 738[2mms[22m[39m
baci-mobile-admin:test: [90mstderr[2m | hooks/createOrderDetailsReceiptActions.test.ts[2m > [22m[2mcreateOrderDetailsReceiptActions[2m > [22m[2mkeeps merchant terms when the merchant pages query returns an error
baci-mobile-admin:test: [22m[39m[OrderDetails] Merchant pages refresh failed Error: query failed
baci-mobile-admin:test:     at [90m/app/apps/mobile-admin/[39mhooks/createOrderDetailsReceiptActions.test.ts:99:20
baci-mobile-admin:test:     at file:///app/node_modules/[4m@vitest/runner[24m/dist/chunk-artifact.js:302:11
baci-mobile-admin:test:     at file:///app/node_modules/[4m@vitest/runner[24m/dist/chunk-artifact.js:1903:26
baci-mobile-admin:test:     at file:///app/node_modules/[4m@vitest/runner[24m/dist/chunk-artifact.js:2326:20
baci-mobile-admin:test:     at new Promise (<anonymous>)
baci-mobile-admin:test:     at runWithCancel (file:///app/node_modules/[4m@vitest/runner[24m/dist/chunk-artifact.js:2323:10)
baci-mobile-admin:test:     at file:///app/node_modules/[4m@vitest/runner[24m/dist/chunk-artifact.js:2305:20
baci-mobile-admin:test:     at new Promise (<anonymous>)
baci-mobile-admin:test:     at runWithTimeout (file:///app/node_modules/[4m@vitest/runner[24m/dist/chunk-artifact.js:2272:10)
baci-mobile-admin:test:     at file:///app/node_modules/[4m@vitest/runner[24m/dist/chunk-artifact.js:2955:64
baci-mobile-admin:test:
baci-mobile-admin:test:  [32m✓[39m hooks/createOrderDetailsReceiptActions.test.ts [2m([22m[2m5 tests[22m[2m)[22m[32m 132[2mms[22m[39m
@baci/mobile-storefront:test: PASS __tests__/app/wallet/index.test.tsx (7.95 s)
@baci/web:test: [90mstderr[2m | src/app/(storefront)/[slug]/(catalog)/(pdp)/products/[productSlug]/page.test.tsx[2m > [22m[2mproducts/[productSlug] page[2m > [22m[2mreturns noindex metadata (not a redirect) for legacy archived variant slugs so the page render issues the real HTTP 308
@baci/web:test: [22m[39mProduct lookup miss {
@baci/web:test:   merchantId: [32m'merchant-1'[39m,
@baci/web:test:   productSlug: [32m'iphone-13-pro-max-6gb-128gb'[39m
@baci/web:test: }
@baci/web:test:
@baci/web:test: [90mstderr[2m | src/app/(storefront)/[slug]/(catalog)/(pdp)/products/[productSlug]/page.test.tsx[2m > [22m[2mproducts/[productSlug] page[2m > [22m[2mredirects legacy archived variant slugs during page render too
@baci/web:test: [22m[39mProduct lookup miss {
@baci/web:test:   merchantId: [32m'merchant-1'[39m,
@baci/web:test:   productSlug: [32m'iphone-13-pro-max-6gb-128gb'[39m
@baci/web:test: }
@baci/web:test:
@baci/web:test: [90mstderr[2m | src/app/(storefront)/[slug]/(catalog)/(pdp)/products/[productSlug]/page.test.tsx[2m > [22m[2mproducts/[productSlug] page[2m > [22m[2mreturns noindex metadata when product is missing — page render decides notFound vs redirect
@baci/web:test: [22m[39mProduct lookup miss { merchantId: [32m'merchant-1'[39m, productSlug: [32m'nonexistent'[39m }
@baci/web:test:
@baci/web:test: [90mstderr[2m | src/app/(storefront)/[slug]/(catalog)/(pdp)/products/[productSlug]/page.test.tsx[2m > [22m[2mproducts/[productSlug] page[2m > [22m[2mcalls notFound during page render when no legacy redirect target exists
@baci/web:test: [22m[39mProduct lookup miss { merchantId: [32m'merchant-1'[39m, productSlug: [32m'nonexistent'[39m }
@baci/web:test:
@baci/web:test: [90mstderr[2m | src/app/(storefront)/[slug]/(catalog)/(pdp)/products/[productSlug]/page.test.tsx[2m > [22m[2mproducts/[productSlug] page[2m > [22m[2mdoes not retry detailed lookup with a lowercased slug
@baci/web:test: [22m[39mProduct lookup miss { merchantId: [32m'merchant-1'[39m, productSlug: [32m'IPHONE-15'[39m }
@baci/web:test:
baci-mobile-admin:test:  [32m✓[39m components/branches/BranchSwitcher.test.tsx [2m([22m[2m9 tests[22m[2m)[22m[33m 1484[2mms[22m[39m
baci-mobile-admin:test:      [33m[2m✓[22m[39m shows only add branch when no active branches exist [33m 448[2mms[22m[39m
baci-mobile-admin:test:  [32m✓[39m app/(admin)/staff-accounts.test.tsx [2m([22m[2m6 tests[22m[2m)[22m[33m 2097[2mms[22m[39m
baci-mobile-admin:test:      [33m[2m✓[22m[39m shows only active branches in the branch list [33m 720[2mms[22m[39m
baci-mobile-admin:test:      [33m[2m✓[22m[39m opens an edit sheet and saves branch updates through the mutation [33m 563[2mms[22m[39m
baci-mobile-admin:test:      [33m[2m✓[22m[39m creates branches through the hook mutation without duplicate per-call alerts [33m 368[2mms[22m[39m
@baci/web:test:  [32m✓[39m src/app/(storefront)/[slug]/(catalog)/(pdp)/products/[productSlug]/page.test.tsx [2m([22m[2m21 tests[22m[2m)[22m[33m 1214[2mms[22m[39m
@baci/web:test:      [33m[2m✓[22m[39m defers generic PDP first paint to the route loader while the client page is pending [33m 331[2mms[22m[39m
@baci/web:test:      [33m[2m✓[22m[39m renders server semantic sections on the generic PDP route [33m 753[2mms[22m[39m
@baci/mobile-storefront:test: PASS services/orders.test.ts
baci-mobile-admin:test:  [32m✓[39m __tests__/admin/payout-settings.test.tsx [2m([22m[2m4 tests[22m[2m)[22m[33m 343[2mms[22m[39m
@baci/web:test:  [32m✓[39m src/components/storefront/ogabassey/pages/checkout/components/PaymentStep.test.tsx [2m([22m[2m70 tests[22m[2m)[22m[33m 4407[2mms[22m[39m
@baci/web:test:        [33m[2m✓[22m[39m renders Pay in Full and Pay in Installments tabs [33m 484[2mms[22m[39m
@baci/web:test:        [33m[2m✓[22m[39m allows keyboard focus and selection for the Klump radio [33m 387[2mms[22m[39m
baci-mobile-admin:test:  [32m✓[39m hooks/createNewOrderProductActions.test.ts [2m([22m[2m8 tests[22m[2m)[22m[32m 60[2mms[22m[39m
@baci/web:test: [90mstdout[2m | src/app/api/payments/initialize/route.test.ts[2m > [22m[2mPOST /api/payments/initialize[2m > [22m[2mvalidation[2m > [22m[2mreturns 400 for invalid merchant_id
@baci/web:test: [22m[39m[PaymentInit] Raw Request Body: {
@baci/web:test:   "merchant_id": "bad",
@baci/web:test:   "order_id": "a1b2c3d4-e5f6-7890-abcd-ef1234567890",
@baci/web:test:   "amount": 5000,
@baci/web:test:   "currency": "NGN",
@baci/web:test:   "customer_email": "customer@example.com",
@baci/web:test:   "customer_name": "John Doe",
@baci/web:test:   "customer_phone": "08012345678",
@baci/web:test:   "billing_address": {
@baci/web:test:     "line1": "123 Main St",
@baci/web:test:     "city": "Lagos",
@baci/web:test:     "country": "NG",
@baci/web:test:     "zip_code": "100001"
@baci/web:test:   }
@baci/web:test: }
@baci/web:test:
@baci/web:test: [90mstdout[2m | src/app/api/payments/initialize/route.test.ts[2m > [22m[2mPOST /api/payments/initialize[2m > [22m[2mvalidation[2m > [22m[2mreturns 400 for missing customer_email
@baci/web:test: [22m[39m[PaymentInit] Raw Request Body: {
@baci/web:test:   "merchant_id": "6b5cb8a4-5575-456c-b936-8cdfae30db74",
@baci/web:test:   "order_id": "a1b2c3d4-e5f6-7890-abcd-ef1234567890",
@baci/web:test:   "amount": 5000,
@baci/web:test:   "currency": "NGN",
@baci/web:test:   "customer_name": "John Doe",
@baci/web:test:   "customer_phone": "08012345678",
@baci/web:test:   "billing_address": {
@baci/web:test:     "line1": "123 Main St",
@baci/web:test:     "city": "Lagos",
@baci/web:test:     "country": "NG",
@baci/web:test:     "zip_code": "100001"
@baci/web:test:   }
@baci/web:test: }
@baci/web:test:
@baci/web:test: [90mstdout[2m | src/app/api/payments/initialize/route.test.ts[2m > [22m[2mPOST /api/payments/initialize[2m > [22m[2mvalidation[2m > [22m[2mreturns 400 for negative amount
@baci/web:test: [22m[39m[PaymentInit] Raw Request Body: {
@baci/web:test:   "merchant_id": "6b5cb8a4-5575-456c-b936-8cdfae30db74",
@baci/web:test:   "order_id": "a1b2c3d4-e5f6-7890-abcd-ef1234567890",
@baci/web:test:   "amount": -100,
@baci/web:test:   "currency": "NGN",
@baci/web:test:   "customer_email": "customer@example.com",
@baci/web:test:   "customer_name": "John Doe",
@baci/web:test:   "customer_phone": "08012345678",
@baci/web:test:   "billing_address": {
@baci/web:test:     "line1": "123 Main St",
@baci/web:test:     "city": "Lagos",
@baci/web:test:     "country": "NG",
@baci/web:test:     "zip_code": "100001"
@baci/web:test:   }
@baci/web:test: }
@baci/web:test:
@baci/web:test: [90mstdout[2m | src/app/api/payments/initialize/route.test.ts[2m > [22m[2mPOST /api/payments/initialize[2m > [22m[2morder validation[2m > [22m[2mreturns 404 when order snapshot not found
@baci/web:test: [22m[39m[PaymentInit] Raw Request Body: {
@baci/web:test:   "merchant_id": "6b5cb8a4-5575-456c-b936-8cdfae30db74",
@baci/web:test:   "order_id": "a1b2c3d4-e5f6-7890-abcd-ef1234567890",
@baci/web:test:   "amount": 5000,
@baci/web:test:   "currency": "NGN",
@baci/web:test:   "customer_email": "customer@example.com",
@baci/web:test:   "customer_name": "John Doe",
@baci/web:test:   "customer_phone": "08012345678",
@baci/web:test:   "billing_address": {
@baci/web:test:     "line1": "123 Main St",
@baci/web:test:     "city": "Lagos",
@baci/web:test:     "country": "NG",
@baci/web:test:     "zip_code": "100001"
@baci/web:test:   }
@baci/web:test: }
@baci/web:test:
@baci/web:test: [90mstdout[2m | src/app/api/payments/initialize/route.test.ts[2m > [22m[2mPOST /api/payments/initialize[2m > [22m[2morder validation[2m > [22m[2mreturns 404 when RPC returns an error
@baci/web:test: [22m[39m[PaymentInit] Raw Request Body: {
@baci/web:test:   "merchant_id": "6b5cb8a4-5575-456c-b936-8cdfae30db74",
@baci/web:test:   "order_id": "a1b2c3d4-e5f6-7890-abcd-ef1234567890",
@baci/web:test:   "amount": 5000,
@baci/web:test:   "currency": "NGN",
@baci/web:test:   "customer_email": "customer@example.com",
@baci/web:test:   "customer_name": "John Doe",
@baci/web:test:   "customer_phone": "08012345678",
@baci/web:test:   "billing_address": {
@baci/web:test:     "line1": "123 Main St",
@baci/web:test:     "city": "Lagos",
@baci/web:test:     "country": "NG",
@baci/web:test:     "zip_code": "100001"
@baci/web:test:   }
@baci/web:test: }
@baci/web:test:
@baci/web:test: [90mstdout[2m | src/app/api/payments/initialize/route.test.ts[2m > [22m[2mPOST /api/payments/initialize[2m > [22m[2morder validation[2m > [22m[2mreturns 403 on merchant mismatch
@baci/web:test: [22m[39m[PaymentInit] Raw Request Body: {
@baci/web:test:   "merchant_id": "6b5cb8a4-5575-456c-b936-8cdfae30db74",
@baci/web:test:   "order_id": "a1b2c3d4-e5f6-7890-abcd-ef1234567890",
@baci/web:test:   "amount": 5000,
@baci/web:test:   "currency": "NGN",
@baci/web:test:   "customer_email": "customer@example.com",
@baci/web:test:   "customer_name": "John Doe",
@baci/web:test:   "customer_phone": "08012345678",
@baci/web:test:   "billing_address": {
@baci/web:test:     "line1": "123 Main St",
@baci/web:test:     "city": "Lagos",
@baci/web:test:     "country": "NG",
@baci/web:test:     "zip_code": "100001"
@baci/web:test:   }
@baci/web:test: }
@baci/web:test:
@baci/web:test: [90mstdout[2m | src/app/api/payments/initialize/route.test.ts[2m > [22m[2mPOST /api/payments/initialize[2m > [22m[2morder validation[2m > [22m[2mreturns 400 when amount exceeds order total
@baci/web:test: [22m[39m[PaymentInit] Raw Request Body: {
@baci/web:test:   "merchant_id": "6b5cb8a4-5575-456c-b936-8cdfae30db74",
@baci/web:test:   "order_id": "a1b2c3d4-e5f6-7890-abcd-ef1234567890",
@baci/web:test:   "amount": 5000,
@baci/web:test:   "currency": "NGN",
@baci/web:test:   "customer_email": "customer@example.com",
@baci/web:test:   "customer_name": "John Doe",
@baci/web:test:   "customer_phone": "08012345678",
@baci/web:test:   "billing_address": {
@baci/web:test:     "line1": "123 Main St",
@baci/web:test:     "city": "Lagos",
@baci/web:test:     "country": "NG",
@baci/web:test:     "zip_code": "100001"
@baci/web:test:   }
@baci/web:test: }
@baci/web:test:
@baci/web:test: [90mstdout[2m | src/app/api/payments/initialize/route.test.ts[2m > [22m[2mPOST /api/payments/initialize[2m > [22m[2mmerchant lookup[2m > [22m[2mreturns 404 when merchant not found
@baci/web:test: [22m[39m[PaymentInit] Raw Request Body: {
@baci/web:test:   "merchant_id": "6b5cb8a4-5575-456c-b936-8cdfae30db74",
@baci/web:test:   "order_id": "a1b2c3d4-e5f6-7890-abcd-ef1234567890",
@baci/web:test:   "amount": 5000,
@baci/web:test:   "currency": "NGN",
@baci/web:test:   "customer_email": "customer@example.com",
@baci/web:test:   "customer_name": "John Doe",
@baci/web:test:   "customer_phone": "08012345678",
@baci/web:test:   "billing_address": {
@baci/web:test:     "line1": "123 Main St",
@baci/web:test:     "city": "Lagos",
@baci/web:test:     "country": "NG",
@baci/web:test:     "zip_code": "100001"
@baci/web:test:   }
@baci/web:test: }
@baci/web:test:
@baci/web:test: [90mstdout[2m | src/app/api/payments/initialize/route.test.ts[2m > [22m[2mPOST /api/payments/initialize[2m > [22m[2mkorapay gateway[2m > [22m[2mreturns GATEWAY_DISABLED when Korapay is not explicitly enabled
@baci/web:test: [22m[39m[PaymentInit] Raw Request Body: {
@baci/web:test:   "merchant_id": "6b5cb8a4-5575-456c-b936-8cdfae30db74",
@baci/web:test:   "order_id": "a1b2c3d4-e5f6-7890-abcd-ef1234567890",
@baci/web:test:   "amount": 5000,
@baci/web:test:   "currency": "NGN",
@baci/web:test:   "customer_email": "customer@example.com",
@baci/web:test:   "customer_name": "John Doe",
@baci/web:test:   "customer_phone": "08012345678",
@baci/web:test:   "billing_address": {
@baci/web:test:     "line1": "123 Main St",
@baci/web:test:     "city": "Lagos",
@baci/web:test:     "country": "NG",
@baci/web:test:     "zip_code": "100001"
@baci/web:test:   },
@baci/web:test:   "gateway": "korapay"
@baci/web:test: }
@baci/web:test:
@baci/web:test: [90mstdout[2m | src/app/api/payments/initialize/route.test.ts[2m > [22m[2mPOST /api/payments/initialize[2m > [22m[2mkorapay gateway[2m > [22m[2mreturns success with checkout_url for korapay
@baci/web:test: [22m[39m[PaymentInit] Raw Request Body: {
@baci/web:test:   "merchant_id": "6b5cb8a4-5575-456c-b936-8cdfae30db74",
@baci/web:test:   "order_id": "a1b2c3d4-e5f6-7890-abcd-ef1234567890",
@baci/web:test:   "amount": 5000,
@baci/web:test:   "currency": "NGN",
@baci/web:test:   "customer_email": "customer@example.com",
@baci/web:test:   "customer_name": "John Doe",
@baci/web:test:   "customer_phone": "08012345678",
@baci/web:test:   "billing_address": {
@baci/web:test:     "line1": "123 Main St",
@baci/web:test:     "city": "Lagos",
@baci/web:test:     "country": "NG",
@baci/web:test:     "zip_code": "100001"
@baci/web:test:   },
@baci/web:test:   "gateway": "korapay"
@baci/web:test: }
@baci/web:test:
@baci/web:test: [90mstdout[2m | src/app/api/payments/initialize/route.test.ts[2m > [22m[2mPOST /api/payments/initialize[2m > [22m[2mkorapay gateway[2m > [22m[2mfalls back to checkout_url when korapay omits authorization_url
@baci/web:test: [22m[39m[PaymentInit] Raw Request Body: {
@baci/web:test:   "merchant_id": "6b5cb8a4-5575-456c-b936-8cdfae30db74",
@baci/web:test:   "order_id": "a1b2c3d4-e5f6-7890-abcd-ef1234567890",
@baci/web:test:   "amount": 5000,
@baci/web:test:   "currency": "NGN",
@baci/web:test:   "customer_email": "customer@example.com",
@baci/web:test:   "customer_name": "John Doe",
@baci/web:test:   "customer_phone": "08012345678",
@baci/web:test:   "billing_address": {
@baci/web:test:     "line1": "123 Main St",
@baci/web:test:     "city": "Lagos",
@baci/web:test:     "country": "NG",
@baci/web:test:     "zip_code": "100001"
@baci/web:test:   },
@baci/web:test:   "gateway": "korapay"
@baci/web:test: }
@baci/web:test:
@baci/web:test: [90mstdout[2m | src/app/api/payments/initialize/route.test.ts[2m > [22m[2mPOST /api/payments/initialize[2m > [22m[2mkorapay gateway[2m > [22m[2mfalls back to authorization_url when korapay omits checkout_url
@baci/web:test: [22m[39m[PaymentInit] Raw Request Body: {
@baci/web:test:   "merchant_id": "6b5cb8a4-5575-456c-b936-8cdfae30db74",
@baci/web:test:   "order_id": "a1b2c3d4-e5f6-7890-abcd-ef1234567890",
@baci/web:test:   "amount": 5000,
@baci/web:test:   "currency": "NGN",
@baci/web:test:   "customer_email": "customer@example.com",
@baci/web:test:   "customer_name": "John Doe",
@baci/web:test:   "customer_phone": "08012345678",
@baci/web:test:   "billing_address": {
@baci/web:test:     "line1": "123 Main St",
@baci/web:test:     "city": "Lagos",
@baci/web:test:     "country": "NG",
@baci/web:test:     "zip_code": "100001"
@baci/web:test:   },
@baci/web:test:   "gateway": "korapay"
@baci/web:test: }
@baci/web:test:
@baci/web:test: [90mstdout[2m | src/app/api/payments/initialize/route.test.ts[2m > [22m[2mPOST /api/payments/initialize[2m > [22m[2mkorapay gateway[2m > [22m[2mreturns 502 when korapay initialization throws
@baci/web:test: [22m[39m[PaymentInit] Raw Request Body: {
@baci/web:test:   "merchant_id": "6b5cb8a4-5575-456c-b936-8cdfae30db74",
@baci/web:test:   "order_id": "a1b2c3d4-e5f6-7890-abcd-ef1234567890",
@baci/web:test:   "amount": 5000,
@baci/web:test:   "currency": "NGN",
@baci/web:test:   "customer_email": "customer@example.com",
@baci/web:test:   "customer_name": "John Doe",
@baci/web:test:   "customer_phone": "08012345678",
@baci/web:test:   "billing_address": {
@baci/web:test:     "line1": "123 Main St",
@baci/web:test:     "city": "Lagos",
@baci/web:test:     "country": "NG",
@baci/web:test:     "zip_code": "100001"
@baci/web:test:   },
@baci/web:test:   "gateway": "korapay"
@baci/web:test: }
@baci/web:test:
@baci/web:test: [90mstderr[2m | src/app/api/payments/initialize/route.test.ts[2m > [22m[2mPOST /api/payments/initialize[2m > [22m[2mkorapay gateway[2m > [22m[2mreturns 502 when korapay initialization throws
@baci/web:test: [22m[39mGateway initialization failed [korapay]: Error: Korapay down
@baci/web:test:     at [90m/app/apps/web/[39msrc/app/api/payments/initialize/route.test.ts:406:47
@baci/web:test:     at [90mfile:///app/apps/web/[39mnode_modules/[4m@vitest/runner[24m/dist/index.js:145:11
@baci/web:test:     at [90mfile:///app/apps/web/[39mnode_modules/[4m@vitest/runner[24m/dist/index.js:915:26
@baci/web:test:     at [90mfile:///app/apps/web/[39mnode_modules/[4m@vitest/runner[24m/dist/index.js:1243:20
@baci/web:test:     at new Promise (<anonymous>)
@baci/web:test:     at runWithTimeout [90m(file:///app/apps/web/[39mnode_modules/[4m@vitest/runner[24m/dist/index.js:1209:10[90m)[39m
@baci/web:test:     at [90mfile:///app/apps/web/[39mnode_modules/[4m@vitest/runner[24m/dist/index.js:1653:37
@baci/web:test:     at Traces.$ [90m(file:///app/apps/web/[39mnode_modules/[4mvitest[24m/dist/chunks/traces.CCmnQaNT.js:142:27[90m)[39m
@baci/web:test:     at trace [90m(file:///app/apps/web/[39mnode_modules/[4mvitest[24m/dist/chunks/test.B8ej_ZHS.js:239:21[90m)[39m
@baci/web:test:     at runTest [90m(file:///app/apps/web/[39mnode_modules/[4m@vitest/runner[24m/dist/index.js:1653:12[90m)[39m
@baci/web:test:
@baci/web:test: [90mstdout[2m | src/app/api/payments/initialize/route.test.ts[2m > [22m[2mPOST /api/payments/initialize[2m > [22m[2mpaystack gateway[2m > [22m[2mreturns success with authorization_url for paystack
@baci/web:test: [22m[39m[PaymentInit] Raw Request Body: {
@baci/web:test:   "merchant_id": "6b5cb8a4-5575-456c-b936-8cdfae30db74",
@baci/web:test:   "order_id": "a1b2c3d4-e5f6-7890-abcd-ef1234567890",
@baci/web:test:   "amount": 5000,
@baci/web:test:   "currency": "NGN",
@baci/web:test:   "customer_email": "customer@example.com",
@baci/web:test:   "customer_name": "John Doe",
@baci/web:test:   "customer_phone": "08012345678",
@baci/web:test:   "billing_address": {
@baci/web:test:     "line1": "123 Main St",
@baci/web:test:     "city": "Lagos",
@baci/web:test:     "country": "NG",
@baci/web:test:     "zip_code": "100001"
@baci/web:test:   },
@baci/web:test:   "gateway": "paystack"
@baci/web:test: }
@baci/web:test:
@baci/web:test: [90mstdout[2m | src/app/api/payments/initialize/route.test.ts[2m > [22m[2mPOST /api/payments/initialize[2m > [22m[2mpaystack gateway[2m > [22m[2mreturns success with authorization_url for paystack
@baci/web:test: [22m[39m[PaymentInit] Paystack Phone Debug: {
@baci/web:test:   original: [32m'08012345678'[39m,
@baci/web:test:   formatted: [32m'+2348012345678'[39m,
@baci/web:test:   type: [32m'string'[39m
@baci/web:test: }
@baci/web:test:
@baci/web:test: [90mstdout[2m | src/app/api/payments/initialize/route.test.ts[2m > [22m[2mPOST /api/payments/initialize[2m > [22m[2mpaystack gateway[2m > [22m[2mreturns 400 when paystack subaccount not configured
@baci/web:test: [22m[39m[PaymentInit] Raw Request Body: {
@baci/web:test:   "merchant_id": "6b5cb8a4-5575-456c-b936-8cdfae30db74",
@baci/web:test:   "order_id": "a1b2c3d4-e5f6-7890-abcd-ef1234567890",
@baci/web:test:   "amount": 5000,
@baci/web:test:   "currency": "NGN",
@baci/web:test:   "customer_email": "customer@example.com",
@baci/web:test:   "customer_name": "John Doe",
@baci/web:test:   "customer_phone": "08012345678",
@baci/web:test:   "billing_address": {
@baci/web:test:     "line1": "123 Main St",
@baci/web:test:     "city": "Lagos",
@baci/web:test:     "country": "NG",
@baci/web:test:     "zip_code": "100001"
@baci/web:test:   },
@baci/web:test:   "gateway": "paystack"
@baci/web:test: }
@baci/web:test:
@baci/web:test: [90mstdout[2m | src/app/api/payments/initialize/route.test.ts[2m > [22m[2mPOST /api/payments/initialize[2m > [22m[2mpaystack gateway[2m > [22m[2mcreates dedicated virtual accounts with the merchant subaccount
@baci/web:test: [22m[39m[PaymentInit] Raw Request Body: {
@baci/web:test:   "merchant_id": "6b5cb8a4-5575-456c-b936-8cdfae30db74",
@baci/web:test:   "order_id": "a1b2c3d4-e5f6-7890-abcd-ef1234567890",
@baci/web:test:   "amount": 5000,
@baci/web:test:   "currency": "NGN",
@baci/web:test:   "customer_email": "customer@example.com",
@baci/web:test:   "customer_name": "John Doe",
@baci/web:test:   "customer_phone": "08012345678",
@baci/web:test:   "billing_address": {
@baci/web:test:     "line1": "123 Main St",
@baci/web:test:     "city": "Lagos",
@baci/web:test:     "country": "NG",
@baci/web:test:     "zip_code": "100001"
@baci/web:test:   },
@baci/web:test:   "gateway": "paystack",
@baci/web:test:   "payment_type": "dva"
@baci/web:test: }
@baci/web:test:
@baci/web:test: [90mstdout[2m | src/app/api/payments/initialize/route.test.ts[2m > [22m[2mPOST /api/payments/initialize[2m > [22m[2mpaystack gateway[2m > [22m[2mpersists the DVA assignment with the expected upsert payload (B1 Δ-10)
@baci/web:test: [22m[39m[PaymentInit] Raw Request Body: {
@baci/web:test:   "merchant_id": "6b5cb8a4-5575-456c-b936-8cdfae30db74",
@baci/web:test:   "order_id": "a1b2c3d4-e5f6-7890-abcd-ef1234567890",
@baci/web:test:   "amount": 5000,
@baci/web:test:   "currency": "NGN",
@baci/web:test:   "customer_email": "customer@example.com",
@baci/web:test:   "customer_name": "John Doe",
@baci/web:test:   "customer_phone": "08012345678",
@baci/web:test:   "billing_address": {
@baci/web:test:     "line1": "123 Main St",
@baci/web:test:     "city": "Lagos",
@baci/web:test:     "country": "NG",
@baci/web:test:     "zip_code": "100001"
@baci/web:test:   },
@baci/web:test:   "gateway": "paystack",
@baci/web:test:   "payment_type": "dva"
@baci/web:test: }
@baci/web:test:
@baci/web:test: [90mstdout[2m | src/app/api/payments/initialize/route.test.ts[2m > [22m[2mPOST /api/payments/initialize[2m > [22m[2mpaystack gateway[2m > [22m[2mwarns and still returns 200 when the DVA upsert fails (B1 warn-and-continue)
@baci/web:test: [22m[39m[PaymentInit] Raw Request Body: {
@baci/web:test:   "merchant_id": "6b5cb8a4-5575-456c-b936-8cdfae30db74",
@baci/web:test:   "order_id": "a1b2c3d4-e5f6-7890-abcd-ef1234567890",
@baci/web:test:   "amount": 5000,
@baci/web:test:   "currency": "NGN",
@baci/web:test:   "customer_email": "customer@example.com",
@baci/web:test:   "customer_name": "John Doe",
@baci/web:test:   "customer_phone": "08012345678",
@baci/web:test:   "billing_address": {
@baci/web:test:     "line1": "123 Main St",
@baci/web:test:     "city": "Lagos",
@baci/web:test:     "country": "NG",
@baci/web:test:     "zip_code": "100001"
@baci/web:test:   },
@baci/web:test:   "gateway": "paystack",
@baci/web:test:   "payment_type": "dva"
@baci/web:test: }
@baci/web:test:
@baci/web:test: [90mstdout[2m | src/app/api/payments/initialize/route.test.ts[2m > [22m[2mPOST /api/payments/initialize[2m > [22m[2mbnpl gateways[2m > [22m[2muses the request origin for credit_direct BNPL launcher URLs
@baci/web:test: [22m[39m[PaymentInit] Raw Request Body: {
@baci/web:test:   "merchant_id": "6b5cb8a4-5575-456c-b936-8cdfae30db74",
@baci/web:test:   "order_id": "a1b2c3d4-e5f6-7890-abcd-ef1234567890",
@baci/web:test:   "amount": 5000,
@baci/web:test:   "currency": "NGN",
@baci/web:test:   "customer_email": "customer@example.com",
@baci/web:test:   "customer_name": "John Doe",
@baci/web:test:   "customer_phone": "08012345678",
@baci/web:test:   "billing_address": {
@baci/web:test:     "line1": "123 Main St",
@baci/web:test:     "city": "Lagos",
@baci/web:test:     "country": "NG",
@baci/web:test:     "zip_code": "100001"
@baci/web:test:   },
@baci/web:test:   "gateway": "credit_direct"
@baci/web:test: }
@baci/web:test:
@baci/web:test: [90mstdout[2m | src/app/api/payments/initialize/route.test.ts[2m > [22m[2mPOST /api/payments/initialize[2m > [22m[2mbnpl gateways[2m > [22m[2muses the request origin for credpal BNPL launcher URLs
@baci/web:test: [22m[39m[PaymentInit] Raw Request Body: {
@baci/web:test:   "merchant_id": "6b5cb8a4-5575-456c-b936-8cdfae30db74",
@baci/web:test:   "order_id": "a1b2c3d4-e5f6-7890-abcd-ef1234567890",
@baci/web:test:   "amount": 5000,
@baci/web:test:   "currency": "NGN",
@baci/web:test:   "customer_email": "customer@example.com",
@baci/web:test:   "customer_name": "John Doe",
@baci/web:test:   "customer_phone": "08012345678",
@baci/web:test:   "billing_address": {
@baci/web:test:     "line1": "123 Main St",
@baci/web:test:     "city": "Lagos",
@baci/web:test:     "country": "NG",
@baci/web:test:     "zip_code": "100001"
@baci/web:test:   },
@baci/web:test:   "gateway": "credpal"
@baci/web:test: }
@baci/web:test:
@baci/web:test: [90mstdout[2m | src/app/api/payments/initialize/route.test.ts[2m > [22m[2mPOST /api/payments/initialize[2m > [22m[2mbnpl gateways[2m > [22m[2mreturns GATEWAY_DISABLED when Klump is not enabled for the merchant
@baci/web:test: [22m[39m[PaymentInit] Raw Request Body: {
@baci/web:test:   "merchant_id": "6b5cb8a4-5575-456c-b936-8cdfae30db74",
@baci/web:test:   "order_id": "a1b2c3d4-e5f6-7890-abcd-ef1234567890",
@baci/web:test:   "amount": 50000,
@baci/web:test:   "currency": "NGN",
@baci/web:test:   "customer_email": "customer@example.com",
@baci/web:test:   "customer_name": "John Doe",
@baci/web:test:   "customer_phone": "08012345678",
@baci/web:test:   "billing_address": {
@baci/web:test:     "line1": "123 Main St",
@baci/web:test:     "city": "Lagos",
@baci/web:test:     "country": "NG",
@baci/web:test:     "zip_code": "100001"
@baci/web:test:   },
@baci/web:test:   "gateway": "klump"
@baci/web:test: }
@baci/web:test:
@baci/web:test: [90mstdout[2m | src/app/api/payments/initialize/route.test.ts[2m > [22m[2mPOST /api/payments/initialize[2m > [22m[2mbnpl gateways[2m > [22m[2mrejects Klump when the amount does not equal the full order total
@baci/web:test: [22m[39m[PaymentInit] Raw Request Body: {
@baci/web:test:   "merchant_id": "6b5cb8a4-5575-456c-b936-8cdfae30db74",
@baci/web:test:   "order_id": "a1b2c3d4-e5f6-7890-abcd-ef1234567890",
@baci/web:test:   "amount": 25000,
@baci/web:test:   "currency": "NGN",
@baci/web:test:   "customer_email": "customer@example.com",
@baci/web:test:   "customer_name": "John Doe",
@baci/web:test:   "customer_phone": "08012345678",
@baci/web:test:   "billing_address": {
@baci/web:test:     "line1": "123 Main St",
@baci/web:test:     "city": "Lagos",
@baci/web:test:     "country": "NG",
@baci/web:test:     "zip_code": "100001"
@baci/web:test:   },
@baci/web:test:   "gateway": "klump"
@baci/web:test: }
@baci/web:test:
@baci/web:test: [90mstdout[2m | src/app/api/payments/initialize/route.test.ts[2m > [22m[2mPOST /api/payments/initialize[2m > [22m[2mbnpl gateways[2m > [22m[2mrejects Klump outside the merchant configured amount range
@baci/web:test: [22m[39m[PaymentInit] Raw Request Body: {
@baci/web:test:   "merchant_id": "6b5cb8a4-5575-456c-b936-8cdfae30db74",
@baci/web:test:   "order_id": "a1b2c3d4-e5f6-7890-abcd-ef1234567890",
@baci/web:test:   "amount": 5000,
@baci/web:test:   "currency": "NGN",
@baci/web:test:   "customer_email": "customer@example.com",
@baci/web:test:   "customer_name": "John Doe",
@baci/web:test:   "customer_phone": "08012345678",
@baci/web:test:   "billing_address": {
@baci/web:test:     "line1": "123 Main St",
@baci/web:test:     "city": "Lagos",
@baci/web:test:     "country": "NG",
@baci/web:test:     "zip_code": "100001"
@baci/web:test:   },
@baci/web:test:   "gateway": "klump"
@baci/web:test: }
@baci/web:test:
@baci/web:test: [90mstdout[2m | src/app/api/payments/initialize/route.test.ts[2m > [22m[2mPOST /api/payments/initialize[2m > [22m[2mbnpl gateways[2m > [22m[2mreturns a Klump BNPL launcher URL with reference and tracking token
@baci/web:test: [22m[39m[PaymentInit] Raw Request Body: {
@baci/web:test:   "merchant_id": "6b5cb8a4-5575-456c-b936-8cdfae30db74",
@baci/web:test:   "order_id": "a1b2c3d4-e5f6-7890-abcd-ef1234567890",
@baci/web:test:   "amount": 50000,
@baci/web:test:   "currency": "NGN",
@baci/web:test:   "customer_email": "customer@example.com",
@baci/web:test:   "customer_name": "John Doe",
@baci/web:test:   "customer_phone": "08012345678",
@baci/web:test:   "billing_address": {
@baci/web:test:     "line1": "123 Main St",
@baci/web:test:     "city": "Lagos",
@baci/web:test:     "country": "NG",
@baci/web:test:     "zip_code": "100001"
@baci/web:test:   },
@baci/web:test:   "gateway": "klump"
@baci/web:test: }
@baci/web:test:
@baci/web:test: [90mstdout[2m | src/app/api/payments/initialize/route.test.ts[2m > [22m[2mPOST /api/payments/initialize[2m > [22m[2mbnpl gateways[2m > [22m[2mkeeps Klump launcher URLs slugless on custom domain checkouts
@baci/web:test: [22m[39m[PaymentInit] Raw Request Body: {
@baci/web:test:   "merchant_id": "6b5cb8a4-5575-456c-b936-8cdfae30db74",
@baci/web:test:   "order_id": "a1b2c3d4-e5f6-7890-abcd-ef1234567890",
@baci/web:test:   "amount": 50000,
@baci/web:test:   "currency": "NGN",
@baci/web:test:   "customer_email": "customer@example.com",
@baci/web:test:   "customer_name": "John Doe",
@baci/web:test:   "customer_phone": "08012345678",
@baci/web:test:   "billing_address": {
@baci/web:test:     "line1": "123 Main St",
@baci/web:test:     "city": "Lagos",
@baci/web:test:     "country": "NG",
@baci/web:test:     "zip_code": "100001"
@baci/web:test:   },
@baci/web:test:   "gateway": "klump"
@baci/web:test: }
@baci/web:test:
@baci/web:test: [90mstdout[2m | src/app/api/payments/initialize/route.test.ts[2m > [22m[2mPOST /api/payments/initialize[2m > [22m[2mbnpl gateways[2m > [22m[2muses the public host header instead of the internal request URL for BNPL launcher URLs
@baci/web:test: [22m[39m[PaymentInit] Raw Request Body: {
@baci/web:test:   "merchant_id": "6b5cb8a4-5575-456c-b936-8cdfae30db74",
@baci/web:test:   "order_id": "a1b2c3d4-e5f6-7890-abcd-ef1234567890",
@baci/web:test:   "amount": 50000,
@baci/web:test:   "currency": "NGN",
@baci/web:test:   "customer_email": "customer@example.com",
@baci/web:test:   "customer_name": "John Doe",
@baci/web:test:   "customer_phone": "08012345678",
@baci/web:test:   "billing_address": {
@baci/web:test:     "line1": "123 Main St",
@baci/web:test:     "city": "Lagos",
@baci/web:test:     "country": "NG",
@baci/web:test:     "zip_code": "100001"
@baci/web:test:   },
@baci/web:test:   "gateway": "klump"
@baci/web:test: }
@baci/web:test:
@baci/web:test: [90mstdout[2m | src/app/api/payments/initialize/route.test.ts[2m > [22m[2mPOST /api/payments/initialize[2m > [22m[2mjuicyway crypto gateway[2m > [22m[2mreturns crypto_payment with address when immediately available
@baci/web:test: [22m[39m[PaymentInit] Raw Request Body: {
@baci/web:test:   "merchant_id": "6b5cb8a4-5575-456c-b936-8cdfae30db74",
@baci/web:test:   "order_id": "a1b2c3d4-e5f6-7890-abcd-ef1234567890",
@baci/web:test:   "amount": 5000,
@baci/web:test:   "currency": "NGN",
@baci/web:test:   "customer_email": "customer@example.com",
@baci/web:test:   "customer_name": "John Doe",
@baci/web:test:   "customer_phone": "08012345678",
@baci/web:test:   "billing_address": {
@baci/web:test:     "line1": "123 Main St",
@baci/web:test:     "city": "Lagos",
@baci/web:test:     "country": "NG",
@baci/web:test:     "zip_code": "100001"
@baci/web:test:   },
@baci/web:test:   "gateway": "juicyway",
@baci/web:test:   "crypto_chain": "TRX",
@baci/web:test:   "crypto_currency": "USDT"
@baci/web:test: }
@baci/web:test:
@baci/web:test: [90mstdout[2m | src/app/api/payments/initialize/route.test.ts[2m > [22m[2mPOST /api/payments/initialize[2m > [22m[2mjuicyway crypto gateway[2m > [22m[2mreturns crypto_payment with address when immediately available
@baci/web:test: [22m[39mCrypto capture response: {
@baci/web:test:   status: [32m'processing'[39m,
@baci/web:test:   hasAddress: [33mtrue[39m,
@baci/web:test:   paymentId: [32m'payment-456'[39m,
@baci/web:test:   mode: [32m'sandbox'[39m,
@baci/web:test:   fullCaptureData: [32m'{"payment":{"id":"payment-456","amount":500000,"status":"processing","payment_method":{"address":"TRX_WALLET_ADDR_123","chain":"TRX","currency":"USDT","qrcode":"https://qr.example.com/qr.png"}}}'[39m
@baci/web:test: }
@baci/web:test:
@baci/web:test: [90mstdout[2m | src/app/api/payments/initialize/route.test.ts[2m > [22m[2mPOST /api/payments/initialize[2m > [22m[2mjuicyway crypto gateway[2m > [22m[2mreturns crypto_address_pending when address not ready after polling
@baci/web:test: [22m[39m[PaymentInit] Raw Request Body: {
@baci/web:test:   "merchant_id": "6b5cb8a4-5575-456c-b936-8cdfae30db74",
@baci/web:test:   "order_id": "a1b2c3d4-e5f6-7890-abcd-ef1234567890",
@baci/web:test:   "amount": 5000,
@baci/web:test:   "currency": "NGN",
@baci/web:test:   "customer_email": "customer@example.com",
@baci/web:test:   "customer_name": "John Doe",
@baci/web:test:   "customer_phone": "08012345678",
@baci/web:test:   "billing_address": {
@baci/web:test:     "line1": "123 Main St",
@baci/web:test:     "city": "Lagos",
@baci/web:test:     "country": "NG",
@baci/web:test:     "zip_code": "100001"
@baci/web:test:   },
@baci/web:test:   "gateway": "juicyway",
@baci/web:test:   "crypto_chain": "TRX",
@baci/web:test:   "crypto_currency": "USDT"
@baci/web:test: }
@baci/web:test:
@baci/web:test: [90mstdout[2m | src/app/api/payments/initialize/route.test.ts[2m > [22m[2mPOST /api/payments/initialize[2m > [22m[2mjuicyway crypto gateway[2m > [22m[2mreturns crypto_address_pending when address not ready after polling
@baci/web:test: [22m[39mCrypto capture response: {
@baci/web:test:   status: [32m'pending'[39m,
@baci/web:test:   hasAddress: [33mfalse[39m,
@baci/web:test:   paymentId: [32m'payment-456'[39m,
@baci/web:test:   mode: [32m'sandbox'[39m,
@baci/web:test:   fullCaptureData: [32m'{"payment":{"id":"payment-456","amount":500000,"status":"pending"}}'[39m
@baci/web:test: }
@baci/web:test:
@baci/web:test: [90mstderr[2m | src/app/dashboard/blog/blog-client-page.test.tsx[2m > [22m[2mBlogClientPage[2m > [22m[2mRendering[2m > [22m[2mrenders heading, stats cards, and New Post button
@baci/web:test: [22m[39mAn update to BlogClientPage inside a test was not wrapped in act(...).
@baci/web:test:
@baci/web:test: When testing, code that causes React state updates should be wrapped into act(...):
@baci/web:test:
@baci/web:test: act(() => {
@baci/web:test:   /* fire events that update state */
@baci/web:test: });
@baci/web:test: /* assert on the output */
@baci/web:test:
@baci/web:test: This ensures that you're testing the behavior the user would see in the browser. Learn more at https://react.dev/link/wrap-tests-with-act
@baci/web:test: An update to BlogClientPage inside a test was not wrapped in act(...).
@baci/web:test:
@baci/web:test: When testing, code that causes React state updates should be wrapped into act(...):
@baci/web:test:
@baci/web:test: act(() => {
@baci/web:test:   /* fire events that update state */
@baci/web:test: });
@baci/web:test: /* assert on the output */
@baci/web:test:
@baci/web:test: This ensures that you're testing the behavior the user would see in the browser. Learn more at https://react.dev/link/wrap-tests-with-act
@baci/web:test: An update to BlogClientPage inside a test was not wrapped in act(...).
@baci/web:test:
@baci/web:test: When testing, code that causes React state updates should be wrapped into act(...):
@baci/web:test:
@baci/web:test: act(() => {
@baci/web:test:   /* fire events that update state */
@baci/web:test: });
@baci/web:test: /* assert on the output */
@baci/web:test:
@baci/web:test: This ensures that you're testing the behavior the user would see in the browser. Learn more at https://react.dev/link/wrap-tests-with-act
@baci/web:test: An update to BlogClientPage inside a test was not wrapped in act(...).
@baci/web:test:
@baci/web:test: When testing, code that causes React state updates should be wrapped into act(...):
@baci/web:test:
@baci/web:test: act(() => {
@baci/web:test:   /* fire events that update state */
@baci/web:test: });
@baci/web:test: /* assert on the output */
@baci/web:test:
@baci/web:test: This ensures that you're testing the behavior the user would see in the browser. Learn more at https://react.dev/link/wrap-tests-with-act
@baci/web:test:
baci-mobile-admin:test:  [32m✓[39m components/orders/RecordPaymentSheet.test.tsx [2m([22m[2m8 tests[22m[2m)[22m[33m 1107[2mms[22m[39m
baci-mobile-admin:test:      [33m[2m✓[22m[39m updates payment fields and confirms a manual payment [33m 846[2mms[22m[39m
@baci/web:test: [90mstderr[2m | src/app/dashboard/blog/blog-client-page.test.tsx[2m > [22m[2mBlogClientPage[2m > [22m[2mRendering[2m > [22m[2mshows AI Generator button when autoBlogEnabled is true
@baci/web:test: [22m[39mAn update to BlogClientPage inside a test was not wrapped in act(...).
@baci/web:test:
@baci/web:test: When testing, code that causes React state updates should be wrapped into act(...):
@baci/web:test:
@baci/web:test: act(() => {
@baci/web:test:   /* fire events that update state */
@baci/web:test: });
@baci/web:test: /* assert on the output */
@baci/web:test:
@baci/web:test: This ensures that you're testing the behavior the user would see in the browser. Learn more at https://react.dev/link/wrap-tests-with-act
@baci/web:test: An update to BlogClientPage inside a test was not wrapped in act(...).
@baci/web:test:
@baci/web:test: When testing, code that causes React state updates should be wrapped into act(...):
@baci/web:test:
@baci/web:test: act(() => {
@baci/web:test:   /* fire events that update state */
@baci/web:test: });
@baci/web:test: /* assert on the output */
@baci/web:test:
@baci/web:test: This ensures that you're testing the behavior the user would see in the browser. Learn more at https://react.dev/link/wrap-tests-with-act
@baci/web:test: An update to BlogClientPage inside a test was not wrapped in act(...).
@baci/web:test:
@baci/web:test: When testing, code that causes React state updates should be wrapped into act(...):
@baci/web:test:
@baci/web:test: act(() => {
@baci/web:test:   /* fire events that update state */
@baci/web:test: });
@baci/web:test: /* assert on the output */
@baci/web:test:
@baci/web:test: This ensures that you're testing the behavior the user would see in the browser. Learn more at https://react.dev/link/wrap-tests-with-act
@baci/web:test: An update to BlogClientPage inside a test was not wrapped in act(...).
@baci/web:test:
@baci/web:test: When testing, code that causes React state updates should be wrapped into act(...):
@baci/web:test:
@baci/web:test: act(() => {
@baci/web:test:   /* fire events that update state */
@baci/web:test: });
@baci/web:test: /* assert on the output */
@baci/web:test:
@baci/web:test: This ensures that you're testing the behavior the user would see in the browser. Learn more at https://react.dev/link/wrap-tests-with-act
@baci/web:test:
@baci/web:test: [90mstderr[2m | src/app/dashboard/blog/blog-client-page.test.tsx[2m > [22m[2mBlogClientPage[2m > [22m[2mRendering[2m > [22m[2mshows RSS Feed link when merchant has valid slug
@baci/web:test: [22m[39mAn update to BlogClientPage inside a test was not wrapped in act(...).
@baci/web:test:
@baci/web:test: When testing, code that causes React state updates should be wrapped into act(...):
@baci/web:test:
@baci/web:test: act(() => {
@baci/web:test:   /* fire events that update state */
@baci/web:test: });
@baci/web:test: /* assert on the output */
@baci/web:test:
@baci/web:test: This ensures that you're testing the behavior the user would see in the browser. Learn more at https://react.dev/link/wrap-tests-with-act
@baci/web:test: An update to BlogClientPage inside a test was not wrapped in act(...).
@baci/web:test:
@baci/web:test: When testing, code that causes React state updates should be wrapped into act(...):
@baci/web:test:
@baci/web:test: act(() => {
@baci/web:test:   /* fire events that update state */
@baci/web:test: });
@baci/web:test: /* assert on the output */
@baci/web:test:
@baci/web:test: This ensures that you're testing the behavior the user would see in the browser. Learn more at https://react.dev/link/wrap-tests-with-act
@baci/web:test: An update to BlogClientPage inside a test was not wrapped in act(...).
@baci/web:test:
@baci/web:test: When testing, code that causes React state updates should be wrapped into act(...):
@baci/web:test:
@baci/web:test: act(() => {
@baci/web:test:   /* fire events that update state */
@baci/web:test: });
@baci/web:test: /* assert on the output */
@baci/web:test:
@baci/web:test: This ensures that you're testing the behavior the user would see in the browser. Learn more at https://react.dev/link/wrap-tests-with-act
@baci/web:test: An update to BlogClientPage inside a test was not wrapped in act(...).
@baci/web:test:
@baci/web:test: When testing, code that causes React state updates should be wrapped into act(...):
@baci/web:test:
@baci/web:test: act(() => {
@baci/web:test:   /* fire events that update state */
@baci/web:test: });
@baci/web:test: /* assert on the output */
@baci/web:test:
@baci/web:test: This ensures that you're testing the behavior the user would see in the browser. Learn more at https://react.dev/link/wrap-tests-with-act
@baci/web:test:
@baci/web:test: [90mstderr[2m | src/app/dashboard/blog/blog-client-page.test.tsx[2m > [22m[2mBlogClientPage[2m > [22m[2mRendering[2m > [22m[2mshows Discover image remediation banner and row status for published posts only
@baci/web:test: [22m[39mAn update to BlogClientPage inside a test was not wrapped in act(...).
@baci/web:test:
@baci/web:test: When testing, code that causes React state updates should be wrapped into act(...):
@baci/web:test:
@baci/web:test: act(() => {
@baci/web:test:   /* fire events that update state */
@baci/web:test: });
@baci/web:test: /* assert on the output */
@baci/web:test:
@baci/web:test: This ensures that you're testing the behavior the user would see in the browser. Learn more at https://react.dev/link/wrap-tests-with-act
@baci/web:test: An update to BlogClientPage inside a test was not wrapped in act(...).
@baci/web:test:
@baci/web:test: When testing, code that causes React state updates should be wrapped into act(...):
@baci/web:test:
@baci/web:test: act(() => {
@baci/web:test:   /* fire events that update state */
@baci/web:test: });
@baci/web:test: /* assert on the output */
@baci/web:test:
@baci/web:test: This ensures that you're testing the behavior the user would see in the browser. Learn more at https://react.dev/link/wrap-tests-with-act
@baci/web:test: An update to BlogClientPage inside a test was not wrapped in act(...).
@baci/web:test:
@baci/web:test: When testing, code that causes React state updates should be wrapped into act(...):
@baci/web:test:
@baci/web:test: act(() => {
@baci/web:test:   /* fire events that update state */
@baci/web:test: });
@baci/web:test: /* assert on the output */
@baci/web:test:
@baci/web:test: This ensures that you're testing the behavior the user would see in the browser. Learn more at https://react.dev/link/wrap-tests-with-act
@baci/web:test: An update to BlogClientPage inside a test was not wrapped in act(...).
@baci/web:test:
@baci/web:test: When testing, code that causes React state updates should be wrapped into act(...):
@baci/web:test:
@baci/web:test: act(() => {
@baci/web:test:   /* fire events that update state */
@baci/web:test: });
@baci/web:test: /* assert on the output */
@baci/web:test:
@baci/web:test: This ensures that you're testing the behavior the user would see in the browser. Learn more at https://react.dev/link/wrap-tests-with-act
@baci/web:test:
@baci/web:test:  [32m✓[39m src/lib/agentic/storefront-order-rpc-contract.test.ts [2m([22m[2m29 tests[22m[2m)[22m[32m 161[2mms[22m[39m
@baci/web:test: [90mstdout[2m | src/app/api/payments/initialize/route.test.ts[2m > [22m[2mPOST /api/payments/initialize[2m > [22m[2mjuicyway crypto gateway[2m > [22m[2mreturns crypto_address_pending when address not ready after polling
@baci/web:test: [22m[39m[Juicyway Poll #1/5] Session {
@baci/web:test:   status: [32m'pending'[39m,
@baci/web:test:   message: [90mundefined[39m,
@baci/web:test:   hasAddress: [33mfalse[39m,
@baci/web:test:   raw: [32m'{"status":"pending","payment":{"id":"payment-456","status":"pending"}}...'[39m
@baci/web:test: }
@baci/web:test:
@baci/web:test: [90mstdout[2m | src/app/api/payments/initialize/route.test.ts[2m > [22m[2mPOST /api/payments/initialize[2m > [22m[2mjuicyway crypto gateway[2m > [22m[2mreturns crypto_address_pending when address not ready after polling
@baci/web:test: [22m[39m[Juicyway Poll #1] Payment Check {
@baci/web:test:   status: [32m'pending'[39m,
@baci/web:test:   hasAddress: [33mfalse[39m,
@baci/web:test:   raw: [32m'{"status":"pending","payment_method":{"type":"crypto_address"}}...'[39m
@baci/web:test: }
@baci/web:test:
baci-mobile-admin:test:  [32m✓[39m hooks/useBranchManagement.test.ts [2m([22m[2m10 tests[22m[2m)[22m[32m 236[2mms[22m[39m
baci-mobile-admin:test:  [32m✓[39m __tests__/admin/tabs/orders.test.tsx [2m([22m[2m5 tests[22m[2m)[22m[33m 1034[2mms[22m[39m
baci-mobile-admin:test:      [33m[2m✓[22m[39m renders the orders error state and retries the relevant queries [33m 563[2mms[22m[39m
baci-mobile-admin:test: [90mstdout[2m | __tests__/admin/domains-buy.test.tsx
baci-mobile-admin:test: [22m[39m[Diagnostic] Base API URL forced to: "https://usebaci.com"
baci-mobile-admin:test: [Diagnostic] Final computed API URL: "https://usebaci.com/api"
baci-mobile-admin:test:
@baci/web:test: [90mstdout[2m | src/app/api/payments/initialize/route.test.ts[2m > [22m[2mPOST /api/payments/initialize[2m > [22m[2mjuicyway crypto gateway[2m > [22m[2mreturns crypto_address_pending when address not ready after polling
@baci/web:test: [22m[39m[Juicyway Poll #2/5] Session {
@baci/web:test:   status: [32m'pending'[39m,
@baci/web:test:   message: [90mundefined[39m,
@baci/web:test:   hasAddress: [33mfalse[39m,
@baci/web:test:   raw: [32m'{"status":"pending","payment":{"id":"payment-456","status":"pending"}}...'[39m
@baci/web:test: }
@baci/web:test:
@baci/web:test: [90mstdout[2m | src/app/api/payments/initialize/route.test.ts[2m > [22m[2mPOST /api/payments/initialize[2m > [22m[2mjuicyway crypto gateway[2m > [22m[2mreturns crypto_address_pending when address not ready after polling
@baci/web:test: [22m[39m[Juicyway Poll #2] Payment Check {
@baci/web:test:   status: [32m'pending'[39m,
@baci/web:test:   hasAddress: [33mfalse[39m,
@baci/web:test:   raw: [32m'{"status":"pending","payment_method":{"type":"crypto_address"}}...'[39m
@baci/web:test: }
@baci/web:test:
@baci/web:test: [90mstderr[2m | src/app/dashboard/blog/blog-client-page.test.tsx[2m > [22m[2mBlogClientPage[2m > [22m[2mFiltering and Search[2m > [22m[2mstatus filter dropdown is rendered
@baci/web:test: [22m[39mAn update to BlogClientPage inside a test was not wrapped in act(...).
@baci/web:test:
@baci/web:test: When testing, code that causes React state updates should be wrapped into act(...):
@baci/web:test:
@baci/web:test: act(() => {
@baci/web:test:   /* fire events that update state */
@baci/web:test: });
@baci/web:test: /* assert on the output */
@baci/web:test:
@baci/web:test: This ensures that you're testing the behavior the user would see in the browser. Learn more at https://react.dev/link/wrap-tests-with-act
@baci/web:test: An update to BlogClientPage inside a test was not wrapped in act(...).
@baci/web:test:
@baci/web:test: When testing, code that causes React state updates should be wrapped into act(...):
@baci/web:test:
@baci/web:test: act(() => {
@baci/web:test:   /* fire events that update state */
@baci/web:test: });
@baci/web:test: /* assert on the output */
@baci/web:test:
@baci/web:test: This ensures that you're testing the behavior the user would see in the browser. Learn more at https://react.dev/link/wrap-tests-with-act
@baci/web:test: An update to BlogClientPage inside a test was not wrapped in act(...).
@baci/web:test:
@baci/web:test: When testing, code that causes React state updates should be wrapped into act(...):
@baci/web:test:
@baci/web:test: act(() => {
@baci/web:test:   /* fire events that update state */
@baci/web:test: });
@baci/web:test: /* assert on the output */
@baci/web:test:
@baci/web:test: This ensures that you're testing the behavior the user would see in the browser. Learn more at https://react.dev/link/wrap-tests-with-act
@baci/web:test: An update to BlogClientPage inside a test was not wrapped in act(...).
@baci/web:test:
@baci/web:test: When testing, code that causes React state updates should be wrapped into act(...):
@baci/web:test:
@baci/web:test: act(() => {
@baci/web:test:   /* fire events that update state */
@baci/web:test: });
@baci/web:test: /* assert on the output */
@baci/web:test:
@baci/web:test: This ensures that you're testing the behavior the user would see in the browser. Learn more at https://react.dev/link/wrap-tests-with-act
@baci/web:test:
baci-mobile-admin:test: [90mstdout[2m | __tests__/admin/domains-buy.test.tsx[2m > [22m[2mBuyDomainScreen[2m > [22m[2mshows a validation alert when the search term is not a domain
baci-mobile-admin:test: [22m[39m[Diagnostic] User search query: "mybrand"
baci-mobile-admin:test:
baci-mobile-admin:test: [90mstdout[2m | __tests__/admin/domains-buy.test.tsx[2m > [22m[2mBuyDomainScreen[2m > [22m[2mrenders search results after a successful lookup
baci-mobile-admin:test: [22m[39m[Diagnostic] User search query: "baci.com"
baci-mobile-admin:test:
@baci/web:test: [90mstderr[2m | src/app/api/merchant/blog/posts/route.test.ts[2m > [22m[2mGET /api/merchant/blog/posts[2m > [22m[2merror handling[2m > [22m[2mreturns 500 when database query fails
@baci/web:test: [22m[39mError fetching blog posts: { message: [32m'Database error'[39m }
@baci/web:test:
@baci/web:test: [90mstderr[2m | src/app/api/merchant/blog/posts/route.test.ts[2m > [22m[2mGET /api/merchant/blog/posts[2m > [22m[2merror handling[2m > [22m[2mreturns 500 when unexpected error occurs
@baci/web:test: [22m[39mBlog posts GET error: Error: Unexpected error
@baci/web:test:     at [90m/app/apps/web/[39msrc/app/api/merchant/blog/posts/route.test.ts:394:44
@baci/web:test:     at [90mfile:///app/apps/web/[39mnode_modules/[4m@vitest/runner[24m/dist/index.js:145:11
@baci/web:test:     at [90mfile:///app/apps/web/[39mnode_modules/[4m@vitest/runner[24m/dist/index.js:915:26
@baci/web:test:     at [90mfile:///app/apps/web/[39mnode_modules/[4m@vitest/runner[24m/dist/index.js:1243:20
@baci/web:test:     at new Promise (<anonymous>)
@baci/web:test:     at runWithTimeout [90m(file:///app/apps/web/[39mnode_modules/[4m@vitest/runner[24m/dist/index.js:1209:10[90m)[39m
@baci/web:test:     at [90mfile:///app/apps/web/[39mnode_modules/[4m@vitest/runner[24m/dist/index.js:1653:37
@baci/web:test:     at Traces.$ [90m(file:///app/apps/web/[39mnode_modules/[4mvitest[24m/dist/chunks/traces.CCmnQaNT.js:142:27[90m)[39m
@baci/web:test:     at trace [90m(file:///app/apps/web/[39mnode_modules/[4mvitest[24m/dist/chunks/test.B8ej_ZHS.js:239:21[90m)[39m
@baci/web:test:     at runTest [90m(file:///app/apps/web/[39mnode_modules/[4m@vitest/runner[24m/dist/index.js:1653:12[90m)[39m
@baci/web:test:
@baci/web:test: [90mstderr[2m | src/app/api/merchant/blog/posts/route.test.ts[2m > [22m[2mPOST /api/merchant/blog/posts[2m > [22m[2merror handling[2m > [22m[2mreturns 500 when database insert fails
@baci/web:test: [22m[39mBlog posts POST error: Error: Insert failed
@baci/web:test:     at Object.<anonymous> [90m(/app/apps/web/[39msrc/app/api/merchant/blog/posts/route.test.ts:1048:15[90m)[39m
@baci/web:test:     at Object.Mock [as insert] [90m(file:///app/apps/web/[39mnode_modules/[4m@vitest/spy[24m/dist/index.js:285:34[90m)[39m
@baci/web:test:     at Module.POST [90m(/app/apps/web/[39msrc/app/api/merchant/blog/posts/route.ts:354:8[90m)[39m
@baci/web:test: [90m    at processTicksAndRejections (node:internal/process/task_queues:103:5)[39m
@baci/web:test:     at [90m/app/apps/web/[39msrc/app/api/merchant/blog/posts/route.test.ts:1051:19
@baci/web:test:     at [90mfile:///app/apps/web/[39mnode_modules/[4m@vitest/runner[24m/dist/index.js:915:20
@baci/web:test:
@baci/web:test: [90mstderr[2m | src/app/api/merchant/blog/posts/route.test.ts[2m > [22m[2mPOST /api/merchant/blog/posts[2m > [22m[2merror handling[2m > [22m[2mreturns 500 when unexpected error occurs
@baci/web:test: [22m[39mBlog posts POST error: Error: Unexpected error
@baci/web:test:     at [90m/app/apps/web/[39msrc/app/api/merchant/blog/posts/route.test.ts:1061:50
@baci/web:test:     at [90mfile:///app/apps/web/[39mnode_modules/[4m@vitest/runner[24m/dist/index.js:145:11
@baci/web:test:     at [90mfile:///app/apps/web/[39mnode_modules/[4m@vitest/runner[24m/dist/index.js:915:26
@baci/web:test:     at [90mfile:///app/apps/web/[39mnode_modules/[4m@vitest/runner[24m/dist/index.js:1243:20
@baci/web:test:     at new Promise (<anonymous>)
@baci/web:test:     at runWithTimeout [90m(file:///app/apps/web/[39mnode_modules/[4m@vitest/runner[24m/dist/index.js:1209:10[90m)[39m
@baci/web:test:     at [90mfile:///app/apps/web/[39mnode_modules/[4m@vitest/runner[24m/dist/index.js:1653:37
@baci/web:test:     at Traces.$ [90m(file:///app/apps/web/[39mnode_modules/[4mvitest[24m/dist/chunks/traces.CCmnQaNT.js:142:27[90m)[39m
@baci/web:test:     at trace [90m(file:///app/apps/web/[39mnode_modules/[4mvitest[24m/dist/chunks/test.B8ej_ZHS.js:239:21[90m)[39m
@baci/web:test:     at runTest [90m(file:///app/apps/web/[39mnode_modules/[4m@vitest/runner[24m/dist/index.js:1653:12[90m)[39m
@baci/web:test:
@baci/web:test: [90mstderr[2m | src/app/api/merchant/blog/posts/route.test.ts[2m > [22m[2mPOST /api/merchant/blog/posts[2m > [22m[2merror handling[2m > [22m[2mcontinues operation if embedding generation fails
@baci/web:test: [22m[39mFailed to generate blog embedding: Error: Embedding failed
@baci/web:test:     at [90m/app/apps/web/[39msrc/app/api/merchant/blog/posts/route.test.ts:1084:9
@baci/web:test:     at [90mfile:///app/apps/web/[39mnode_modules/[4m@vitest/runner[24m/dist/index.js:145:11
@baci/web:test:     at [90mfile:///app/apps/web/[39mnode_modules/[4m@vitest/runner[24m/dist/index.js:915:26
@baci/web:test:     at [90mfile:///app/apps/web/[39mnode_modules/[4m@vitest/runner[24m/dist/index.js:1243:20
@baci/web:test:     at new Promise (<anonymous>)
@baci/web:test:     at runWithTimeout [90m(file:///app/apps/web/[39mnode_modules/[4m@vitest/runner[24m/dist/index.js:1209:10[90m)[39m
@baci/web:test:     at [90mfile:///app/apps/web/[39mnode_modules/[4m@vitest/runner[24m/dist/index.js:1653:37
@baci/web:test:     at Traces.$ [90m(file:///app/apps/web/[39mnode_modules/[4mvitest[24m/dist/chunks/traces.CCmnQaNT.js:142:27[90m)[39m
@baci/web:test:     at trace [90m(file:///app/apps/web/[39mnode_modules/[4mvitest[24m/dist/chunks/test.B8ej_ZHS.js:239:21[90m)[39m
@baci/web:test:     at runTest [90m(file:///app/apps/web/[39mnode_modules/[4m@vitest/runner[24m/dist/index.js:1653:12[90m)[39m
@baci/web:test:
@baci/web:test:  [32m✓[39m src/app/api/merchant/blog/posts/route.test.ts [2m([22m[2m39 tests[22m[2m)[22m[32m 221[2mms[22m[39m
baci-mobile-admin:test: [90mstdout[2m | __tests__/admin/domains-buy.test.tsx[2m > [22m[2mBuyDomainScreen[2m > [22m[2mshows the empty state only after a successful lookup with no results
baci-mobile-admin:test: [22m[39m[Diagnostic] User search query: "missing.com"
baci-mobile-admin:test:
baci-mobile-admin:test: [90mstdout[2m | __tests__/admin/domains-buy.test.tsx[2m > [22m[2mBuyDomainScreen[2m > [22m[2mclears results and ignores stale responses when the search input is cleared
baci-mobile-admin:test: [22m[39m[Diagnostic] User search query: "baci.com"
baci-mobile-admin:test:
baci-mobile-admin:test: [90mstdout[2m | __tests__/admin/domains-buy.test.tsx[2m > [22m[2mBuyDomainScreen[2m > [22m[2mshows an error alert when the lookup fails
baci-mobile-admin:test: [22m[39m[Diagnostic] User search query: "baci.com"
baci-mobile-admin:test:
baci-mobile-admin:test: [90mstderr[2m | __tests__/admin/domains-buy.test.tsx[2m > [22m[2mBuyDomainScreen[2m > [22m[2mshows an error alert when the lookup fails
baci-mobile-admin:test: [22m[39m[Diagnostic] Full search error: Error: Lookup failed
baci-mobile-admin:test:     at handleSearch [90m(/app/apps/mobile-admin/[39mapp/(admin)/domains/buy.tsx:115:15[90m)[39m
baci-mobile-admin:test:
baci-mobile-admin:test:  [32m✓[39m app/(admin)/transaction-reconciliation.test.tsx [2m([22m[2m7 tests[22m[2m)[22m[33m 921[2mms[22m[39m
baci-mobile-admin:test:      [33m[2m✓[22m[39m shows suggested product and variant matches for unlinked transaction items [33m 457[2mms[22m[39m
baci-mobile-admin:test:  [32m✓[39m __tests__/admin/domains-buy.test.tsx [2m([22m[2m6 tests[22m[2m)[22m[33m 1261[2mms[22m[39m
baci-mobile-admin:test:      [33m[2m✓[22m[39m renders the screen inside the shared form shell [33m 561[2mms[22m[39m
baci-mobile-admin:test:      [33m[2m✓[22m[39m renders search results after a successful lookup [33m 378[2mms[22m[39m
baci-mobile-admin:test:  [32m✓[39m hooks/submitNewOrder.test.ts [2m([22m[2m5 tests[22m[2m)[22m[32m 51[2mms[22m[39m
@baci/web:test: [90mstdout[2m | src/app/api/payments/initialize/route.test.ts[2m > [22m[2mPOST /api/payments/initialize[2m > [22m[2mjuicyway crypto gateway[2m > [22m[2mreturns crypto_address_pending when address not ready after polling
@baci/web:test: [22m[39m[Juicyway Poll #3/5] Session {
@baci/web:test:   status: [32m'pending'[39m,
@baci/web:test:   message: [90mundefined[39m,
@baci/web:test:   hasAddress: [33mfalse[39m,
@baci/web:test:   raw: [32m'{"status":"pending","payment":{"id":"payment-456","status":"pending"}}...'[39m
@baci/web:test: }
@baci/web:test:
@baci/web:test: [90mstdout[2m | src/app/api/payments/initialize/route.test.ts[2m > [22m[2mPOST /api/payments/initialize[2m > [22m[2mjuicyway crypto gateway[2m > [22m[2mreturns crypto_address_pending when address not ready after polling
@baci/web:test: [22m[39m[Juicyway Poll #3] Payment Check {
@baci/web:test:   status: [32m'pending'[39m,
@baci/web:test:   hasAddress: [33mfalse[39m,
@baci/web:test:   raw: [32m'{"status":"pending","payment_method":{"type":"crypto_address"}}...'[39m
@baci/web:test: }
@baci/web:test:
@baci/web:test: [90mstderr[2m | src/app/dashboard/blog/blog-client-page.test.tsx[2m > [22m[2mBlogClientPage[2m > [22m[2mDelete Flow[2m > [22m[2mrollback posts and shows error toast on delete error
@baci/web:test: [22m[39mError deleting post: Error: Failed to delete post
@baci/web:test:     at handleDelete [90m(/app/apps/web/[39msrc/app/dashboard/blog/blog-client-page.tsx:242:15[90m)[39m
@baci/web:test:
baci-mobile-admin:test:  [32m✓[39m __tests__/admin/staff.test.tsx [2m([22m[2m4 tests[22m[2m)[22m[33m 1218[2mms[22m[39m
baci-mobile-admin:test:      [33m[2m✓[22m[39m renders the summary/list shell and opens the invite sheet from the header [33m 976[2mms[22m[39m
@baci/web:test: [90mstdout[2m | src/lib/import-jobs/process-import-job.test.ts[2m > [22m[2mprocessImportJobQueue[2m > [22m[2mskips jobs that cannot be claimed
@baci/web:test: [22m[39m[2026-05-28T16:51:13.970Z] [INFO] Skipping import job that could not be claimed {
@baci/web:test:   message: [32m'Skipping import job that could not be claimed'[39m,
@baci/web:test:   jobId: [32m'notify_queued-job'[39m,
@baci/web:test:   claimError: [32m'conflict'[39m
@baci/web:test: }
@baci/web:test:
@baci/mobile-storefront:test: PASS components/payment-gateway/use-payment-gateway-controller.test.ts (10.7 s)
@baci/web:test:  [32m✓[39m src/lib/import-jobs/process-import-job.test.ts [2m([22m[2m12 tests[22m[2m)[22m[32m 68[2mms[22m[39m
@baci/mobile-storefront:test:   ● Console
@baci/mobile-storefront:test:
@baci/mobile-storefront:test:     console.warn
@baci/mobile-storefront:test:       [Supabase] SUPABASE_URL is not configured. Set EXPO_PUBLIC_SUPABASE_URL or configure extra.supabaseUrl in app.json.
@baci/mobile-storefront:test:
@baci/mobile-storefront:test:       46 | // Runtime warning when Supabase credentials are missing
@baci/mobile-storefront:test:       47 | if (!supabaseUrl) {
@baci/mobile-storefront:test:     > 48 |   console.warn(
@baci/mobile-storefront:test:          |           ^
@baci/mobile-storefront:test:       49 |     '[Supabase] SUPABASE_URL is not configured. Set EXPO_PUBLIC_SUPABASE_URL or configure extra.supabaseUrl in app.json.'
@baci/mobile-storefront:test:       50 |   );
@baci/mobile-storefront:test:       51 | }
@baci/mobile-storefront:test:
@baci/mobile-storefront:test:       at Object.warn (lib/supabase.ts:48:11)
@baci/mobile-storefront:test:       at Object.require (lib/vtu-checkout.ts:10:1)
@baci/mobile-storefront:test:       at requireActual (components/payment-gateway/use-payment-gateway-controller.test.ts:62:10)
@baci/mobile-storefront:test:       at Object.require (components/payment-gateway/use-payment-gateway-controller.test.ts:10:1)
@baci/mobile-storefront:test:
@baci/mobile-storefront:test:     console.warn
@baci/mobile-storefront:test:       [Supabase] SUPABASE_ANON_KEY is not configured. Set EXPO_PUBLIC_SUPABASE_ANON_KEY or configure extra.supabaseAnonKey in app.json.
@baci/mobile-storefront:test:
@baci/mobile-storefront:test:       51 | }
@baci/mobile-storefront:test:       52 | if (!supabaseAnonKey) {
@baci/mobile-storefront:test:     > 53 |   console.warn(
@baci/mobile-storefront:test:          |           ^
@baci/mobile-storefront:test:       54 |     '[Supabase] SUPABASE_ANON_KEY is not configured. Set EXPO_PUBLIC_SUPABASE_ANON_KEY or configure extra.supabaseAnonKey in app.json.'
@baci/mobile-storefront:test:       55 |   );
@baci/mobile-storefront:test:       56 | }
@baci/mobile-storefront:test:
@baci/mobile-storefront:test:       at Object.warn (lib/supabase.ts:53:11)
@baci/mobile-storefront:test:       at Object.require (lib/vtu-checkout.ts:10:1)
@baci/mobile-storefront:test:       at requireActual (components/payment-gateway/use-payment-gateway-controller.test.ts:62:10)
@baci/mobile-storefront:test:       at Object.require (components/payment-gateway/use-payment-gateway-controller.test.ts:10:1)
@baci/mobile-storefront:test:
@baci/web:test: [90mstdout[2m | src/app/api/payments/initialize/route.test.ts[2m > [22m[2mPOST /api/payments/initialize[2m > [22m[2mjuicyway crypto gateway[2m > [22m[2mreturns crypto_address_pending when address not ready after polling
@baci/web:test: [22m[39m[Juicyway Poll #4/5] Session {
@baci/web:test:   status: [32m'pending'[39m,
@baci/web:test:   message: [90mundefined[39m,
@baci/web:test:   hasAddress: [33mfalse[39m,
@baci/web:test:   raw: [32m'{"status":"pending","payment":{"id":"payment-456","status":"pending"}}...'[39m
@baci/web:test: }
@baci/web:test:
@baci/web:test: [90mstdout[2m | src/app/api/payments/initialize/route.test.ts[2m > [22m[2mPOST /api/payments/initialize[2m > [22m[2mjuicyway crypto gateway[2m > [22m[2mreturns crypto_address_pending when address not ready after polling
@baci/web:test: [22m[39m[Juicyway Poll #4] Payment Check {
@baci/web:test:   status: [32m'pending'[39m,
@baci/web:test:   hasAddress: [33mfalse[39m,
@baci/web:test:   raw: [32m'{"status":"pending","payment_method":{"type":"crypto_address"}}...'[39m
@baci/web:test: }
@baci/web:test:
@baci/web:test: [90mstderr[2m | src/app/dashboard/blog/blog-client-page.test.tsx[2m > [22m[2mBlogClientPage[2m > [22m[2mUpdate Status[2m > [22m[2mshows error toast on update status error
@baci/web:test: [22m[39mError updating post: Error: Failed to update post
@baci/web:test:     at updatePostStatus [90m(/app/apps/web/[39msrc/app/dashboard/blog/blog-client-page.tsx:275:15[90m)[39m
@baci/web:test:
baci-mobile-admin:test:  [32m✓[39m hooks/useUnlinkedOrderItemReconciliation.test.ts [2m([22m[2m4 tests[22m[2m)[22m[32m 80[2mms[22m[39m
baci-mobile-admin:test: [90mstderr[2m | app/(admin)/payout-settings.test.tsx[2m > [22m[2mPayoutSettingsScreen[2m > [22m[2muses the shared keyboard container in the bank picker modal
baci-mobile-admin:test: [22m[39mEach child in a list should have a unique "key" prop.
baci-mobile-admin:test:
baci-mobile-admin:test: Check the render method of `FlatList`. See https://react.dev/link/warning-keys for more information.
baci-mobile-admin:test:
@baci/web:test: [90mstdout[2m | src/app/api/payments/initialize/route.test.ts[2m > [22m[2mPOST /api/payments/initialize[2m > [22m[2mjuicyway crypto gateway[2m > [22m[2mreturns crypto_address_pending when address not ready after polling
@baci/web:test: [22m[39m[Juicyway Poll #5/5] Session {
@baci/web:test:   status: [32m'pending'[39m,
@baci/web:test:   message: [90mundefined[39m,
@baci/web:test:   hasAddress: [33mfalse[39m,
@baci/web:test:   raw: [32m'{"status":"pending","payment":{"id":"payment-456","status":"pending"}}...'[39m
@baci/web:test: }
@baci/web:test:
@baci/web:test: [90mstdout[2m | src/app/api/payments/initialize/route.test.ts[2m > [22m[2mPOST /api/payments/initialize[2m > [22m[2mjuicyway crypto gateway[2m > [22m[2mreturns crypto_address_pending when address not ready after polling
@baci/web:test: [90mstderr[2m | src/app/api/payments/initialize/route.test.ts[2m > [22m[2mPOST /api/payments/initialize[2m > [22m[2mjuicyway crypto gateway[2m > [22m[2mreturns crypto_address_pending when address not ready after polling
@baci/web:test: [22m[39m[Juicyway Poll #5] Payment Check {
@baci/web:test:   status: [32m'pending'[39m,
@baci/web:test: [22m[39m[Juicyway] Address not ready after quick poll — returning pending for client-side polling. { sessionId: [32m'session-123'[39m, paymentId: [32m'payment-456'[39m }
@baci/web:test:   hasAddress: [33mfalse[39m,
@baci/web:test:   raw: [32m'{"status":"pending","payment_method":{"type":"crypto_address"}}...'[39m
@baci/web:test: }
@baci/web:test:
@baci/web:test: [90mstdout[2m | src/app/api/payments/initialize/route.test.ts[2m > [22m[2mPOST /api/payments/initialize[2m > [22m[2mjuicyway crypto gateway[2m > [22m[2mreturns address found during polling
@baci/web:test:
@baci/web:test: [22m[39m[PaymentInit] Raw Request Body: {
@baci/web:test:   "merchant_id": "6b5cb8a4-5575-456c-b936-8cdfae30db74",
@baci/web:test:   "order_id": "a1b2c3d4-e5f6-7890-abcd-ef1234567890",
@baci/web:test:   "amount": 5000,
@baci/web:test:   "currency": "NGN",
@baci/web:test:   "customer_email": "customer@example.com",
@baci/web:test:   "customer_name": "John Doe",
@baci/web:test:   "customer_phone": "08012345678",
@baci/web:test:   "billing_address": {
@baci/web:test:     "line1": "123 Main St",
@baci/web:test:     "city": "Lagos",
@baci/web:test:     "country": "NG",
@baci/web:test:     "zip_code": "100001"
@baci/web:test:   },
@baci/web:test:   "gateway": "juicyway",
@baci/web:test:   "crypto_chain": "TRX",
@baci/web:test:   "crypto_currency": "USDT"
@baci/web:test: }
@baci/web:test:
@baci/web:test: [90mstdout[2m | src/app/api/payments/initialize/route.test.ts[2m > [22m[2mPOST /api/payments/initialize[2m > [22m[2mjuicyway crypto gateway[2m > [22m[2mreturns address found during polling
@baci/web:test: [22m[39mCrypto capture response: {
@baci/web:test:   status: [32m'pending'[39m,
@baci/web:test:   hasAddress: [33mfalse[39m,
@baci/web:test:   paymentId: [32m'payment-456'[39m,
@baci/web:test:   mode: [32m'sandbox'[39m,
@baci/web:test:   fullCaptureData: [32m'{"payment":{"id":"payment-456","amount":500000,"status":"pending"}}'[39m
@baci/web:test: }
@baci/web:test:
baci-mobile-admin:test: [90mstderr[2m | hooks/blog-editor/useBlogImageUpload.test.tsx[2m > [22m[2museBlogImageUpload[2m > [22m[2mcontinues gracefully when cleanup deletion fails
baci-mobile-admin:test: [22m[39m[ImagePick] Cleanup error: Error: Cleanup failed
baci-mobile-admin:test:     at [90m/app/apps/mobile-admin/[39mhooks/blog-editor/useBlogImageUpload.test.tsx:153:7
baci-mobile-admin:test:     at file:///app/node_modules/[4m@vitest/runner[24m/dist/chunk-artifact.js:302:11
baci-mobile-admin:test:     at file:///app/node_modules/[4m@vitest/runner[24m/dist/chunk-artifact.js:1903:26
baci-mobile-admin:test:     at file:///app/node_modules/[4m@vitest/runner[24m/dist/chunk-artifact.js:2326:20
baci-mobile-admin:test:     at new Promise (<anonymous>)
baci-mobile-admin:test:     at runWithCancel (file:///app/node_modules/[4m@vitest/runner[24m/dist/chunk-artifact.js:2323:10)
baci-mobile-admin:test:     at file:///app/node_modules/[4m@vitest/runner[24m/dist/chunk-artifact.js:2305:20
baci-mobile-admin:test:     at new Promise (<anonymous>)
baci-mobile-admin:test:     at runWithTimeout (file:///app/node_modules/[4m@vitest/runner[24m/dist/chunk-artifact.js:2272:10)
baci-mobile-admin:test:     at file:///app/node_modules/[4m@vitest/runner[24m/dist/chunk-artifact.js:2955:64
baci-mobile-admin:test:
baci-mobile-admin:test: [90mstderr[2m | hooks/blog-editor/useBlogImageUpload.test.tsx[2m > [22m[2museBlogImageUpload[2m > [22m[2mshows an error when the session cannot be loaded
baci-mobile-admin:test: [22m[39m[ImagePick] Upload error: Missing session
baci-mobile-admin:test:
baci-mobile-admin:test: [90mstderr[2m | hooks/blog-editor/useBlogImageUpload.test.tsx[2m > [22m[2museBlogImageUpload[2m > [22m[2mshows an error when the upload fails
baci-mobile-admin:test: [22m[39m[ImagePick] Upload error: Upload failed
baci-mobile-admin:test:
baci-mobile-admin:test: [90mstderr[2m | hooks/blog-editor/useBlogImageUpload.test.tsx[2m > [22m[2museBlogImageUpload[2m > [22m[2mfalls back to the error message when upload serialization fails
baci-mobile-admin:test: [22m[39m[ImagePick] Upload error: Upload failed
baci-mobile-admin:test:
baci-mobile-admin:test:  [32m✓[39m hooks/blog-editor/useBlogImageUpload.test.tsx [2m([22m[2m10 tests[22m[2m)[22m[32m 247[2mms[22m[39m
baci-mobile-admin:test:  [32m✓[39m app/(admin)/payout-settings.test.tsx [2m([22m[2m5 tests[22m[2m)[22m[33m 1309[2mms[22m[39m
baci-mobile-admin:test:      [33m[2m✓[22m[39m blocks save when account verification has not produced an account name [33m 636[2mms[22m[39m
@baci/web:test:  [32m✓[39m src/app/api/feed/google-merchant/feed-builder.test.ts [2m([22m[2m43 tests[22m[2m)[22m[32m 67[2mms[22m[39m
@baci/web:test: [90mstderr[2m | src/app/dashboard/blog/blog-client-page.test.tsx[2m > [22m[2mBlogClientPage[2m > [22m[2mPreview[2m > [22m[2mshows error toast on preview URL generation failure
@baci/web:test: [22m[39mError getting preview URL: Error: Failed to generate preview
@baci/web:test:     at [90m/app/apps/web/[39msrc/app/dashboard/blog/blog-client-page.test.tsx:962:9
@baci/web:test:     at [90mfile:///app/apps/web/[39mnode_modules/[4m@vitest/runner[24m/dist/index.js:145:11
@baci/web:test:     at [90mfile:///app/apps/web/[39mnode_modules/[4m@vitest/runner[24m/dist/index.js:915:26
@baci/web:test:     at [90mfile:///app/apps/web/[39mnode_modules/[4m@vitest/runner[24m/dist/index.js:1243:20
@baci/web:test:     at new Promise (<anonymous>)
@baci/web:test:     at runWithTimeout [90m(file:///app/apps/web/[39mnode_modules/[4m@vitest/runner[24m/dist/index.js:1209:10[90m)[39m
@baci/web:test:     at [90mfile:///app/apps/web/[39mnode_modules/[4m@vitest/runner[24m/dist/index.js:1653:37
@baci/web:test:     at Traces.$ [90m(file:///app/apps/web/[39mnode_modules/[4mvitest[24m/dist/chunks/traces.CCmnQaNT.js:142:27[90m)[39m
@baci/web:test:     at trace [90m(file:///app/apps/web/[39mnode_modules/[4mvitest[24m/dist/chunks/test.B8ej_ZHS.js:239:21[90m)[39m
@baci/web:test:     at runTest [90m(file:///app/apps/web/[39mnode_modules/[4m@vitest/runner[24m/dist/index.js:1653:12[90m)[39m
@baci/web:test:
@baci/mobile-storefront:test: PASS hooks/product-utils.test.ts
@baci/web:test: [90mstdout[2m | src/app/api/payments/initialize/route.test.ts[2m > [22m[2mPOST /api/payments/initialize[2m > [22m[2mjuicyway crypto gateway[2m > [22m[2mreturns address found during polling
@baci/web:test: [22m[39m[Juicyway Poll #1/5] Session {
@baci/web:test:   status: [32m'pending'[39m,
@baci/web:test:   message: [90mundefined[39m,
@baci/web:test:   hasAddress: [33mfalse[39m,
@baci/web:test:   raw: [32m'{"payment":{"id":"payment-456","status":"pending"}}...'[39m
@baci/web:test: }
@baci/web:test:
@baci/web:test: [90mstdout[2m | src/app/api/payments/initialize/route.test.ts[2m > [22m[2mPOST /api/payments/initialize[2m > [22m[2mjuicyway crypto gateway[2m > [22m[2mreturns address found during polling
@baci/web:test: [22m[39m[Juicyway Poll #1] Payment Check {
@baci/web:test:   status: [32m'pending'[39m,
@baci/web:test:   hasAddress: [33mfalse[39m,
@baci/web:test:   raw: [32m'{"status":"pending","payment_method":{"type":"crypto_address"}}...'[39m
@baci/web:test: }
@baci/web:test:
baci-mobile-admin:test:  [32m✓[39m components/orders/NewOrderQuickAddDialog.test.tsx [2m([22m[2m6 tests[22m[2m)[22m[33m 767[2mms[22m[39m
baci-mobile-admin:test:      [33m[2m✓[22m[39m calls handleContinueAsCustomItem when "Add to Cart" is pressed [33m 387[2mms[22m[39m
baci-mobile-admin:test:  [32m✓[39m app/(admin)/expenses/index.test.tsx [2m([22m[2m7 tests[22m[2m)[22m[32m 191[2mms[22m[39m
@baci/mobile-storefront:test: PASS hooks/use-product.test.ts
@baci/mobile-storefront:test:   ● Console
@baci/mobile-storefront:test:
@baci/mobile-storefront:test:     console.warn
@baci/mobile-storefront:test:       [Supabase] SUPABASE_URL is not configured. Set EXPO_PUBLIC_SUPABASE_URL or configure extra.supabaseUrl in app.json.
@baci/mobile-storefront:test:
@baci/mobile-storefront:test:       46 | // Runtime warning when Supabase credentials are missing
@baci/mobile-storefront:test:       47 | if (!supabaseUrl) {
@baci/mobile-storefront:test:     > 48 |   console.warn(
@baci/mobile-storefront:test:          |           ^
@baci/mobile-storefront:test:       49 |     '[Supabase] SUPABASE_URL is not configured. Set EXPO_PUBLIC_SUPABASE_URL or configure extra.supabaseUrl in app.json.'
@baci/mobile-storefront:test:       50 |   );
@baci/mobile-storefront:test:       51 | }
@baci/mobile-storefront:test:
@baci/mobile-storefront:test:       at Object.warn (lib/supabase.ts:48:11)
@baci/mobile-storefront:test:       at Object.require (lib/storefront-product-variants.ts:3:1)
@baci/mobile-storefront:test:       at Object.require (hooks/product-hydration.ts:2:1)
@baci/mobile-storefront:test:       at Object.require (hooks/product-utils.ts:8:1)
@baci/mobile-storefront:test:       at requireActual (hooks/use-product.test.ts:18:42)
@baci/mobile-storefront:test:       at Object.require (hooks/use-product.test.ts:5:1)
@baci/mobile-storefront:test:
@baci/mobile-storefront:test:     console.warn
@baci/mobile-storefront:test:       [Supabase] SUPABASE_ANON_KEY is not configured. Set EXPO_PUBLIC_SUPABASE_ANON_KEY or configure extra.supabaseAnonKey in app.json.
@baci/mobile-storefront:test:
@baci/mobile-storefront:test:       51 | }
@baci/mobile-storefront:test:       52 | if (!supabaseAnonKey) {
@baci/mobile-storefront:test:     > 53 |   console.warn(
@baci/mobile-storefront:test:          |           ^
@baci/mobile-storefront:test:       54 |     '[Supabase] SUPABASE_ANON_KEY is not configured. Set EXPO_PUBLIC_SUPABASE_ANON_KEY or configure extra.supabaseAnonKey in app.json.'
@baci/mobile-storefront:test:       55 |   );
@baci/mobile-storefront:test:       56 | }
@baci/mobile-storefront:test:
@baci/mobile-storefront:test:       at Object.warn (lib/supabase.ts:53:11)
@baci/mobile-storefront:test:       at Object.require (lib/storefront-product-variants.ts:3:1)
@baci/mobile-storefront:test:       at Object.require (hooks/product-hydration.ts:2:1)
@baci/mobile-storefront:test:       at Object.require (hooks/product-utils.ts:8:1)
@baci/mobile-storefront:test:       at requireActual (hooks/use-product.test.ts:18:42)
@baci/mobile-storefront:test:       at Object.require (hooks/use-product.test.ts:5:1)
@baci/mobile-storefront:test:
@baci/web:test: [90mstdout[2m | src/app/api/payments/initialize/route.test.ts[2m > [22m[2mPOST /api/payments/initialize[2m > [22m[2mjuicyway crypto gateway[2m > [22m[2mreturns address found during polling
@baci/web:test: [22m[39m[Juicyway Poll #2/5] Session {
@baci/web:test:   status: [32m'processing'[39m,
@baci/web:test:   message: [90mundefined[39m,
@baci/web:test:   hasAddress: [33mtrue[39m,
@baci/web:test:   raw: [32m'{"payment":{"id":"payment-456","status":"processing","amount":500000,"payment_method":{"address":"TR...'[39m
@baci/web:test: }
@baci/web:test:
@baci/web:test: [90mstdout[2m | src/app/api/payments/initialize/route.test.ts[2m > [22m[2mPOST /api/payments/initialize[2m > [22m[2mjuicyway crypto gateway[2m > [22m[2mreturns 502 when capture fails
@baci/web:test: [22m[39m[PaymentInit] Raw Request Body: {
@baci/web:test:   "merchant_id": "6b5cb8a4-5575-456c-b936-8cdfae30db74",
@baci/web:test:   "order_id": "a1b2c3d4-e5f6-7890-abcd-ef1234567890",
@baci/web:test:   "amount": 5000,
@baci/web:test:   "currency": "NGN",
@baci/web:test:   "customer_email": "customer@example.com",
@baci/web:test:   "customer_name": "John Doe",
@baci/web:test:   "customer_phone": "08012345678",
@baci/web:test:   "billing_address": {
@baci/web:test:     "line1": "123 Main St",
@baci/web:test:     "city": "Lagos",
@baci/web:test:     "country": "NG",
@baci/web:test:     "zip_code": "100001"
@baci/web:test:   },
@baci/web:test:   "gateway": "juicyway",
@baci/web:test:   "crypto_chain": "TRX",
@baci/web:test:   "crypto_currency": "USDT"
@baci/web:test: }
@baci/web:test:
@baci/web:test: [90mstderr[2m | src/app/api/payments/initialize/route.test.ts[2m > [22m[2mPOST /api/payments/initialize[2m > [22m[2mjuicyway crypto gateway[2m > [22m[2mreturns 502 when capture fails
@baci/web:test: [22m[39mCrypto capture exception: Error: Capture failed
@baci/web:test:     at initializeJuicyway [90m(/app/apps/web/[39msrc/app/api/payments/initialize/route.ts:508:15[90m)[39m
@baci/web:test:     at Module.POST [90m(/app/apps/web/[39msrc/app/api/payments/initialize/route.ts:1108:27[90m)[39m
@baci/web:test:     at [90m/app/apps/web/[39msrc/app/api/payments/initialize/route.test.ts:965:19
@baci/web:test:     at [90mfile:///app/apps/web/[39mnode_modules/[4m@vitest/runner[24m/dist/index.js:915:20
@baci/web:test:
@baci/web:test: [90mstderr[2m | src/app/api/payments/initialize/route.test.ts[2m > [22m[2mPOST /api/payments/initialize[2m > [22m[2mjuicyway crypto gateway[2m > [22m[2mreturns 502 when capture fails
@baci/web:test: [22m[39mGateway initialization failed [juicyway]: Error: Capture failed
@baci/web:test:     at initializeJuicyway [90m(/app/apps/web/[39msrc/app/api/payments/initialize/route.ts:718:13[90m)[39m
@baci/web:test:     at Module.POST [90m(/app/apps/web/[39msrc/app/api/payments/initialize/route.ts:1108:27[90m)[39m
@baci/web:test:     at [90m/app/apps/web/[39msrc/app/api/payments/initialize/route.test.ts:965:19
@baci/web:test:     at [90mfile:///app/apps/web/[39mnode_modules/[4m@vitest/runner[24m/dist/index.js:915:20
@baci/web:test:
@baci/web:test: [90mstdout[2m | src/app/api/payments/initialize/route.test.ts[2m > [22m[2mPOST /api/payments/initialize[2m > [22m[2mjuicyway crypto gateway[2m > [22m[2mreturns 400 when JUICYWAY_SECRET_KEY not set
@baci/web:test: [22m[39m[PaymentInit] Raw Request Body: {
@baci/web:test:   "merchant_id": "6b5cb8a4-5575-456c-b936-8cdfae30db74",
@baci/web:test:   "order_id": "a1b2c3d4-e5f6-7890-abcd-ef1234567890",
@baci/web:test:   "amount": 5000,
@baci/web:test:   "currency": "NGN",
@baci/web:test:   "customer_email": "customer@example.com",
@baci/web:test:   "customer_name": "John Doe",
@baci/web:test:   "customer_phone": "08012345678",
@baci/web:test:   "billing_address": {
@baci/web:test:     "line1": "123 Main St",
@baci/web:test:     "city": "Lagos",
@baci/web:test:     "country": "NG",
@baci/web:test:     "zip_code": "100001"
@baci/web:test:   },
@baci/web:test:   "gateway": "juicyway"
@baci/web:test: }
@baci/web:test:
@baci/web:test: [90mstdout[2m | src/app/api/payments/initialize/route.test.ts[2m > [22m[2mPOST /api/payments/initialize[2m > [22m[2mtransaction record[2m > [22m[2mreturns 500 when transaction RPC fails
@baci/web:test: [22m[39m[PaymentInit] Raw Request Body: {
@baci/web:test:   "merchant_id": "6b5cb8a4-5575-456c-b936-8cdfae30db74",
@baci/web:test:   "order_id": "a1b2c3d4-e5f6-7890-abcd-ef1234567890",
@baci/web:test:   "amount": 5000,
@baci/web:test: [90mstderr[2m | src/app/api/payments/initialize/route.test.ts[2m > [22m[2mPOST /api/payments/initialize[2m > [22m[2mtransaction record[2m > [22m[2mreturns 500 when transaction RPC fails
@baci/web:test:   "currency": "NGN",
@baci/web:test:   "customer_email": "customer@example.com",
@baci/web:test:   "customer_name": "John Doe",
@baci/web:test:   "customer_phone": "08012345678",
@baci/web:test:   "billing_address": {
@baci/web:test:     "line1": "123 Main St",
@baci/web:test:     "city": "Lagos",
@baci/web:test:     "country": "NG",
@baci/web:test:     "zip_code": "100001"
@baci/web:test:   },
@baci/web:test:   "gateway": "korapay"
@baci/web:test: }
@baci/web:test:
@baci/web:test: [22m[39mError creating transaction record: { message: [32m'RPC error'[39m }
@baci/web:test:
@baci/web:test:  [32m✓[39m src/app/api/payments/initialize/route.test.ts [2m([22m[2m32 tests[22m[2m)[22m[33m 14362[2mms[22m[39m
@baci/web:test:        [33m[2m✓[22m[39m returns crypto_address_pending when address not ready after polling [33m 10022[2mms[22m[39m
@baci/web:test:        [33m[2m✓[22m[39m returns address found during polling [33m 4008[2mms[22m[39m
baci-mobile-admin:test:  [32m✓[39m hooks/useBranchScope.test.ts [2m([22m[2m12 tests[22m[2m)[22m[33m 529[2mms[22m[39m
@baci/web:test: [90mstderr[2m | src/app/api/storefront/imei-check/route.test.ts[2m > [22m[2mPOST /api/storefront/imei-check[2m > [22m[2mreturns 503 before new persistence when IMEI_HASH_SALT is missing
@baci/web:test: [22m[39m[IMEI Check] IMEI_HASH_SALT is not configured
@baci/web:test:
@baci/web:test: [90mstderr[2m | src/app/api/storefront/imei-check/route.test.ts[2m > [22m[2mPOST /api/storefront/imei-check[2m > [22m[2mreturns 503 before new persistence when SICKW_API_KEY is missing
@baci/web:test: [22m[39m[IMEI Check] SICKW_API_KEY is not configured
@baci/web:test:
@baci/web:test: [90mstderr[2m | src/app/api/storefront/imei-check/route.test.ts[2m > [22m[2mPOST /api/storefront/imei-check[2m > [22m[2mcontinues the paid lookup when the preflight wallet balance read fails
@baci/web:test: [22m[39m[IMEI Check] Failed to read preflight wallet balance: {
@baci/web:test:   customerId: [32m'customer-1'[39m,
@baci/web:test:   error: Error: balance read unavailable
@baci/web:test:       at [90m/app/apps/web/[39msrc/app/api/storefront/imei-check/route.test.ts:565:7
@baci/web:test:       at [90mfile:///app/apps/web/[39mnode_modules/[4m@vitest/runner[24m/dist/index.js:145:11
@baci/web:test:       at [90mfile:///app/apps/web/[39mnode_modules/[4m@vitest/runner[24m/dist/index.js:915:26
@baci/web:test:       at [90mfile:///app/apps/web/[39mnode_modules/[4m@vitest/runner[24m/dist/index.js:1243:20
@baci/web:test:       at new Promise (<anonymous>)
@baci/web:test:       at runWithTimeout [90m(file:///app/apps/web/[39mnode_modules/[4m@vitest/runner[24m/dist/index.js:1209:10[90m)[39m
@baci/web:test:       at [90mfile:///app/apps/web/[39mnode_modules/[4m@vitest/runner[24m/dist/index.js:1653:37
@baci/web:test:       at Traces.$ [90m(file:///app/apps/web/[39mnode_modules/[4mvitest[24m/dist/chunks/traces.CCmnQaNT.js:142:27[90m)[39m
@baci/web:test:       at trace [90m(file:///app/apps/web/[39mnode_modules/[4mvitest[24m/dist/chunks/test.B8ej_ZHS.js:239:21[90m)[39m
@baci/web:test:       at runTest [90m(file:///app/apps/web/[39mnode_modules/[4m@vitest/runner[24m/dist/index.js:1653:12[90m)[39m,
@baci/web:test:   merchantId: [32m'merchant-1'[39m
@baci/web:test: }
@baci/web:test:
@baci/web:test: [90mstdout[2m | src/app/api/storefront/imei-check/route.test.ts[2m > [22m[2mPOST /api/storefront/imei-check[2m > [22m[2mcontinues the paid lookup when the preflight wallet balance read fails
@baci/web:test: [22m[39m{
@baci/web:test:   amount: [33m1500[39m,
@baci/web:test:   customer_id: [32m'customer-1'[39m,
@baci/web:test:   latency_ms: [33m0[39m,
@baci/web:test:   lookup_id: [32m'lookup-1'[39m,
@baci/web:test:   merchant_id: [32m'merchant-1'[39m,
@baci/web:test:   outcome: [32m'completed'[39m,
@baci/web:test:   sickw_status: [32m'success'[39m,
@baci/web:test:   tier: [32m'full'[39m
@baci/web:test: }
@baci/web:test:
@baci/web:test: [90mstderr[2m | src/app/api/storefront/imei-check/route.test.ts[2m > [22m[2mPOST /api/storefront/imei-check[2m > [22m[2mcaches a terminal 500 when wallet debit fails unexpectedly
@baci/web:test: [22m[39mIMEI check error: Error: wallet rpc unavailable
@baci/web:test:     at [90m/app/apps/web/[39msrc/app/api/storefront/imei-check/route.test.ts:593:7
@baci/web:test:     at [90mfile:///app/apps/web/[39mnode_modules/[4m@vitest/runner[24m/dist/index.js:145:11
@baci/web:test:     at [90mfile:///app/apps/web/[39mnode_modules/[4m@vitest/runner[24m/dist/index.js:915:26
@baci/web:test:     at [90mfile:///app/apps/web/[39mnode_modules/[4m@vitest/runner[24m/dist/index.js:1243:20
@baci/web:test:     at new Promise (<anonymous>)
@baci/web:test:     at runWithTimeout [90m(file:///app/apps/web/[39mnode_modules/[4m@vitest/runner[24m/dist/index.js:1209:10[90m)[39m
@baci/web:test:     at [90mfile:///app/apps/web/[39mnode_modules/[4m@vitest/runner[24m/dist/index.js:1653:37
@baci/web:test:     at Traces.$ [90m(file:///app/apps/web/[39mnode_modules/[4mvitest[24m/dist/chunks/traces.CCmnQaNT.js:142:27[90m)[39m
@baci/web:test:     at trace [90m(file:///app/apps/web/[39mnode_modules/[4mvitest[24m/dist/chunks/test.B8ej_ZHS.js:239:21[90m)[39m
@baci/web:test:     at runTest [90m(file:///app/apps/web/[39mnode_modules/[4m@vitest/runner[24m/dist/index.js:1653:12[90m)[39m
@baci/web:test:
@baci/web:test: [90mstderr[2m | src/app/api/storefront/imei-check/route.test.ts[2m > [22m[2mPOST /api/storefront/imei-check[2m > [22m[2mremoves the uncharged pending lookup when debit failure caching fails
@baci/web:test: [22m[39mIMEI check error: Error: wallet rpc unavailable
@baci/web:test:     at [90m/app/apps/web/[39msrc/app/api/storefront/imei-check/route.test.ts:618:7
@baci/web:test:     at [90mfile:///app/apps/web/[39mnode_modules/[4m@vitest/runner[24m/dist/index.js:145:11
@baci/web:test:     at [90mfile:///app/apps/web/[39mnode_modules/[4m@vitest/runner[24m/dist/index.js:915:26
@baci/web:test:     at [90mfile:///app/apps/web/[39mnode_modules/[4m@vitest/runner[24m/dist/index.js:1243:20
@baci/web:test:     at new Promise (<anonymous>)
@baci/web:test:     at runWithTimeout [90m(file:///app/apps/web/[39mnode_modules/[4m@vitest/runner[24m/dist/index.js:1209:10[90m)[39m
@baci/web:test:     at [90mfile:///app/apps/web/[39mnode_modules/[4m@vitest/runner[24m/dist/index.js:1653:37
@baci/web:test:     at Traces.$ [90m(file:///app/apps/web/[39mnode_modules/[4mvitest[24m/dist/chunks/traces.CCmnQaNT.js:142:27[90m)[39m
@baci/web:test:     at trace [90m(file:///app/apps/web/[39mnode_modules/[4mvitest[24m/dist/chunks/test.B8ej_ZHS.js:239:21[90m)[39m
@baci/web:test:     at runTest [90m(file:///app/apps/web/[39mnode_modules/[4m@vitest/runner[24m/dist/index.js:1653:12[90m)[39m
@baci/web:test:
@baci/web:test: [90mstderr[2m | src/app/api/storefront/imei-check/route.test.ts[2m > [22m[2mPOST /api/storefront/imei-check[2m > [22m[2mremoves the uncharged pending lookup when debit failure caching fails
@baci/web:test: [22m[39m[IMEI Check] Failed to cache debit failure: {
@baci/web:test:   error: Error: Failed to cache IMEI lookup response: database unavailable
@baci/web:test:       at cacheLookupResponse [90m(/app/apps/web/[39msrc/app/api/storefront/imei-check/route-cache-helpers.ts:46:11[90m)[39m
@baci/web:test:   [90m    at processTicksAndRejections (node:internal/process/task_queues:103:5)[39m
@baci/web:test:       at POST [90m(/app/apps/web/[39msrc/app/api/storefront/imei-check/route.ts:358:9[90m)[39m
@baci/web:test:       at [90m/app/apps/web/[39msrc/app/api/storefront/imei-check/route.test.ts:625:22
@baci/web:test:       at [90mfile:///app/apps/web/[39mnode_modules/[4m@vitest/runner[24m/dist/index.js:915:20,
@baci/web:test:   lookupId: [32m'lookup-1'[39m,
@baci/web:test:   merchantId: [32m'merchant-1'[39m
@baci/web:test: }
@baci/web:test:
@baci/web:test: [90mstdout[2m | src/app/api/storefront/imei-check/route.test.ts[2m > [22m[2mPOST /api/storefront/imei-check[2m > [22m[2mdebits the wallet before calling SICKW
@baci/web:test: [22m[39m{
@baci/web:test:   amount: [33m1500[39m,
@baci/web:test:   customer_id: [32m'customer-1'[39m,
@baci/web:test:   latency_ms: [33m0[39m,
@baci/web:test:   lookup_id: [32m'lookup-1'[39m,
@baci/web:test:   merchant_id: [32m'merchant-1'[39m,
@baci/web:test:   outcome: [32m'completed'[39m,
@baci/web:test:   sickw_status: [32m'success'[39m,
@baci/web:test:   tier: [32m'full'[39m
@baci/web:test: }
@baci/web:test:
@baci/web:test: [90mstdout[2m | src/app/api/storefront/imei-check/route.test.ts[2m > [22m[2mPOST /api/storefront/imei-check[2m > [22m[2mreturns the paid lookup result when successful lookup persistence fails
@baci/web:test: [22m[39m{
@baci/web:test:   amount: [33m1500[39m,
@baci/web:test:   customer_id: [32m'customer-1'[39m,
@baci/web:test:   latency_ms: [33m0[39m,
@baci/web:test:   lookup_id: [32m'lookup-1'[39m,
@baci/web:test:   merchant_id: [32m'merchant-1'[39m,
@baci/web:test:   outcome: [32m'completed_unpersisted'[39m,
@baci/web:test:   sickw_status: [32m'success'[39m,
@baci/web:test:   tier: [32m'full'[39m
@baci/web:test: }
@baci/web:test:
@baci/web:test: [90mstderr[2m | src/app/api/storefront/imei-check/route.test.ts[2m > [22m[2mPOST /api/storefront/imei-check[2m > [22m[2mreturns the paid lookup result when successful lookup persistence fails
@baci/web:test: [22m[39m[IMEI Check] CRITICAL: paid lookup succeeded but result persistence failed; returning provider result without refund {
@baci/web:test:   customer_id: [32m'customer-1'[39m,
@baci/web:test:   error: Error: Failed to cache IMEI lookup response: database unavailable
@baci/web:test:       at cacheLookupResponse [90m(/app/apps/web/[39msrc/app/api/storefront/imei-check/route-cache-helpers.ts:46:11[90m)[39m
@baci/web:test:   [90m    at processTicksAndRejections (node:internal/process/task_queues:103:5)[39m
@baci/web:test:       at cacheSuccessfulLookup [90m(/app/apps/web/[39msrc/app/api/storefront/imei-check/route-cache-helpers.ts:239:5[90m)[39m
@baci/web:test:       at POST [90m(/app/apps/web/[39msrc/app/api/storefront/imei-check/route.ts:323:14[90m)[39m
@baci/web:test:       at [90m/app/apps/web/[39msrc/app/api/storefront/imei-check/route.test.ts:695:22
@baci/web:test:       at [90mfile:///app/apps/web/[39mnode_modules/[4m@vitest/runner[24m/dist/index.js:915:20,
@baci/web:test:   lookup_id: [32m'lookup-1'[39m,
@baci/web:test:   merchant_id: [32m'merchant-1'[39m
@baci/web:test: }
@baci/web:test:
@baci/web:test: [90mstderr[2m | src/app/api/storefront/imei-check/route.test.ts[2m > [22m[2mPOST /api/storefront/imei-check[2m > [22m[2mreturns the refunded terminal response when refunded state cannot be persisted
@baci/web:test: [22m[39m[IMEI Check] Failed to cache refunded lookup state: {
@baci/web:test:   cacheError: Error: Failed to cache IMEI lookup response: database unavailable
@baci/web:test:       at cacheLookupResponse [90m(/app/apps/web/[39msrc/app/api/storefront/imei-check/route-cache-helpers.ts:46:11[90m)[39m
@baci/web:test:   [90m    at processTicksAndRejections (node:internal/process/task_queues:103:5)[39m
@baci/web:test:       at refundAndCacheFailure [90m(/app/apps/web/[39msrc/app/api/storefront/imei-check/route-cache-helpers.ts:132:5[90m)[39m
@baci/web:test:       at POST [90m(/app/apps/web/[39msrc/app/api/storefront/imei-check/route.ts:335:12[90m)[39m
@baci/web:test:       at [90m/app/apps/web/[39msrc/app/api/storefront/imei-check/route.test.ts:760:22
@baci/web:test:       at [90mfile:///app/apps/web/[39mnode_modules/[4m@vitest/runner[24m/dist/index.js:915:20,
@baci/web:test:   lookupId: [32m'lookup-1'[39m
@baci/web:test: }
@baci/web:test:
@baci/web:test: [90mstderr[2m | src/app/api/storefront/imei-check/route.test.ts[2m > [22m[2mPOST /api/storefront/imei-check[2m > [22m[2mreturns the refunded terminal response when refunded state cannot be persisted
@baci/web:test: [22m[39m[IMEI Check] Retry cache of refunded lookup state failed: {
@baci/web:test:   lookupId: [32m'lookup-1'[39m,
@baci/web:test:   retryError: Error: Failed to cache IMEI lookup response: database unavailable
@baci/web:test:       at cacheLookupResponse [90m(/app/apps/web/[39msrc/app/api/storefront/imei-check/route-cache-helpers.ts:46:11[90m)[39m
@baci/web:test:   [90m    at processTicksAndRejections (node:internal/process/task_queues:103:5)[39m
@baci/web:test:       at refundAndCacheFailure [90m(/app/apps/web/[39msrc/app/api/storefront/imei-check/route-cache-helpers.ts:146:7[90m)[39m
@baci/web:test:       at POST [90m(/app/apps/web/[39msrc/app/api/storefront/imei-check/route.ts:335:12[90m)[39m
@baci/web:test:       at [90m/app/apps/web/[39msrc/app/api/storefront/imei-check/route.test.ts:760:22
@baci/web:test:       at [90mfile:///app/apps/web/[39mnode_modules/[4m@vitest/runner[24m/dist/index.js:915:20
@baci/web:test: }
@baci/web:test:
@baci/web:test: [90mstderr[2m | src/app/api/storefront/imei-check/route.test.ts[2m > [22m[2mPOST /api/storefront/imei-check[2m > [22m[2mmarks refund_pending when refund RPC fails
@baci/web:test: [22m[39m[IMEI Check] Wallet refund failed: {
@baci/web:test:   amount: [33m1500[39m,
@baci/web:test:   customerId: [32m'customer-1'[39m,
@baci/web:test:   error: Error: refund rpc down
@baci/web:test:       at [90m/app/apps/web/[39msrc/app/api/storefront/imei-check/route.test.ts:791:7
@baci/web:test:       at [90mfile:///app/apps/web/[39mnode_modules/[4m@vitest/runner[24m/dist/index.js:145:11
@baci/web:test:       at [90mfile:///app/apps/web/[39mnode_modules/[4m@vitest/runner[24m/dist/index.js:915:26
@baci/web:test:       at [90mfile:///app/apps/web/[39mnode_modules/[4m@vitest/runner[24m/dist/index.js:1243:20
@baci/web:test:       at new Promise (<anonymous>)
@baci/web:test:       at runWithTimeout [90m(file:///app/apps/web/[39mnode_modules/[4m@vitest/runner[24m/dist/index.js:1209:10[90m)[39m
@baci/web:test:       at [90mfile:///app/apps/web/[39mnode_modules/[4m@vitest/runner[24m/dist/index.js:1653:37
@baci/web:test:       at Traces.$ [90m(file:///app/apps/web/[39mnode_modules/[4mvitest[24m/dist/chunks/traces.CCmnQaNT.js:142:27[90m)[39m
@baci/web:test:       at trace [90m(file:///app/apps/web/[39mnode_modules/[4mvitest[24m/dist/chunks/test.B8ej_ZHS.js:239:21[90m)[39m
@baci/web:test:       at runTest [90m(file:///app/apps/web/[39mnode_modules/[4m@vitest/runner[24m/dist/index.js:1653:12[90m)[39m,
@baci/web:test:   lookupId: [32m'lookup-1'[39m,
@baci/web:test:   merchantId: [32m'merchant-1'[39m
@baci/web:test: }
@baci/web:test:
@baci/web:test: [90mstderr[2m | src/app/api/storefront/imei-check/route.test.ts[2m > [22m[2mPOST /api/storefront/imei-check[2m > [22m[2mreturns refund_pending when refund_pending state cannot be persisted
@baci/web:test: [22m[39m[IMEI Check] Wallet refund failed: {
@baci/web:test:   amount: [33m1500[39m,
@baci/web:test:   customerId: [32m'customer-1'[39m,
@baci/web:test:   error: Error: refund rpc down
@baci/web:test:       at [90m/app/apps/web/[39msrc/app/api/storefront/imei-check/route.test.ts:824:7
@baci/web:test:       at [90mfile:///app/apps/web/[39mnode_modules/[4m@vitest/runner[24m/dist/index.js:145:11
@baci/web:test:       at [90mfile:///app/apps/web/[39mnode_modules/[4m@vitest/runner[24m/dist/index.js:915:26
@baci/web:test:       at [90mfile:///app/apps/web/[39mnode_modules/[4m@vitest/runner[24m/dist/index.js:1243:20
@baci/web:test:       at new Promise (<anonymous>)
@baci/web:test:       at runWithTimeout [90m(file:///app/apps/web/[39mnode_modules/[4m@vitest/runner[24m/dist/index.js:1209:10[90m)[39m
@baci/web:test:       at [90mfile:///app/apps/web/[39mnode_modules/[4m@vitest/runner[24m/dist/index.js:1653:37
@baci/web:test:       at Traces.$ [90m(file:///app/apps/web/[39mnode_modules/[4mvitest[24m/dist/chunks/traces.CCmnQaNT.js:142:27[90m)[39m
@baci/web:test:       at trace [90m(file:///app/apps/web/[39mnode_modules/[4mvitest[24m/dist/chunks/test.B8ej_ZHS.js:239:21[90m)[39m
@baci/web:test:       at runTest [90m(file:///app/apps/web/[39mnode_modules/[4m@vitest/runner[24m/dist/index.js:1653:12[90m)[39m,
@baci/web:test:   lookupId: [32m'lookup-1'[39m,
@baci/web:test:   merchantId: [32m'merchant-1'[39m
@baci/web:test: }
@baci/web:test:
@baci/web:test: [90mstderr[2m | src/app/api/storefront/imei-check/route.test.ts[2m > [22m[2mPOST /api/storefront/imei-check[2m > [22m[2mreturns refund_pending when refund_pending state cannot be persisted
@baci/web:test: [22m[39m[IMEI Check] Failed to cache refund pending state: {
@baci/web:test:   cacheError: Error: Failed to cache IMEI lookup response: database unavailable
@baci/web:test:       at cacheLookupResponse [90m(/app/apps/web/[39msrc/app/api/storefront/imei-check/route-cache-helpers.ts:46:11[90m)[39m
@baci/web:test:   [90m    at processTicksAndRejections (node:internal/process/task_queues:103:5)[39m
@baci/web:test:       at refundAndCacheFailure [90m(/app/apps/web/[39msrc/app/api/storefront/imei-check/route-cache-helpers.ts:95:7[90m)[39m
@baci/web:test:       at POST [90m(/app/apps/web/[39msrc/app/api/storefront/imei-check/route.ts:335:12[90m)[39m
@baci/web:test:       at [90m/app/apps/web/[39msrc/app/api/storefront/imei-check/route.test.ts:831:22
@baci/web:test:       at [90mfile:///app/apps/web/[39mnode_modules/[4m@vitest/runner[24m/dist/index.js:915:20,
@baci/web:test:   lookupId: [32m'lookup-1'[39m
@baci/web:test: }
@baci/web:test:
@baci/web:test: [90mstderr[2m | src/app/api/storefront/imei-check/route.test.ts[2m > [22m[2mPOST /api/storefront/imei-check[2m > [22m[2mreturns refund_pending when refund_pending state cannot be persisted
@baci/web:test: [22m[39m[IMEI Check] Retry cache of refund pending state failed: {
@baci/web:test:   lookupId: [32m'lookup-1'[39m,
@baci/web:test:   retryError: Error: Failed to cache IMEI lookup response: database unavailable
@baci/web:test:       at cacheLookupResponse [90m(/app/apps/web/[39msrc/app/api/storefront/imei-check/route-cache-helpers.ts:46:11[90m)[39m
@baci/web:test:   [90m    at processTicksAndRejections (node:internal/process/task_queues:103:5)[39m
@baci/web:test:       at refundAndCacheFailure [90m(/app/apps/web/[39msrc/app/api/storefront/imei-check/route-cache-helpers.ts:109:9[90m)[39m
@baci/web:test:       at POST [90m(/app/apps/web/[39msrc/app/api/storefront/imei-check/route.ts:335:12[90m)[39m
@baci/web:test:       at [90m/app/apps/web/[39msrc/app/api/storefront/imei-check/route.test.ts:831:22
@baci/web:test:       at [90mfile:///app/apps/web/[39mnode_modules/[4m@vitest/runner[24m/dist/index.js:915:20
@baci/web:test: }
@baci/web:test:
@baci/web:test: [90mstderr[2m | src/app/dashboard/blog/blog-client-page.test.tsx[2m > [22m[2mBlogClientPage[2m > [22m[2mStats Calculation[2m > [22m[2mcalculates total views from posts when no initialCounts
@baci/web:test: [22m[39mAn update to BlogClientPage inside a test was not wrapped in act(...).
@baci/web:test:
@baci/web:test: When testing, code that causes React state updates should be wrapped into act(...):
@baci/web:test:
@baci/web:test: act(() => {
@baci/web:test:   /* fire events that update state */
@baci/web:test: });
@baci/web:test: /* assert on the output */
@baci/web:test:
@baci/web:test: This ensures that you're testing the behavior the user would see in the browser. Learn more at https://react.dev/link/wrap-tests-with-act
@baci/web:test: An update to BlogClientPage inside a test was not wrapped in act(...).
@baci/web:test:
@baci/web:test: When testing, code that causes React state updates should be wrapped into act(...):
@baci/web:test:
@baci/web:test: act(() => {
@baci/web:test:   /* fire events that update state */
@baci/web:test: });
@baci/web:test: /* assert on the output */
@baci/web:test:
@baci/web:test: This ensures that you're testing the behavior the user would see in the browser. Learn more at https://react.dev/link/wrap-tests-with-act
@baci/web:test: An update to BlogClientPage inside a test was not wrapped in act(...).
@baci/web:test:
@baci/web:test: When testing, code that causes React state updates should be wrapped into act(...):
@baci/web:test:
@baci/web:test: act(() => {
@baci/web:test:   /* fire events that update state */
@baci/web:test: });
@baci/web:test: /* assert on the output */
@baci/web:test:
@baci/web:test: This ensures that you're testing the behavior the user would see in the browser. Learn more at https://react.dev/link/wrap-tests-with-act
@baci/web:test: An update to BlogClientPage inside a test was not wrapped in act(...).
@baci/web:test:
@baci/web:test: When testing, code that causes React state updates should be wrapped into act(...):
@baci/web:test:
@baci/web:test: act(() => {
@baci/web:test:   /* fire events that update state */
@baci/web:test: });
@baci/web:test: /* assert on the output */
@baci/web:test:
@baci/web:test: This ensures that you're testing the behavior the user would see in the browser. Learn more at https://react.dev/link/wrap-tests-with-act
@baci/web:test:
@baci/web:test:  [32m✓[39m src/app/api/storefront/imei-check/route.test.ts [2m([22m[2m23 tests[22m[2m)[22m[33m 1924[2mms[22m[39m
@baci/web:test:      [33m[2m✓[22m[39m returns 401 with AUTH_REQUIRED when no session is present [33m 1280[2mms[22m[39m
@baci/web:test: [90mstderr[2m | src/app/dashboard/blog/blog-client-page.test.tsx[2m > [22m[2mBlogClientPage[2m > [22m[2mStats Calculation[2m > [22m[2muses initialCounts when provided
@baci/web:test: [22m[39mAn update to BlogClientPage inside a test was not wrapped in act(...).
@baci/web:test:
@baci/web:test: When testing, code that causes React state updates should be wrapped into act(...):
@baci/web:test:
@baci/web:test: act(() => {
@baci/web:test:   /* fire events that update state */
@baci/web:test: });
@baci/web:test: /* assert on the output */
@baci/web:test:
@baci/web:test: This ensures that you're testing the behavior the user would see in the browser. Learn more at https://react.dev/link/wrap-tests-with-act
@baci/web:test: An update to BlogClientPage inside a test was not wrapped in act(...).
@baci/web:test:
@baci/web:test: When testing, code that causes React state updates should be wrapped into act(...):
@baci/web:test:
@baci/web:test: act(() => {
@baci/web:test:   /* fire events that update state */
@baci/web:test: });
@baci/web:test: /* assert on the output */
@baci/web:test:
@baci/web:test: This ensures that you're testing the behavior the user would see in the browser. Learn more at https://react.dev/link/wrap-tests-with-act
@baci/web:test: An update to BlogClientPage inside a test was not wrapped in act(...).
@baci/web:test:
@baci/web:test: When testing, code that causes React state updates should be wrapped into act(...):
@baci/web:test:
@baci/web:test: act(() => {
@baci/web:test:   /* fire events that update state */
@baci/web:test: });
@baci/web:test: /* assert on the output */
@baci/web:test:
@baci/web:test: This ensures that you're testing the behavior the user would see in the browser. Learn more at https://react.dev/link/wrap-tests-with-act
@baci/web:test: An update to BlogClientPage inside a test was not wrapped in act(...).
@baci/web:test:
@baci/web:test: When testing, code that causes React state updates should be wrapped into act(...):
@baci/web:test:
@baci/web:test: act(() => {
@baci/web:test:   /* fire events that update state */
@baci/web:test: });
@baci/web:test: /* assert on the output */
@baci/web:test:
@baci/web:test: This ensures that you're testing the behavior the user would see in the browser. Learn more at https://react.dev/link/wrap-tests-with-act
@baci/web:test:
@baci/web:test: [90mstderr[2m | src/app/dashboard/blog/blog-client-page.test.tsx[2m > [22m[2mBlogClientPage[2m > [22m[2mError Handling[2m > [22m[2mshows error toast on fetch failure
@baci/web:test: [22m[39mError fetching blog posts: Error: Network error
@baci/web:test:     at [90m/app/apps/web/[39msrc/app/dashboard/blog/blog-client-page.test.tsx:1294:9
@baci/web:test:     at [90mfile:///app/apps/web/[39mnode_modules/[4m@vitest/runner[24m/dist/index.js:145:11
@baci/web:test:     at [90mfile:///app/apps/web/[39mnode_modules/[4m@vitest/runner[24m/dist/index.js:915:26
@baci/web:test:     at [90mfile:///app/apps/web/[39mnode_modules/[4m@vitest/runner[24m/dist/index.js:1243:20
@baci/web:test:     at new Promise (<anonymous>)
@baci/web:test:     at runWithTimeout [90m(file:///app/apps/web/[39mnode_modules/[4m@vitest/runner[24m/dist/index.js:1209:10[90m)[39m
@baci/web:test:     at [90mfile:///app/apps/web/[39mnode_modules/[4m@vitest/runner[24m/dist/index.js:1653:37
@baci/web:test:     at Traces.$ [90m(file:///app/apps/web/[39mnode_modules/[4mvitest[24m/dist/chunks/traces.CCmnQaNT.js:142:27[90m)[39m
@baci/web:test:     at trace [90m(file:///app/apps/web/[39mnode_modules/[4mvitest[24m/dist/chunks/test.B8ej_ZHS.js:239:21[90m)[39m
@baci/web:test:     at runTest [90m(file:///app/apps/web/[39mnode_modules/[4m@vitest/runner[24m/dist/index.js:1653:12[90m)[39m
@baci/web:test:
baci-mobile-admin:test: [90mstderr[2m | hooks/blog-editor/useBlogEditorData.test.tsx[2m > [22m[2museBlogEditorData[2m > [22m[2mretries loading after an initial fetch failure
baci-mobile-admin:test: [22m[39mError: Failed to load content
baci-mobile-admin:test:     at [90m/app/apps/mobile-admin/[39mhooks/blog-editor/useBlogEditorData.test.tsx:60:16
baci-mobile-admin:test:     at file:///app/node_modules/[4m@vitest/runner[24m/dist/chunk-artifact.js:302:11
baci-mobile-admin:test:     at file:///app/node_modules/[4m@vitest/runner[24m/dist/chunk-artifact.js:1903:26
baci-mobile-admin:test:     at file:///app/node_modules/[4m@vitest/runner[24m/dist/chunk-artifact.js:2326:20
baci-mobile-admin:test:     at new Promise (<anonymous>)
baci-mobile-admin:test:     at runWithCancel (file:///app/node_modules/[4m@vitest/runner[24m/dist/chunk-artifact.js:2323:10)
baci-mobile-admin:test:     at file:///app/node_modules/[4m@vitest/runner[24m/dist/chunk-artifact.js:2305:20
baci-mobile-admin:test:     at new Promise (<anonymous>)
baci-mobile-admin:test:     at runWithTimeout (file:///app/node_modules/[4m@vitest/runner[24m/dist/chunk-artifact.js:2272:10)
baci-mobile-admin:test:     at file:///app/node_modules/[4m@vitest/runner[24m/dist/chunk-artifact.js:2955:64
baci-mobile-admin:test:
baci-mobile-admin:test:  [32m✓[39m components/paywall/Paywall.test.tsx [2m([22m[2m7 tests[22m[2m)[22m[33m 1747[2mms[22m[39m
baci-mobile-admin:test:      [33m[2m✓[22m[39m does not show fallback purchase success when purchase returns an error result [33m 826[2mms[22m[39m
@baci/web:test: [90mstderr[2m | src/app/dashboard/blog/blog-client-page.test.tsx[2m > [22m[2mBlogClientPage[2m > [22m[2mError Handling[2m > [22m[2mshows error toast on non-ok response
@baci/web:test: [22m[39mError fetching blog posts: Error: Internal server error
@baci/web:test:     at fetchPosts [90m(/app/apps/web/[39msrc/app/dashboard/blog/blog-client-page.tsx:171:15[90m)[39m
@baci/web:test:
@baci/web:test:  [32m✓[39m src/app/dashboard/blog/blog-client-page.test.tsx [2m([22m[2m31 tests[22m[2m)[22m[33m 17077[2mms[22m[39m
@baci/web:test:        [33m[2m✓[22m[39m renders heading, stats cards, and New Post button [33m 1280[2mms[22m[39m
@baci/web:test:        [33m[2m✓[22m[39m shows AI Generator button when autoBlogEnabled is true [33m 362[2mms[22m[39m
@baci/web:test:        [33m[2m✓[22m[39m shows RSS Feed link when merchant has valid slug [33m 350[2mms[22m[39m
@baci/web:test:        [33m[2m✓[22m[39m clicking status card filters posts and resets page [33m 490[2mms[22m[39m
@baci/web:test:        [33m[2m✓[22m[39m search input updates and triggers fetch [33m 1618[2mms[22m[39m
@baci/web:test:        [33m[2m✓[22m[39m shows AlertDialog on delete click and removes post on confirm [33m 1455[2mms[22m[39m
@baci/web:test:        [33m[2m✓[22m[39m rollback posts and shows error toast on delete error [33m 1227[2mms[22m[39m
@baci/web:test:        [33m[2m✓[22m[39m publish a draft post updates post in list [33m 781[2mms[22m[39m
@baci/web:test:        [33m[2m✓[22m[39m shows error toast on update status error [33m 527[2mms[22m[39m
@baci/web:test:        [33m[2m✓[22m[39m unpublish a published post changes status to draft [33m 832[2mms[22m[39m
@baci/web:test:        [33m[2m✓[22m[39m archive a post changes status to archived [33m 713[2mms[22m[39m
@baci/web:test:        [33m[2m✓[22m[39m calls getPreviewUrl and opens in new tab [33m 701[2mms[22m[39m
@baci/web:test:        [33m[2m✓[22m[39m shows error toast when merchant slug is missing [33m 623[2mms[22m[39m
@baci/web:test:        [33m[2m✓[22m[39m shows error toast on preview URL generation failure [33m 649[2mms[22m[39m
@baci/web:test:        [33m[2m✓[22m[39m clicking Next button increments page and fetches [33m 658[2mms[22m[39m
@baci/web:test:        [33m[2m✓[22m[39m clicking Previous button decrements page and fetches [33m 787[2mms[22m[39m
@baci/web:test:        [33m[2m✓[22m[39m View Live link shows for published posts with valid slug [33m 797[2mms[22m[39m
@baci/web:test:        [33m[2m✓[22m[39m View Live link uses custom domain when available [33m 591[2mms[22m[39m
baci-mobile-admin:test:  [32m✓[39m hooks/blog-editor/useBlogEditorData.test.tsx [2m([22m[2m7 tests[22m[2m)[22m[33m 566[2mms[22m[39m
baci-mobile-admin:test:  [32m✓[39m hooks/createNewOrderCustomerActions.handleCreate.test.ts [2m([22m[2m5 tests[22m[2m)[22m[32m 43[2mms[22m[39m
@baci/web:test: [90mstderr[2m | src/app/api/feed/google-merchant/feed-data.test.ts[2m > [22m[2mgetCachedGoogleMerchantFeedData[2m > [22m[2mthrows when the variant RPC fails
@baci/web:test: [22m[39mDB_VARIANTS_ERROR: { message: [32m'rpc error'[39m }
@baci/web:test:
@baci/web:test: [90mstderr[2m | src/app/api/feed/google-merchant/feed-data.test.ts[2m > [22m[2mgetCachedGoogleMerchantFeedData[2m > [22m[2mthrows when the offers query fails
@baci/web:test: [22m[39mDB_OFFERS_ERROR: { batchStart: [33m0[39m, error: { message: [32m'offers error'[39m } }
@baci/web:test:
@baci/web:test: [90mstderr[2m | src/app/api/feed/google-merchant/feed-data.test.ts[2m > [22m[2mgetCachedGoogleMerchantFeedData[2m > [22m[2mthrows when domain query fails
@baci/web:test: [22m[39mDB_DOMAIN_ERROR: { message: [32m'connection error'[39m }
@baci/web:test:
@baci/web:test: [90mstderr[2m | src/app/api/feed/google-merchant/feed-data.test.ts[2m > [22m[2mgetCachedGoogleMerchantFeedData[2m > [22m[2mthrows when products query fails
@baci/web:test: [22m[39mDB_PRODUCTS_ERROR: {
@baci/web:test:   cursor: [1mnull[22m,
@baci/web:test:   error: { message: [32m'query error'[39m },
@baci/web:test:   merchantId: [32m'merchant-1'[39m,
@baci/web:test:   readNullCreatedAtRows: [33mfalse[39m
@baci/web:test: }
@baci/web:test:
@baci/web:test: [90mstderr[2m | src/app/api/feed/google-merchant/feed-data.test.ts[2m > [22m[2mgetCachedGoogleMerchantFeedData[2m > [22m[2mthrows when manifest query fails
@baci/web:test: [22m[39mDB_MANIFEST_ERROR: {
@baci/web:test:   batchIndex: [33m0[39m,
@baci/web:test:   batchProductCount: [33m1[39m,
@baci/web:test:   error: { message: [32m'manifest error'[39m },
@baci/web:test:   merchantId: [32m'merchant-1'[39m,
@baci/web:test:   offset: [33m0[39m
@baci/web:test: }
@baci/web:test:
@baci/web:test:  [32m✓[39m src/app/api/feed/google-merchant/feed-data.test.ts [2m([22m[2m27 tests[22m[2m)[22m[32m 296[2mms[22m[39m
baci-mobile-admin:test:  [32m✓[39m hooks/useBranches.test.ts [2m([22m[2m6 tests[22m[2m)[22m[32m 163[2mms[22m[39m
@baci/web:test: [90mstderr[2m | src/lib/products-server.test.ts[2m > [22m[2mgetProducts[2m > [22m[2mreturns zero stats when RPC throws an exception
@baci/web:test: [22m[39mError fetching inventory stats: Error: Network failure
@baci/web:test:     at [90m/app/apps/web/[39msrc/lib/products-server.test.ts:1017:38
@baci/web:test:     at [90mfile:///app/apps/web/[39mnode_modules/[4m@vitest/runner[24m/dist/index.js:145:11
@baci/web:test:     at [90mfile:///app/apps/web/[39mnode_modules/[4m@vitest/runner[24m/dist/index.js:915:26
@baci/web:test:     at [90mfile:///app/apps/web/[39mnode_modules/[4m@vitest/runner[24m/dist/index.js:1243:20
@baci/web:test:     at new Promise (<anonymous>)
@baci/web:test:     at runWithTimeout [90m(file:///app/apps/web/[39mnode_modules/[4m@vitest/runner[24m/dist/index.js:1209:10[90m)[39m
@baci/web:test:     at [90mfile:///app/apps/web/[39mnode_modules/[4m@vitest/runner[24m/dist/index.js:1653:37
@baci/web:test:     at Traces.$ [90m(file:///app/apps/web/[39mnode_modules/[4mvitest[24m/dist/chunks/traces.CCmnQaNT.js:142:27[90m)[39m
@baci/web:test:     at trace [90m(file:///app/apps/web/[39mnode_modules/[4mvitest[24m/dist/chunks/test.B8ej_ZHS.js:239:21[90m)[39m
@baci/web:test:     at runTest [90m(file:///app/apps/web/[39mnode_modules/[4m@vitest/runner[24m/dist/index.js:1653:12[90m)[39m
@baci/web:test:
@baci/web:test: [90mstderr[2m | src/lib/products-server.test.ts[2m > [22m[2mgetProducts[2m > [22m[2mthrows when Supabase query returns an error
@baci/web:test: [22m[39mError fetching products: { message: [32m'relation "products" does not exist'[39m, code: [32m'42P01'[39m }
@baci/web:test:
@baci/web:test:  [32m✓[39m src/lib/products-server.test.ts [2m([22m[2m46 tests[22m[2m)[22m[32m 225[2mms[22m[39m
baci-mobile-admin:test: [90mstderr[2m | hooks/useStaffScreenActions.test.ts[2m > [22m[2museStaffScreenActions[2m > [22m[2mshows an alert when the share sheet cannot be opened
baci-mobile-admin:test: [22m[39mFailed to open share sheet: Error: Share unavailable
baci-mobile-admin:test:     at [90m/app/apps/mobile-admin/[39mhooks/useStaffScreenActions.test.ts:141:39
baci-mobile-admin:test:     at file:///app/node_modules/[4m@vitest/runner[24m/dist/chunk-artifact.js:302:11
baci-mobile-admin:test:     at file:///app/node_modules/[4m@vitest/runner[24m/dist/chunk-artifact.js:1903:26
baci-mobile-admin:test:     at file:///app/node_modules/[4m@vitest/runner[24m/dist/chunk-artifact.js:2326:20
baci-mobile-admin:test:     at new Promise (<anonymous>)
baci-mobile-admin:test:     at runWithCancel (file:///app/node_modules/[4m@vitest/runner[24m/dist/chunk-artifact.js:2323:10)
baci-mobile-admin:test:     at file:///app/node_modules/[4m@vitest/runner[24m/dist/chunk-artifact.js:2305:20
baci-mobile-admin:test:     at new Promise (<anonymous>)
baci-mobile-admin:test:     at runWithTimeout (file:///app/node_modules/[4m@vitest/runner[24m/dist/chunk-artifact.js:2272:10)
baci-mobile-admin:test:     at file:///app/node_modules/[4m@vitest/runner[24m/dist/chunk-artifact.js:2955:64
baci-mobile-admin:test:
baci-mobile-admin:test:  [32m✓[39m hooks/useStaffScreenActions.test.ts [2m([22m[2m7 tests[22m[2m)[22m[32m 151[2mms[22m[39m
baci-mobile-admin:test:  [32m✓[39m components/orders/NewOrderCustomerSearchView.test.tsx [2m([22m[2m6 tests[22m[2m)[22m[33m 974[2mms[22m[39m
baci-mobile-admin:test:      [33m[2m✓[22m[39m shows the empty state and forwards search/create interactions [33m 674[2mms[22m[39m
@baci/web:test:  [32m✓[39m src/app/(storefront)/[slug]/(catalog)/(listing)/[category]/page.test.tsx [2m([22m[2m14 tests[22m[2m)[22m[33m 1210[2mms[22m[39m
@baci/web:test:      [33m[2m✓[22m[39m renders the catalog skeleton while category content is suspended [33m 703[2mms[22m[39m
baci-mobile-admin:test:  [32m✓[39m app/(admin)/product/[id].test.tsx [2m([22m[2m2 tests[22m[2m)[22m[33m 439[2mms[22m[39m
baci-mobile-admin:test:      [33m[2m✓[22m[39m hides the color field in basic information when the loaded product uses variants [33m 311[2mms[22m[39m
@baci/web:test:  [32m✓[39m src/lib/kuda.test.ts [2m([22m[2m36 tests[22m[2m)[22m[33m 1329[2mms[22m[39m
baci-mobile-admin:test: [90mstderr[2m | hooks/usePayoutAccountVerification.test.tsx[2m > [22m[2musePayoutAccountVerification[2m > [22m[2mreturns isVerifying=true while debounce is pending (no timers advanced)
baci-mobile-admin:test: [22m[39mQuery data cannot be undefined. Please make sure to return a value other than undefined from your query function. Affected query key: ["account-resolve","0141691337","058"]
baci-mobile-admin:test:
@baci/mobile-storefront:test: PASS components/utilities/DataForm.test.tsx (9.911 s)
@baci/mobile-storefront:test:   ● Console
@baci/mobile-storefront:test:
@baci/mobile-storefront:test:     console.warn
@baci/mobile-storefront:test:       [Supabase] SUPABASE_URL is not configured. Set EXPO_PUBLIC_SUPABASE_URL or configure extra.supabaseUrl in app.json.
@baci/mobile-storefront:test:
@baci/mobile-storefront:test:       46 | // Runtime warning when Supabase credentials are missing
@baci/mobile-storefront:test:       47 | if (!supabaseUrl) {
@baci/mobile-storefront:test:     > 48 |   console.warn(
@baci/mobile-storefront:test:          |           ^
@baci/mobile-storefront:test:       49 |     '[Supabase] SUPABASE_URL is not configured. Set EXPO_PUBLIC_SUPABASE_URL or configure extra.supabaseUrl in app.json.'
@baci/mobile-storefront:test:       50 |   );
@baci/mobile-storefront:test:       51 | }
@baci/mobile-storefront:test:
@baci/mobile-storefront:test:       at Object.warn (lib/supabase.ts:48:11)
@baci/mobile-storefront:test:       at Object.require (lib/vtu-checkout.ts:10:1)
@baci/mobile-storefront:test:       at requireActual (components/utilities/DataForm.test.tsx:112:10)
@baci/mobile-storefront:test:       at Object.require (components/utilities/DataForm.test.tsx:12:1)
@baci/mobile-storefront:test:
@baci/mobile-storefront:test:     console.warn
@baci/mobile-storefront:test:       [Supabase] SUPABASE_ANON_KEY is not configured. Set EXPO_PUBLIC_SUPABASE_ANON_KEY or configure extra.supabaseAnonKey in app.json.
@baci/mobile-storefront:test:
@baci/mobile-storefront:test:       51 | }
@baci/mobile-storefront:test:       52 | if (!supabaseAnonKey) {
@baci/mobile-storefront:test:     > 53 |   console.warn(
@baci/mobile-storefront:test:          |           ^
@baci/mobile-storefront:test:       54 |     '[Supabase] SUPABASE_ANON_KEY is not configured. Set EXPO_PUBLIC_SUPABASE_ANON_KEY or configure extra.supabaseAnonKey in app.json.'
@baci/mobile-storefront:test:       55 |   );
@baci/mobile-storefront:test:       56 | }
@baci/mobile-storefront:test:
@baci/mobile-storefront:test:       at Object.warn (lib/supabase.ts:53:11)
@baci/mobile-storefront:test:       at Object.require (lib/vtu-checkout.ts:10:1)
@baci/mobile-storefront:test:       at requireActual (components/utilities/DataForm.test.tsx:112:10)
@baci/mobile-storefront:test:       at Object.require (components/utilities/DataForm.test.tsx:12:1)
@baci/mobile-storefront:test:
baci-mobile-admin:test:  [32m✓[39m hooks/usePayoutAccountVerification.test.tsx [2m([22m[2m10 tests[22m[2m)[22m[33m 312[2mms[22m[39m
@baci/web:test:  [32m✓[39m src/app/dashboard/agentic/data.test.ts [2m([22m[2m20 tests[22m[2m)[22m[33m 1185[2mms[22m[39m
@baci/web:test:      [33m[2m✓[22m[39m loads action, slim trust, and crawler center data for published merchants [33m 653[2mms[22m[39m
baci-mobile-admin:test:  [32m✓[39m components/staff/StaffAccountModal.test.tsx [2m([22m[2m5 tests[22m[2m)[22m[33m 1093[2mms[22m[39m
baci-mobile-admin:test:      [33m[2m✓[22m[39m renders the account input and close control when optional data is absent [33m 644[2mms[22m[39m
baci-mobile-admin:test:  [32m✓[39m components/staff/InviteStaffSheet.test.tsx [2m([22m[2m6 tests[22m[2m)[22m[33m 1310[2mms[22m[39m
baci-mobile-admin:test:      [33m[2m✓[22m[39m forwards field edits, toggle, and submit actions [33m 819[2mms[22m[39m
baci-mobile-admin:test:  [32m✓[39m hooks/useUpdateTransactionCostPrice.test.ts [2m([22m[2m10 tests[22m[2m)[22m[32m 285[2mms[22m[39m
@baci/mobile-storefront:test: PASS components/checkout/PaymentMethodSelector.test.tsx
@baci/mobile-storefront:test:   ● Console
@baci/mobile-storefront:test:
@baci/mobile-storefront:test:     console.log
@baci/mobile-storefront:test:       [DEBUG] [16:51:31.270] [Storage] Initializing with keys: [
@baci/mobile-storefront:test:         'cart-storage',
@baci/mobile-storefront:test:         'saved-storage',
@baci/mobile-storefront:test:         'comparison-storage',
@baci/mobile-storefront:test:         'search_history'
@baci/mobile-storefront:test:       ]
@baci/mobile-storefront:test:
@baci/mobile-storefront:test:       at Object.log [as debug] (lib/logger.ts:73:15)
@baci/mobile-storefront:test:
@baci/mobile-storefront:test:     console.log
@baci/mobile-storefront:test:       [DEBUG] [16:51:31.297] [Storage] Initialization complete
@baci/mobile-storefront:test:
@baci/mobile-storefront:test:       at Object.log [as debug] (lib/logger.ts:73:15)
@baci/mobile-storefront:test:
baci-mobile-admin:test:  [32m✓[39m hooks/orders/useOrderDetails.test.ts [2m([22m[2m5 tests[22m[2m)[22m[32m 38[2mms[22m[39m
@baci/web:test: [90mstderr[2m | src/components/blog/renderer/BlogContentRenderer.test.tsx[2m > [22m[2mBlogContentRenderer[2m > [22m[2mlegacy HTML fallback[2m > [22m[2mpasses the raw HTML string to SafeHtml when JSON.parse throws
@baci/web:test: [22m[39mRenderer failed: SyntaxError: Unexpected token '<', "<p>Legacy "... is not valid JSON
@baci/web:test:     at JSON.parse (<anonymous>)
@baci/web:test:     at BlogContentRenderer [90m(/app/apps/web/[39msrc/components/blog/renderer/BlogContentRenderer.tsx:376:49[90m)[39m
@baci/web:test:     at Object.react_stack_bottom_frame (/app/node_modules/[4mreact-dom[24m/cjs/react-dom-client.development.js:25904:20)
@baci/web:test:     at renderWithHooks (/app/node_modules/[4mreact-dom[24m/cjs/react-dom-client.development.js:7662:22)
@baci/web:test:     at updateFunctionComponent (/app/node_modules/[4mreact-dom[24m/cjs/react-dom-client.development.js:10166:19)
@baci/web:test:     at beginWork (/app/node_modules/[4mreact-dom[24m/cjs/react-dom-client.development.js:11778:18)
@baci/web:test:     at runWithFiberInDEV (/app/node_modules/[4mreact-dom[24m/cjs/react-dom-client.development.js:874:13)
@baci/web:test:     at performUnitOfWork (/app/node_modules/[4mreact-dom[24m/cjs/react-dom-client.development.js:17641:22)
@baci/web:test:     at workLoopSync (/app/node_modules/[4mreact-dom[24m/cjs/react-dom-client.development.js:17469:41)
@baci/web:test:     at renderRootSync (/app/node_modules/[4mreact-dom[24m/cjs/react-dom-client.development.js:17450:11)
@baci/web:test:
@baci/web:test: [90mstderr[2m | src/components/blog/renderer/BlogContentRenderer.test.tsx[2m > [22m[2mBlogContentRenderer[2m > [22m[2medge cases[2m > [22m[2mdoes not throw on deeply nested paragraphs
@baci/web:test: [22m[39mIn HTML, <p> cannot be a descendant of <p>.
@baci/web:test: This will cause a hydration error.
@baci/web:test:
@baci/web:test:   ...
@baci/web:test:     <NodeRenderer basePath={undefined} baseUrl={undefined} merchantSlug={undefined} node={{type:"para...", ...}} ...>
@baci/web:test:       <p className="leading-re...">
@baci/web:test:         <NodeRenderer basePath={undefined} baseUrl={undefined} merchantSlug={undefined} node={{type:"para...", ...}} ...>
@baci/web:test:           <p className="leading-re...">
@baci/web:test:             <NodeRenderer basePath={undefined} baseUrl={undefined} merchantSlug={undefined} node={{type:"para...", ...}} ...>
@baci/web:test:               <p className="leading-re...">
@baci/web:test:                 <NodeRenderer basePath={undefined} baseUrl={undefined} merchantSlug={undefined} ...>
@baci/web:test:                   <p className="leading-re...">
@baci/web:test:                     <NodeRenderer basePath={undefined} baseUrl={undefined} merchantSlug={undefined} ...>
@baci/web:test:                       <p className="leading-re...">
@baci/web:test:                         <NodeRenderer basePath={undefined} baseUrl={undefined} merchantSlug={undefined} ...>
@baci/web:test:                           <p className="leading-re...">
@baci/web:test:                             <NodeRenderer basePath={undefined} baseUrl={undefined} merchantSlug={undefined} ...>
@baci/web:test:                               <p className="leading-re...">
@baci/web:test:                                 <NodeRenderer basePath={undefined} baseUrl={undefined} merchantSlug={undefined} ...>
@baci/web:test: >                                 <p className="leading-relaxed">
@baci/web:test:                                     <NodeRenderer basePath={undefined} baseUrl={undefined} merchantSlug={undefined} ...>
@baci/web:test: >                                     <p className="leading-relaxed">
@baci/web:test:
@baci/web:test: <p> cannot contain a nested <p>.
@baci/web:test: See this log for the ancestor stack trace.
@baci/web:test:
@baci/web:test:  [32m✓[39m src/components/blog/renderer/BlogContentRenderer.test.tsx [2m([22m[2m54 tests[22m[2m)[22m[33m 1306[2mms[22m[39m
@baci/web:test:        [33m[2m✓[22m[39m renders a self-link anchor next to the heading [33m 342[2mms[22m[39m
baci-mobile-admin:test:  [32m✓[39m components/orders/NewOrderSummarySection.test.tsx [2m([22m[2m8 tests[22m[2m)[22m[33m 948[2mms[22m[39m
baci-mobile-admin:test:      [33m[2m✓[22m[39m includes the formatted amount in each editable row accessibility label [33m 485[2mms[22m[39m
@baci/web:test:  [32m✓[39m src/lib/jumia/client.test.ts [2m([22m[2m32 tests[22m[2m)[22m[33m 2927[2mms[22m[39m
@baci/web:test:        [33m[2m✓[22m[39m auto-retries on 401 with refreshed token [33m 596[2mms[22m[39m
@baci/web:test:        [33m[2m✓[22m[39m throttles rapid sequential requests to respect 4 req/sec limit [33m 542[2mms[22m[39m
@baci/web:test:        [33m[2m✓[22m[39m serializes concurrent requests through the throttle gate [33m 543[2mms[22m[39m
@baci/web:test:        [33m[2m✓[22m[39m serializes requests across client instances for the same merchant [33m 539[2mms[22m[39m
@baci/web:test:        [33m[2m✓[22m[39m applies throttling to the retried request after a 401 [33m 548[2mms[22m[39m
@baci/web:test:  [32m✓[39m src/app/api/chat/route.test.ts [2m([22m[2m29 tests[22m[2m)[22m[32m 145[2mms[22m[39m
baci-mobile-admin:test:  [32m✓[39m hooks/createOrderDetailsPaymentActions.test.ts [2m([22m[2m6 tests[22m[2m)[22m[32m 27[2mms[22m[39m
baci-mobile-admin:test:  [32m✓[39m components/branches/BranchEditModal.test.tsx [2m([22m[2m8 tests[22m[2m)[22m[33m 1438[2mms[22m[39m
baci-mobile-admin:test:      [33m[2m✓[22m[39m edits branch fields and submits changes [33m 779[2mms[22m[39m
@baci/web:test: [90mstderr[2m | src/hooks/use-notifications.test.ts[2m > [22m[2museNotifications[2m > [22m[2mFetching notifications[2m > [22m[2mfetches active banners when merchant is available
@baci/web:test: [22m[39mAn update to TestComponent inside a test was not wrapped in act(...).
@baci/web:test:
@baci/web:test: When testing, code that causes React state updates should be wrapped into act(...):
@baci/web:test:
@baci/web:test: act(() => {
@baci/web:test:   /* fire events that update state */
@baci/web:test: });
@baci/web:test: /* assert on the output */
@baci/web:test:
@baci/web:test: This ensures that you're testing the behavior the user would see in the browser. Learn more at https://react.dev/link/wrap-tests-with-act
@baci/web:test: An update to TestComponent inside a test was not wrapped in act(...).
@baci/web:test:
@baci/web:test: When testing, code that causes React state updates should be wrapped into act(...):
@baci/web:test:
@baci/web:test: act(() => {
@baci/web:test:   /* fire events that update state */
@baci/web:test: });
@baci/web:test: /* assert on the output */
@baci/web:test:
@baci/web:test: This ensures that you're testing the behavior the user would see in the browser. Learn more at https://react.dev/link/wrap-tests-with-act
@baci/web:test:
@baci/web:test: [90mstderr[2m | src/hooks/use-notifications.test.ts[2m > [22m[2museNotifications[2m > [22m[2mFetching notifications[2m > [22m[2mfetches active banners when merchant is available
@baci/web:test: [22m[39mAn update to TestComponent inside a test was not wrapped in act(...).
@baci/web:test:
@baci/web:test: When testing, code that causes React state updates should be wrapped into act(...):
@baci/web:test:
@baci/web:test: act(() => {
@baci/web:test:   /* fire events that update state */
@baci/web:test: });
@baci/web:test: /* assert on the output */
@baci/web:test:
@baci/web:test: This ensures that you're testing the behavior the user would see in the browser. Learn more at https://react.dev/link/wrap-tests-with-act
@baci/web:test: An update to TestComponent inside a test was not wrapped in act(...).
@baci/web:test:
@baci/web:test: When testing, code that causes React state updates should be wrapped into act(...):
@baci/web:test:
@baci/web:test: act(() => {
@baci/web:test:   /* fire events that update state */
@baci/web:test: });
@baci/web:test: /* assert on the output */
@baci/web:test:
@baci/web:test: This ensures that you're testing the behavior the user would see in the browser. Learn more at https://react.dev/link/wrap-tests-with-act
@baci/web:test: An update to TestComponent inside a test was not wrapped in act(...).
@baci/web:test:
@baci/web:test: When testing, code that causes React state updates should be wrapped into act(...):
@baci/web:test:
@baci/web:test: act(() => {
@baci/web:test:   /* fire events that update state */
@baci/web:test: });
@baci/web:test: /* assert on the output */
@baci/web:test:
@baci/web:test: This ensures that you're testing the behavior the user would see in the browser. Learn more at https://react.dev/link/wrap-tests-with-act
@baci/web:test: An update to TestComponent inside a test was not wrapped in act(...).
@baci/web:test:
@baci/web:test: When testing, code that causes React state updates should be wrapped into act(...):
@baci/web:test:
@baci/web:test: act(() => {
@baci/web:test:   /* fire events that update state */
@baci/web:test: });
@baci/web:test: /* assert on the output */
@baci/web:test:
@baci/web:test: This ensures that you're testing the behavior the user would see in the browser. Learn more at https://react.dev/link/wrap-tests-with-act
@baci/web:test: An update to TestComponent inside a test was not wrapped in act(...).
@baci/web:test:
@baci/web:test: When testing, code that causes React state updates should be wrapped into act(...):
@baci/web:test:
@baci/web:test: act(() => {
@baci/web:test:   /* fire events that update state */
@baci/web:test: });
@baci/web:test: /* assert on the output */
@baci/web:test:
@baci/web:test: This ensures that you're testing the behavior the user would see in the browser. Learn more at https://react.dev/link/wrap-tests-with-act
@baci/web:test: An update to TestComponent inside a test was not wrapped in act(...).
@baci/web:test:
@baci/web:test: When testing, code that causes React state updates should be wrapped into act(...):
@baci/web:test:
@baci/web:test: act(() => {
@baci/web:test:   /* fire events that update state */
@baci/web:test: });
@baci/web:test: /* assert on the output */
@baci/web:test:
@baci/web:test: This ensures that you're testing the behavior the user would see in the browser. Learn more at https://react.dev/link/wrap-tests-with-act
@baci/web:test:
@baci/web:test: [90mstderr[2m | src/hooks/use-notifications.test.ts[2m > [22m[2museNotifications[2m > [22m[2mFetching notifications[2m > [22m[2mfetches active banners when merchant is available
@baci/web:test: [22m[39mAn update to TestComponent inside a test was not wrapped in act(...).
@baci/web:test:
@baci/web:test: When testing, code that causes React state updates should be wrapped into act(...):
@baci/web:test:
@baci/web:test: act(() => {
@baci/web:test:   /* fire events that update state */
@baci/web:test: });
@baci/web:test: /* assert on the output */
@baci/web:test:
@baci/web:test: This ensures that you're testing the behavior the user would see in the browser. Learn more at https://react.dev/link/wrap-tests-with-act
@baci/web:test:
@baci/web:test: [90mstderr[2m | src/hooks/use-notifications.test.ts[2m > [22m[2museNotifications[2m > [22m[2mFetching notifications[2m > [22m[2mhandles fetch errors gracefully without throwing
@baci/web:test: [22m[39mError fetching notifications: Error: Network error
@baci/web:test:     at [90m/app/apps/web/[39msrc/hooks/use-notifications.test.ts:236:25
@baci/web:test:     at [90mfile:///app/apps/web/[39mnode_modules/[4m@vitest/runner[24m/dist/index.js:145:11
@baci/web:test:     at [90mfile:///app/apps/web/[39mnode_modules/[4m@vitest/runner[24m/dist/index.js:915:26
@baci/web:test:     at [90mfile:///app/apps/web/[39mnode_modules/[4m@vitest/runner[24m/dist/index.js:1243:20
@baci/web:test:     at new Promise (<anonymous>)
@baci/web:test:     at runWithTimeout [90m(file:///app/apps/web/[39mnode_modules/[4m@vitest/runner[24m/dist/index.js:1209:10[90m)[39m
@baci/web:test:     at [90mfile:///app/apps/web/[39mnode_modules/[4m@vitest/runner[24m/dist/index.js:1653:37
@baci/web:test:     at Traces.$ [90m(file:///app/apps/web/[39mnode_modules/[4mvitest[24m/dist/chunks/traces.CCmnQaNT.js:142:27[90m)[39m
@baci/web:test:     at trace [90m(file:///app/apps/web/[39mnode_modules/[4mvitest[24m/dist/chunks/test.B8ej_ZHS.js:239:21[90m)[39m
@baci/web:test:     at runTest [90m(file:///app/apps/web/[39mnode_modules/[4m@vitest/runner[24m/dist/index.js:1653:12[90m)[39m
@baci/web:test:
@baci/web:test: [90mstderr[2m | src/hooks/use-notifications.test.ts[2m > [22m[2museNotifications[2m > [22m[2mFetching notifications[2m > [22m[2msupports cursor-based pagination with loadMore
@baci/web:test: [22m[39mAn update to TestComponent inside a test was not wrapped in act(...).
@baci/web:test:
@baci/web:test: When testing, code that causes React state updates should be wrapped into act(...):
@baci/web:test:
@baci/web:test: act(() => {
@baci/web:test:   /* fire events that update state */
@baci/web:test: });
@baci/web:test: /* assert on the output */
@baci/web:test:
@baci/web:test: This ensures that you're testing the behavior the user would see in the browser. Learn more at https://react.dev/link/wrap-tests-with-act
@baci/web:test: An update to TestComponent inside a test was not wrapped in act(...).
@baci/web:test:
@baci/web:test: When testing, code that causes React state updates should be wrapped into act(...):
@baci/web:test:
@baci/web:test: act(() => {
@baci/web:test:   /* fire events that update state */
@baci/web:test: });
@baci/web:test: /* assert on the output */
@baci/web:test:
@baci/web:test: This ensures that you're testing the behavior the user would see in the browser. Learn more at https://react.dev/link/wrap-tests-with-act
@baci/web:test: An update to TestComponent inside a test was not wrapped in act(...).
@baci/web:test:
@baci/web:test: When testing, code that causes React state updates should be wrapped into act(...):
@baci/web:test:
@baci/web:test: act(() => {
@baci/web:test:   /* fire events that update state */
@baci/web:test: });
@baci/web:test: /* assert on the output */
@baci/web:test:
@baci/web:test: This ensures that you're testing the behavior the user would see in the browser. Learn more at https://react.dev/link/wrap-tests-with-act
@baci/web:test: An update to TestComponent inside a test was not wrapped in act(...).
@baci/web:test:
@baci/web:test: When testing, code that causes React state updates should be wrapped into act(...):
@baci/web:test:
@baci/web:test: act(() => {
@baci/web:test:   /* fire events that update state */
@baci/web:test: });
@baci/web:test: /* assert on the output */
@baci/web:test:
@baci/web:test: This ensures that you're testing the behavior the user would see in the browser. Learn more at https://react.dev/link/wrap-tests-with-act
@baci/web:test: An update to TestComponent inside a test was not wrapped in act(...).
@baci/web:test:
@baci/web:test: When testing, code that causes React state updates should be wrapped into act(...):
@baci/web:test:
@baci/web:test: act(() => {
@baci/web:test:   /* fire events that update state */
@baci/web:test: });
@baci/web:test: /* assert on the output */
@baci/web:test:
@baci/web:test: This ensures that you're testing the behavior the user would see in the browser. Learn more at https://react.dev/link/wrap-tests-with-act
@baci/web:test: An update to TestComponent inside a test was not wrapped in act(...).
@baci/web:test:
@baci/web:test: When testing, code that causes React state updates should be wrapped into act(...):
@baci/web:test:
@baci/web:test: act(() => {
@baci/web:test:   /* fire events that update state */
@baci/web:test: });
@baci/web:test: /* assert on the output */
@baci/web:test:
@baci/web:test: This ensures that you're testing the behavior the user would see in the browser. Learn more at https://react.dev/link/wrap-tests-with-act
@baci/web:test:
baci-mobile-admin:test:  [32m✓[39m __tests__/admin/customer-edit.test.tsx [2m([22m[2m4 tests[22m[2m)[22m[33m 940[2mms[22m[39m
baci-mobile-admin:test:      [33m[2m✓[22m[39m renders the edit form inside the shared form shell [33m 757[2mms[22m[39m
@baci/web:test: [90mstderr[2m | src/hooks/use-notifications.test.ts[2m > [22m[2museNotifications[2m > [22m[2mActions[2m > [22m[2mmarkAsRead[2m > [22m[2mmarks notification as read and updates local state
@baci/web:test: [22m[39mAn update to TestComponent inside a test was not wrapped in act(...).
@baci/web:test:
@baci/web:test: When testing, code that causes React state updates should be wrapped into act(...):
@baci/web:test:
@baci/web:test: act(() => {
@baci/web:test:   /* fire events that update state */
@baci/web:test: });
@baci/web:test: /* assert on the output */
@baci/web:test:
@baci/web:test: This ensures that you're testing the behavior the user would see in the browser. Learn more at https://react.dev/link/wrap-tests-with-act
@baci/web:test: An update to TestComponent inside a test was not wrapped in act(...).
@baci/web:test:
@baci/web:test: When testing, code that causes React state updates should be wrapped into act(...):
@baci/web:test:
@baci/web:test: act(() => {
@baci/web:test:   /* fire events that update state */
@baci/web:test: });
@baci/web:test: /* assert on the output */
@baci/web:test:
@baci/web:test: This ensures that you're testing the behavior the user would see in the browser. Learn more at https://react.dev/link/wrap-tests-with-act
@baci/web:test:
@baci/web:test: [90mstderr[2m | src/hooks/use-notifications.test.ts[2m > [22m[2museNotifications[2m > [22m[2mActions[2m > [22m[2mmarkAsRead[2m > [22m[2mthrows error when mark as read fails
@baci/web:test: [22m[39mError fetching notifications: TypeError: response.json is not a function
@baci/web:test:     at fetchNotifications [90m(/app/apps/web/[39msrc/hooks/use-notifications.ts:87:42[90m)[39m
@baci/web:test: An update to TestComponent inside a test was not wrapped in act(...).
@baci/web:test:
@baci/web:test: When testing, code that causes React state updates should be wrapped into act(...):
@baci/web:test:
@baci/web:test: act(() => {
@baci/web:test:   /* fire events that update state */
@baci/web:test: });
@baci/web:test: /* assert on the output */
@baci/web:test:
@baci/web:test: This ensures that you're testing the behavior the user would see in the browser. Learn more at https://react.dev/link/wrap-tests-with-act
@baci/web:test: An update to TestComponent inside a test was not wrapped in act(...).
@baci/web:test:
@baci/web:test: When testing, code that causes React state updates should be wrapped into act(...):
@baci/web:test:
@baci/web:test: act(() => {
@baci/web:test:   /* fire events that update state */
@baci/web:test: });
@baci/web:test: /* assert on the output */
@baci/web:test:
@baci/web:test: This ensures that you're testing the behavior the user would see in the browser. Learn more at https://react.dev/link/wrap-tests-with-act
@baci/web:test: An update to TestComponent inside a test was not wrapped in act(...).
@baci/web:test:
@baci/web:test: When testing, code that causes React state updates should be wrapped into act(...):
@baci/web:test:
@baci/web:test: act(() => {
@baci/web:test:   /* fire events that update state */
@baci/web:test: });
@baci/web:test: /* assert on the output */
@baci/web:test:
@baci/web:test: This ensures that you're testing the behavior the user would see in the browser. Learn more at https://react.dev/link/wrap-tests-with-act
@baci/web:test: Error marking notification as read: Error: Failed to mark as read
@baci/web:test:     at Object.markAsRead [90m(/app/apps/web/[39msrc/hooks/use-notifications.ts:249:15[90m)[39m
@baci/web:test:
@baci/web:test: [90mstderr[2m | src/hooks/use-notifications.test.ts[2m > [22m[2museNotifications[2m > [22m[2mActions[2m > [22m[2mmarkAllAsRead[2m > [22m[2mcalls bulk mark-all endpoint and updates local unread state
@baci/web:test: [22m[39mAn update to TestComponent inside a test was not wrapped in act(...).
@baci/web:test:
@baci/web:test: When testing, code that causes React state updates should be wrapped into act(...):
@baci/web:test:
@baci/web:test: act(() => {
@baci/web:test:   /* fire events that update state */
@baci/web:test: });
@baci/web:test: /* assert on the output */
@baci/web:test:
@baci/web:test: This ensures that you're testing the behavior the user would see in the browser. Learn more at https://react.dev/link/wrap-tests-with-act
@baci/web:test: An update to TestComponent inside a test was not wrapped in act(...).
@baci/web:test:
@baci/web:test: When testing, code that causes React state updates should be wrapped into act(...):
@baci/web:test:
@baci/web:test: act(() => {
@baci/web:test:   /* fire events that update state */
@baci/web:test: });
@baci/web:test: /* assert on the output */
@baci/web:test:
@baci/web:test: This ensures that you're testing the behavior the user would see in the browser. Learn more at https://react.dev/link/wrap-tests-with-act
@baci/web:test:
@baci/web:test: [90mstderr[2m | src/hooks/use-notifications.test.ts[2m > [22m[2museNotifications[2m > [22m[2mActions[2m > [22m[2mmarkAllAsRead[2m > [22m[2mthrows when bulk mark-all endpoint fails
@baci/web:test: [22m[39mError marking all as read: Error: Failed to mark all as read
@baci/web:test:     at Object.markAllAsRead [90m(/app/apps/web/[39msrc/hooks/use-notifications.ts:282:15[90m)[39m
@baci/web:test:
@baci/web:test: [90mstderr[2m | src/hooks/use-notifications.test.ts[2m > [22m[2museNotifications[2m > [22m[2mActions[2m > [22m[2mdismiss[2m > [22m[2mdismisses notification and removes from local state
@baci/web:test: [22m[39mAn update to TestComponent inside a test was not wrapped in act(...).
@baci/web:test:
@baci/web:test: When testing, code that causes React state updates should be wrapped into act(...):
@baci/web:test:
@baci/web:test: act(() => {
@baci/web:test:   /* fire events that update state */
@baci/web:test: });
@baci/web:test: /* assert on the output */
@baci/web:test:
@baci/web:test: This ensures that you're testing the behavior the user would see in the browser. Learn more at https://react.dev/link/wrap-tests-with-act
@baci/web:test: An update to TestComponent inside a test was not wrapped in act(...).
@baci/web:test:
@baci/web:test: When testing, code that causes React state updates should be wrapped into act(...):
@baci/web:test:
@baci/web:test: act(() => {
@baci/web:test:   /* fire events that update state */
@baci/web:test: });
@baci/web:test: /* assert on the output */
@baci/web:test:
@baci/web:test: This ensures that you're testing the behavior the user would see in the browser. Learn more at https://react.dev/link/wrap-tests-with-act
@baci/web:test:
@baci/web:test: [90mstderr[2m | src/hooks/use-notifications.test.ts[2m > [22m[2museNotifications[2m > [22m[2mActions[2m > [22m[2mdismiss[2m > [22m[2mthrows error when dismiss fails
@baci/web:test: [22m[39mError fetching notifications: TypeError: response.json is not a function
@baci/web:test:     at fetchNotifications [90m(/app/apps/web/[39msrc/hooks/use-notifications.ts:87:42[90m)[39m
@baci/web:test: An update to TestComponent inside a test was not wrapped in act(...).
@baci/web:test:
@baci/web:test: When testing, code that causes React state updates should be wrapped into act(...):
@baci/web:test:
@baci/web:test: act(() => {
@baci/web:test:   /* fire events that update state */
@baci/web:test: });
@baci/web:test: /* assert on the output */
@baci/web:test:
@baci/web:test: This ensures that you're testing the behavior the user would see in the browser. Learn more at https://react.dev/link/wrap-tests-with-act
@baci/web:test: An update to TestComponent inside a test was not wrapped in act(...).
@baci/web:test:
@baci/web:test: When testing, code that causes React state updates should be wrapped into act(...):
@baci/web:test:
@baci/web:test: act(() => {
@baci/web:test:   /* fire events that update state */
@baci/web:test: });
@baci/web:test: /* assert on the output */
@baci/web:test:
@baci/web:test: This ensures that you're testing the behavior the user would see in the browser. Learn more at https://react.dev/link/wrap-tests-with-act
@baci/web:test: An update to TestComponent inside a test was not wrapped in act(...).
@baci/web:test:
@baci/web:test: When testing, code that causes React state updates should be wrapped into act(...):
@baci/web:test:
@baci/web:test: act(() => {
@baci/web:test:   /* fire events that update state */
@baci/web:test: });
@baci/web:test: /* assert on the output */
@baci/web:test:
@baci/web:test: This ensures that you're testing the behavior the user would see in the browser. Learn more at https://react.dev/link/wrap-tests-with-act
@baci/web:test: Error dismissing notification: Error: Failed to dismiss notification
@baci/web:test:     at Object.dismiss [90m(/app/apps/web/[39msrc/hooks/use-notifications.ts:311:15[90m)[39m
@baci/web:test:
@baci/web:test: [90mstderr[2m | src/hooks/use-notifications.test.ts[2m > [22m[2museNotifications[2m > [22m[2mActions[2m > [22m[2mdismissBanner[2m > [22m[2mdismisses banner and removes from activeBanners
@baci/web:test: [22m[39mAn update to TestComponent inside a test was not wrapped in act(...).
@baci/web:test:
@baci/web:test: When testing, code that causes React state updates should be wrapped into act(...):
@baci/web:test:
@baci/web:test: act(() => {
@baci/web:test:   /* fire events that update state */
@baci/web:test: });
@baci/web:test: /* assert on the output */
@baci/web:test:
@baci/web:test: This ensures that you're testing the behavior the user would see in the browser. Learn more at https://react.dev/link/wrap-tests-with-act
@baci/web:test:
@baci/web:test: [90mstderr[2m | src/hooks/use-notifications.test.ts[2m > [22m[2museNotifications[2m > [22m[2mActions[2m > [22m[2mdismissBanner[2m > [22m[2mthrows error when dismissBanner fails
@baci/web:test: [22m[39mError fetching notifications: TypeError: response.json is not a function
@baci/web:test:     at fetchNotifications [90m(/app/apps/web/[39msrc/hooks/use-notifications.ts:87:42[90m)[39m
@baci/web:test: An update to TestComponent inside a test was not wrapped in act(...).
@baci/web:test:
@baci/web:test: When testing, code that causes React state updates should be wrapped into act(...):
@baci/web:test:
@baci/web:test: act(() => {
@baci/web:test:   /* fire events that update state */
@baci/web:test: });
@baci/web:test: /* assert on the output */
@baci/web:test:
@baci/web:test: This ensures that you're testing the behavior the user would see in the browser. Learn more at https://react.dev/link/wrap-tests-with-act
@baci/web:test: An update to TestComponent inside a test was not wrapped in act(...).
@baci/web:test:
@baci/web:test: When testing, code that causes React state updates should be wrapped into act(...):
@baci/web:test:
@baci/web:test: act(() => {
@baci/web:test:   /* fire events that update state */
@baci/web:test: });
@baci/web:test: /* assert on the output */
@baci/web:test:
@baci/web:test: This ensures that you're testing the behavior the user would see in the browser. Learn more at https://react.dev/link/wrap-tests-with-act
@baci/web:test: An update to TestComponent inside a test was not wrapped in act(...).
@baci/web:test:
@baci/web:test: When testing, code that causes React state updates should be wrapped into act(...):
@baci/web:test:
@baci/web:test: act(() => {
@baci/web:test:   /* fire events that update state */
@baci/web:test: });
@baci/web:test: /* assert on the output */
@baci/web:test:
@baci/web:test: This ensures that you're testing the behavior the user would see in the browser. Learn more at https://react.dev/link/wrap-tests-with-act
@baci/web:test: Error dismissing banner: Error: Failed to dismiss banner
@baci/web:test:     at Object.dismissBanner [90m(/app/apps/web/[39msrc/hooks/use-notifications.ts:337:15[90m)[39m
@baci/web:test:
@baci/web:test: [90mstderr[2m | src/hooks/use-notifications.test.ts[2m > [22m[2museNotifications[2m > [22m[2mActions[2m > [22m[2mrefetch[2m > [22m[2mrefetches notifications and banners
@baci/web:test: [22m[39mAn update to TestComponent inside a test was not wrapped in act(...).
@baci/web:test:
@baci/web:test: When testing, code that causes React state updates should be wrapped into act(...):
@baci/web:test:
@baci/web:test: act(() => {
@baci/web:test:   /* fire events that update state */
@baci/web:test: });
@baci/web:test: /* assert on the output */
@baci/web:test:
@baci/web:test: This ensures that you're testing the behavior the user would see in the browser. Learn more at https://react.dev/link/wrap-tests-with-act
@baci/web:test: An update to TestComponent inside a test was not wrapped in act(...).
@baci/web:test:
@baci/web:test: When testing, code that causes React state updates should be wrapped into act(...):
@baci/web:test:
@baci/web:test: act(() => {
@baci/web:test:   /* fire events that update state */
@baci/web:test: });
@baci/web:test: /* assert on the output */
@baci/web:test:
@baci/web:test: This ensures that you're testing the behavior the user would see in the browser. Learn more at https://react.dev/link/wrap-tests-with-act
@baci/web:test:
@baci/web:test: [90mstderr[2m | src/hooks/use-notifications.test.ts[2m > [22m[2museNotifications[2m > [22m[2mActions[2m > [22m[2mrefetch[2m > [22m[2mrefetches notifications and banners
@baci/web:test: [22m[39mAn update to TestComponent inside a test was not wrapped in act(...).
@baci/web:test:
@baci/web:test: When testing, code that causes React state updates should be wrapped into act(...):
@baci/web:test:
@baci/web:test: act(() => {
@baci/web:test:   /* fire events that update state */
@baci/web:test: });
@baci/web:test: /* assert on the output */
@baci/web:test:
@baci/web:test: This ensures that you're testing the behavior the user would see in the browser. Learn more at https://react.dev/link/wrap-tests-with-act
@baci/web:test: An update to TestComponent inside a test was not wrapped in act(...).
@baci/web:test:
@baci/web:test: When testing, code that causes React state updates should be wrapped into act(...):
@baci/web:test:
@baci/web:test: act(() => {
@baci/web:test:   /* fire events that update state */
@baci/web:test: });
@baci/web:test: /* assert on the output */
@baci/web:test:
@baci/web:test: This ensures that you're testing the behavior the user would see in the browser. Learn more at https://react.dev/link/wrap-tests-with-act
@baci/web:test: An update to TestComponent inside a test was not wrapped in act(...).
@baci/web:test:
@baci/web:test: When testing, code that causes React state updates should be wrapped into act(...):
@baci/web:test:
@baci/web:test: act(() => {
@baci/web:test:   /* fire events that update state */
@baci/web:test: });
@baci/web:test: /* assert on the output */
@baci/web:test:
@baci/web:test: This ensures that you're testing the behavior the user would see in the browser. Learn more at https://react.dev/link/wrap-tests-with-act
@baci/web:test: An update to TestComponent inside a test was not wrapped in act(...).
@baci/web:test:
@baci/web:test: When testing, code that causes React state updates should be wrapped into act(...):
@baci/web:test:
@baci/web:test: act(() => {
@baci/web:test:   /* fire events that update state */
@baci/web:test: });
@baci/web:test: /* assert on the output */
@baci/web:test:
@baci/web:test: This ensures that you're testing the behavior the user would see in the browser. Learn more at https://react.dev/link/wrap-tests-with-act
@baci/web:test: An update to TestComponent inside a test was not wrapped in act(...).
@baci/web:test:
@baci/web:test: When testing, code that causes React state updates should be wrapped into act(...):
@baci/web:test:
@baci/web:test: act(() => {
@baci/web:test:   /* fire events that update state */
@baci/web:test: });
@baci/web:test: /* assert on the output */
@baci/web:test:
@baci/web:test: This ensures that you're testing the behavior the user would see in the browser. Learn more at https://react.dev/link/wrap-tests-with-act
@baci/web:test: An update to TestComponent inside a test was not wrapped in act(...).
@baci/web:test:
@baci/web:test: When testing, code that causes React state updates should be wrapped into act(...):
@baci/web:test:
@baci/web:test: act(() => {
@baci/web:test:   /* fire events that update state */
@baci/web:test: });
@baci/web:test: /* assert on the output */
@baci/web:test:
@baci/web:test: This ensures that you're testing the behavior the user would see in the browser. Learn more at https://react.dev/link/wrap-tests-with-act
@baci/web:test:
@baci/web:test: [90mstderr[2m | src/hooks/use-notifications.test.ts[2m > [22m[2museNotifications[2m > [22m[2mActions[2m > [22m[2mrefetch[2m > [22m[2mrefetches notifications and banners
@baci/web:test: [22m[39mAn update to TestComponent inside a test was not wrapped in act(...).
@baci/web:test:
@baci/web:test: When testing, code that causes React state updates should be wrapped into act(...):
@baci/web:test:
@baci/web:test: act(() => {
@baci/web:test:   /* fire events that update state */
@baci/web:test: });
@baci/web:test: /* assert on the output */
@baci/web:test:
@baci/web:test: This ensures that you're testing the behavior the user would see in the browser. Learn more at https://react.dev/link/wrap-tests-with-act
@baci/web:test:
@baci/web:test: [90mstderr[2m | src/hooks/use-notifications.test.ts[2m > [22m[2museNotifications[2m > [22m[2museNotificationsSafe[2m > [22m[2mreturns hook result when used within provider
@baci/web:test: [22m[39mAn update to TestComponent inside a test was not wrapped in act(...).
@baci/web:test:
@baci/web:test: When testing, code that causes React state updates should be wrapped into act(...):
@baci/web:test:
@baci/web:test: act(() => {
@baci/web:test:   /* fire events that update state */
@baci/web:test: });
@baci/web:test: /* assert on the output */
@baci/web:test:
@baci/web:test: This ensures that you're testing the behavior the user would see in the browser. Learn more at https://react.dev/link/wrap-tests-with-act
@baci/web:test: An update to TestComponent inside a test was not wrapped in act(...).
@baci/web:test:
@baci/web:test: When testing, code that causes React state updates should be wrapped into act(...):
@baci/web:test:
@baci/web:test: act(() => {
@baci/web:test:   /* fire events that update state */
@baci/web:test: });
@baci/web:test: /* assert on the output */
@baci/web:test:
@baci/web:test: This ensures that you're testing the behavior the user would see in the browser. Learn more at https://react.dev/link/wrap-tests-with-act
@baci/web:test: An update to TestComponent inside a test was not wrapped in act(...).
@baci/web:test:
@baci/web:test: When testing, code that causes React state updates should be wrapped into act(...):
@baci/web:test:
@baci/web:test: act(() => {
@baci/web:test:   /* fire events that update state */
@baci/web:test: });
@baci/web:test: /* assert on the output */
@baci/web:test:
@baci/web:test: This ensures that you're testing the behavior the user would see in the browser. Learn more at https://react.dev/link/wrap-tests-with-act
@baci/web:test: An update to TestComponent inside a test was not wrapped in act(...).
@baci/web:test:
@baci/web:test: When testing, code that causes React state updates should be wrapped into act(...):
@baci/web:test:
@baci/web:test: act(() => {
@baci/web:test:   /* fire events that update state */
@baci/web:test: });
@baci/web:test: /* assert on the output */
@baci/web:test:
@baci/web:test: This ensures that you're testing the behavior the user would see in the browser. Learn more at https://react.dev/link/wrap-tests-with-act
@baci/web:test: An update to TestComponent inside a test was not wrapped in act(...).
@baci/web:test:
@baci/web:test: When testing, code that causes React state updates should be wrapped into act(...):
@baci/web:test:
@baci/web:test: act(() => {
@baci/web:test:   /* fire events that update state */
@baci/web:test: });
@baci/web:test: /* assert on the output */
@baci/web:test:
@baci/web:test: This ensures that you're testing the behavior the user would see in the browser. Learn more at https://react.dev/link/wrap-tests-with-act
@baci/web:test: An update to TestComponent inside a test was not wrapped in act(...).
@baci/web:test:
@baci/web:test: When testing, code that causes React state updates should be wrapped into act(...):
@baci/web:test:
@baci/web:test: act(() => {
@baci/web:test:   /* fire events that update state */
@baci/web:test: });
@baci/web:test: /* assert on the output */
@baci/web:test:
@baci/web:test: This ensures that you're testing the behavior the user would see in the browser. Learn more at https://react.dev/link/wrap-tests-with-act
@baci/web:test: An update to TestComponent inside a test was not wrapped in act(...).
@baci/web:test:
@baci/web:test: When testing, code that causes React state updates should be wrapped into act(...):
@baci/web:test:
@baci/web:test: act(() => {
@baci/web:test:   /* fire events that update state */
@baci/web:test: });
@baci/web:test: /* assert on the output */
@baci/web:test:
@baci/web:test: This ensures that you're testing the behavior the user would see in the browser. Learn more at https://react.dev/link/wrap-tests-with-act
@baci/web:test:
@baci/web:test:  [32m✓[39m src/hooks/use-notifications.test.ts [2m([22m[2m25 tests[22m[2m)[22m[33m 1350[2mms[22m[39m
baci-mobile-admin:test:  [32m✓[39m components/orders/OrderDetailsStatusCard.test.tsx [2m([22m[2m3 tests[22m[2m)[22m[33m 337[2mms[22m[39m
baci-mobile-admin:test:  [32m✓[39m hooks/orders/useOrderStatusUpdate.test.ts [2m([22m[2m5 tests[22m[2m)[22m[32m 54[2mms[22m[39m
baci-mobile-admin:test:  [32m✓[39m lib/order-items.test.ts [2m([22m[2m9 tests[22m[2m)[22m[32m 19[2mms[22m[39m
@baci/web:test:  [32m✓[39m src/app/api/orders/order-security.test.ts [2m([22m[2m30 tests[22m[2m)[22m[32m 236[2mms[22m[39m
@baci/web:test:  [32m✓[39m src/app/api/cron/agentic-commerce-health/route.test.ts [2m([22m[2m19 tests[22m[2m)[22m[32m 193[2mms[22m[39m
baci-mobile-admin:test:  [32m✓[39m lib/analytics-period.test.ts [2m([22m[2m12 tests[22m[2m)[22m[32m 55[2mms[22m[39m
baci-mobile-admin:test:  [32m✓[39m hooks/createOrderDetailsStatusActions.test.ts [2m([22m[2m5 tests[22m[2m)[22m[32m 39[2mms[22m[39m
baci-mobile-admin:test:  [32m✓[39m __tests__/admin/analytics/insights.test.tsx [2m([22m[2m7 tests[22m[2m)[22m[33m 743[2mms[22m[39m
baci-mobile-admin:test:      [33m[2m✓[22m[39m renders a loading state [33m 513[2mms[22m[39m
@baci/web:test: [90mstderr[2m | src/app/api/products/[id]/route.test.ts[2m > [22m[2mGET /api/products/[id][2m > [22m[2merror handling[2m > [22m[2mreturns 500 on unexpected error
@baci/web:test: [22m[39mError in GET /api/products/[id]: Error: Unexpected error
@baci/web:test:     at Object.<anonymous> [90m(/app/apps/web/[39msrc/app/api/products/[id]/route.test.ts:130:31[90m)[39m
@baci/web:test:     at Object.Mock [as getUser] [90m(file:///app/apps/web/[39mnode_modules/[4m@vitest/spy[24m/dist/index.js:285:34[90m)[39m
@baci/web:test:     at Module.GET [90m(/app/apps/web/[39msrc/app/api/products/[id]/route.ts:54:29[90m)[39m
@baci/web:test: [90m    at processTicksAndRejections (node:internal/process/task_queues:103:5)[39m
@baci/web:test:     at [90m/app/apps/web/[39msrc/app/api/products/[id]/route.test.ts:457:19
@baci/web:test:     at [90mfile:///app/apps/web/[39mnode_modules/[4m@vitest/runner[24m/dist/index.js:915:20
@baci/web:test:
@baci/web:test: [90mstderr[2m | src/app/api/products/[id]/route.test.ts[2m > [22m[2mPUT /api/products/[id][2m > [22m[2msuccess[2m > [22m[2mdoes not mark a product as migrated when variant sync fails
@baci/web:test: [22m[39mError inserting variants: { message: [32m'insert failed'[39m }
@baci/web:test:
@baci/web:test: [90mstderr[2m | src/app/api/products/[id]/route.test.ts[2m > [22m[2mPUT /api/products/[id][2m > [22m[2msuccess[2m > [22m[2msyncs variants when the variants payload is provided without has_variants
@baci/web:test: [22m[39mError inserting variants: { message: [32m'insert failed'[39m }
@baci/web:test:
@baci/web:test: [90mstderr[2m | src/app/api/products/[id]/route.test.ts[2m > [22m[2mPUT /api/products/[id][2m > [22m[2merror handling[2m > [22m[2mreturns 500 when update fails
@baci/web:test: [22m[39mError updating product: { message: [32m'Update failed'[39m }
@baci/web:test:
@baci/web:test: [90mstderr[2m | src/app/api/products/[id]/route.test.ts[2m > [22m[2mPUT /api/products/[id][2m > [22m[2merror handling[2m > [22m[2mreturns 500 on unexpected error
@baci/web:test: [22m[39mUnexpected error in PUT /api/products/[id]: Error: Unexpected error
@baci/web:test:     at Object.<anonymous> [90m(/app/apps/web/[39msrc/app/api/products/[id]/route.test.ts:130:31[90m)[39m
@baci/web:test:     at Object.Mock [as getUser] [90m(file:///app/apps/web/[39mnode_modules/[4m@vitest/spy[24m/dist/index.js:285:34[90m)[39m
@baci/web:test:     at Module.PUT [90m(/app/apps/web/[39msrc/app/api/products/[id]/route.ts:241:29[90m)[39m
@baci/web:test: [90m    at processTicksAndRejections (node:internal/process/task_queues:103:5)[39m
@baci/web:test:     at [90m/app/apps/web/[39msrc/app/api/products/[id]/route.test.ts:930:19
@baci/web:test:     at [90mfile:///app/apps/web/[39mnode_modules/[4m@vitest/runner[24m/dist/index.js:915:20
@baci/web:test:
@baci/web:test: [90mstderr[2m | src/app/api/products/[id]/route.test.ts[2m > [22m[2mDELETE /api/products/[id][2m > [22m[2merror handling[2m > [22m[2mreturns 500 on unexpected error
@baci/web:test: [22m[39mUnexpected error in DELETE /api/products/[id]: Error: Unexpected error
@baci/web:test:     at Object.<anonymous> [90m(/app/apps/web/[39msrc/app/api/products/[id]/route.test.ts:130:31[90m)[39m
@baci/web:test:     at Object.Mock [as getUser] [90m(file:///app/apps/web/[39mnode_modules/[4m@vitest/spy[24m/dist/index.js:285:34[90m)[39m
@baci/web:test:     at Module.DELETE [90m(/app/apps/web/[39msrc/app/api/products/[id]/route.ts:778:29[90m)[39m
@baci/web:test: [90m    at processTicksAndRejections (node:internal/process/task_queues:103:5)[39m
@baci/web:test:     at [90m/app/apps/web/[39msrc/app/api/products/[id]/route.test.ts:993:19
@baci/web:test:     at [90mfile:///app/apps/web/[39mnode_modules/[4m@vitest/runner[24m/dist/index.js:915:20
@baci/web:test:
@baci/web:test:  [32m✓[39m src/app/api/products/[id]/route.test.ts [2m([22m[2m27 tests[22m[2m)[22m[32m 294[2mms[22m[39m
@baci/web:test: [90mstderr[2m | src/app/api/feed/openai/route.test.ts[2m > [22m[2mGET /api/feed/openai[2m > [22m[2mreturns 404 when merchant is not found
@baci/web:test: [22m[39mOPENAI_FEED_GENERATION_ERROR: _MerchantNotFoundError: Merchant not found: nonexistent
@baci/web:test:     at [90m/app/apps/web/[39msrc/app/api/feed/openai/route.test.ts:204:7
@baci/web:test:     at [90mfile:///app/apps/web/[39mnode_modules/[4m@vitest/runner[24m/dist/index.js:145:11
@baci/web:test:     at [90mfile:///app/apps/web/[39mnode_modules/[4m@vitest/runner[24m/dist/index.js:915:26
@baci/web:test:     at [90mfile:///app/apps/web/[39mnode_modules/[4m@vitest/runner[24m/dist/index.js:1243:20
@baci/web:test:     at new Promise (<anonymous>)
@baci/web:test:     at runWithTimeout [90m(file:///app/apps/web/[39mnode_modules/[4m@vitest/runner[24m/dist/index.js:1209:10[90m)[39m
@baci/web:test:     at [90mfile:///app/apps/web/[39mnode_modules/[4m@vitest/runner[24m/dist/index.js:1653:37
@baci/web:test:     at Traces.$ [90m(file:///app/apps/web/[39mnode_modules/[4mvitest[24m/dist/chunks/traces.CCmnQaNT.js:142:27[90m)[39m
@baci/web:test:     at trace [90m(file:///app/apps/web/[39mnode_modules/[4mvitest[24m/dist/chunks/test.B8ej_ZHS.js:239:21[90m)[39m
@baci/web:test:     at runTest [90m(file:///app/apps/web/[39mnode_modules/[4m@vitest/runner[24m/dist/index.js:1653:12[90m)[39m
@baci/web:test:
@baci/web:test: [90mstderr[2m | src/app/api/feed/openai/route.test.ts[2m > [22m[2mGET /api/feed/openai[2m > [22m[2mreturns 500 when feed data fetch fails
@baci/web:test: [22m[39mOPENAI_FEED_GENERATION_ERROR: Error: Failed to fetch products
@baci/web:test:     at [90m/app/apps/web/[39msrc/app/api/feed/openai/route.test.ts:218:7
@baci/web:test:     at [90mfile:///app/apps/web/[39mnode_modules/[4m@vitest/runner[24m/dist/index.js:145:11
@baci/web:test:     at [90mfile:///app/apps/web/[39mnode_modules/[4m@vitest/runner[24m/dist/index.js:915:26
@baci/web:test:     at [90mfile:///app/apps/web/[39mnode_modules/[4m@vitest/runner[24m/dist/index.js:1243:20
@baci/web:test:     at new Promise (<anonymous>)
@baci/web:test:     at runWithTimeout [90m(file:///app/apps/web/[39mnode_modules/[4m@vitest/runner[24m/dist/index.js:1209:10[90m)[39m
@baci/web:test:     at [90mfile:///app/apps/web/[39mnode_modules/[4m@vitest/runner[24m/dist/index.js:1653:37
@baci/web:test:     at Traces.$ [90m(file:///app/apps/web/[39mnode_modules/[4mvitest[24m/dist/chunks/traces.CCmnQaNT.js:142:27[90m)[39m
@baci/web:test:     at trace [90m(file:///app/apps/web/[39mnode_modules/[4mvitest[24m/dist/chunks/test.B8ej_ZHS.js:239:21[90m)[39m
@baci/web:test:     at runTest [90m(file:///app/apps/web/[39mnode_modules/[4m@vitest/runner[24m/dist/index.js:1653:12[90m)[39m
@baci/web:test:
@baci/web:test: [90mstderr[2m | src/app/api/feed/openai/route.test.ts[2m > [22m[2mGET /api/feed/openai[2m > [22m[2mreturns 500 when storefront host merchant lookup fails
@baci/web:test: [22m[39mOPENAI_FEED_GENERATION_ERROR: Error: boom
@baci/web:test:     at [90m/app/apps/web/[39msrc/app/api/feed/openai/route.test.ts:270:51
@baci/web:test:     at [90mfile:///app/apps/web/[39mnode_modules/[4m@vitest/runner[24m/dist/index.js:145:11
@baci/web:test:     at [90mfile:///app/apps/web/[39mnode_modules/[4m@vitest/runner[24m/dist/index.js:915:26
@baci/web:test:     at [90mfile:///app/apps/web/[39mnode_modules/[4m@vitest/runner[24m/dist/index.js:1243:20
@baci/web:test:     at new Promise (<anonymous>)
@baci/web:test:     at runWithTimeout [90m(file:///app/apps/web/[39mnode_modules/[4m@vitest/runner[24m/dist/index.js:1209:10[90m)[39m
@baci/web:test:     at [90mfile:///app/apps/web/[39mnode_modules/[4m@vitest/runner[24m/dist/index.js:1653:37
@baci/web:test:     at Traces.$ [90m(file:///app/apps/web/[39mnode_modules/[4mvitest[24m/dist/chunks/traces.CCmnQaNT.js:142:27[90m)[39m
@baci/web:test:     at trace [90m(file:///app/apps/web/[39mnode_modules/[4mvitest[24m/dist/chunks/test.B8ej_ZHS.js:239:21[90m)[39m
@baci/web:test:     at runTest [90m(file:///app/apps/web/[39mnode_modules/[4m@vitest/runner[24m/dist/index.js:1653:12[90m)[39m
@baci/web:test:
@baci/web:test:  [32m✓[39m src/app/api/feed/openai/route.test.ts [2m([22m[2m29 tests[22m[2m)[22m[33m 2049[2mms[22m[39m
@baci/web:test:      [33m[2m✓[22m[39m returns 400 when merchant identifier is missing [33m 673[2mms[22m[39m
baci-mobile-admin:test:  [32m✓[39m components/ui/OrderReportModal.test.tsx [2m([22m[2m5 tests[22m[2m)[22m[33m 2705[2mms[22m[39m
baci-mobile-admin:test:      [33m[2m✓[22m[39m keeps the report date context visible without date controls [33m 786[2mms[22m[39m
baci-mobile-admin:test:      [33m[2m✓[22m[39m opens the preset menu and routes preset and custom date actions [33m 1280[2mms[22m[39m
baci-mobile-admin:test:  [32m✓[39m components/blog-editor/blog-editor-api.test.ts [2m([22m[2m15 tests[22m[2m)[22m[32m 75[2mms[22m[39m
@baci/web:test:  [32m✓[39m src/app/(storefront)/[slug]/(blog)/blog/[postSlug]/blog-post-body.test.tsx [2m([22m[2m36 tests[22m[2m)[22m[33m 2316[2mms[22m[39m
@baci/web:test:        [33m[2m✓[22m[39m renders BlogContentRenderer and the Table of Contents [33m 365[2mms[22m[39m
baci-mobile-admin:test:  [32m✓[39m components/transactions/TransactionOrderCard.test.tsx [2m([22m[2m3 tests[22m[2m)[22m[33m 1169[2mms[22m[39m
baci-mobile-admin:test:      [33m[2m✓[22m[39m reveals order details from the compact transaction card and closes them [33m 903[2mms[22m[39m
baci-mobile-admin:test:  [32m✓[39m components/branches/BranchSwitcher.create.test.tsx [2m([22m[2m3 tests[22m[2m)[22m[33m 1424[2mms[22m[39m
baci-mobile-admin:test:      [33m[2m✓[22m[39m does not render inactive branches as selectable scopes [33m 637[2mms[22m[39m
baci-mobile-admin:test:      [33m[2m✓[22m[39m creates a branch from the add branch flow [33m 521[2mms[22m[39m
@baci/web:test: Not implemented: Window's scrollTo() method
@baci/web:test: [90mstderr[2m | src/components/storefront/ogabassey/pages/checkout-page.test.tsx[2m > [22m[2mCheckoutPage[2m > [22m[2mrenders without crashing
@baci/web:test: [22m[39mReact does not recognize the `defaultCountry` prop on a DOM element. If you intentionally want it to appear in the DOM as a custom attribute, spell it as lowercase `defaultcountry` instead. If you accidentally passed it from a parent component, remove it from the DOM element.
@baci/web:test: React does not recognize the `useThemedInput` prop on a DOM element. If you intentionally want it to appear in the DOM as a custom attribute, spell it as lowercase `usethemedinput` instead. If you accidentally passed it from a parent component, remove it from the DOM element.
@baci/web:test:
@baci/web:test: [90mstderr[2m | src/components/storefront/ogabassey/pages/checkout-page.test.tsx[2m > [22m[2mCheckoutPage[2m > [22m[2mrenders without crashing
@baci/web:test: [22m[39mAn update to CheckoutPage inside a test was not wrapped in act(...).
@baci/web:test:
@baci/web:test: When testing, code that causes React state updates should be wrapped into act(...):
@baci/web:test:
@baci/web:test: act(() => {
@baci/web:test:   /* fire events that update state */
@baci/web:test: });
@baci/web:test: /* assert on the output */
@baci/web:test:
@baci/web:test: This ensures that you're testing the behavior the user would see in the browser. Learn more at https://react.dev/link/wrap-tests-with-act
@baci/web:test: Failed to fetch states TypeError: Failed to parse URL from /api/shipping/locations
@baci/web:test: [90m    at node:internal/deps/undici/undici:14902:13[39m
@baci/web:test: [90m    at processTicksAndRejections (node:internal/process/task_queues:103:5)[39m
@baci/web:test:     at fetchLocations [90m(/app/apps/web/[39msrc/components/storefront/ogabassey/pages/checkout-page.tsx:729:21[90m)[39m {
@baci/web:test:   [cause]: TypeError: Invalid URL
@baci/web:test:   [90m    at new URL (node:internal/url:818:25)[39m
@baci/web:test:       at new URL$1 [90m(file:///app/apps/web/[39mnode_modules/[4mvitest[24m/dist/chunks/index.CyBMJtT7.js:556:9[90m)[39m
@baci/web:test:   [90m    at new Request (node:internal/deps/undici/undici:9776:25)[39m
@baci/web:test:   [90m    at fetch (node:internal/deps/undici/undici:10505:25)[39m
@baci/web:test:   [90m    at fetch (node:internal/deps/undici/undici:14900:10)[39m
@baci/web:test:   [90m    at fetch (node:internal/bootstrap/web/exposed-window-or-worker:75:12)[39m
@baci/web:test:       at fetchLocations [90m(/app/apps/web/[39msrc/components/storefront/ogabassey/pages/checkout-page.tsx:729:27[90m)[39m
@baci/web:test:       at [90m/app/apps/web/[39msrc/components/storefront/ogabassey/pages/checkout-page.tsx:740:5
@baci/web:test:       at Object.react_stack_bottom_frame (/app/node_modules/[4mreact-dom[24m/cjs/react-dom-client.development.js:25989:20)
@baci/web:test:       at runWithFiberInDEV (/app/node_modules/[4mreact-dom[24m/cjs/react-dom-client.development.js:874:13) {
@baci/web:test:     code: [32m'ERR_INVALID_URL'[39m,
@baci/web:test:     input: [32m'/api/shipping/locations'[39m
@baci/web:test:   }
@baci/web:test: }
@baci/web:test: An update to CheckoutPage inside a test was not wrapped in act(...).
@baci/web:test:
@baci/web:test: When testing, code that causes React state updates should be wrapped into act(...):
@baci/web:test:
@baci/web:test: act(() => {
@baci/web:test:   /* fire events that update state */
@baci/web:test: });
@baci/web:test: /* assert on the output */
@baci/web:test:
@baci/web:test: This ensures that you're testing the behavior the user would see in the browser. Learn more at https://react.dev/link/wrap-tests-with-act
@baci/web:test:
@baci/web:test: Not implemented: Window's scrollTo() method
@baci/web:test:  [32m✓[39m src/app/api/payments/credit-direct/webhook/route.test.ts [2m([22m[2m16 tests[22m[2m)[22m[32m 189[2mms[22m[39m
@baci/web:test: [90mstderr[2m | src/components/storefront/ogabassey/pages/checkout-page.test.tsx[2m > [22m[2mCheckoutPage[2m > [22m[2mrenders the contact step fields when cart has items
@baci/web:test: [22m[39mReceived `true` for a non-boolean attribute `fill`.
@baci/web:test:
@baci/web:test: If you want to write it to the DOM, pass a string instead: fill="true" or fill={value.toString()}.
@baci/web:test:
@baci/web:test: [90mstderr[2m | src/components/storefront/ogabassey/pages/checkout-page.test.tsx[2m > [22m[2mCheckoutPage[2m > [22m[2mrenders the contact step fields when cart has items
@baci/web:test: [22m[39mAn update to CheckoutPage inside a test was not wrapped in act(...).
@baci/web:test:
@baci/web:test: When testing, code that causes React state updates should be wrapped into act(...):
@baci/web:test:
@baci/web:test: act(() => {
@baci/web:test:   /* fire events that update state */
@baci/web:test: });
@baci/web:test: /* assert on the output */
@baci/web:test:
@baci/web:test: This ensures that you're testing the behavior the user would see in the browser. Learn more at https://react.dev/link/wrap-tests-with-act
@baci/web:test: Failed to fetch states TypeError: Failed to parse URL from /api/shipping/locations
@baci/web:test: [90m    at node:internal/deps/undici/undici:14902:13[39m
@baci/web:test: [90m    at processTicksAndRejections (node:internal/process/task_queues:103:5)[39m
@baci/web:test:     at fetchLocations [90m(/app/apps/web/[39msrc/components/storefront/ogabassey/pages/checkout-page.tsx:729:21[90m)[39m {
@baci/web:test:   [cause]: TypeError: Invalid URL
@baci/web:test:   [90m    at new URL (node:internal/url:818:25)[39m
@baci/web:test:       at new URL$1 [90m(file:///app/apps/web/[39mnode_modules/[4mvitest[24m/dist/chunks/index.CyBMJtT7.js:556:9[90m)[39m
@baci/web:test:   [90m    at new Request (node:internal/deps/undici/undici:9776:25)[39m
@baci/web:test:   [90m    at fetch (node:internal/deps/undici/undici:10505:25)[39m
@baci/web:test:   [90m    at fetch (node:internal/deps/undici/undici:14900:10)[39m
@baci/web:test:   [90m    at fetch (node:internal/bootstrap/web/exposed-window-or-worker:75:12)[39m
@baci/web:test:       at fetchLocations [90m(/app/apps/web/[39msrc/components/storefront/ogabassey/pages/checkout-page.tsx:729:27[90m)[39m
@baci/web:test:       at [90m/app/apps/web/[39msrc/components/storefront/ogabassey/pages/checkout-page.tsx:740:5
@baci/web:test:       at Object.react_stack_bottom_frame (/app/node_modules/[4mreact-dom[24m/cjs/react-dom-client.development.js:25989:20)
@baci/web:test:       at runWithFiberInDEV (/app/node_modules/[4mreact-dom[24m/cjs/react-dom-client.development.js:874:13) {
@baci/web:test:     code: [32m'ERR_INVALID_URL'[39m,
@baci/web:test:     input: [32m'/api/shipping/locations'[39m
@baci/web:test:   }
@baci/web:test: }
@baci/web:test: An update to CheckoutPage inside a test was not wrapped in act(...).
@baci/web:test:
@baci/web:test: When testing, code that causes React state updates should be wrapped into act(...):
@baci/web:test:
@baci/web:test: act(() => {
@baci/web:test:   /* fire events that update state */
@baci/web:test: });
@baci/web:test: /* assert on the output */
@baci/web:test:
@baci/web:test: This ensures that you're testing the behavior the user would see in the browser. Learn more at https://react.dev/link/wrap-tests-with-act
@baci/web:test:
@baci/web:test: Not implemented: Window's scrollTo() method
baci-mobile-admin:test: [90mstderr[2m | components/discounts/DiscountItemSelector.test.tsx[2m > [22m[2mDiscountItemSelector[2m > [22m[2mrenders search and done controls
baci-mobile-admin:test: [22m[39mEach child in a list should have a unique "key" prop.
baci-mobile-admin:test:
baci-mobile-admin:test: Check the render method of `FlatList`. See https://react.dev/link/warning-keys for more information.
baci-mobile-admin:test:
baci-mobile-admin:test: [90mstderr[2m | components/discounts/DiscountItemSelector.test.tsx[2m > [22m[2mDiscountItemSelector[2m > [22m[2muses the shared keyboard container with non-scroll shell settings
baci-mobile-admin:test: [22m[39mAn update to DiscountItemSelector inside a test was not wrapped in act(...).
baci-mobile-admin:test:
baci-mobile-admin:test: When testing, code that causes React state updates should be wrapped into act(...):
baci-mobile-admin:test:
baci-mobile-admin:test: act(() => {
baci-mobile-admin:test:   /* fire events that update state */
baci-mobile-admin:test: });
baci-mobile-admin:test: /* assert on the output */
baci-mobile-admin:test:
baci-mobile-admin:test: This ensures that you're testing the behavior the user would see in the browser. Learn more at https://react.dev/link/wrap-tests-with-act
baci-mobile-admin:test: An update to DiscountItemSelector inside a test was not wrapped in act(...).
baci-mobile-admin:test:
baci-mobile-admin:test: When testing, code that causes React state updates should be wrapped into act(...):
baci-mobile-admin:test:
baci-mobile-admin:test: act(() => {
baci-mobile-admin:test:   /* fire events that update state */
baci-mobile-admin:test: });
baci-mobile-admin:test: /* assert on the output */
baci-mobile-admin:test:
baci-mobile-admin:test: This ensures that you're testing the behavior the user would see in the browser. Learn more at https://react.dev/link/wrap-tests-with-act
baci-mobile-admin:test:
baci-mobile-admin:test: [90mstderr[2m | components/discounts/DiscountItemSelector.test.tsx[2m > [22m[2mDiscountItemSelector[2m > [22m[2menables clipped subviews for Android via shared list props
baci-mobile-admin:test: [22m[39mAn update to DiscountItemSelector inside a test was not wrapped in act(...).
baci-mobile-admin:test:
baci-mobile-admin:test: When testing, code that causes React state updates should be wrapped into act(...):
baci-mobile-admin:test:
baci-mobile-admin:test: act(() => {
baci-mobile-admin:test:   /* fire events that update state */
baci-mobile-admin:test: });
baci-mobile-admin:test: /* assert on the output */
baci-mobile-admin:test:
baci-mobile-admin:test: This ensures that you're testing the behavior the user would see in the browser. Learn more at https://react.dev/link/wrap-tests-with-act
baci-mobile-admin:test: An update to DiscountItemSelector inside a test was not wrapped in act(...).
baci-mobile-admin:test:
baci-mobile-admin:test: When testing, code that causes React state updates should be wrapped into act(...):
baci-mobile-admin:test:
baci-mobile-admin:test: act(() => {
baci-mobile-admin:test:   /* fire events that update state */
baci-mobile-admin:test: });
baci-mobile-admin:test: /* assert on the output */
baci-mobile-admin:test:
baci-mobile-admin:test: This ensures that you're testing the behavior the user would see in the browser. Learn more at https://react.dev/link/wrap-tests-with-act
baci-mobile-admin:test:
baci-mobile-admin:test: [90mstderr[2m | components/discounts/DiscountItemSelector.test.tsx[2m > [22m[2mDiscountItemSelector[2m > [22m[2mrenders error feedback when selectable items fetch fails
baci-mobile-admin:test: [22m[39m[DiscountItemSelector] Error fetching items: Error: fetch failed
baci-mobile-admin:test:     at [90m/app/apps/mobile-admin/[39mcomponents/discounts/DiscountItemSelector.test.tsx:236:50
baci-mobile-admin:test:     at file:///app/node_modules/[4m@vitest/runner[24m/dist/chunk-artifact.js:302:11
baci-mobile-admin:test:     at file:///app/node_modules/[4m@vitest/runner[24m/dist/chunk-artifact.js:1903:26
baci-mobile-admin:test:     at file:///app/node_modules/[4m@vitest/runner[24m/dist/chunk-artifact.js:2326:20
baci-mobile-admin:test:     at new Promise (<anonymous>)
baci-mobile-admin:test:     at runWithCancel (file:///app/node_modules/[4m@vitest/runner[24m/dist/chunk-artifact.js:2323:10)
baci-mobile-admin:test:     at file:///app/node_modules/[4m@vitest/runner[24m/dist/chunk-artifact.js:2305:20
baci-mobile-admin:test:     at new Promise (<anonymous>)
baci-mobile-admin:test:     at runWithTimeout (file:///app/node_modules/[4m@vitest/runner[24m/dist/chunk-artifact.js:2272:10)
baci-mobile-admin:test:     at file:///app/node_modules/[4m@vitest/runner[24m/dist/chunk-artifact.js:2955:64
baci-mobile-admin:test:
@baci/web:test: [90mstderr[2m | src/components/storefront/ogabassey/pages/checkout-page.test.tsx[2m > [22m[2mCheckoutPage[2m > [22m[2mshows Klump in installment checkout when the merchant enables it
@baci/web:test: [22m[39mFailed to fetch cities TypeError: Cannot read properties of undefined (reading 'map')
@baci/web:test:     at fetchCities [90m(/app/apps/web/[39msrc/components/storefront/ogabassey/pages/checkout-page.tsx:758:63[90m)[39m
@baci/web:test: [90m    at processTicksAndRejections (node:internal/process/task_queues:103:5)[39m
@baci/web:test: Error fetching shipping quotes: TypeError: Cannot read properties of undefined (reading 'all')
@baci/web:test:     at fetchShippingQuotes [90m(/app/apps/web/[39msrc/components/storefront/ogabassey/pages/checkout-page.tsx:810:39[90m)[39m
@baci/web:test: [90m    at processTicksAndRejections (node:internal/process/task_queues:103:5)[39m
@baci/web:test:
baci-mobile-admin:test:  [32m✓[39m components/discounts/DiscountItemSelector.test.tsx [2m([22m[2m4 tests[22m[2m)[22m[33m 358[2mms[22m[39m
@baci/web:test: Not implemented: Window's scrollTo() method
@baci/web:test: [90mstderr[2m | src/components/storefront/ogabassey/pages/checkout-page.test.tsx[2m > [22m[2mCheckoutPage[2m > [22m[2mhides Klump in installment checkout when the merchant disables it
@baci/web:test: [22m[39mAn update to CheckoutPage inside a test was not wrapped in act(...).
@baci/web:test:
@baci/web:test: When testing, code that causes React state updates should be wrapped into act(...):
@baci/web:test:
@baci/web:test: act(() => {
@baci/web:test:   /* fire events that update state */
@baci/web:test: });
@baci/web:test: /* assert on the output */
@baci/web:test:
@baci/web:test: This ensures that you're testing the behavior the user would see in the browser. Learn more at https://react.dev/link/wrap-tests-with-act
@baci/web:test: An update to CheckoutPage inside a test was not wrapped in act(...).
@baci/web:test:
@baci/web:test: When testing, code that causes React state updates should be wrapped into act(...):
@baci/web:test:
@baci/web:test: act(() => {
@baci/web:test:   /* fire events that update state */
@baci/web:test: });
@baci/web:test: /* assert on the output */
@baci/web:test:
@baci/web:test: This ensures that you're testing the behavior the user would see in the browser. Learn more at https://react.dev/link/wrap-tests-with-act
@baci/web:test: An update to CheckoutPage inside a test was not wrapped in act(...).
@baci/web:test:
@baci/web:test: When testing, code that causes React state updates should be wrapped into act(...):
@baci/web:test:
@baci/web:test: act(() => {
@baci/web:test:   /* fire events that update state */
@baci/web:test: });
@baci/web:test: /* assert on the output */
@baci/web:test:
@baci/web:test: This ensures that you're testing the behavior the user would see in the browser. Learn more at https://react.dev/link/wrap-tests-with-act
@baci/web:test: Failed to fetch cities TypeError: Cannot read properties of undefined (reading 'map')
@baci/web:test:     at fetchCities [90m(/app/apps/web/[39msrc/components/storefront/ogabassey/pages/checkout-page.tsx:758:63[90m)[39m
@baci/web:test: Error fetching shipping quotes: TypeError: Cannot read properties of undefined (reading 'all')
@baci/web:test:     at fetchShippingQuotes [90m(/app/apps/web/[39msrc/components/storefront/ogabassey/pages/checkout-page.tsx:810:39[90m)[39m
@baci/web:test: An update to CheckoutPage inside a test was not wrapped in act(...).
@baci/web:test:
@baci/web:test: When testing, code that causes React state updates should be wrapped into act(...):
@baci/web:test:
@baci/web:test: act(() => {
@baci/web:test:   /* fire events that update state */
@baci/web:test: });
@baci/web:test: /* assert on the output */
@baci/web:test:
@baci/web:test: This ensures that you're testing the behavior the user would see in the browser. Learn more at https://react.dev/link/wrap-tests-with-act
@baci/web:test:
@baci/web:test: [90mstderr[2m | src/app/api/agentic/checkout_sessions/route.test.ts[2m > [22m[2mPOST /api/agentic/checkout_sessions[2m > [22m[2mreturns 403 when the merchant disables agentic checkout
@baci/web:test: [22m[39m[2026-05-28T16:51:49.793Z] [WARN] Agentic checkout disabled {
@baci/web:test:   message: [32m'Agentic checkout disabled'[39m,
@baci/web:test:   merchantId: [32m'merchant-1'[39m,
@baci/web:test:   route: [32m'checkout_sessions.create'[39m
@baci/web:test: }
@baci/web:test:
@baci/web:test: Not implemented: Window's scrollTo() method
@baci/web:test:  [32m✓[39m src/app/api/agentic/checkout_sessions/route.test.ts [2m([22m[2m12 tests[22m[2m)[22m[33m 580[2mms[22m[39m
@baci/web:test:      [33m[2m✓[22m[39m returns 400 when the request body cannot be parsed [33m 455[2mms[22m[39m
baci-mobile-admin:test:  [32m✓[39m components/orders/NewOrderProductSheet.test.tsx [2m([22m[2m3 tests[22m[2m)[22m[33m 1063[2mms[22m[39m
baci-mobile-admin:test:      [33m[2m✓[22m[39m renders product search mode and forwards search, selection, and pagination actions [33m 811[2mms[22m[39m
@baci/web:test: [90mstderr[2m | src/components/storefront/ogabassey/pages/checkout-page.test.tsx[2m > [22m[2mCheckoutPage[2m > [22m[2mhides Klump when wallet credit is auto-applied
@baci/web:test: [22m[39mFailed to fetch cities TypeError: Cannot read properties of undefined (reading 'map')
@baci/web:test:     at fetchCities [90m(/app/apps/web/[39msrc/components/storefront/ogabassey/pages/checkout-page.tsx:758:63[90m)[39m
@baci/web:test: Error fetching shipping quotes: TypeError: Cannot read properties of undefined (reading 'all')
@baci/web:test:     at fetchShippingQuotes [90m(/app/apps/web/[39msrc/components/storefront/ogabassey/pages/checkout-page.tsx:810:39[90m)[39m
@baci/web:test:
@baci/web:test: Not implemented: Window's scrollTo() method
@baci/web:test: [90mstderr[2m | src/components/storefront/ogabassey/pages/checkout-page.test.tsx[2m > [22m[2mCheckoutPage[2m > [22m[2mincludes merchant_slug and tracking token when resuming an order
@baci/web:test: [22m[39mFailed to fetch resumed order
@baci/web:test: Error fetching shipping quotes: TypeError: res.text is not a function
@baci/web:test:     at fetchShippingQuotes [90m(/app/apps/web/[39msrc/components/storefront/ogabassey/pages/checkout-page.tsx:817:59[90m)[39m
@baci/web:test:
@baci/web:test: Not implemented: Window's scrollTo() method
@baci/web:test: [90mstderr[2m | src/components/storefront/ogabassey/pages/checkout-page.test.tsx[2m > [22m[2mCheckoutPage[2m > [22m[2mincludes a persisted customer email alongside the tracking token when resuming an order
@baci/web:test: [22m[39mFailed to fetch resumed order
@baci/web:test: Error fetching shipping quotes: TypeError: res.text is not a function
@baci/web:test:     at fetchShippingQuotes [90m(/app/apps/web/[39msrc/components/storefront/ogabassey/pages/checkout-page.tsx:817:59[90m)[39m
@baci/web:test:
@baci/web:test: Not implemented: Window's scrollTo() method
@baci/web:test: [90mstderr[2m | src/components/storefront/ogabassey/pages/checkout-page.test.tsx[2m > [22m[2mCheckoutPage[2m > [22m[2mfalls back to the persisted customer email for legacy resume links without a token
@baci/web:test: [22m[39mFailed to fetch resumed order
@baci/web:test: Error fetching shipping quotes: TypeError: res.text is not a function
@baci/web:test:     at fetchShippingQuotes [90m(/app/apps/web/[39msrc/components/storefront/ogabassey/pages/checkout-page.tsx:817:59[90m)[39m
@baci/web:test:
@baci/web:test: Not implemented: Window's scrollTo() method
@baci/web:test: [90mstderr[2m | src/components/storefront/ogabassey/pages/checkout-page.test.tsx[2m > [22m[2mCheckoutPage[2m > [22m[2mdoes not fetch a resumed order until a merchant slug is available
@baci/web:test: [22m[39mError fetching shipping quotes: TypeError: res.text is not a function
@baci/web:test:     at fetchShippingQuotes [90m(/app/apps/web/[39msrc/components/storefront/ogabassey/pages/checkout-page.tsx:817:59[90m)[39m
@baci/web:test:
@baci/web:test: Not implemented: Window's scrollTo() method
@baci/web:test: [90mstderr[2m | src/components/storefront/ogabassey/pages/checkout-page.test.tsx[2m > [22m[2mCheckoutPage[2m > [22m[2mdoes not auto-trigger direct checkout for unsupported resume gateways
@baci/web:test: [22m[39mError fetching shipping quotes: TypeError: Cannot read properties of undefined (reading 'all')
@baci/web:test:     at fetchShippingQuotes [90m(/app/apps/web/[39msrc/components/storefront/ogabassey/pages/checkout-page.tsx:810:39[90m)[39m
@baci/web:test:
@baci/web:test: Not implemented: Window's scrollTo() method
@baci/web:test: Sourcemap for "/app/node_modules/@modelcontextprotocol/sdk/dist/esm/client/index.js" points to missing source files
@baci/web:test: Sourcemap for "/app/node_modules/@modelcontextprotocol/sdk/dist/esm/shared/protocol.js" points to missing source files
@baci/web:test: Sourcemap for "/app/node_modules/@modelcontextprotocol/sdk/dist/esm/server/zod-compat.js" points to missing source files
@baci/web:test: Not implemented: Window's scrollTo() method
baci-mobile-admin:test:  [32m✓[39m app/(admin)/analytics-config.test.tsx [2m([22m[2m4 tests[22m[2m)[22m[33m 1340[2mms[22m[39m
baci-mobile-admin:test:      [33m[2m✓[22m[39m passes the theme text token to the TikTok PlatformCard icon, not hardcoded black [33m 394[2mms[22m[39m
baci-mobile-admin:test:      [33m[2m✓[22m[39m passes the textOnPrimary theme token to the offline-conversions toggle knob, not hardcoded white [33m 655[2mms[22m[39m
@baci/web:test: Not implemented: Window's scrollTo() method
baci-mobile-admin:test:  [32m✓[39m components/orders/NewOrderItemsSection.test.tsx [2m([22m[2m3 tests[22m[2m)[22m[33m 1048[2mms[22m[39m
baci-mobile-admin:test:      [33m[2m✓[22m[39m shows the empty state and forwards the add/search actions [33m 742[2mms[22m[39m
@baci/web:test:  [32m✓[39m src/components/storefront/ogabassey/pages/checkout-page.test.tsx [2m([22m[2m13 tests[22m[2m)[22m[33m 4187[2mms[22m[39m
@baci/web:test:      [33m[2m✓[22m[39m renders without crashing [33m 416[2mms[22m[39m
@baci/web:test:      [33m[2m✓[22m[39m shows Klump in installment checkout when the merchant enables it [33m 1028[2mms[22m[39m
@baci/web:test:      [33m[2m✓[22m[39m hides Klump in installment checkout when the merchant disables it [33m 589[2mms[22m[39m
@baci/web:test:      [33m[2m✓[22m[39m hides Klump when wallet credit is auto-applied [33m 592[2mms[22m[39m
@baci/web:test:      [33m[2m✓[22m[39m blocks order creation when door delivery has no selected quote [33m 676[2mms[22m[39m
baci-mobile-admin:test:  [32m✓[39m lib/manual-order-persistence.test.ts [2m([22m[2m5 tests[22m[2m)[22m[32m 34[2mms[22m[39m
@baci/web:test: Sourcemap for "/app/node_modules/@modelcontextprotocol/sdk/dist/esm/types.js" points to missing source files
@baci/web:test: [90mstderr[2m | src/app/api/vtu/history/route.test.ts[2m > [22m[2mGET /api/vtu/history[2m > [22m[2mreturns history when payment status lookup fails
@baci/web:test: [22m[39mFailed to fetch VTU payment statuses: { error: { message: [32m'lookup failed'[39m }, paymentReferenceBatchSize: [33m1[39m }
@baci/web:test:
@baci/web:test: Sourcemap for "/app/node_modules/@modelcontextprotocol/sdk/dist/esm/experimental/tasks/interfaces.js" points to missing source files
@baci/web:test:  [32m✓[39m src/app/api/vtu/history/route.test.ts [2m([22m[2m12 tests[22m[2m)[22m[33m 351[2mms[22m[39m
@baci/web:test: Sourcemap for "/app/node_modules/@modelcontextprotocol/sdk/dist/esm/server/zod-json-schema-compat.js" points to missing source files
@baci/web:test: Sourcemap for "/app/node_modules/@modelcontextprotocol/sdk/dist/esm/validation/ajv-provider.js" points to missing source files
@baci/web:test: Sourcemap for "/app/node_modules/@modelcontextprotocol/sdk/dist/esm/experimental/tasks/client.js" points to missing source files
@baci/web:test: Sourcemap for "/app/node_modules/@modelcontextprotocol/sdk/dist/esm/experimental/tasks/helpers.js" points to missing source files
@baci/web:test: Sourcemap for "/app/node_modules/@modelcontextprotocol/sdk/dist/esm/inMemory.js" points to missing source files
@baci/web:test: Sourcemap for "/app/node_modules/@modelcontextprotocol/sdk/dist/esm/server/mcp.js" points to missing source files
@baci/web:test: Sourcemap for "/app/node_modules/@modelcontextprotocol/sdk/dist/esm/server/index.js" points to missing source files
@baci/web:test: Sourcemap for "/app/node_modules/@modelcontextprotocol/sdk/dist/esm/experimental/tasks/server.js" points to missing source files
@baci/web:test: Sourcemap for "/app/node_modules/@modelcontextprotocol/sdk/dist/esm/server/completable.js" points to missing source files
@baci/web:test: Sourcemap for "/app/node_modules/@modelcontextprotocol/sdk/dist/esm/shared/uriTemplate.js" points to missing source files
@baci/web:test: Sourcemap for "/app/node_modules/@modelcontextprotocol/sdk/dist/esm/shared/toolNameValidation.js" points to missing source files
@baci/web:test: Sourcemap for "/app/node_modules/@modelcontextprotocol/sdk/dist/esm/experimental/tasks/mcp-server.js" points to missing source files
@baci/mobile-storefront:test: PASS __tests__/app/utilities/[type].test.tsx (21.959 s)
@baci/mobile-storefront:test:   ● Console
@baci/mobile-storefront:test:
@baci/mobile-storefront:test:     console.warn
@baci/mobile-storefront:test:       [Supabase] SUPABASE_URL is not configured. Set EXPO_PUBLIC_SUPABASE_URL or configure extra.supabaseUrl in app.json.
@baci/mobile-storefront:test:
@baci/mobile-storefront:test:       46 | // Runtime warning when Supabase credentials are missing
@baci/mobile-storefront:test:       47 | if (!supabaseUrl) {
@baci/mobile-storefront:test:     > 48 |   console.warn(
@baci/mobile-storefront:test:          |           ^
@baci/mobile-storefront:test:       49 |     '[Supabase] SUPABASE_URL is not configured. Set EXPO_PUBLIC_SUPABASE_URL or configure extra.supabaseUrl in app.json.'
@baci/mobile-storefront:test:       50 |   );
@baci/mobile-storefront:test:       51 | }
@baci/mobile-storefront:test:
@baci/mobile-storefront:test:       at Object.warn (lib/supabase.ts:48:11)
@baci/mobile-storefront:test:       at Object.require (hooks/use-wallet.ts:6:1)
@baci/mobile-storefront:test:       at Object.require (app/utilities/[type].tsx:33:1)
@baci/mobile-storefront:test:       at Object.require (__tests__/app/utilities/[type].test.tsx:8:1)
@baci/mobile-storefront:test:
@baci/mobile-storefront:test:     console.warn
@baci/mobile-storefront:test:       [Supabase] SUPABASE_ANON_KEY is not configured. Set EXPO_PUBLIC_SUPABASE_ANON_KEY or configure extra.supabaseAnonKey in app.json.
@baci/mobile-storefront:test:
@baci/mobile-storefront:test:       51 | }
@baci/mobile-storefront:test:       52 | if (!supabaseAnonKey) {
@baci/mobile-storefront:test:     > 53 |   console.warn(
@baci/mobile-storefront:test:          |           ^
@baci/mobile-storefront:test:       54 |     '[Supabase] SUPABASE_ANON_KEY is not configured. Set EXPO_PUBLIC_SUPABASE_ANON_KEY or configure extra.supabaseAnonKey in app.json.'
@baci/mobile-storefront:test:       55 |   );
@baci/mobile-storefront:test:       56 | }
@baci/mobile-storefront:test:
@baci/mobile-storefront:test:       at Object.warn (lib/supabase.ts:53:11)
@baci/mobile-storefront:test:       at Object.require (hooks/use-wallet.ts:6:1)
@baci/mobile-storefront:test:       at Object.require (app/utilities/[type].tsx:33:1)
@baci/mobile-storefront:test:       at Object.require (__tests__/app/utilities/[type].test.tsx:8:1)
@baci/mobile-storefront:test:
baci-mobile-admin:test:  [32m✓[39m hooks/useTaxMutations.test.tsx [2m([22m[2m5 tests[22m[2m)[22m[32m 158[2mms[22m[39m
@baci/web:test:  [32m✓[39m mcp-server/agentic-checkout-client.test.ts [2m([22m[2m22 tests[22m[2m)[22m[32m 167[2mms[22m[39m
@baci/mobile-storefront:test: PASS lib/vtu-checkout.test.ts
baci-mobile-admin:test:  [32m✓[39m app/(admin)/store-settings.test.tsx [2m([22m[2m4 tests[22m[2m)[22m[32m 145[2mms[22m[39m
@baci/mobile-storefront:test: PASS services/quiz.test.ts
baci-mobile-admin:test:  [32m✓[39m components/orders/NewOrderProductSheet.variant.test.tsx [2m([22m[2m2 tests[22m[2m)[22m[33m 790[2mms[22m[39m
baci-mobile-admin:test:      [33m[2m✓[22m[39m adds the selected variant with fallback parent images [33m 697[2mms[22m[39m
@baci/web:test:  [32m✓[39m src/app/api/merchant/agentic/action-health/route.test.ts [2m([22m[2m14 tests[22m[2m)[22m[33m 643[2mms[22m[39m
@baci/web:test:      [33m[2m✓[22m[39m returns merchant-scoped agentic action health without raw retry secrets [33m 552[2mms[22m[39m
baci-mobile-admin:test:  [32m✓[39m components/ui/CountryPickerModal.test.tsx [2m([22m[2m4 tests[22m[2m)[22m[33m 1232[2mms[22m[39m
baci-mobile-admin:test:      [33m[2m✓[22m[39m renders through the shared page-sheet shell and routes close/select actions [33m 844[2mms[22m[39m
baci-mobile-admin:test:      [33m[2m✓[22m[39m filters the country list from the search input and clears it again [33m 362[2mms[22m[39m
baci-mobile-admin:test:  [32m✓[39m hooks/orders/useOrderDetails.staff.test.ts [2m([22m[2m5 tests[22m[2m)[22m[32m 35[2mms[22m[39m
@baci/web:test: [90mstderr[2m | src/components/storefront/ogabassey/pages/checkout/handlers/place-order.test.ts[2m > [22m[2mhandlePlaceOrder[2m > [22m[2mOrder Creation[2m > [22m[2mthrows on failed order creation
@baci/web:test: [22m[39mOrder creation failed: {
@baci/web:test:   status: [33m500[39m,
@baci/web:test:   error: [32m'Server error'[39m,
@baci/web:test:   details: [90mundefined[39m,
@baci/web:test:   fullResponse: { error: [32m'Server error'[39m }
@baci/web:test: }
@baci/web:test: Checkout error: Error: Server error
@baci/web:test:     at Module.handlePlaceOrder [90m(/app/apps/web/[39msrc/components/storefront/ogabassey/pages/checkout/handlers/place-order.ts:389:13[90m)[39m
@baci/web:test: [90m    at processTicksAndRejections (node:internal/process/task_queues:103:5)[39m
@baci/web:test:     at [90m/app/apps/web/[39msrc/components/storefront/ogabassey/pages/checkout/handlers/place-order.test.ts:358:7
@baci/web:test:     at [90mfile:///app/apps/web/[39mnode_modules/[4m@vitest/runner[24m/dist/index.js:915:20
@baci/web:test:
@baci/web:test: [90mstderr[2m | src/components/storefront/ogabassey/pages/checkout/handlers/place-order.test.ts[2m > [22m[2mhandlePlaceOrder[2m > [22m[2mKlump[2m > [22m[2mresets checkout state when Klump initialization fails
@baci/web:test: [22m[39mCheckout error: Error: Klump is not enabled for this merchant
@baci/web:test:     at initializeCardPayment [90m(/app/apps/web/[39msrc/components/storefront/ogabassey/pages/checkout/handlers/place-order.ts:710:11[90m)[39m
@baci/web:test: [90m    at processTicksAndRejections (node:internal/process/task_queues:103:5)[39m
@baci/web:test:     at Module.handlePlaceOrder [90m(/app/apps/web/[39msrc/components/storefront/ogabassey/pages/checkout/handlers/place-order.ts:494:22[90m)[39m
@baci/web:test:     at [90m/app/apps/web/[39msrc/components/storefront/ogabassey/pages/checkout/handlers/place-order.test.ts:560:7
@baci/web:test:     at [90mfile:///app/apps/web/[39mnode_modules/[4m@vitest/runner[24m/dist/index.js:915:20
@baci/web:test:
@baci/web:test: [90mstderr[2m | src/components/storefront/ogabassey/pages/checkout/handlers/place-order.test.ts[2m > [22m[2mhandlePlaceOrder[2m > [22m[2mError Recovery[2m > [22m[2mresets state on checkout error
@baci/web:test: [22m[39mCheckout error: Error: Network error
@baci/web:test:     at [90m/app/apps/web/[39msrc/components/storefront/ogabassey/pages/checkout/handlers/place-order.test.ts:720:35
@baci/web:test:     at [90mfile:///app/apps/web/[39mnode_modules/[4m@vitest/runner[24m/dist/index.js:145:11
@baci/web:test:     at [90mfile:///app/apps/web/[39mnode_modules/[4m@vitest/runner[24m/dist/index.js:915:26
@baci/web:test:     at [90mfile:///app/apps/web/[39mnode_modules/[4m@vitest/runner[24m/dist/index.js:1243:20
@baci/web:test:     at new Promise (<anonymous>)
@baci/web:test:     at runWithTimeout [90m(file:///app/apps/web/[39mnode_modules/[4m@vitest/runner[24m/dist/index.js:1209:10[90m)[39m
@baci/web:test:     at [90mfile:///app/apps/web/[39mnode_modules/[4m@vitest/runner[24m/dist/index.js:1653:37
@baci/web:test:     at Traces.$ [90m(file:///app/apps/web/[39mnode_modules/[4mvitest[24m/dist/chunks/traces.CCmnQaNT.js:142:27[90m)[39m
@baci/web:test:     at trace [90m(file:///app/apps/web/[39mnode_modules/[4mvitest[24m/dist/chunks/test.B8ej_ZHS.js:239:21[90m)[39m
@baci/web:test:     at runTest [90m(file:///app/apps/web/[39mnode_modules/[4m@vitest/runner[24m/dist/index.js:1653:12[90m)[39m
@baci/web:test:
@baci/web:test:  [32m✓[39m src/components/storefront/ogabassey/pages/checkout/handlers/place-order.test.ts [2m([22m[2m25 tests[22m[2m)[22m[32m 229[2mms[22m[39m
@baci/mobile-storefront:test: PASS hooks/use-push-notifications.test.ts
@baci/mobile-storefront:test:   ● Console
@baci/mobile-storefront:test:
@baci/mobile-storefront:test:     console.error
@baci/mobile-storefront:test:       An update to HookContainer inside a test was not wrapped in act(...).
@baci/mobile-storefront:test:
@baci/mobile-storefront:test:       When testing, code that causes React state updates should be wrapped into act(...):
@baci/mobile-storefront:test:
@baci/mobile-storefront:test:       act(() => {
@baci/mobile-storefront:test:         /* fire events that update state */
@baci/mobile-storefront:test:       });
@baci/mobile-storefront:test:       /* assert on the output */
@baci/mobile-storefront:test:
@baci/mobile-storefront:test:       This ensures that you're testing the behavior the user would see in the browser. Learn more at https://react.dev/link/wrap-tests-with-act
@baci/mobile-storefront:test:
@baci/mobile-storefront:test:       266 |       savePushTokenToServer(pushToken, user.id, effectiveMerchantId).then(
@baci/mobile-storefront:test:       267 |         (saved) => {
@baci/mobile-storefront:test:     > 268 |           setRegisteredUserId(saved ? user.id : null);
@baci/mobile-storefront:test:           |           ^
@baci/mobile-storefront:test:       269 |         }
@baci/mobile-storefront:test:       270 |       );
@baci/mobile-storefront:test:       271 |     }
@baci/mobile-storefront:test:
@baci/mobile-storefront:test:       at ../../node_modules/react-test-renderer/cjs/react-test-renderer.development.js:14402:19
@baci/mobile-storefront:test:       at runWithFiberInDEV (../../node_modules/react-test-renderer/cjs/react-test-renderer.development.js:2315:13)
@baci/mobile-storefront:test:       at warnIfUpdatesNotWrappedWithActDEV (../../node_modules/react-test-renderer/cjs/react-test-renderer.development.js:14401:9)
@baci/mobile-storefront:test:       at scheduleUpdateOnFiber (../../node_modules/react-test-renderer/cjs/react-test-renderer.development.js:12086:9)
@baci/mobile-storefront:test:       at dispatchSetStateInternal (../../node_modules/react-test-renderer/cjs/react-test-renderer.development.js:6208:13)
@baci/mobile-storefront:test:       at dispatchSetState (../../node_modules/react-test-renderer/cjs/react-test-renderer.development.js:6165:7)
@baci/mobile-storefront:test:       at setRegisteredUserId (hooks/use-push-notifications.ts:268:11)
@baci/mobile-storefront:test:
@baci/mobile-storefront:test:     console.log
@baci/mobile-storefront:test:       [INFO] [16:51:58.151] [PushNotifications] Notification tapped: {}
@baci/mobile-storefront:test:
@baci/mobile-storefront:test:       at Object.log [as info] (lib/logger.ts:84:15)
@baci/mobile-storefront:test:
@baci/mobile-storefront:test: PASS lib/utility-repeat.test.ts
@baci/mobile-storefront:test: PASS components/checkout/checkout-identity/hooks/useBottomSheetAnimation.test.ts
baci-mobile-admin:test: [90mstderr[2m | hooks/createProductEditImageActions.test.ts[2m > [22m[2mcreateProductEditImageActions[2m > [22m[2malerts and clears uploading state when the upload fails
baci-mobile-admin:test: [22m[39mUpload error: Error: boom
baci-mobile-admin:test:     at [90m/app/apps/mobile-admin/[39mhooks/createProductEditImageActions.test.ts:116:49
baci-mobile-admin:test:     at file:///app/node_modules/[4m@vitest/runner[24m/dist/chunk-artifact.js:302:11
baci-mobile-admin:test:     at file:///app/node_modules/[4m@vitest/runner[24m/dist/chunk-artifact.js:1903:26
baci-mobile-admin:test:     at file:///app/node_modules/[4m@vitest/runner[24m/dist/chunk-artifact.js:2326:20
baci-mobile-admin:test:     at new Promise (<anonymous>)
baci-mobile-admin:test:     at runWithCancel (file:///app/node_modules/[4m@vitest/runner[24m/dist/chunk-artifact.js:2323:10)
baci-mobile-admin:test:     at file:///app/node_modules/[4m@vitest/runner[24m/dist/chunk-artifact.js:2305:20
baci-mobile-admin:test:     at new Promise (<anonymous>)
baci-mobile-admin:test:     at runWithTimeout (file:///app/node_modules/[4m@vitest/runner[24m/dist/chunk-artifact.js:2272:10)
baci-mobile-admin:test:     at file:///app/node_modules/[4m@vitest/runner[24m/dist/chunk-artifact.js:2955:64
baci-mobile-admin:test:
baci-mobile-admin:test:  [32m✓[39m hooks/createProductEditImageActions.test.ts [2m([22m[2m5 tests[22m[2m)[22m[32m 55[2mms[22m[39m
@baci/web:test:  [32m✓[39m src/lib/cache-revalidation.test.ts [2m([22m[2m40 tests[22m[2m)[22m[32m 152[2mms[22m[39m
baci-mobile-admin:test:  [32m✓[39m components/orders/NewOrderEditItemSheet.test.tsx [2m([22m[2m3 tests[22m[2m)[22m[33m 890[2mms[22m[39m
baci-mobile-admin:test:      [33m[2m✓[22m[39m forwards price, quantity, and detail edits with sanitized values [33m 815[2mms[22m[39m
baci-mobile-admin:test:  [32m✓[39m hooks/resolveOrderReceiptVirtualAccount.test.ts [2m([22m[2m7 tests[22m[2m)[22m[32m 34[2mms[22m[39m
@baci/web:test: [90mstderr[2m | src/app/api/llm/[...segments]/route.test.ts[2m > [22m[2mGET /api/llm/[...segments][2m > [22m[2merror handling[2m > [22m[2mreturns 404 when handleLlmRequest throws an unhandled error
@baci/web:test: [22m[39m[LLM API] Unhandled error Error: DB error
@baci/web:test:     at [90m/app/apps/web/[39msrc/app/api/llm/[...segments]/route.test.ts:592:49
@baci/web:test:     at [90mfile:///app/apps/web/[39mnode_modules/[4m@vitest/runner[24m/dist/index.js:145:11
@baci/web:test:     at [90mfile:///app/apps/web/[39mnode_modules/[4m@vitest/runner[24m/dist/index.js:915:26
@baci/web:test:     at [90mfile:///app/apps/web/[39mnode_modules/[4m@vitest/runner[24m/dist/index.js:1243:20
@baci/web:test:     at new Promise (<anonymous>)
@baci/web:test:     at runWithTimeout [90m(file:///app/apps/web/[39mnode_modules/[4m@vitest/runner[24m/dist/index.js:1209:10[90m)[39m
@baci/web:test:     at [90mfile:///app/apps/web/[39mnode_modules/[4m@vitest/runner[24m/dist/index.js:1653:37
@baci/web:test:     at Traces.$ [90m(file:///app/apps/web/[39mnode_modules/[4mvitest[24m/dist/chunks/traces.CCmnQaNT.js:142:27[90m)[39m
@baci/web:test:     at trace [90m(file:///app/apps/web/[39mnode_modules/[4mvitest[24m/dist/chunks/test.B8ej_ZHS.js:239:21[90m)[39m
@baci/web:test:     at runTest [90m(file:///app/apps/web/[39mnode_modules/[4m@vitest/runner[24m/dist/index.js:1653:12[90m)[39m
@baci/web:test:
@baci/web:test:  [32m✓[39m src/app/api/llm/[...segments]/route.test.ts [2m([22m[2m35 tests[22m[2m)[22m[32m 224[2mms[22m[39m
baci-mobile-admin:test:  [32m✓[39m components/branches/useBranchSwitcherManagement.test.ts [2m([22m[2m5 tests[22m[2m)[22m[32m 177[2mms[22m[39m
@baci/mobile-storefront:test: PASS components/utilities/AirtimeForm.test.tsx
@baci/mobile-storefront:test:   ● Console
@baci/mobile-storefront:test:
@baci/mobile-storefront:test:     console.warn
@baci/mobile-storefront:test:       [Supabase] SUPABASE_URL is not configured. Set EXPO_PUBLIC_SUPABASE_URL or configure extra.supabaseUrl in app.json.
@baci/mobile-storefront:test:
@baci/mobile-storefront:test:       46 | // Runtime warning when Supabase credentials are missing
@baci/mobile-storefront:test:       47 | if (!supabaseUrl) {
@baci/mobile-storefront:test:     > 48 |   console.warn(
@baci/mobile-storefront:test:          |           ^
@baci/mobile-storefront:test:       49 |     '[Supabase] SUPABASE_URL is not configured. Set EXPO_PUBLIC_SUPABASE_URL or configure extra.supabaseUrl in app.json.'
@baci/mobile-storefront:test:       50 |   );
@baci/mobile-storefront:test:       51 | }
@baci/mobile-storefront:test:
@baci/mobile-storefront:test:       at Object.warn (lib/supabase.ts:48:11)
@baci/mobile-storefront:test:       at Object.require (lib/vtu-checkout.ts:10:1)
@baci/mobile-storefront:test:       at requireActual (components/utilities/AirtimeForm.test.tsx:110:10)
@baci/mobile-storefront:test:       at Object.require (components/utilities/AirtimeForm.test.tsx:13:1)
@baci/mobile-storefront:test:
@baci/mobile-storefront:test:     console.warn
@baci/mobile-storefront:test:       [Supabase] SUPABASE_ANON_KEY is not configured. Set EXPO_PUBLIC_SUPABASE_ANON_KEY or configure extra.supabaseAnonKey in app.json.
@baci/mobile-storefront:test:
@baci/mobile-storefront:test:       51 | }
@baci/mobile-storefront:test:       52 | if (!supabaseAnonKey) {
@baci/mobile-storefront:test:     > 53 |   console.warn(
@baci/mobile-storefront:test:          |           ^
@baci/mobile-storefront:test:       54 |     '[Supabase] SUPABASE_ANON_KEY is not configured. Set EXPO_PUBLIC_SUPABASE_ANON_KEY or configure extra.supabaseAnonKey in app.json.'
@baci/mobile-storefront:test:       55 |   );
@baci/mobile-storefront:test:       56 | }
@baci/mobile-storefront:test:
@baci/mobile-storefront:test:       at Object.warn (lib/supabase.ts:53:11)
@baci/mobile-storefront:test:       at Object.require (lib/vtu-checkout.ts:10:1)
@baci/mobile-storefront:test:       at requireActual (components/utilities/AirtimeForm.test.tsx:110:10)
@baci/mobile-storefront:test:       at Object.require (components/utilities/AirtimeForm.test.tsx:13:1)
@baci/mobile-storefront:test:
baci-mobile-admin:test: [90mstdout[2m | services/push-notifications.test.ts[2m > [22m[2mpush notification native loading[2m > [22m[2mskips the notifications module on simulators
baci-mobile-admin:test: [22m[39m[Push] Native notifications skipped on simulator
baci-mobile-admin:test:
baci-mobile-admin:test: [90mstdout[2m | services/push-notifications.test.ts[2m > [22m[2mpush notification native loading[2m > [22m[2mskips the notifications module on simulators
baci-mobile-admin:test: [22m[39m[Push] Native notifications skipped on simulator
baci-mobile-admin:test:
baci-mobile-admin:test: [90mstderr[2m | services/push-notifications.test.ts[2m > [22m[2mpush notification native loading[2m > [22m[2mskips the notifications module on simulators
baci-mobile-admin:test: [22m[39m[Push] Notifications module not available
baci-mobile-admin:test:
baci-mobile-admin:test: [90mstdout[2m | services/push-notifications.test.ts[2m > [22m[2mpush notification native loading[2m > [22m[2mregisters a push token on physical devices
baci-mobile-admin:test: [22m[39m[Push] Expo Push Token: ExponentPushToken[test]
baci-mobile-admin:test:
@baci/web:test: [90mstderr[2m | src/lib/expo-push.test.ts[2m > [22m[2msendPushNotifications[2m > [22m[2mfalls back to per-message sends when Expo rejects a mixed-project chunk
@baci/web:test: [22m[39m[expo-push] Mixed-project token batch detected, retrying chunk per message
@baci/web:test:
@baci/web:test: [90mstderr[2m | src/lib/expo-push.test.ts[2m > [22m[2msendPushNotifications[2m > [22m[2mreturns a synthesized error ticket when a per-message fallback send fails
@baci/web:test: [22m[39m[expo-push] Mixed-project token batch detected, retrying chunk per message
@baci/web:test:
baci-mobile-admin:test: [90mstderr[2m | services/push-notifications.test.ts[2m > [22m[2mpush notification native loading[2m > [22m[2mreturns null when a physical device denies push permissions
baci-mobile-admin:test: [22m[39m[Push] Push notification permission not granted
baci-mobile-admin:test:
baci-mobile-admin:test: [90mstderr[2m | services/push-notifications.test.ts[2m > [22m[2mpush notification native loading[2m > [22m[2mreturns null when Expo push token lookup fails
baci-mobile-admin:test: [22m[39m[Push] Failed to get push token: Error: boom
baci-mobile-admin:test:     at Proxy.<anonymous> [90m(/app/apps/mobile-admin/[39mservices/push-notifications.test.ts:142:57[90m)[39m
baci-mobile-admin:test:     at Proxy.Mock (file:///app/node_modules/[4m@vitest/spy[24m/dist/index.js:332:34)
baci-mobile-admin:test:     at registerForPushNotifications [90m(/app/apps/mobile-admin/[39mservices/push-notifications.ts:123:47[90m)[39m
baci-mobile-admin:test: [90m    at processTicksAndRejections (node:internal/process/task_queues:103:5)[39m
baci-mobile-admin:test:     at [90m/app/apps/mobile-admin/[39mservices/push-notifications.test.ts:152:5
baci-mobile-admin:test:     at file:///app/node_modules/[4m@vitest/runner[24m/dist/chunk-artifact.js:1903:20
baci-mobile-admin:test:
baci-mobile-admin:test: [90mstderr[2m | services/push-notifications.test.ts[2m > [22m[2mpush notification native loading[2m > [22m[2mstill requests a token when the EAS project id is missing
baci-mobile-admin:test: [22m[39m[Push] EAS project ID not configured in app.json
baci-mobile-admin:test:
baci-mobile-admin:test: [90mstdout[2m | services/push-notifications.test.ts[2m > [22m[2mpush notification native loading[2m > [22m[2mstill requests a token when the EAS project id is missing
baci-mobile-admin:test: [22m[39m[Push] Expo Push Token: ExponentPushToken[test]
baci-mobile-admin:test:
baci-mobile-admin:test: [90mstdout[2m | services/push-notifications.test.ts[2m > [22m[2mpush notification native loading[2m > [22m[2mreturns null when the notifications native module cannot be imported
baci-mobile-admin:test: [22m[39m[Push] Native modules ignored or failed to load: Error: [vitest] There was an error when mocking a module. If you are using "vi.mock" factory, make sure there are no top level variables inside, since this call is hoisted to top of the file. Read more: https://vitest.dev/api/vi.html#vi-mock
baci-mobile-admin:test:     at createHelpfulError (file:///app/node_modules/[4m@vitest/mocker[24m/dist/chunk-registry.js:189:16)
baci-mobile-admin:test:     at ManualMockedModule.resolve (file:///app/node_modules/[4m@vitest/mocker[24m/dist/chunk-registry.js:163:10)
baci-mobile-admin:test:     at VitestMocker.callFunctionMock (file:///app/node_modules/[4mvitest[24m/dist/chunks/startVitestModuleRunner.bRl2_oI_.js:316:32)
baci-mobile-admin:test: [90m    ... 5 lines matching cause stack trace ...[39m
baci-mobile-admin:test: [90m    at processTicksAndRejections (node:internal/process/task_queues:103:5)[39m
baci-mobile-admin:test:     at loadNativeModules [90m(/app/apps/mobile-admin/[39mservices/push-notifications.ts:37:19[90m)[39m {
baci-mobile-admin:test:   cause: Error: native module unavailable
baci-mobile-admin:test:       at [90m/app/apps/mobile-admin/[39mservices/push-notifications.test.ts:186:13
baci-mobile-admin:test:       at ManualMockedModule.factory (file:///app/node_modules/[4mvitest[24m/dist/chunks/test.DNmyFkvJ.js:3578:78)
baci-mobile-admin:test:       at ManualMockedModule.resolve (file:///app/node_modules/[4m@vitest/mocker[24m/dist/chunk-registry.js:161:21)
baci-mobile-admin:test:       at VitestMocker.callFunctionMock (file:///app/node_modules/[4mvitest[24m/dist/chunks/startVitestModuleRunner.bRl2_oI_.js:316:32)
baci-mobile-admin:test:       at file:///app/node_modules/[4mvitest[24m/dist/chunks/startVitestModuleRunner.bRl2_oI_.js:399:23
baci-mobile-admin:test:       at Traces.$ (file:///app/node_modules/[4mvitest[24m/dist/chunks/traces.DT5aQ62U.js:142:27)
baci-mobile-admin:test:       at VitestMocker.requestWithMockedModule (file:///app/node_modules/[4mvitest[24m/dist/chunks/startVitestModuleRunner.bRl2_oI_.js:364:21)
baci-mobile-admin:test:       at VitestModuleRunner.cachedRequest (file:///app/node_modules/[4mvitest[24m/dist/chunks/startVitestModuleRunner.bRl2_oI_.js:565:31)
baci-mobile-admin:test:       at request (file:///app/node_modules/[4mvite[24m/dist/node/module-runner.js:1217:76)
baci-mobile-admin:test:   [90m    at processTicksAndRejections (node:internal/process/task_queues:103:5)[39m
baci-mobile-admin:test: }
baci-mobile-admin:test:
@baci/web:test: [90mstderr[2m | src/lib/expo-push.test.ts[2m > [22m[2mnotifyMerchant[2m > [22m[2mhandles DB error when fetching tokens
@baci/web:test: [22m[39mError fetching push tokens: { message: [32m'DB connection failed'[39m }
@baci/web:test:
@baci/web:test: [90mstderr[2m | src/lib/expo-push.test.ts[2m > [22m[2mnotifyMerchant[2m > [22m[2mhandles DB error when fetching tokens
@baci/web:test: [22m[39mFailed to store push attempt: { message: [32m'DB connection failed'[39m }
@baci/web:test:
baci-mobile-admin:test: [90mstdout[2m | services/push-notifications.test.ts[2m > [22m[2mpush notification native loading[2m > [22m[2mreturns null when the notifications native module cannot be imported
baci-mobile-admin:test: [22m[39m[Push] Native modules ignored or failed to load: Error: [vitest] There was an error when mocking a module. If you are using "vi.mock" factory, make sure there are no top level variables inside, since this call is hoisted to top of the file. Read more: https://vitest.dev/api/vi.html#vi-mock
baci-mobile-admin:test:     at createHelpfulError (file:///app/node_modules/[4m@vitest/mocker[24m/dist/chunk-registry.js:189:16)
baci-mobile-admin:test:     at ManualMockedModule.resolve (file:///app/node_modules/[4m@vitest/mocker[24m/dist/chunk-registry.js:163:10)
baci-mobile-admin:test:     at VitestMocker.callFunctionMock (file:///app/node_modules/[4mvitest[24m/dist/chunks/startVitestModuleRunner.bRl2_oI_.js:316:32)
baci-mobile-admin:test: [90m    ... 5 lines matching cause stack trace ...[39m
baci-mobile-admin:test: [90m    at processTicksAndRejections (node:internal/process/task_queues:103:5)[39m
baci-mobile-admin:test:     at loadNativeModules [90m(/app/apps/mobile-admin/[39mservices/push-notifications.ts:37:19[90m)[39m {
baci-mobile-admin:test:   cause: Error: native module unavailable
baci-mobile-admin:test:       at [90m/app/apps/mobile-admin/[39mservices/push-notifications.test.ts:186:13
baci-mobile-admin:test:       at ManualMockedModule.factory (file:///app/node_modules/[4mvitest[24m/dist/chunks/test.DNmyFkvJ.js:3578:78)
baci-mobile-admin:test:       at ManualMockedModule.resolve (file:///app/node_modules/[4m@vitest/mocker[24m/dist/chunk-registry.js:161:21)
baci-mobile-admin:test:       at VitestMocker.callFunctionMock (file:///app/node_modules/[4mvitest[24m/dist/chunks/startVitestModuleRunner.bRl2_oI_.js:316:32)
baci-mobile-admin:test:       at file:///app/node_modules/[4mvitest[24m/dist/chunks/startVitestModuleRunner.bRl2_oI_.js:399:23
baci-mobile-admin:test:       at Traces.$ (file:///app/node_modules/[4mvitest[24m/dist/chunks/traces.DT5aQ62U.js:142:27)
baci-mobile-admin:test:       at VitestMocker.requestWithMockedModule (file:///app/node_modules/[4mvitest[24m/dist/chunks/startVitestModuleRunner.bRl2_oI_.js:364:21)
baci-mobile-admin:test:       at VitestModuleRunner.cachedRequest (file:///app/node_modules/[4mvitest[24m/dist/chunks/startVitestModuleRunner.bRl2_oI_.js:565:31)
baci-mobile-admin:test:       at request (file:///app/node_modules/[4mvite[24m/dist/node/module-runner.js:1217:76)
baci-mobile-admin:test:   [90m    at processTicksAndRejections (node:internal/process/task_queues:103:5)[39m
baci-mobile-admin:test: }
baci-mobile-admin:test:
baci-mobile-admin:test: [90mstderr[2m | services/push-notifications.test.ts[2m > [22m[2mpush notification native loading[2m > [22m[2mreturns null when the notifications native module cannot be imported
baci-mobile-admin:test: [22m[39m[Push] Notifications module not available
baci-mobile-admin:test:
baci-mobile-admin:test: [90mstderr[2m | services/push-notifications.test.ts[2m > [22m[2mpush notification native loading[2m > [22m[2mreturns false when saving the push token fails
baci-mobile-admin:test: [22m[39m[Push] Failed to save push token: { message: [32m'RLS policy violation'[39m }
baci-mobile-admin:test:
baci-mobile-admin:test: [90mstdout[2m | services/push-notifications.test.ts[2m > [22m[2mpush notification native loading[2m > [22m[2mreturns false when saving the push token fails
baci-mobile-admin:test: [22m[39m[Push] Native notifications skipped on simulator
baci-mobile-admin:test:
baci-mobile-admin:test:  [32m✓[39m services/push-notifications.test.ts [2m([22m[2m7 tests[22m[2m)[22m[32m 108[2mms[22m[39m
@baci/web:test: [90mstderr[2m | src/lib/expo-push.test.ts[2m > [22m[2mnotifyAdminUserDevices[2m > [22m[2mreturns errors when the database query fails
@baci/web:test: [22m[39mError fetching admin user push tokens: { message: [32m'DB connection lost'[39m }
@baci/web:test:
@baci/web:test: [90mstderr[2m | src/lib/expo-push.test.ts[2m > [22m[2mnotifyAdminUserDevices[2m > [22m[2mreturns errors when the database query fails
@baci/web:test: [22m[39mFailed to store push attempt: { message: [32m'DB connection lost'[39m }
@baci/web:test:
@baci/web:test:  [32m✓[39m src/lib/expo-push.test.ts [2m([22m[2m23 tests[22m[2m)[22m[32m 201[2mms[22m[39m
@baci/web:test: [90mstdout[2m | src/app/api/merchant/publish/route.test.ts[2m > [22m[2mPOST /api/merchant/publish[2m > [22m[2mvalidation - bank details[2m > [22m[2mreturns 400 when bank account details are missing
@baci/web:test: [22m[39m[Publish API] Product check: {
@baci/web:test:   merchantId: [32m'6b5cb8a4-5575-456c-b936-8cdfae30db74'[39m,
@baci/web:test:   activeCount: [33m0[39m,
@baci/web:test:   totalProducts: [33m0[39m,
@baci/web:test:   productError: [1mnull[22m,
@baci/web:test:   totalProductsError: [1mnull[22m
@baci/web:test: }
@baci/web:test:
@baci/web:test: [90mstdout[2m | src/app/api/merchant/publish/route.test.ts[2m > [22m[2mPOST /api/merchant/publish[2m > [22m[2mvalidation - bank details[2m > [22m[2mreturns 400 when only bank code is missing
@baci/web:test: [22m[39m[Publish API] Product check: {
@baci/web:test:   merchantId: [32m'6b5cb8a4-5575-456c-b936-8cdfae30db74'[39m,
@baci/web:test:   activeCount: [33m0[39m,
@baci/web:test:   totalProducts: [33m0[39m,
@baci/web:test:   productError: [1mnull[22m,
@baci/web:test:   totalProductsError: [1mnull[22m
@baci/web:test: }
@baci/web:test:
baci-mobile-admin:test:  [32m✓[39m components/customer-edit/ContactInfoForm.test.tsx [2m([22m[2m2 tests[22m[2m)[22m[33m 351[2mms[22m[39m
baci-mobile-admin:test:      [33m[2m✓[22m[39m renders email and phone fields and forwards interactions [33m 321[2mms[22m[39m
@baci/web:test: [90mstdout[2m | src/app/api/merchant/publish/route.test.ts[2m > [22m[2mPOST /api/merchant/publish[2m > [22m[2mvalidation - bank details[2m > [22m[2mreturns 400 when only paystack subaccount is missing
@baci/web:test: [22m[39m[Publish API] Product check: {
@baci/web:test:   merchantId: [32m'6b5cb8a4-5575-456c-b936-8cdfae30db74'[39m,
@baci/web:test:   activeCount: [33m0[39m,
@baci/web:test:   totalProducts: [33m0[39m,
@baci/web:test:   productError: [1mnull[22m,
@baci/web:test:   totalProductsError: [1mnull[22m
@baci/web:test: [90mstderr[2m | src/app/api/merchant/publish/route.test.ts[2m > [22m[2mPOST /api/merchant/publish[2m > [22m[2mvalidation - bank details[2m > [22m[2mreturns 500 when payment settings cannot be loaded
@baci/web:test: }
@baci/web:test: [22m[39m[Publish API] merchant_feature_settings read failed: { message: [32m'database unavailable'[39m }
@baci/web:test:
@baci/web:test: [90mstdout[2m | src/app/api/merchant/publish/route.test.ts[2m > [22m[2mPOST /api/merchant/publish[2m > [22m[2mvalidation - bank details[2m > [22m[2mpublishes an India merchant when Pay on Delivery is enabled and Paystack bank details are missing
@baci/web:test:
@baci/web:test: [22m[39m[Publish API] Product check: {
@baci/web:test:   merchantId: [32m'6b5cb8a4-5575-456c-b936-8cdfae30db74'[39m,
@baci/web:test:   activeCount: [33m1[39m,
@baci/web:test:   totalProducts: [33m1[39m,
@baci/web:test:   productError: [1mnull[22m,
@baci/web:test:   totalProductsError: [1mnull[22m
@baci/web:test: }
@baci/web:test:
@baci/web:test: [90mstdout[2m | src/app/api/merchant/publish/route.test.ts[2m > [22m[2mPOST /api/merchant/publish[2m > [22m[2mvalidation - country[2m > [22m[2mreturns 400 when country is missing
@baci/web:test: [22m[39m[Publish API] Product check: {
@baci/web:test:   merchantId: [32m'6b5cb8a4-5575-456c-b936-8cdfae30db74'[39m,
@baci/web:test:   activeCount: [33m0[39m,
@baci/web:test:   totalProducts: [33m0[39m,
@baci/web:test:   productError: [1mnull[22m,
@baci/web:test:   totalProductsError: [1mnull[22m
@baci/web:test: }
@baci/web:test:
@baci/web:test: [90mstdout[2m | src/app/api/merchant/publish/route.test.ts[2m > [22m[2mPOST /api/merchant/publish[2m > [22m[2mvalidation - contact info[2m > [22m[2mreturns 400 when both email and phone are missing
@baci/web:test: [22m[39m[Publish API] Product check: {
@baci/web:test:   merchantId: [32m'6b5cb8a4-5575-456c-b936-8cdfae30db74'[39m,
@baci/web:test:   activeCount: [33m0[39m,
@baci/web:test:   totalProducts: [33m0[39m,
@baci/web:test:   productError: [1mnull[22m,
@baci/web:test:   totalProductsError: [1mnull[22m
@baci/web:test: }
@baci/web:test:
@baci/web:test: [90mstdout[2m | src/app/api/merchant/publish/route.test.ts[2m > [22m[2mPOST /api/merchant/publish[2m > [22m[2mvalidation - contact info[2m > [22m[2msucceeds when only email is provided
@baci/web:test: [22m[39m[Publish API] Product check: {
@baci/web:test:   merchantId: [32m'6b5cb8a4-5575-456c-b936-8cdfae30db74'[39m,
@baci/web:test:   activeCount: [33m1[39m,
@baci/web:test:   totalProducts: [33m1[39m,
@baci/web:test:   productError: [1mnull[22m,
@baci/web:test:   totalProductsError: [1mnull[22m
@baci/web:test: }
@baci/web:test:
@baci/web:test: [90mstdout[2m | src/app/api/merchant/publish/route.test.ts[2m > [22m[2mPOST /api/merchant/publish[2m > [22m[2mvalidation - contact info[2m > [22m[2msucceeds when only phone is provided
@baci/web:test: [22m[39m[Publish API] Product check: {
@baci/web:test:   merchantId: [32m'6b5cb8a4-5575-456c-b936-8cdfae30db74'[39m,
@baci/web:test:   activeCount: [33m1[39m,
@baci/web:test:   totalProducts: [33m1[39m,
@baci/web:test:   productError: [1mnull[22m,
@baci/web:test:   totalProductsError: [1mnull[22m
@baci/web:test: }
@baci/web:test:
@baci/web:test: [90mstdout[2m | src/app/api/merchant/publish/route.test.ts[2m > [22m[2mPOST /api/merchant/publish[2m > [22m[2mvalidation - kyc[2m > [22m[2mreturns 400 when no KYC identifier is verified
@baci/web:test: [22m[39m[Publish API] Product check: {
@baci/web:test:   merchantId: [32m'6b5cb8a4-5575-456c-b936-8cdfae30db74'[39m,
@baci/web:test:   activeCount: [33m1[39m,
@baci/web:test:   totalProducts: [33m1[39m,
@baci/web:test:   productError: [1mnull[22m,
@baci/web:test:   totalProductsError: [1mnull[22m
@baci/web:test: }
@baci/web:test:
@baci/web:test: [90mstdout[2m | src/app/api/merchant/publish/route.test.ts[2m > [22m[2mPOST /api/merchant/publish[2m > [22m[2mvalidation - kyc[2m > [22m[2mreturns 400 when no merchant_verifications row exists
@baci/web:test: [22m[39m[Publish API] Product check: {
@baci/web:test:   merchantId: [32m'6b5cb8a4-5575-456c-b936-8cdfae30db74'[39m,
@baci/web:test:   activeCount: [33m1[39m,
@baci/web:test:   totalProducts: [33m1[39m,
@baci/web:test:   productError: [1mnull[22m,
@baci/web:test:   totalProductsError: [1mnull[22m
@baci/web:test: }
@baci/web:test:
@baci/web:test: [90mstderr[2m | src/app/api/merchant/publish/route.test.ts[2m > [22m[2mPOST /api/merchant/publish[2m > [22m[2mvalidation - kyc[2m > [22m[2mreturns 500 when verification lookup fails
@baci/web:test: [90mstdout[2m | src/app/api/merchant/publish/route.test.ts[2m > [22m[2mPOST /api/merchant/publish[2m > [22m[2mvalidation - kyc[2m > [22m[2msucceeds when only BVN is verified
@baci/web:test: [22m[39m[Publish API] merchant_verifications read failed: { message: [32m'connection refused'[39m }
@baci/web:test: [22m[39m[Publish API] Product check: {
@baci/web:test:
@baci/web:test:   merchantId: [32m'6b5cb8a4-5575-456c-b936-8cdfae30db74'[39m,
@baci/web:test:   activeCount: [33m1[39m,
@baci/web:test:   totalProducts: [33m1[39m,
@baci/web:test:   productError: [1mnull[22m,
@baci/web:test:   totalProductsError: [1mnull[22m
@baci/web:test: }
@baci/web:test:
@baci/web:test: [90mstdout[2m | src/app/api/merchant/publish/route.test.ts[2m > [22m[2mPOST /api/merchant/publish[2m > [22m[2mvalidation - kyc[2m > [22m[2msucceeds when only CAC is verified
@baci/web:test: [22m[39m[Publish API] Product check: {
@baci/web:test:   merchantId: [32m'6b5cb8a4-5575-456c-b936-8cdfae30db74'[39m,
@baci/web:test:   activeCount: [33m1[39m,
@baci/web:test:   totalProducts: [33m1[39m,
@baci/web:test:   productError: [1mnull[22m,
@baci/web:test:   totalProductsError: [1mnull[22m
@baci/web:test: }
@baci/web:test:
@baci/web:test: [90mstdout[2m | src/app/api/merchant/publish/route.test.ts[2m > [22m[2mPOST /api/merchant/publish[2m > [22m[2mvalidation - products[2m > [22m[2mreturns 400 when no active products exist
@baci/web:test: [90mstderr[2m | src/app/api/merchant/publish/route.test.ts[2m > [22m[2mPOST /api/merchant/publish[2m > [22m[2mvalidation - kyc[2m > [22m[2mreturns 500 when verification lookup fails
@baci/web:test: [22m[39m[Publish API] Product check: {
@baci/web:test:   merchantId: [32m'6b5cb8a4-5575-456c-b936-8cdfae30db74'[39m,
@baci/web:test:   activeCount: [33m0[39m,
@baci/web:test:   totalProducts: [33m0[39m,
@baci/web:test: [22m[39mStore publish error: Error: Failed to load verification status
@baci/web:test:   productError: [1mnull[22m,
@baci/web:test:     at getVerificationStatus [90m(/app/apps/web/[39msrc/app/api/merchant/publish/route.ts:44:11[90m)[39m
@baci/web:test:   totalProductsError: [1mnull[22m
@baci/web:test: }
@baci/web:test:
@baci/web:test: [90m    at processTicksAndRejections (node:internal/process/task_queues:103:5)[39m
@baci/web:test: [90mstdout[2m | src/app/api/merchant/publish/route.test.ts[2m > [22m[2mPOST /api/merchant/publish[2m > [22m[2mvalidation - products[2m > [22m[2mreturns 400 with helpful message when products exist but none active
@baci/web:test: [22m[39m[Publish API] Product check: {
@baci/web:test:   merchantId: [32m'6b5cb8a4-5575-456c-b936-8cdfae30db74'[39m,
@baci/web:test:   activeCount: [33m0[39m,
@baci/web:test:   totalProducts: [33m5[39m,
@baci/web:test:     at Module.POST [90m(/app/apps/web/[39msrc/app/api/merchant/publish/route.ts:146:28[90m)[39m
@baci/web:test:   productError: [1mnull[22m,
@baci/web:test:   totalProductsError: [1mnull[22m
@baci/web:test: }
@baci/web:test:
@baci/web:test:     at [90m/app/apps/web/[39msrc/app/api/merchant/publish/route.test.ts:527:19
@baci/web:test:     at [90mfile:///app/apps/web/[39mnode_modules/[4m@vitest/runner[24m/dist/index.js:915:20
@baci/web:test:
@baci/web:test: [90mstdout[2m | src/app/api/merchant/publish/route.test.ts[2m > [22m[2mPOST /api/merchant/publish[2m > [22m[2mvalidation - multiple missing items[2m > [22m[2mreturns all missing items in the error response
@baci/web:test: [22m[39m[Publish API] Product check: {
@baci/web:test:   merchantId: [32m'6b5cb8a4-5575-456c-b936-8cdfae30db74'[39m,
@baci/web:test:   activeCount: [33m0[39m,
@baci/web:test:   totalProducts: [33m0[39m,
@baci/web:test:   productError: [1mnull[22m,
@baci/web:test:   totalProductsError: [1mnull[22m
@baci/web:test: }
@baci/web:test:
@baci/web:test: [90mstdout[2m | src/app/api/merchant/publish/route.test.ts[2m > [22m[2mPOST /api/merchant/publish[2m > [22m[2msuccess path[2m > [22m[2mpublishes store and returns success when all requirements met
@baci/web:test: [22m[39m[Publish API] Product check: {
@baci/web:test:   merchantId: [32m'6b5cb8a4-5575-456c-b936-8cdfae30db74'[39m,
@baci/web:test: [90mstderr[2m | src/app/api/merchant/publish/route.test.ts[2m > [22m[2mPOST /api/merchant/publish[2m > [22m[2merror handling[2m > [22m[2mreturns 500 when update fails
@baci/web:test:   activeCount: [33m3[39m,
@baci/web:test:   totalProducts: [33m3[39m,
@baci/web:test:   productError: [1mnull[22m,
@baci/web:test:   totalProductsError: [1mnull[22m
@baci/web:test: }
@baci/web:test: [22m[39mError publishing store: { message: [32m'Database error'[39m }
@baci/web:test:
@baci/web:test:
@baci/web:test: [90mstderr[2m | src/app/api/merchant/publish/route.test.ts[2m > [22m[2mPOST /api/merchant/publish[2m > [22m[2merror handling[2m > [22m[2mreturns 500 on unexpected exception
@baci/web:test: [90mstdout[2m | src/app/api/merchant/publish/route.test.ts[2m > [22m[2mPOST /api/merchant/publish[2m > [22m[2msuccess path[2m > [22m[2msucceeds when products are available
@baci/web:test: [22m[39m[Publish API] Product check: {
@baci/web:test:   merchantId: [32m'6b5cb8a4-5575-456c-b936-8cdfae30db74'[39m,
@baci/web:test:   activeCount: [33m2[39m,
@baci/web:test:   totalProducts: [33m5[39m,
@baci/web:test:   productError: [1mnull[22m,
@baci/web:test:   totalProductsError: [1mnull[22m
@baci/web:test: }
@baci/web:test:
@baci/web:test: [90mstdout[2m | src/app/api/merchant/publish/route.test.ts[2m > [22m[2mPOST /api/merchant/publish[2m > [22m[2merror handling[2m > [22m[2mreturns 500 when update fails
@baci/web:test: [22m[39m[Publish API] Product check: {
@baci/web:test: [22m[39mStore publish error: Error: Unexpected error
@baci/web:test:   merchantId: [32m'6b5cb8a4-5575-456c-b936-8cdfae30db74'[39m,
@baci/web:test:     at [90m/app/apps/web/[39msrc/app/api/merchant/publish/route.test.ts:666:15
@baci/web:test:     at Mock [90m(file:///app/apps/web/[39mnode_modules/[4m@vitest/spy[24m/dist/index.js:285:34[90m)[39m
@baci/web:test:   activeCount: [33m1[39m,
@baci/web:test:   totalProducts: [33m1[39m,
@baci/web:test:   productError: [1mnull[22m,
@baci/web:test:     at getUserAccess [90m(/app/apps/web/[39msrc/app/api/merchant/publish/route.test.ts:21:42[90m)[39m
@baci/web:test:   totalProductsError: [1mnull[22m
@baci/web:test: }
@baci/web:test:     at Module.POST [90m(/app/apps/web/[39msrc/app/api/merchant/publish/route.ts:81:26[90m)[39m
@baci/web:test:
@baci/web:test: [90m    at processTicksAndRejections (node:internal/process/task_queues:103:5)[39m
@baci/web:test:     at [90m/app/apps/web/[39msrc/app/api/merchant/publish/route.test.ts:669:19
@baci/web:test:     at [90mfile:///app/apps/web/[39mnode_modules/[4m@vitest/runner[24m/dist/index.js:915:20
@baci/web:test:
@baci/web:test: [90mstderr[2m | src/app/api/merchant/publish/route.test.ts[2m > [22m[2mDELETE /api/merchant/publish[2m > [22m[2merror handling[2m > [22m[2mreturns 500 when update fails
@baci/web:test: [22m[39mError unpublishing store: { message: [32m'Database error'[39m }
@baci/web:test:
@baci/web:test: [90mstderr[2m | src/app/api/merchant/publish/route.test.ts[2m > [22m[2mDELETE /api/merchant/publish[2m > [22m[2merror handling[2m > [22m[2mreturns 500 on unexpected exception
@baci/web:test: [22m[39mStore unpublish error: Error: Unexpected error
@baci/web:test:     at [90m/app/apps/web/[39msrc/app/api/merchant/publish/route.test.ts:777:15
@baci/web:test:     at Mock [90m(file:///app/apps/web/[39mnode_modules/[4m@vitest/spy[24m/dist/index.js:285:34[90m)[39m
@baci/web:test:     at getUserAccess [90m(/app/apps/web/[39msrc/app/api/merchant/publish/route.test.ts:21:42[90m)[39m
@baci/web:test:     at Module.DELETE [90m(/app/apps/web/[39msrc/app/api/merchant/publish/route.ts:271:26[90m)[39m
@baci/web:test: [90m    at processTicksAndRejections (node:internal/process/task_queues:103:5)[39m
@baci/web:test:     at [90m/app/apps/web/[39msrc/app/api/merchant/publish/route.test.ts:780:19
@baci/web:test:     at [90mfile:///app/apps/web/[39mnode_modules/[4m@vitest/runner[24m/dist/index.js:915:20
@baci/web:test:
@baci/web:test:  [32m✓[39m src/app/api/merchant/publish/route.test.ts [2m([22m[2m32 tests[22m[2m)[22m[32m 145[2mms[22m[39m
baci-mobile-admin:test:  [32m✓[39m hooks/useBlogEditor.commands.test.tsx [2m([22m[2m8 tests[22m[2m)[22m[33m 606[2mms[22m[39m
baci-mobile-admin:test:  [32m✓[39m hooks/orders/useShipOnCredit.test.ts [2m([22m[2m6 tests[22m[2m)[22m[32m 55[2mms[22m[39m
@baci/web:test:  [32m✓[39m src/app/api/builder/builder-route-utils.test.ts [2m([22m[2m12 tests[22m[2m)[22m[32m 99[2mms[22m[39m
@baci/web:test: [90mstderr[2m | src/app/api/mobile-onboarding/route.test.ts[2m > [22m[2mPOST /api/mobile-onboarding[2m > [22m[2mproceeds with signup when breach check throws (fail-open)
@baci/web:test: [22m[39mPassword breach check failed, proceeding with signup: Error: HIBP API timeout
@baci/web:test:     at [90m/app/apps/web/[39msrc/app/api/mobile-onboarding/route.test.ts:237:7
@baci/web:test: [90m    at processTicksAndRejections (node:internal/process/task_queues:103:5)[39m
@baci/web:test:     at [90mfile:///app/apps/web/[39mnode_modules/[4m@vitest/runner[24m/dist/index.js:915:20
@baci/web:test:
@baci/web:test: [90mstderr[2m | src/app/api/mobile-onboarding/route.test.ts[2m > [22m[2mPOST /api/mobile-onboarding[2m > [22m[2mreturns 500 when merchant lookup fails
@baci/web:test: [22m[39mMerchant lookup failed: { message: [32m'DB error'[39m, code: [32m'42P01'[39m }
@baci/web:test:
@baci/web:test: [90mstderr[2m | src/app/api/mobile-onboarding/route.test.ts[2m > [22m[2mPOST /api/mobile-onboarding[2m > [22m[2mreturns 500 for non-duplicate domain error
@baci/web:test: [22m[39mDomain creation failed for merchant merch-1 { message: [32m'RLS violation'[39m, code: [32m'42501'[39m }
@baci/web:test:
@baci/web:test: [90mstderr[2m | src/app/api/mobile-onboarding/route.test.ts[2m > [22m[2mPOST /api/mobile-onboarding[2m > [22m[2mreturns generic 500 for unexpected errors (no message leak)
@baci/web:test: [22m[39mMobile onboarding error: {"name":"Error","message":"SECRET_DB_CONNECTION_STRING leaked","stack":"Error: SECRET_DB_CONNECTION_STRING leaked |     at Object.<anonymous> (/app/apps/web/src/app/api/mobile-onboarding/route.test.ts:737:13) |     at Object.Mock (file:///app/apps/web/node_modules/@vitest/spy/dist/index.js:285:34)"}
@baci/web:test:
@baci/web:test:  [32m✓[39m src/app/api/mobile-onboarding/route.test.ts [2m([22m[2m18 tests[22m[2m)[22m[32m 295[2mms[22m[39m
baci-mobile-admin:test:  [32m✓[39m __tests__/auth/complete-profile.test.tsx [2m([22m[2m3 tests[22m[2m)[22m[33m 2982[2mms[22m[39m
baci-mobile-admin:test:      [33m[2m✓[22m[39m submits the completed profile payload from the form [33m 1933[2mms[22m[39m
baci-mobile-admin:test:      [33m[2m✓[22m[39m blocks submission when required fields are missing [32m 300[2mms[22m[39m
baci-mobile-admin:test:      [33m[2m✓[22m[39m clears stale otherBusinessType when switching away from Other [33m 736[2mms[22m[39m
baci-mobile-admin:test:  [32m✓[39m components/customize/CustomizeChatPanel.test.tsx [2m([22m[2m3 tests[22m[2m)[22m[33m 993[2mms[22m[39m
baci-mobile-admin:test:      [33m[2m✓[22m[39m renders the shared keyboard shell and forwards suggestion presses [33m 869[2mms[22m[39m
baci-mobile-admin:test: [90mstderr[2m | hooks/useStoreReadiness.test.tsx[2m > [22m[2museStoreReadiness[2m > [22m[2mdefaults KYC to unverified when the RPC returns an authorization error
baci-mobile-admin:test: [22m[39m[StoreReadiness] verification lookup failed; defaulting to unverified { message: [32m'not authorized'[39m }
baci-mobile-admin:test:
baci-mobile-admin:test:  [32m✓[39m hooks/useStoreReadiness.test.tsx [2m([22m[2m4 tests[22m[2m)[22m[33m 390[2mms[22m[39m
@baci/web:test:  [32m✓[39m src/app/(storefront)/[slug]/sitemap-data.test.ts [2m([22m[2m17 tests[22m[2m)[22m[32m 234[2mms[22m[39m
baci-mobile-admin:test:  [32m✓[39m components/ui/AppKeyboardContainer.test.tsx [2m([22m[2m7 tests[22m[2m)[22m[33m 630[2mms[22m[39m
baci-mobile-admin:test:      [33m[2m✓[22m[39m renders children inside the shared keyboard-safe wrappers [33m 447[2mms[22m[39m
@baci/web:test:  [32m✓[39m src/schemas/vtu.test.ts [2m([22m[2m58 tests[22m[2m)[22m[32m 96[2mms[22m[39m
baci-mobile-admin:test:  [32m✓[39m hooks/orders/useOrdersList.test.ts [2m([22m[2m6 tests[22m[2m)[22m[32m 49[2mms[22m[39m
baci-mobile-admin:test:  [32m✓[39m hooks/completeOrderShipment.test.ts [2m([22m[2m4 tests[22m[2m)[22m[32m 49[2mms[22m[39m
baci-mobile-admin:test:  [32m✓[39m components/orders/OrderDetailsScreenContent.test.tsx [2m([22m[2m1 test[22m[2m)[22m[33m 625[2mms[22m[39m
baci-mobile-admin:test:      [33m[2m✓[22m[39m renders an accessible share-order action in the header [33m 621[2mms[22m[39m
@baci/web:test:  [32m✓[39m src/app/api/quiz/events/route.test.ts [2m([22m[2m20 tests[22m[2m)[22m[33m 923[2mms[22m[39m
@baci/web:test:      [33m[2m✓[22m[39m returns 401 when the customer is unauthenticated [33m 764[2mms[22m[39m
@baci/web:test: [90mstderr[2m | src/app/api/events/route.test.ts[2m > [22m[2mPOST /api/events[2m > [22m[2mError handling[2m > [22m[2mreturns 500 on database insert error
@baci/web:test: [22m[39mFailed to insert analytics event: { message: [32m'Database connection failed'[39m }
@baci/web:test:
@baci/web:test: [90mstderr[2m | src/app/api/events/route.test.ts[2m > [22m[2mPOST /api/events[2m > [22m[2mError handling[2m > [22m[2mreturns 500 on database upsert error
@baci/web:test: [22m[39mFailed to upsert analytics event: { message: [32m'Conflict error'[39m }
@baci/web:test:
@baci/web:test: [90mstderr[2m | src/app/api/events/route.test.ts[2m > [22m[2mPOST /api/events[2m > [22m[2mError handling[2m > [22m[2mreturns 500 on JSON parsing error
@baci/web:test: [22m[39mEvent tracking error: SyntaxError: Unexpected token 'i', "invalid json" is not valid JSON
@baci/web:test:     at JSON.parse (<anonymous>)
@baci/web:test: [90m    at parseJSONFromBytes (node:internal/deps/undici/undici:5852:19)[39m
@baci/web:test: [90m    at successSteps (node:internal/deps/undici/undici:5833:27)[39m
@baci/web:test: [90m    at fullyReadBody (node:internal/deps/undici/undici:4725:9)[39m
@baci/web:test: [90m    at processTicksAndRejections (node:internal/process/task_queues:103:5)[39m
@baci/web:test: [90m    at consumeBody (node:internal/deps/undici/undici:5842:7)[39m
@baci/web:test:     at Module.POST [90m(/app/apps/web/[39msrc/app/api/events/route.ts:43:18[90m)[39m
@baci/web:test:     at [90m/app/apps/web/[39msrc/app/api/events/route.test.ts:532:24
@baci/web:test:     at [90mfile:///app/apps/web/[39mnode_modules/[4m@vitest/runner[24m/dist/index.js:915:20
@baci/web:test:
@baci/web:test: [90mstderr[2m | src/app/api/events/route.test.ts[2m > [22m[2mPOST /api/events[2m > [22m[2mAd platform fan-out[2m > [22m[2mhandles ad platform errors gracefully without failing request
@baci/web:test: [22m[39mCAPI fan-out error (after): Error: Ad platform API failed
@baci/web:test:     at [90m/app/apps/web/[39msrc/app/api/events/route.test.ts:665:9
@baci/web:test:     at [90mfile:///app/apps/web/[39mnode_modules/[4m@vitest/runner[24m/dist/index.js:145:11
@baci/web:test:     at [90mfile:///app/apps/web/[39mnode_modules/[4m@vitest/runner[24m/dist/index.js:915:26
@baci/web:test:     at [90mfile:///app/apps/web/[39mnode_modules/[4m@vitest/runner[24m/dist/index.js:1243:20
@baci/web:test:     at new Promise (<anonymous>)
@baci/web:test:     at runWithTimeout [90m(file:///app/apps/web/[39mnode_modules/[4m@vitest/runner[24m/dist/index.js:1209:10[90m)[39m
@baci/web:test:     at [90mfile:///app/apps/web/[39mnode_modules/[4m@vitest/runner[24m/dist/index.js:1653:37
@baci/web:test:     at Traces.$ [90m(file:///app/apps/web/[39mnode_modules/[4mvitest[24m/dist/chunks/traces.CCmnQaNT.js:142:27[90m)[39m
@baci/web:test:     at trace [90m(file:///app/apps/web/[39mnode_modules/[4mvitest[24m/dist/chunks/test.B8ej_ZHS.js:239:21[90m)[39m
@baci/web:test:     at runTest [90m(file:///app/apps/web/[39mnode_modules/[4m@vitest/runner[24m/dist/index.js:1653:12[90m)[39m
@baci/web:test:
@baci/web:test:  [32m✓[39m src/app/api/events/route.test.ts [2m([22m[2m26 tests[22m[2m)[22m[32m 164[2mms[22m[39m
baci-mobile-admin:test:  [32m✓[39m components/staff/StaffListSection.test.tsx [2m([22m[2m5 tests[22m[2m)[22m[33m 1014[2mms[22m[39m
baci-mobile-admin:test:      [33m[2m✓[22m[39m renders staff rows and forwards member presses [33m 752[2mms[22m[39m
baci-mobile-admin:test:  [32m✓[39m hooks/createProductEditPersistenceActions.test.ts [2m([22m[2m6 tests[22m[2m)[22m[32m 39[2mms[22m[39m
baci-mobile-admin:test:  [32m✓[39m components/blog-editor/BlogEditorDialogs.test.tsx [2m([22m[2m4 tests[22m[2m)[22m[32m 300[2mms[22m[39m
baci-mobile-admin:test:  [32m✓[39m hooks/useOrderDetailsController.test.ts [2m([22m[2m3 tests[22m[2m)[22m[32m 151[2mms[22m[39m
@baci/web:test: [90mstderr[2m | src/app/api/marketplace/jumia/connect/route.test.ts[2m > [22m[2mConnect POST[2m > [22m[2mreturns 500 on DB insert error
@baci/web:test: [22m[39m[Jumia Connect] Database error: { message: [32m'unique violation'[39m }
@baci/web:test:
@baci/web:test: [90mstderr[2m | src/app/api/marketplace/jumia/connect/route.test.ts[2m > [22m[2mConnect GET[2m > [22m[2mreturns 500 when the connection status query fails
@baci/web:test: [22m[39m[Jumia Connect] Failed to fetch connection status: { message: [32m'Database error'[39m }
@baci/web:test:
@baci/web:test: [90mstderr[2m | src/app/api/marketplace/jumia/connect/route.test.ts[2m > [22m[2mConnect DELETE[2m > [22m[2mreturns 500 when the disconnect update fails
@baci/web:test: [22m[39m[Jumia Disconnect] Error: { message: [32m'db error'[39m }
@baci/web:test:
@baci/web:test:  [32m✓[39m src/app/api/marketplace/jumia/connect/route.test.ts [2m([22m[2m31 tests[22m[2m)[22m[32m 176[2mms[22m[39m
baci-mobile-admin:test: [90mstderr[2m | components/orders/NewOrderFinancialSheet.test.tsx[2m > [22m[2mNewOrderFinancialSheet[2m > [22m[2mrenders the amount label with the merchant currency code
baci-mobile-admin:test: [22m[39mYou provided a `value` prop to a form field without an `onChange` handler. This will render a read-only field. If the field should be mutable use `defaultValue`. Otherwise, set either `onChange` or `readOnly`.
baci-mobile-admin:test:
baci-mobile-admin:test: [90mstderr[2m | components/orders/NewOrderFinancialSheet.test.tsx[2m > [22m[2mNewOrderFinancialSheet[2m > [22m[2mfalls back to a currency-neutral amount label when no currency is set
baci-mobile-admin:test: [22m[39mYou provided a `value` prop to a form field without an `onChange` handler. This will render a read-only field. If the field should be mutable use `defaultValue`. Otherwise, set either `onChange` or `readOnly`.
baci-mobile-admin:test:
baci-mobile-admin:test:  [32m✓[39m hooks/useStorePublish.test.ts [2m([22m[2m4 tests[22m[2m)[22m[32m 125[2mms[22m[39m
baci-mobile-admin:test: [90mstderr[2m | components/orders/NewOrderFinancialSheet.test.tsx[2m > [22m[2mNewOrderFinancialSheet[2m > [22m[2mdoes not persist calculated VAT into manual taxes when VAT mode is enabled
baci-mobile-admin:test: [22m[39mYou provided a `value` prop to a form field without an `onChange` handler. This will render a read-only field. If the field should be mutable use `defaultValue`. Otherwise, set either `onChange` or `readOnly`.
baci-mobile-admin:test:
baci-mobile-admin:test: [90mstderr[2m | components/orders/NewOrderFinancialSheet.test.tsx[2m > [22m[2mNewOrderFinancialSheet[2m > [22m[2mpersists manual tax values when VAT mode is disabled
baci-mobile-admin:test: [22m[39mYou provided a `value` prop to a form field without an `onChange` handler. This will render a read-only field. If the field should be mutable use `defaultValue`. Otherwise, set either `onChange` or `readOnly`.
baci-mobile-admin:test:
baci-mobile-admin:test: [90mstderr[2m | components/orders/NewOrderFinancialSheet.test.tsx[2m > [22m[2mNewOrderFinancialSheet[2m > [22m[2mformats whole VAT percentages without a trailing decimal
baci-mobile-admin:test: [22m[39mYou provided a `value` prop to a form field without an `onChange` handler. This will render a read-only field. If the field should be mutable use `defaultValue`. Otherwise, set either `onChange` or `readOnly`.
baci-mobile-admin:test:
baci-mobile-admin:test:  [32m✓[39m components/orders/NewOrderFinancialSheet.test.tsx [2m([22m[2m5 tests[22m[2m)[22m[33m 978[2mms[22m[39m
baci-mobile-admin:test:      [33m[2m✓[22m[39m does not persist calculated VAT into manual taxes when VAT mode is enabled [33m 580[2mms[22m[39m
baci-mobile-admin:test:  [32m✓[39m lib/product-search.test.ts [2m([22m[2m6 tests[22m[2m)[22m[32m 51[2mms[22m[39m
@baci/web:test:  [32m✓[39m src/app/(storefront)/[slug]/(content)/pages/about/about-page-client.test.tsx [2m([22m[2m37 tests[22m[2m)[22m[33m 2408[2mms[22m[39m
@baci/web:test:        [33m[2m✓[22m[39m renders the hero heading with the merchant business name [33m 470[2mms[22m[39m
baci-mobile-admin:test:  [32m✓[39m __tests__/admin/blog-edit-content.test.tsx [2m([22m[2m4 tests[22m[2m)[22m[33m 1065[2mms[22m[39m
baci-mobile-admin:test:      [33m[2m✓[22m[39m renders inside the shared form shell with the editor toolbar [33m 731[2mms[22m[39m
@baci/web:test: [90mstderr[2m | src/app/api/products/route.test.ts[2m > [22m[2mGET /api/products[2m > [22m[2msuccess with products[2m > [22m[2mhandles stats RPC fallback gracefully
@baci/web:test: [22m[39mRPC get_merchant_inventory_stats failed: RPC not found
@baci/web:test:
@baci/web:test: [90mstderr[2m | src/app/api/products/route.test.ts[2m > [22m[2mGET /api/products[2m > [22m[2merror handling[2m > [22m[2mreturns 500 on database error
@baci/web:test: [22m[39mError fetching products: { message: [32m'Database error'[39m }
@baci/web:test:
@baci/web:test: [90mstderr[2m | src/app/api/products/route.test.ts[2m > [22m[2mGET /api/products[2m > [22m[2merror handling[2m > [22m[2mreturns 500 on unexpected error
@baci/web:test: [22m[39mUnexpected error in GET /api/products: Error: Unexpected error
@baci/web:test:     at Object.<anonymous> [90m(/app/apps/web/[39msrc/app/api/products/route.test.ts:200:31[90m)[39m
@baci/web:test:     at Object.Mock [as getUser] [90m(file:///app/apps/web/[39mnode_modules/[4m@vitest/spy[24m/dist/index.js:285:34[90m)[39m
@baci/web:test:     at Module.GET [90m(/app/apps/web/[39msrc/app/api/products/route.ts:90:29[90m)[39m
@baci/web:test: [90m    at processTicksAndRejections (node:internal/process/task_queues:103:5)[39m
@baci/web:test:     at [90m/app/apps/web/[39msrc/app/api/products/route.test.ts:505:19
@baci/web:test:     at [90mfile:///app/apps/web/[39mnode_modules/[4m@vitest/runner[24m/dist/index.js:915:20
@baci/web:test:
@baci/web:test: [90mstderr[2m | src/app/api/products/route.test.ts[2m > [22m[2mPOST /api/products[2m > [22m[2msuccess[2m > [22m[2mscopes rollback deletes to the merchant when variant creation fails
@baci/web:test: [22m[39mError creating variants: { message: [32m'Variant insert failed'[39m } { productId: [32m'product-456'[39m, variantCount: [33m1[39m }
@baci/web:test:
@baci/web:test: [90mstderr[2m | src/app/api/products/route.test.ts[2m > [22m[2mPOST /api/products[2m > [22m[2merror handling[2m > [22m[2mreturns 500 when product insertion fails
@baci/web:test: [22m[39mError creating product: { message: [32m'Insert failed'[39m }
@baci/web:test:
@baci/web:test:  [32m✓[39m src/app/api/products/route.test.ts [2m([22m[2m25 tests[22m[2m)[22m[32m 245[2mms[22m[39m
@baci/web:test: [90mstderr[2m | src/app/api/products/route.test.ts[2m > [22m[2mPOST /api/products[2m > [22m[2merror handling[2m > [22m[2mreturns 500 on unexpected error
@baci/web:test: [22m[39mUnexpected error in POST /api/products: Error: Unexpected error
@baci/web:test:     at Object.<anonymous> [90m(/app/apps/web/[39msrc/app/api/products/route.test.ts:200:31[90m)[39m
@baci/web:test:     at Object.Mock [as getUser] [90m(file:///app/apps/web/[39mnode_modules/[4m@vitest/spy[24m/dist/index.js:285:34[90m)[39m
@baci/web:test:     at Module.POST [90m(/app/apps/web/[39msrc/app/api/products/route.ts:422:29[90m)[39m
@baci/web:test: [90m    at processTicksAndRejections (node:internal/process/task_queues:103:5)[39m
@baci/web:test:     at [90m/app/apps/web/[39msrc/app/api/products/route.test.ts:783:19
@baci/web:test:     at [90mfile:///app/apps/web/[39mnode_modules/[4m@vitest/runner[24m/dist/index.js:915:20
@baci/web:test:
baci-mobile-admin:test:  [32m✓[39m stores/auth-store.test.ts [2m([22m[2m4 tests[22m[2m)[22m[32m 93[2mms[22m[39m
baci-mobile-admin:test:  [32m✓[39m hooks/useAnalyticsDetail.comparison.test.ts [2m([22m[2m7 tests[22m[2m)[22m[32m 37[2mms[22m[39m
baci-mobile-admin:test:  [32m✓[39m hooks/useQuickAddProductMatches.test.ts [2m([22m[2m5 tests[22m[2m)[22m[32m 299[2mms[22m[39m
@baci/web:test:  [32m✓[39m src/schemas/agentic-checkout.test.ts [2m([22m[2m62 tests[22m[2m)[22m[32m 93[2mms[22m[39m
@baci/web:test:  [32m✓[39m src/app/api/cache/revalidate/route.test.ts [2m([22m[2m25 tests[22m[2m)[22m[32m 258[2mms[22m[39m
baci-mobile-admin:test:  [32m✓[39m hooks/orders/useSendReminder.test.ts [2m([22m[2m7 tests[22m[2m)[22m[32m 35[2mms[22m[39m
baci-mobile-admin:test:  [32m✓[39m hooks/orders/useRecordPayment.test.ts [2m([22m[2m5 tests[22m[2m)[22m[32m 72[2mms[22m[39m
baci-mobile-admin:test:  [32m✓[39m components/orders/NewOrderAddressInput.test.tsx [2m([22m[2m6 tests[22m[2m)[22m[32m 208[2mms[22m[39m
@baci/web:test:  [32m✓[39m src/schemas/merchant-features.test.ts [2m([22m[2m38 tests[22m[2m)[22m[32m 65[2mms[22m[39m
baci-mobile-admin:test:  [32m✓[39m components/domains/DomainOptionsSheetActions.test.tsx [2m([22m[2m7 tests[22m[2m)[22m[33m 1554[2mms[22m[39m
baci-mobile-admin:test:      [33m[2m✓[22m[39m shows visit, verify, and delete actions for a pending custom non-primary domain [33m 823[2mms[22m[39m
@baci/web:test:  [32m✓[39m src/app/(platform)/onboarding/actions.test.ts [2m([22m[2m19 tests[22m[2m)[22m[33m 326[2mms[22m[39m
@baci/web:test:  [32m✓[39m src/lib/quiz-migration-contract.test.ts [2m([22m[2m22 tests[22m[2m)[22m[32m 77[2mms[22m[39m
baci-mobile-admin:test:  [32m✓[39m components/product/ProductVariantRow.test.tsx [2m([22m[2m1 test[22m[2m)[22m[33m 602[2mms[22m[39m
baci-mobile-admin:test:      [33m[2m✓[22m[39m reports field edits and row actions [33m 595[2mms[22m[39m
baci-mobile-admin:test: [90mstderr[2m | components/tax/StatePickerModal.test.tsx[2m > [22m[2mStatePickerModal[2m > [22m[2mrenders through the shared page-sheet shell
baci-mobile-admin:test: [22m[39mEach child in a list should have a unique "key" prop.
baci-mobile-admin:test:
baci-mobile-admin:test: Check the render method of `FlatList`. See https://react.dev/link/warning-keys for more information.
baci-mobile-admin:test:
@baci/web:test:  [32m✓[39m src/services/insurance.test.ts [2m([22m[2m22 tests[22m[2m)[22m[32m 73[2mms[22m[39m
baci-mobile-admin:test:  [32m✓[39m components/tax/StatePickerModal.test.tsx [2m([22m[2m5 tests[22m[2m)[22m[33m 901[2mms[22m[39m
baci-mobile-admin:test:      [33m[2m✓[22m[39m renders through the shared page-sheet shell [33m 666[2mms[22m[39m
baci-mobile-admin:test:  [32m✓[39m __tests__/admin/blog-preview.test.tsx [2m([22m[2m1 test[22m[2m)[22m[33m 793[2mms[22m[39m
baci-mobile-admin:test:      [33m[2m✓[22m[39m renders a merchant-scoped mobile article preview with the featured image [33m 789[2mms[22m[39m
baci-mobile-admin:test:  [32m✓[39m hooks/useNewOrderController.test.ts [2m([22m[2m5 tests[22m[2m)[22m[32m 257[2mms[22m[39m
@baci/web:test:  [32m✓[39m src/lib/agentic/checkout-order-tax.test.ts [2m([22m[2m18 tests[22m[2m)[22m[32m 29[2mms[22m[39m
baci-mobile-admin:test:  [32m✓[39m components/domains/DomainOptionsSheet.test.tsx [2m([22m[2m3 tests[22m[2m)[22m[33m 1226[2mms[22m[39m
baci-mobile-admin:test:      [33m[2m✓[22m[39m runs selected action only after close interactions complete [33m 843[2mms[22m[39m
@baci/web:test:  [32m✓[39m src/app/api/feed/openai/feed-data.test.ts [2m([22m[2m12 tests[22m[2m)[22m[32m 74[2mms[22m[39m
baci-mobile-admin:test:  [32m✓[39m components/auth/LoginSecondaryActions.test.tsx [2m([22m[2m5 tests[22m[2m)[22m[32m 284[2mms[22m[39m
baci-mobile-admin:test: [90mstderr[2m | hooks/useStaffAccounts.test.ts[2m > [22m[2museStaffAccounts[2m > [22m[2msurfaces branch API errors without firing the success callback
baci-mobile-admin:test: [22m[39mThe current testing environment is not configured to support act(...)
baci-mobile-admin:test:
baci-mobile-admin:test:  [32m✓[39m hooks/useStaffAccounts.test.ts [2m([22m[2m3 tests[22m[2m)[22m[33m 325[2mms[22m[39m
@baci/web:test: [90mstderr[2m | src/components/storefront/ogabassey/pages/checkout/components/OrderSummarySidebar.test.tsx[2m > [22m[2mOrderSummarySidebar[2m > [22m[2mOrder Items Rendering[2m > [22m[2mrenders all order items with correct names and quantities
@baci/web:test: [22m[39mReact does not recognize the `blurDataURL` prop on a DOM element. If you intentionally want it to appear in the DOM as a custom attribute, spell it as lowercase `blurdataurl` instead. If you accidentally passed it from a parent component, remove it from the DOM element.
@baci/web:test:
baci-mobile-admin:test:  [32m✓[39m components/product/ProductInventoryCard.test.tsx [2m([22m[2m2 tests[22m[2m)[22m[33m 1326[2mms[22m[39m
baci-mobile-admin:test:      [33m[2m✓[22m[39m updates stock quantity, threshold, and stock action buttons when inventory tracking is enabled [33m 1255[2mms[22m[39m
@baci/web:test: [90mstderr[2m | src/app/api/admin/analytics/route.test.ts[2m > [22m[2m/api/admin/analytics route[2m > [22m[2mreturns 500 when any analytics query fails
@baci/web:test: [22m[39mAdmin analytics query error: { message: [32m'summary unavailable'[39m }
@baci/web:test:
@baci/web:test: [90mstderr[2m | src/app/api/admin/analytics/route.test.ts[2m > [22m[2m/api/admin/analytics route[2m > [22m[2mreturns 500 when get_admin_platform_growth RPC fails
@baci/web:test: [22m[39mAdmin analytics query error: {
@baci/web:test:   code: [32m'42501'[39m,
@baci/web:test:   message: [32m'permission denied for table platform_growth'[39m
@baci/web:test: }
@baci/web:test:
@baci/web:test:  [32m✓[39m src/app/api/admin/analytics/route.test.ts [2m([22m[2m6 tests[22m[2m)[22m[32m 107[2mms[22m[39m
baci-mobile-admin:test:  [32m✓[39m components/blog-editor/sanitize-editor-html.test.ts [2m([22m[2m13 tests[22m[2m)[22m[32m 33[2mms[22m[39m
@baci/web:test:  [32m✓[39m src/app/api/orders/[id]/route.test.ts [2m([22m[2m9 tests[22m[2m)[22m[32m 45[2mms[22m[39m
baci-mobile-admin:test:  [32m✓[39m scripts/check-platform-drift.test.ts [2m([22m[2m13 tests[22m[2m)[22m[32m 58[2mms[22m[39m
@baci/web:test:  [32m✓[39m src/components/storefront/ogabassey/pages/checkout/components/OrderSummarySidebar.test.tsx [2m([22m[2m40 tests[22m[2m)[22m[33m 2610[2mms[22m[39m
@baci/web:test:        [33m[2m✓[22m[39m renders all order items with correct names and quantities [33m 350[2mms[22m[39m
@baci/web:test:        [33m[2m✓[22m[39m toggles wallet credit when toggle button is clicked [33m 400[2mms[22m[39m
baci-mobile-admin:test:  [32m✓[39m components/expenses/ExpenseFormFields.test.tsx [2m([22m[2m4 tests[22m[2m)[22m[33m 874[2mms[22m[39m
baci-mobile-admin:test:      [33m[2m✓[22m[39m forwards amount, description, category, and receipt actions [33m 322[2mms[22m[39m
baci-mobile-admin:test:      [33m[2m✓[22m[39m shows the receipt preview state when a receipt is selected [33m 494[2mms[22m[39m
baci-mobile-admin:test: [90mstdout[2m | __tests__/admin/tabs/index.test.tsx[2m > [22m[2mHomeScreen[2m > [22m[2mreserves the top safe area on the dashboard tab
baci-mobile-admin:test: [22m[39m[HomeScreen] Rendering
baci-mobile-admin:test:
baci-mobile-admin:test: [90mstdout[2m | __tests__/admin/tabs/index.test.tsx[2m > [22m[2mHomeScreen[2m > [22m[2mkeeps concise metric labels when scoped to a single branch
baci-mobile-admin:test: [22m[39m[HomeScreen] Rendering
baci-mobile-admin:test:
baci-mobile-admin:test:  [32m✓[39m __tests__/admin/tabs/index.test.tsx [2m([22m[2m2 tests[22m[2m)[22m[32m 295[2mms[22m[39m
baci-mobile-admin:test:  [32m✓[39m hooks/useAnalyticsDetail.aggregate.test.ts [2m([22m[2m7 tests[22m[2m)[22m[32m 109[2mms[22m[39m
@baci/web:test:  [32m✓[39m src/components/storefront/ogabassey/pages/checkout/handlers/direct-payment.test.ts [2m([22m[2m34 tests[22m[2m)[22m[32m 92[2mms[22m[39m
@baci/web:test:  [32m✓[39m src/app/api/payments/klump/webhook/route.test.ts [2m([22m[2m17 tests[22m[2m)[22m[32m 238[2mms[22m[39m
baci-mobile-admin:test:  [32m✓[39m app/(admin)/payment-methods.test.tsx [2m([22m[2m7 tests[22m[2m)[22m[33m 730[2mms[22m[39m
baci-mobile-admin:test:      [33m[2m✓[22m[39m renders Klump as a BNPL payment toggle [33m 362[2mms[22m[39m
@baci/web:test:  [32m✓[39m src/app/api/import-jobs/finalize/route.test.ts [2m([22m[2m12 tests[22m[2m)[22m[32m 82[2mms[22m[39m
@baci/mobile-storefront:test: PASS scripts/check-platform-drift.test.ts (42.454 s)
@baci/web:test:  [32m✓[39m src/app/api/vtu/checkout/wallet-only/route.test.ts [2m([22m[2m11 tests[22m[2m)[22m[33m 348[2mms[22m[39m
@baci/web:test:  [32m✓[39m src/components/storefront/ogabassey/pages/checkout/components/ContactStep.test.tsx [2m([22m[2m38 tests[22m[2m)[22m[33m 2873[2mms[22m[39m
@baci/web:test:        [33m[2m✓[22m[39m renders contact form when currentStep is contact [33m 791[2mms[22m[39m
baci-mobile-admin:test:  [32m✓[39m components/orders/OrderDetailsPaymentCard.test.tsx [2m([22m[2m4 tests[22m[2m)[22m[33m 803[2mms[22m[39m
baci-mobile-admin:test:      [33m[2m✓[22m[39m triggers the payment action handlers for unpaid orders [33m 683[2mms[22m[39m
baci-mobile-admin:test:  [32m✓[39m components/transactions/TransactionReconciliationItemCard.test.tsx [2m([22m[2m4 tests[22m[2m)[22m[33m 1080[2mms[22m[39m
baci-mobile-admin:test:      [33m[2m✓[22m[39m links a suggested match and keeps an item custom [33m 847[2mms[22m[39m
baci-mobile-admin:test:  [32m✓[39m app/(admin)/kyc.test.tsx [2m([22m[2m3 tests[22m[2m)[22m[33m 1073[2mms[22m[39m
baci-mobile-admin:test:      [33m[2m✓[22m[39m uses the shared verification refresh callback for all KYC cards [33m 820[2mms[22m[39m
baci-mobile-admin:test:  [32m✓[39m hooks/createProductEditVariantActions.test.ts [2m([22m[2m7 tests[22m[2m)[22m[32m 41[2mms[22m[39m
@baci/web:test:  [32m✓[39m src/lib/import-jobs/import-job-service.test.ts [2m([22m[2m11 tests[22m[2m)[22m[32m 245[2mms[22m[39m
@baci/web:test: [90mstdout[2m | src/app/api/payments/status/route.test.ts[2m > [22m[2mGET /api/payments/status[2m > [22m[2mreturns 400 when gateway is missing
@baci/web:test: [22m[39m[Payment Status] Raw query params: {
@baci/web:test:   gateway: [1mnull[22m,
@baci/web:test:   payment_id: [32m'pay_123'[39m,
@baci/web:test:   session_id: [90mundefined[39m,
@baci/web:test:   reference: [90mundefined[39m,
@baci/web:test:   check_address: [90mundefined[39m
@baci/web:test: }
@baci/web:test: [Payment Status] Zod validation failed: {
@baci/web:test:   formErrors: [],
@baci/web:test:   fieldErrors: {
@baci/web:test:     gateway: [ [32m"Expected 'juicyway' | 'paystack' | 'korapay', received null"[39m ]
@baci/web:test:   }
@baci/web:test: }
@baci/web:test:
@baci/web:test: [90mstdout[2m | src/app/api/payments/status/route.test.ts[2m > [22m[2mGET /api/payments/status[2m > [22m[2mreturns 400 when all identifiers are missing
@baci/web:test: [22m[39m[Payment Status] Raw query params: {
@baci/web:test:   gateway: [32m'juicyway'[39m,
@baci/web:test:   payment_id: [90mundefined[39m,
@baci/web:test:   session_id: [90mundefined[39m,
@baci/web:test:   reference: [90mundefined[39m,
@baci/web:test:   check_address: [90mundefined[39m
@baci/web:test: }
@baci/web:test: [Payment Status] Zod validation failed: {
@baci/web:test:   formErrors: [
@baci/web:test:     [32m'At least one of payment_id, session_id, or reference is required'[39m
@baci/web:test:   ],
@baci/web:test:   fieldErrors: {}
@baci/web:test: }
@baci/web:test:
@baci/web:test: [90mstdout[2m | src/app/api/payments/status/route.test.ts[2m > [22m[2mGET /api/payments/status[2m > [22m[2mreturns 400 for juicyway when no payment_id or session_id provided
@baci/web:test: [22m[39m[Payment Status] Raw query params: {
@baci/web:test:   gateway: [32m'juicyway'[39m,
@baci/web:test:   payment_id: [90mundefined[39m,
@baci/web:test:   session_id: [90mundefined[39m,
@baci/web:test:   reference: [32m'ref_123'[39m,
@baci/web:test:   check_address: [90mundefined[39m
@baci/web:test: }
@baci/web:test:
@baci/web:test: [90mstdout[2m | src/app/api/payments/status/route.test.ts[2m > [22m[2mGET /api/payments/status[2m > [22m[2mreturns verified succeeded status for juicyway payment
@baci/web:test: [22m[39m[Payment Status] Raw query params: {
@baci/web:test:   gateway: [32m'juicyway'[39m,
@baci/web:test:   payment_id: [32m'pay_123'[39m,
@baci/web:test:   session_id: [90mundefined[39m,
@baci/web:test:   reference: [90mundefined[39m,
@baci/web:test:   check_address: [90mundefined[39m
@baci/web:test: }
@baci/web:test: [Payment Status] Checking Juicyway payment: {
@baci/web:test:   payment_id: [32m'pay_123'[39m,
@baci/web:test:   session_id: [90mundefined[39m,
@baci/web:test:   verificationId: [32m'pay_123'[39m,
@baci/web:test:   gateway: [32m'juicyway'[39m,
@baci/web:test:   wantAddress: [33mfalse[39m
@baci/web:test: }
@baci/web:test:
@baci/web:test: [90mstdout[2m | src/app/api/payments/status/route.test.ts[2m > [22m[2mGET /api/payments/status[2m > [22m[2mreturns verified succeeded status for juicyway payment
@baci/web:test: [22m[39m[Payment Status] Juicyway result: { success: [33mtrue[39m, error: [90mundefined[39m, code: [90mundefined[39m }
@baci/web:test:
@baci/web:test: [90mstdout[2m | src/app/api/payments/status/route.test.ts[2m > [22m[2mGET /api/payments/status[2m > [22m[2mreturns failed status for juicyway payment
@baci/web:test: [22m[39m[Payment Status] Raw query params: {
@baci/web:test:   gateway: [32m'juicyway'[39m,
@baci/web:test:   payment_id: [32m'pay_456'[39m,
@baci/web:test:   session_id: [90mundefined[39m,
@baci/web:test:   reference: [90mundefined[39m,
@baci/web:test:   check_address: [90mundefined[39m
@baci/web:test: }
@baci/web:test: [Payment Status] Checking Juicyway payment: {
@baci/web:test:   payment_id: [32m'pay_456'[39m,
@baci/web:test:   session_id: [90mundefined[39m,
@baci/web:test:   verificationId: [32m'pay_456'[39m,
@baci/web:test:   gateway: [32m'juicyway'[39m,
@baci/web:test:   wantAddress: [33mfalse[39m
@baci/web:test: }
@baci/web:test:
@baci/web:test: [90mstdout[2m | src/app/api/payments/status/route.test.ts[2m > [22m[2mGET /api/payments/status[2m > [22m[2mreturns failed status for juicyway payment
@baci/web:test: [22m[39m[Payment Status] Juicyway result: { success: [33mtrue[39m, error: [90mundefined[39m, code: [90mundefined[39m }
@baci/web:test:
@baci/web:test: [90mstdout[2m | src/app/api/payments/status/route.test.ts[2m > [22m[2mGET /api/payments/status[2m > [22m[2mreturns cancelled status for juicyway payment
@baci/web:test: [22m[39m[Payment Status] Raw query params: {
@baci/web:test:   gateway: [32m'juicyway'[39m,
@baci/web:test:   payment_id: [32m'pay_789'[39m,
@baci/web:test:   session_id: [90mundefined[39m,
@baci/web:test:   reference: [90mundefined[39m,
@baci/web:test:   check_address: [90mundefined[39m
@baci/web:test: }
@baci/web:test: [Payment Status] Checking Juicyway payment: {
@baci/web:test:   payment_id: [32m'pay_789'[39m,
@baci/web:test:   session_id: [90mundefined[39m,
@baci/web:test:   verificationId: [32m'pay_789'[39m,
@baci/web:test:   gateway: [32m'juicyway'[39m,
@baci/web:test:   wantAddress: [33mfalse[39m
@baci/web:test: }
@baci/web:test:
@baci/web:test: [90mstdout[2m | src/app/api/payments/status/route.test.ts[2m > [22m[2mGET /api/payments/status[2m > [22m[2mreturns cancelled status for juicyway payment
@baci/web:test: [22m[39m[Payment Status] Juicyway result: { success: [33mtrue[39m, error: [90mundefined[39m, code: [90mundefined[39m }
@baci/web:test:
@baci/web:test: [90mstdout[2m | src/app/api/payments/status/route.test.ts[2m > [22m[2mGET /api/payments/status[2m > [22m[2mreturns pending status for juicyway payment
@baci/web:test: [22m[39m[Payment Status] Raw query params: {
@baci/web:test:   gateway: [32m'juicyway'[39m,
@baci/web:test:   payment_id: [32m'pay_pending'[39m,
@baci/web:test:   session_id: [90mundefined[39m,
@baci/web:test:   reference: [90mundefined[39m,
@baci/web:test:   check_address: [90mundefined[39m
@baci/web:test: }
@baci/web:test: [Payment Status] Checking Juicyway payment: {
@baci/web:test:   payment_id: [32m'pay_pending'[39m,
@baci/web:test:   session_id: [90mundefined[39m,
@baci/web:test:   verificationId: [32m'pay_pending'[39m,
@baci/web:test:   gateway: [32m'juicyway'[39m,
@baci/web:test:   wantAddress: [33mfalse[39m
@baci/web:test: }
@baci/web:test:
@baci/web:test: [90mstdout[2m | src/app/api/payments/status/route.test.ts[2m > [22m[2mGET /api/payments/status[2m > [22m[2mreturns pending status for juicyway payment
@baci/web:test: [22m[39m[Payment Status] Juicyway result: { success: [33mtrue[39m, error: [90mundefined[39m, code: [90mundefined[39m }
@baci/web:test:
@baci/web:test: [90mstdout[2m | src/app/api/payments/status/route.test.ts[2m > [22m[2mGET /api/payments/status[2m > [22m[2mreturns processing status for juicyway payment
@baci/web:test: [22m[39m[Payment Status] Raw query params: {
@baci/web:test:   gateway: [32m'juicyway'[39m,
@baci/web:test:   payment_id: [32m'pay_processing'[39m,
@baci/web:test:   session_id: [90mundefined[39m,
@baci/web:test:   reference: [90mundefined[39m,
@baci/web:test:   check_address: [90mundefined[39m
@baci/web:test: }
@baci/web:test: [Payment Status] Checking Juicyway payment: {
@baci/web:test:   payment_id: [32m'pay_processing'[39m,
@baci/web:test:   session_id: [90mundefined[39m,
@baci/web:test:   verificationId: [32m'pay_processing'[39m,
@baci/web:test:   gateway: [32m'juicyway'[39m,
@baci/web:test:   wantAddress: [33mfalse[39m
@baci/web:test: }
@baci/web:test:
@baci/web:test: [90mstdout[2m | src/app/api/payments/status/route.test.ts[2m > [22m[2mGET /api/payments/status[2m > [22m[2mreturns processing status for juicyway payment
@baci/web:test: [22m[39m[Payment Status] Juicyway result: { success: [33mtrue[39m, error: [90mundefined[39m, code: [90mundefined[39m }
@baci/web:test:
@baci/web:test: [90mstdout[2m | src/app/api/payments/status/route.test.ts[2m > [22m[2mGET /api/payments/status[2m > [22m[2mreturns 400 when juicyway verify fails
@baci/web:test: [22m[39m[Payment Status] Raw query params: {
@baci/web:test:   gateway: [32m'juicyway'[39m,
@baci/web:test:   payment_id: [32m'pay_invalid'[39m,
@baci/web:test:   session_id: [90mundefined[39m,
@baci/web:test:   reference: [90mundefined[39m,
@baci/web:test:   check_address: [90mundefined[39m
@baci/web:test: }
@baci/web:test: [Payment Status] Checking Juicyway payment: {
@baci/web:test:   payment_id: [32m'pay_invalid'[39m,
@baci/web:test:   session_id: [90mundefined[39m,
@baci/web:test:   verificationId: [32m'pay_invalid'[39m,
@baci/web:test:   gateway: [32m'juicyway'[39m,
@baci/web:test:   wantAddress: [33mfalse[39m
@baci/web:test: }
@baci/web:test:
@baci/web:test: [90mstdout[2m | src/app/api/payments/status/route.test.ts[2m > [22m[2mGET /api/payments/status[2m > [22m[2mreturns 400 when juicyway verify fails
@baci/web:test: [22m[39m[Payment Status] Juicyway result: {
@baci/web:test:   success: [33mfalse[39m,
@baci/web:test:   error: [32m'Payment not found'[39m,
@baci/web:test:   code: [32m'PAYMENT_NOT_FOUND'[39m
@baci/web:test: }
@baci/web:test:
@baci/web:test: [90mstdout[2m | src/app/api/payments/status/route.test.ts[2m > [22m[2mGET /api/payments/status[2m > [22m[2mreturns crypto address when check_address=true and address is in session
@baci/web:test: [22m[39m[Payment Status] Raw query params: {
@baci/web:test:   gateway: [32m'juicyway'[39m,
@baci/web:test:   payment_id: [90mundefined[39m,
@baci/web:test:   session_id: [32m'session_123'[39m,
@baci/web:test:   reference: [90mundefined[39m,
@baci/web:test:   check_address: [32m'true'[39m
@baci/web:test: }
@baci/web:test: [Payment Status] Checking Juicyway payment: {
@baci/web:test:   payment_id: [90mundefined[39m,
@baci/web:test:   session_id: [32m'session_123'[39m,
@baci/web:test:   verificationId: [32m'session_123'[39m,
@baci/web:test:   gateway: [32m'juicyway'[39m,
@baci/web:test:   wantAddress: [33mtrue[39m
@baci/web:test: }
@baci/web:test:
@baci/web:test: [90mstdout[2m | src/app/api/payments/status/route.test.ts[2m > [22m[2mGET /api/payments/status[2m > [22m[2mreturns crypto address from payment fallback when session has no address
@baci/web:test: [22m[39m[Payment Status] Raw query params: {
@baci/web:test:   gateway: [32m'juicyway'[39m,
@baci/web:test:   payment_id: [90mundefined[39m,
@baci/web:test:   session_id: [32m'session_fallback'[39m,
@baci/web:test:   reference: [90mundefined[39m,
@baci/web:test:   check_address: [32m'true'[39m
@baci/web:test: }
@baci/web:test: [Payment Status] Checking Juicyway payment: {
@baci/web:test:   payment_id: [90mundefined[39m,
@baci/web:test:   session_id: [32m'session_fallback'[39m,
@baci/web:test:   verificationId: [32m'session_fallback'[39m,
@baci/web:test:   gateway: [32m'juicyway'[39m,
@baci/web:test:   wantAddress: [33mtrue[39m
@baci/web:test: }
@baci/web:test:
@baci/web:test: [90mstdout[2m | src/app/api/payments/status/route.test.ts[2m > [22m[2mGET /api/payments/status[2m > [22m[2mreturns pending with crypto_address null when address not ready
@baci/web:test: [22m[39m[Payment Status] Raw query params: {
@baci/web:test:   gateway: [32m'juicyway'[39m,
@baci/web:test:   payment_id: [90mundefined[39m,
@baci/web:test:   session_id: [32m'session_pending'[39m,
@baci/web:test:   reference: [90mundefined[39m,
@baci/web:test:   check_address: [32m'true'[39m
@baci/web:test: }
@baci/web:test: [Payment Status] Checking Juicyway payment: {
@baci/web:test:   payment_id: [90mundefined[39m,
@baci/web:test:   session_id: [32m'session_pending'[39m,
@baci/web:test:   verificationId: [32m'session_pending'[39m,
@baci/web:test:   gateway: [32m'juicyway'[39m,
@baci/web:test:   wantAddress: [33mtrue[39m
@baci/web:test: }
@baci/web:test:
@baci/web:test: [90mstdout[2m | src/app/api/payments/status/route.test.ts[2m > [22m[2mGET /api/payments/status[2m > [22m[2muses session_id as fallback when payment_id is not provided
@baci/web:test: [22m[39m[Payment Status] Raw query params: {
@baci/web:test:   gateway: [32m'juicyway'[39m,
@baci/web:test:   payment_id: [90mundefined[39m,
@baci/web:test:   session_id: [32m'session_fallback_verify'[39m,
@baci/web:test:   reference: [90mundefined[39m,
@baci/web:test:   check_address: [90mundefined[39m
@baci/web:test: }
@baci/web:test: [Payment Status] Checking Juicyway payment: {
@baci/web:test:   payment_id: [90mundefined[39m,
@baci/web:test:   session_id: [32m'session_fallback_verify'[39m,
@baci/web:test:   verificationId: [32m'session_fallback_verify'[39m,
@baci/web:test:   gateway: [32m'juicyway'[39m,
@baci/web:test:   wantAddress: [33mfalse[39m
@baci/web:test: }
@baci/web:test:
@baci/web:test: [90mstdout[2m | src/app/api/payments/status/route.test.ts[2m > [22m[2mGET /api/payments/status[2m > [22m[2muses session_id as fallback when payment_id is not provided
@baci/web:test: [22m[39m[Payment Status] Juicyway result: { success: [33mtrue[39m, error: [90mundefined[39m, code: [90mundefined[39m }
@baci/web:test:
@baci/web:test: [90mstdout[2m | src/app/api/payments/status/route.test.ts[2m > [22m[2mGET /api/payments/status[2m > [22m[2mreturns verified success status for paystack payment
@baci/web:test: [22m[39m[Payment Status] Raw query params: {
@baci/web:test:   gateway: [32m'paystack'[39m,
@baci/web:test:   payment_id: [90mundefined[39m,
@baci/web:test:   session_id: [90mundefined[39m,
@baci/web:test:   reference: [32m'paystack_ref_123'[39m,
@baci/web:test:   check_address: [90mundefined[39m
@baci/web:test: }
@baci/web:test:
@baci/web:test: [90mstdout[2m | src/app/api/payments/status/route.test.ts[2m > [22m[2mGET /api/payments/status[2m > [22m[2mreturns failed status for paystack payment
@baci/web:test: [22m[39m[Payment Status] Raw query params: {
@baci/web:test:   gateway: [32m'paystack'[39m,
@baci/web:test:   payment_id: [90mundefined[39m,
@baci/web:test:   session_id: [90mundefined[39m,
@baci/web:test:   reference: [32m'paystack_failed'[39m,
@baci/web:test:   check_address: [90mundefined[39m
@baci/web:test: }
@baci/web:test:
@baci/web:test: [90mstdout[2m | src/app/api/payments/status/route.test.ts[2m > [22m[2mGET /api/payments/status[2m > [22m[2mreturns abandoned status for paystack payment
@baci/web:test: [22m[39m[Payment Status] Raw query params: {
@baci/web:test:   gateway: [32m'paystack'[39m,
@baci/web:test:   payment_id: [90mundefined[39m,
@baci/web:test:   session_id: [90mundefined[39m,
@baci/web:test:   reference: [32m'paystack_abandoned'[39m,
@baci/web:test:   check_address: [90mundefined[39m
@baci/web:test: }
@baci/web:test:
@baci/web:test: [90mstdout[2m | src/app/api/payments/status/route.test.ts[2m > [22m[2mGET /api/payments/status[2m > [22m[2mreturns pending status for paystack payment
@baci/web:test: [22m[39m[Payment Status] Raw query params: {
@baci/web:test:   gateway: [32m'paystack'[39m,
@baci/web:test:   payment_id: [90mundefined[39m,
@baci/web:test:   session_id: [90mundefined[39m,
@baci/web:test:   reference: [32m'paystack_pending'[39m,
@baci/web:test:   check_address: [90mundefined[39m
@baci/web:test: }
@baci/web:test:
@baci/web:test: [90mstdout[2m | src/app/api/payments/status/route.test.ts[2m > [22m[2mGET /api/payments/status[2m > [22m[2mreturns 400 when paystack verify fails
@baci/web:test: [22m[39m[Payment Status] Raw query params: {
@baci/web:test:   gateway: [32m'paystack'[39m,
@baci/web:test:   payment_id: [90mundefined[39m,
@baci/web:test:   session_id: [90mundefined[39m,
@baci/web:test:   reference: [32m'invalid_ref'[39m,
@baci/web:test:   check_address: [90mundefined[39m
@baci/web:test: }
@baci/web:test:
@baci/web:test: [90mstdout[2m | src/app/api/payments/status/route.test.ts[2m > [22m[2mGET /api/payments/status[2m > [22m[2mreturns 400 for paystack when reference is missing
@baci/web:test: [22m[39m[Payment Status] Raw query params: {
@baci/web:test:   gateway: [32m'paystack'[39m,
@baci/web:test:   payment_id: [32m'some_id'[39m,
@baci/web:test:   session_id: [90mundefined[39m,
@baci/web:test:   reference: [90mundefined[39m,
@baci/web:test:   check_address: [90mundefined[39m
@baci/web:test: }
@baci/web:test:
@baci/web:test: [90mstdout[2m | src/app/api/payments/status/route.test.ts[2m > [22m[2mGET /api/payments/status[2m > [22m[2mreturns 400 for unsupported gateway
@baci/web:test: [22m[39m[Payment Status] Raw query params: {
@baci/web:test:   gateway: [32m'korapay'[39m,
@baci/web:test:   payment_id: [90mundefined[39m,
@baci/web:test:   session_id: [90mundefined[39m,
@baci/web:test:   reference: [32m'some_ref'[39m,
@baci/web:test:   check_address: [90mundefined[39m
@baci/web:test: }
@baci/web:test:
@baci/web:test: [90mstdout[2m | src/app/api/payments/status/route.test.ts[2m > [22m[2mGET /api/payments/status[2m > [22m[2mreturns 500 when an unexpected error occurs
@baci/web:test: [22m[39m[Payment Status] Raw query params: {
@baci/web:test:   gateway: [32m'juicyway'[39m,
@baci/web:test:   payment_id: [32m'pay_error'[39m,
@baci/web:test:   session_id: [90mundefined[39m,
@baci/web:test:   reference: [90mundefined[39m,
@baci/web:test:   check_address: [90mundefined[39m
@baci/web:test: }
@baci/web:test: [Payment Status] Checking Juicyway payment: {
@baci/web:test:   payment_id: [32m'pay_error'[39m,
@baci/web:test:   session_id: [90mundefined[39m,
@baci/web:test:   verificationId: [32m'pay_error'[39m,
@baci/web:test:   gateway: [32m'juicyway'[39m,
@baci/web:test:   wantAddress: [33mfalse[39m
@baci/web:test: }
@baci/web:test:
@baci/web:test: [90mstderr[2m | src/app/api/payments/status/route.test.ts[2m > [22m[2mGET /api/payments/status[2m > [22m[2mreturns 500 when an unexpected error occurs
@baci/web:test: [22m[39mPayment status check error: Error: Network connection failed
@baci/web:test:     at [90m/app/apps/web/[39msrc/app/api/payments/status/route.test.ts:623:7
@baci/web:test:     at [90mfile:///app/apps/web/[39mnode_modules/[4m@vitest/runner[24m/dist/index.js:145:11
@baci/web:test:     at [90mfile:///app/apps/web/[39mnode_modules/[4m@vitest/runner[24m/dist/index.js:915:26
@baci/web:test:     at [90mfile:///app/apps/web/[39mnode_modules/[4m@vitest/runner[24m/dist/index.js:1243:20
@baci/web:test:     at new Promise (<anonymous>)
@baci/web:test:     at runWithTimeout [90m(file:///app/apps/web/[39mnode_modules/[4m@vitest/runner[24m/dist/index.js:1209:10[90m)[39m
@baci/web:test:     at [90mfile:///app/apps/web/[39mnode_modules/[4m@vitest/runner[24m/dist/index.js:1653:37
@baci/web:test:     at Traces.$ [90m(file:///app/apps/web/[39mnode_modules/[4mvitest[24m/dist/chunks/traces.CCmnQaNT.js:142:27[90m)[39m
@baci/web:test:     at trace [90m(file:///app/apps/web/[39mnode_modules/[4mvitest[24m/dist/chunks/test.B8ej_ZHS.js:239:21[90m)[39m
@baci/web:test:     at runTest [90m(file:///app/apps/web/[39mnode_modules/[4m@vitest/runner[24m/dist/index.js:1653:12[90m)[39m
@baci/web:test:
@baci/web:test: [90mstdout[2m | src/app/api/payments/status/route.test.ts[2m > [22m[2mGET /api/payments/status[2m > [22m[2mhandles non-Error exceptions in catch block
@baci/web:test: [90mstderr[2m | src/app/api/payments/status/route.test.ts[2m > [22m[2mGET /api/payments/status[2m > [22m[2mhandles non-Error exceptions in catch block
@baci/web:test: [22m[39m[Payment Status] Raw query params: {
@baci/web:test:   gateway: [32m'juicyway'[39m,
@baci/web:test: [22m[39mPayment status check error: String error
@baci/web:test:   payment_id: [32m'pay_string_error'[39m,
@baci/web:test:   session_id: [90mundefined[39m,
@baci/web:test:   reference: [90mundefined[39m,
@baci/web:test:   check_address: [90mundefined[39m
@baci/web:test: }
@baci/web:test: [Payment Status] Checking Juicyway payment: {
@baci/web:test:   payment_id: [32m'pay_string_error'[39m,
@baci/web:test:   session_id: [90mundefined[39m,
@baci/web:test:   verificationId: [32m'pay_string_error'[39m,
@baci/web:test:   gateway: [32m'juicyway'[39m,
@baci/web:test:   wantAddress: [33mfalse[39m
@baci/web:test: }
@baci/web:test:
@baci/web:test:
@baci/web:test:  [32m✓[39m src/app/api/payments/status/route.test.ts [2m([22m[2m22 tests[22m[2m)[22m[32m 213[2mms[22m[39m
@baci/web:test:  [32m✓[39m src/components/storefront/ogabassey/pages/checkout/hooks/use-shipping.test.ts [2m([22m[2m17 tests[22m[2m)[22m[33m 1174[2mms[22m[39m
baci-mobile-admin:test:  [32m✓[39m components/orders/OrderItemDetailModal.test.tsx [2m([22m[2m4 tests[22m[2m)[22m[33m 835[2mms[22m[39m
baci-mobile-admin:test:      [33m[2m✓[22m[39m renders the order snapshot details through the shared sheet shell [33m 627[2mms[22m[39m
baci-mobile-admin:test:  [32m✓[39m components/staff/BranchModal.test.tsx [2m([22m[2m5 tests[22m[2m)[22m[33m 906[2mms[22m[39m
baci-mobile-admin:test:      [33m[2m✓[22m[39m renders the branch fields and supports editing and closing [33m 521[2mms[22m[39m
@baci/web:test: [90mstdout[2m | src/app/api/storefront/customer/wallet/top-up/confirm/route.test.ts[2m > [22m[2mPOST /api/storefront/customer/wallet/top-up/confirm[2m > [22m[2mretries the idempotent wallet credit when another request already completed the transaction
@baci/web:test: [22m[39mTransaction already completed, retrying wallet credit { reference: [32m'WAL-123'[39m, transactionId: [32m'txn-1'[39m }
@baci/web:test:
@baci/web:test: [90mstdout[2m | src/app/api/storefront/customer/wallet/top-up/confirm/route.test.ts[2m > [22m[2mPOST /api/storefront/customer/wallet/top-up/confirm[2m > [22m[2mretries the idempotent wallet credit when the transaction was already completed
@baci/web:test: [22m[39mTransaction already completed, retrying wallet credit { reference: [32m'WAL-123'[39m, transactionId: [32m'txn-1'[39m }
@baci/web:test:
@baci/web:test:  [32m✓[39m src/app/api/storefront/customer/wallet/top-up/confirm/route.test.ts [2m([22m[2m17 tests[22m[2m)[22m[32m 191[2mms[22m[39m
@baci/web:test: [90mstderr[2m | src/components/onboarding-puck-preview.test.tsx[2m > [22m[2mOnboardingPuckPreview[2m > [22m[2mrenders fallback message when brandColors is missing
@baci/web:test: [22m[39mAn update to OnboardingPuckPreview inside a test was not wrapped in act(...).
@baci/web:test:
@baci/web:test: When testing, code that causes React state updates should be wrapped into act(...):
@baci/web:test:
@baci/web:test: act(() => {
@baci/web:test:   /* fire events that update state */
@baci/web:test: });
@baci/web:test: /* assert on the output */
@baci/web:test:
@baci/web:test: This ensures that you're testing the behavior the user would see in the browser. Learn more at https://react.dev/link/wrap-tests-with-act
@baci/web:test: An update to OnboardingPuckPreview inside a test was not wrapped in act(...).
@baci/web:test:
@baci/web:test: When testing, code that causes React state updates should be wrapped into act(...):
@baci/web:test:
@baci/web:test: act(() => {
@baci/web:test:   /* fire events that update state */
@baci/web:test: });
@baci/web:test: /* assert on the output */
@baci/web:test:
@baci/web:test: This ensures that you're testing the behavior the user would see in the browser. Learn more at https://react.dev/link/wrap-tests-with-act
@baci/web:test:
@baci/web:test: [90mstderr[2m | src/components/onboarding-puck-preview.test.tsx[2m > [22m[2mOnboardingPuckPreview[2m > [22m[2mrenders fallback message when puck data is not loaded
@baci/web:test: [22m[39mAn update to OnboardingPuckPreview inside a test was not wrapped in act(...).
@baci/web:test:
@baci/web:test: When testing, code that causes React state updates should be wrapped into act(...):
@baci/web:test:
@baci/web:test: act(() => {
@baci/web:test:   /* fire events that update state */
@baci/web:test: });
@baci/web:test: /* assert on the output */
@baci/web:test:
@baci/web:test: This ensures that you're testing the behavior the user would see in the browser. Learn more at https://react.dev/link/wrap-tests-with-act
@baci/web:test: An update to OnboardingPuckPreview inside a test was not wrapped in act(...).
@baci/web:test:
@baci/web:test: When testing, code that causes React state updates should be wrapped into act(...):
@baci/web:test:
@baci/web:test: act(() => {
@baci/web:test:   /* fire events that update state */
@baci/web:test: });
@baci/web:test: /* assert on the output */
@baci/web:test:
@baci/web:test: This ensures that you're testing the behavior the user would see in the browser. Learn more at https://react.dev/link/wrap-tests-with-act
@baci/web:test:
@baci/web:test: [90mstderr[2m | src/components/storefront/ogabassey/pages/checkout/hooks/use-crypto-payment.test.ts[2m > [22m[2museCryptoPayment[2m > [22m[2minitializeCryptoPayment[2m > [22m[2mshould handle API error with error details
@baci/web:test: [22m[39mCrypto payment initialization error: Error: Payment provider error
@baci/web:test:     at Object.initializeCryptoPayment [90m(/app/apps/web/[39msrc/components/storefront/ogabassey/pages/checkout/hooks/use-crypto-payment.ts:120:15[90m)[39m
@baci/web:test:     at [90m/app/apps/web/[39msrc/components/storefront/ogabassey/pages/checkout/hooks/use-crypto-payment.test.ts:226:9
@baci/web:test:
@baci/web:test: [90mstderr[2m | src/components/storefront/ogabassey/pages/checkout/hooks/use-crypto-payment.test.ts[2m > [22m[2museCryptoPayment[2m > [22m[2minitializeCryptoPayment[2m > [22m[2mshould handle API error with generic error field
@baci/web:test: [22m[39mCrypto payment initialization error: Error: Generic error
@baci/web:test:     at Object.initializeCryptoPayment [90m(/app/apps/web/[39msrc/components/storefront/ogabassey/pages/checkout/hooks/use-crypto-payment.ts:120:15[90m)[39m
@baci/web:test:     at [90m/app/apps/web/[39msrc/components/storefront/ogabassey/pages/checkout/hooks/use-crypto-payment.test.ts:252:9
@baci/web:test:
@baci/web:test: [90mstderr[2m | src/components/storefront/ogabassey/pages/checkout/hooks/use-crypto-payment.test.ts[2m > [22m[2museCryptoPayment[2m > [22m[2minitializeCryptoPayment[2m > [22m[2mshould handle missing crypto_payment in response
@baci/web:test: [22m[39mCrypto payment initialization error: Error: Failed to generate crypto payment address
@baci/web:test:     at Object.initializeCryptoPayment [90m(/app/apps/web/[39msrc/components/storefront/ogabassey/pages/checkout/hooks/use-crypto-payment.ts:180:15[90m)[39m
@baci/web:test:     at [90m/app/apps/web/[39msrc/components/storefront/ogabassey/pages/checkout/hooks/use-crypto-payment.test.ts:275:9
@baci/web:test:
@baci/web:test: [90mstderr[2m | src/components/storefront/ogabassey/pages/checkout/hooks/use-crypto-payment.test.ts[2m > [22m[2museCryptoPayment[2m > [22m[2minitializeCryptoPayment[2m > [22m[2mshould handle network error
@baci/web:test: [22m[39mCrypto payment initialization error: Error: Network connection failed
@baci/web:test:     at [90m/app/apps/web/[39msrc/components/storefront/ogabassey/pages/checkout/hooks/use-crypto-payment.test.ts:287:9
@baci/web:test:     at [90mfile:///app/apps/web/[39mnode_modules/[4m@vitest/runner[24m/dist/index.js:145:11
@baci/web:test:     at [90mfile:///app/apps/web/[39mnode_modules/[4m@vitest/runner[24m/dist/index.js:915:26
@baci/web:test:     at [90mfile:///app/apps/web/[39mnode_modules/[4m@vitest/runner[24m/dist/index.js:1243:20
@baci/web:test:     at new Promise (<anonymous>)
@baci/web:test:     at runWithTimeout [90m(file:///app/apps/web/[39mnode_modules/[4m@vitest/runner[24m/dist/index.js:1209:10[90m)[39m
@baci/web:test:     at [90mfile:///app/apps/web/[39mnode_modules/[4m@vitest/runner[24m/dist/index.js:1653:37
@baci/web:test:     at Traces.$ [90m(file:///app/apps/web/[39mnode_modules/[4mvitest[24m/dist/chunks/traces.CCmnQaNT.js:142:27[90m)[39m
@baci/web:test:     at trace [90m(file:///app/apps/web/[39mnode_modules/[4mvitest[24m/dist/chunks/test.B8ej_ZHS.js:239:21[90m)[39m
@baci/web:test:     at runTest [90m(file:///app/apps/web/[39mnode_modules/[4m@vitest/runner[24m/dist/index.js:1653:12[90m)[39m
@baci/web:test:
@baci/web:test: [90mstderr[2m | src/components/storefront/ogabassey/pages/checkout/hooks/use-crypto-payment.test.ts[2m > [22m[2museCryptoPayment[2m > [22m[2mverifyCryptoPayment[2m > [22m[2mshould set status to failed if no paymentId or sessionId
@baci/web:test: [22m[39mNo payment ID or session ID available for verification
@baci/web:test:
@baci/web:test: [90mstderr[2m | src/components/storefront/ogabassey/pages/checkout/hooks/use-crypto-payment.test.ts[2m > [22m[2museCryptoPayment[2m > [22m[2mverifyCryptoPayment[2m > [22m[2mshould handle API error during status check
@baci/web:test: [22m[39mPayment status check failed: {
@baci/web:test:   status: [33m500[39m,
@baci/web:test:   statusText: [32m'Internal Server Error'[39m,
@baci/web:test:   paymentId: [32m'payment-123'[39m,
@baci/web:test:   error: { message: [32m'HTTP 500: Internal Server Error'[39m }
@baci/web:test: }
@baci/web:test:
@baci/web:test:  [32m✓[39m src/components/storefront/ogabassey/pages/checkout/hooks/use-crypto-payment.test.ts [2m([22m[2m21 tests[22m[2m)[22m[33m 526[2mms[22m[39m
@baci/web:test: [90mstderr[2m | src/components/onboarding-puck-preview.test.tsx[2m > [22m[2mOnboardingPuckPreview[2m > [22m[2mshows loading state during template generation
@baci/web:test: [22m[39mAn update to OnboardingPuckPreview inside a test was not wrapped in act(...).
@baci/web:test:
@baci/web:test: When testing, code that causes React state updates should be wrapped into act(...):
@baci/web:test:
@baci/web:test: act(() => {
@baci/web:test:   /* fire events that update state */
@baci/web:test: });
@baci/web:test: /* assert on the output */
@baci/web:test:
@baci/web:test: This ensures that you're testing the behavior the user would see in the browser. Learn more at https://react.dev/link/wrap-tests-with-act
@baci/web:test: An update to OnboardingPuckPreview inside a test was not wrapped in act(...).
@baci/web:test:
@baci/web:test: When testing, code that causes React state updates should be wrapped into act(...):
@baci/web:test:
@baci/web:test: act(() => {
@baci/web:test:   /* fire events that update state */
@baci/web:test: });
@baci/web:test: /* assert on the output */
@baci/web:test:
@baci/web:test: This ensures that you're testing the behavior the user would see in the browser. Learn more at https://react.dev/link/wrap-tests-with-act
@baci/web:test:
baci-mobile-admin:test: [90mstderr[2m | utils/order-export/exportOrderReportPdf.test.ts[2m > [22m[2mexportOrderReportPdf[2m > [22m[2mthrows when every item lookup batch fails
baci-mobile-admin:test: [22m[39mFailed to fetch order items: query failed
baci-mobile-admin:test:
baci-mobile-admin:test: [90mstderr[2m | utils/order-export/exportOrderReportPdf.test.ts[2m > [22m[2mexportOrderReportPdf[2m > [22m[2mcontinues when a later item lookup batch succeeds
baci-mobile-admin:test: [22m[39mFailed to fetch order items: query failed
baci-mobile-admin:test:
baci-mobile-admin:test:  [32m✓[39m utils/order-export/exportOrderReportPdf.test.ts [2m([22m[2m5 tests[22m[2m)[22m[32m 241[2mms[22m[39m
baci-mobile-admin:test:  [32m✓[39m components/product/ProductFulfillmentSheet.test.tsx [2m([22m[2m5 tests[22m[2m)[22m[33m 1500[2mms[22m[39m
baci-mobile-admin:test:      [33m[2m✓[22m[39m renders fulfillment rows and reports field changes [33m 417[2mms[22m[39m
baci-mobile-admin:test:      [33m[2m✓[22m[39m fires the shared done action from the footer [33m 772[2mms[22m[39m
@baci/web:test:  [32m✓[39m src/components/onboarding-puck-preview.test.tsx [2m([22m[2m15 tests[22m[2m)[22m[33m 3685[2mms[22m[39m
@baci/web:test:      [33m[2m✓[22m[39m opens expanded view when expand button is clicked [33m 1148[2mms[22m[39m
@baci/web:test:      [33m[2m✓[22m[39m closes expanded view when close button is clicked [33m 734[2mms[22m[39m
@baci/web:test:      [33m[2m✓[22m[39m wraps rendered storefront preview blocks in cart context [33m 419[2mms[22m[39m
baci-mobile-admin:test:  [32m✓[39m components/orders/NewOrderDetailsSection.address.test.tsx [2m([22m[2m1 test[22m[2m)[22m[32m 233[2mms[22m[39m
baci-mobile-admin:test:  [32m✓[39m components/branches/BranchCreateModal.test.tsx [2m([22m[2m6 tests[22m[2m)[22m[33m 2292[2mms[22m[39m
baci-mobile-admin:test:      [33m[2m✓[22m[39m renders branch inputs and submits from the primary action [33m 1418[2mms[22m[39m
baci-mobile-admin:test:      [33m[2m✓[22m[39m disables the primary action while branch creation is loading [33m 443[2mms[22m[39m
@baci/web:test: [90mstderr[2m | src/components/storefront/ogabassey/pages/bnpl-launcher.test.tsx[2m > [22m[2mBnplLauncher[2m > [22m[2mrejects invalid Credit Direct order totals before opening checkout
@baci/web:test: [22m[39mBNPL Launch Error: Error: Invalid order total for Credit Direct checkout.
@baci/web:test:     at launchPayment [90m(/app/apps/web/[39msrc/components/storefront/ogabassey/pages/bnpl-launcher.tsx:269:31[90m)[39m
@baci/web:test:
@baci/web:test: [90mstderr[2m | src/components/storefront/ogabassey/pages/bnpl-launcher.test.tsx[2m > [22m[2mBnplLauncher[2m > [22m[2mrejects invalid Credit Direct order totals before opening checkout
@baci/web:test: [22m[39mBNPL Launch Error: Error: Invalid order total for Credit Direct checkout.
@baci/web:test:     at launchPayment [90m(/app/apps/web/[39msrc/components/storefront/ogabassey/pages/bnpl-launcher.tsx:269:31[90m)[39m
@baci/web:test:
@baci/web:test: [90mstderr[2m | src/components/storefront/ogabassey/pages/bnpl-launcher.test.tsx[2m > [22m[2mBnplLauncher[2m > [22m[2mshows an error when the Klump SDK script fails to load
@baci/web:test: [22m[39mBNPL Launch Error: Error: Failed to load Klump script
@baci/web:test:     at HTMLScriptElement.<anonymous> [90m(/app/apps/web/[39msrc/lib/klump-sdk.ts:121:14[90m)[39m
@baci/web:test:     at HTMLScriptElement.callTheUserObjectsOperation [90m(/app/apps/web/[39mnode_modules/[4mjsdom[24m/lib/jsdom/living/generated/EventListener.js:26:30[90m)[39m
@baci/web:test:     at innerInvokeEventListeners [90m(/app/apps/web/[39mnode_modules/[4mjsdom[24m/lib/jsdom/living/events/EventTarget-impl.js:360:16[90m)[39m
@baci/web:test:     at invokeEventListeners [90m(/app/apps/web/[39mnode_modules/[4mjsdom[24m/lib/jsdom/living/events/EventTarget-impl.js:296:3[90m)[39m
@baci/web:test:     at HTMLScriptElementImpl._dispatch [90m(/app/apps/web/[39mnode_modules/[4mjsdom[24m/lib/jsdom/living/events/EventTarget-impl.js:243:9[90m)[39m
@baci/web:test:     at HTMLScriptElementImpl.dispatchEvent [90m(/app/apps/web/[39mnode_modules/[4mjsdom[24m/lib/jsdom/living/events/EventTarget-impl.js:114:17[90m)[39m
@baci/web:test:     at HTMLScriptElement.dispatchEvent [90m(/app/apps/web/[39mnode_modules/[4mjsdom[24m/lib/jsdom/living/generated/EventTarget.js:241:34[90m)[39m
@baci/web:test:     at [90m/app/apps/web/[39msrc/components/storefront/ogabassey/pages/bnpl-launcher.test.tsx:482:37
@baci/web:test: [90m    at node:internal/process/task_queues:149:7[39m
@baci/web:test: [90m    at AsyncResource.runInAsyncScope (node:async_hooks:214:14)[39m
@baci/web:test:
@baci/web:test: [90mstderr[2m | src/components/storefront/ogabassey/pages/bnpl-launcher.test.tsx[2m > [22m[2mBnplLauncher[2m > [22m[2mshows an error when the Klump SDK script fails to load
@baci/web:test: [22m[39mBNPL Launch Error: Error: Failed to load Klump script
@baci/web:test:     at HTMLScriptElement.<anonymous> [90m(/app/apps/web/[39msrc/lib/klump-sdk.ts:121:14[90m)[39m
@baci/web:test:     at HTMLScriptElement.callTheUserObjectsOperation [90m(/app/apps/web/[39mnode_modules/[4mjsdom[24m/lib/jsdom/living/generated/EventListener.js:26:30[90m)[39m
@baci/web:test:     at innerInvokeEventListeners [90m(/app/apps/web/[39mnode_modules/[4mjsdom[24m/lib/jsdom/living/events/EventTarget-impl.js:360:16[90m)[39m
@baci/web:test:     at invokeEventListeners [90m(/app/apps/web/[39mnode_modules/[4mjsdom[24m/lib/jsdom/living/events/EventTarget-impl.js:296:3[90m)[39m
@baci/web:test:     at HTMLScriptElementImpl._dispatch [90m(/app/apps/web/[39mnode_modules/[4mjsdom[24m/lib/jsdom/living/events/EventTarget-impl.js:243:9[90m)[39m
@baci/web:test:     at HTMLScriptElementImpl.dispatchEvent [90m(/app/apps/web/[39mnode_modules/[4mjsdom[24m/lib/jsdom/living/events/EventTarget-impl.js:114:17[90m)[39m
@baci/web:test:     at HTMLScriptElement.dispatchEvent [90m(/app/apps/web/[39mnode_modules/[4mjsdom[24m/lib/jsdom/living/generated/EventTarget.js:241:34[90m)[39m
@baci/web:test:     at [90m/app/apps/web/[39msrc/components/storefront/ogabassey/pages/bnpl-launcher.test.tsx:482:37
@baci/web:test: [90m    at node:internal/process/task_queues:149:7[39m
@baci/web:test: [90m    at AsyncResource.runInAsyncScope (node:async_hooks:214:14)[39m
@baci/web:test:
@baci/web:test: [90mstderr[2m | src/components/storefront/ogabassey/pages/bnpl-launcher.test.tsx[2m > [22m[2mBnplLauncher[2m > [22m[2mshows an error state and does not redirect when order fetch fails
@baci/web:test: [22m[39m[BnplLauncher] Fetch failed: 400 Tracking token or email is required
@baci/web:test: BNPL Launch Error: Error: Failed to fetch order details (Status: 400)
@baci/web:test:     at launchPayment [90m(/app/apps/web/[39msrc/components/storefront/ogabassey/pages/bnpl-launcher.tsx:241:27[90m)[39m
@baci/web:test:
@baci/web:test: [90mstderr[2m | src/components/storefront/ogabassey/pages/bnpl-launcher.test.tsx[2m > [22m[2mBnplLauncher[2m > [22m[2mshows an error state and does not redirect when order fetch fails
@baci/web:test: [22m[39m[BnplLauncher] Fetch failed: 400 Tracking token or email is required
@baci/web:test: BNPL Launch Error: Error: Failed to fetch order details (Status: 400)
@baci/web:test:     at launchPayment [90m(/app/apps/web/[39msrc/components/storefront/ogabassey/pages/bnpl-launcher.tsx:241:27[90m)[39m
@baci/web:test:
@baci/web:test:  [32m✓[39m src/components/storefront/ogabassey/pages/bnpl-launcher.test.tsx [2m([22m[2m16 tests[22m[2m)[22m[33m 3034[2mms[22m[39m
@baci/web:test:      [33m[2m✓[22m[39m loads BNPL order details with merchant slug and tracking token [33m 350[2mms[22m[39m
@baci/web:test:      [33m[2m✓[22m[39m shows an error when the Klump SDK script fails to load [33m 1233[2mms[22m[39m
@baci/web:test:  [32m✓[39m src/components/storefront/ogabassey/pages/product-details-page.test.tsx [2m([22m[2m9 tests[22m[2m)[22m[33m 1310[2mms[22m[39m
@baci/web:test:      [33m[2m✓[22m[39m renders the product page shell [33m 708[2mms[22m[39m
baci-mobile-admin:test:  [32m✓[39m components/product/ProductHasVariantsToggleCard.test.tsx [2m([22m[2m3 tests[22m[2m)[22m[33m 882[2mms[22m[39m
baci-mobile-admin:test:      [33m[2m✓[22m[39m seeds a first variant when the toggle is enabled [33m 687[2mms[22m[39m
baci-mobile-admin:test:  [32m✓[39m hooks/useAnalyticsDetail.test.ts [2m([22m[2m4 tests[22m[2m)[22m[32m 65[2mms[22m[39m
@baci/web:test: [90mstderr[2m | src/app/api/paystack/subaccount/route.test.ts[2m > [22m[2mPOST /api/paystack/subaccount[2m > [22m[2mmaps configuration failures to 500
@baci/web:test: [22m[39mPaystack subaccount resolve configuration error: PAYSTACK_SECRET_KEY is not configured
@baci/web:test:
@baci/web:test:  [32m✓[39m src/app/api/paystack/subaccount/route.test.ts [2m([22m[2m21 tests[22m[2m)[22m[32m 89[2mms[22m[39m
baci-mobile-admin:test:  [32m✓[39m components/orders/order-details.helpers.test.ts [2m([22m[2m26 tests[22m[2m)[22m[32m 13[2mms[22m[39m
baci-mobile-admin:test:  [32m✓[39m components/ui/ScreenSkeleton.test.tsx [2m([22m[2m5 tests[22m[2m)[22m[32m 293[2mms[22m[39m
@baci/web:test:  [32m✓[39m src/lib/kuda-bills.test.ts [2m([22m[2m23 tests[22m[2m)[22m[32m 48[2mms[22m[39m
@baci/web:test:  [32m✓[39m src/app/api/payments/juicyway/webhook/route.test.ts [2m([22m[2m10 tests[22m[2m)[22m[32m 118[2mms[22m[39m
@baci/web:test: [90mstderr[2m | src/lib/ad-monetization/use-ad-settings.test.tsx[2m > [22m[2mAdSettingsProvider[2m > [22m[2mrenders children successfully
@baci/web:test: [22m[39mAn update to AdSettingsProvider inside a test was not wrapped in act(...).
@baci/web:test:
@baci/web:test: When testing, code that causes React state updates should be wrapped into act(...):
@baci/web:test:
@baci/web:test: act(() => {
@baci/web:test:   /* fire events that update state */
@baci/web:test: });
@baci/web:test: /* assert on the output */
@baci/web:test:
@baci/web:test: This ensures that you're testing the behavior the user would see in the browser. Learn more at https://react.dev/link/wrap-tests-with-act
@baci/web:test: An update to AdSettingsProvider inside a test was not wrapped in act(...).
@baci/web:test:
@baci/web:test: When testing, code that causes React state updates should be wrapped into act(...):
@baci/web:test:
@baci/web:test: act(() => {
@baci/web:test:   /* fire events that update state */
@baci/web:test: });
@baci/web:test: /* assert on the output */
@baci/web:test:
@baci/web:test: This ensures that you're testing the behavior the user would see in the browser. Learn more at https://react.dev/link/wrap-tests-with-act
@baci/web:test: An update to AdSettingsProvider inside a test was not wrapped in act(...).
@baci/web:test:
@baci/web:test: When testing, code that causes React state updates should be wrapped into act(...):
@baci/web:test:
@baci/web:test: act(() => {
@baci/web:test:   /* fire events that update state */
@baci/web:test: });
@baci/web:test: /* assert on the output */
@baci/web:test:
@baci/web:test: This ensures that you're testing the behavior the user would see in the browser. Learn more at https://react.dev/link/wrap-tests-with-act
@baci/web:test: An update to AdSettingsProvider inside a test was not wrapped in act(...).
@baci/web:test:
@baci/web:test: When testing, code that causes React state updates should be wrapped into act(...):
@baci/web:test:
@baci/web:test: act(() => {
@baci/web:test:   /* fire events that update state */
@baci/web:test: });
@baci/web:test: /* assert on the output */
@baci/web:test:
@baci/web:test: This ensures that you're testing the behavior the user would see in the browser. Learn more at https://react.dev/link/wrap-tests-with-act
@baci/web:test:
@baci/web:test:  [32m✓[39m src/app/api/vtu/checkout/charge-saved-card/route.test.ts [2m([22m[2m12 tests[22m[2m)[22m[32m 167[2mms[22m[39m
baci-mobile-admin:test:  [32m✓[39m hooks/useOrderCounts.test.ts [2m([22m[2m3 tests[22m[2m)[22m[32m 20[2mms[22m[39m
@baci/web:test: [90mstderr[2m | src/lib/ad-monetization/use-ad-settings.test.tsx[2m > [22m[2mAdSettingsProvider[2m > [22m[2mupdates main settings successfully
@baci/web:test: [22m[39mAn update to AdSettingsProvider inside a test was not wrapped in act(...).
@baci/web:test:
@baci/web:test: When testing, code that causes React state updates should be wrapped into act(...):
@baci/web:test:
@baci/web:test: act(() => {
@baci/web:test:   /* fire events that update state */
@baci/web:test: });
@baci/web:test: /* assert on the output */
@baci/web:test:
@baci/web:test: This ensures that you're testing the behavior the user would see in the browser. Learn more at https://react.dev/link/wrap-tests-with-act
@baci/web:test:
@baci/web:test: [90mstderr[2m | src/lib/ad-monetization/use-ad-settings.test.tsx[2m > [22m[2mAdSettingsProvider[2m > [22m[2mupdates placement settings successfully
@baci/web:test: [22m[39mAn update to AdSettingsProvider inside a test was not wrapped in act(...).
@baci/web:test:
@baci/web:test: When testing, code that causes React state updates should be wrapped into act(...):
@baci/web:test:
@baci/web:test: act(() => {
@baci/web:test:   /* fire events that update state */
@baci/web:test: });
@baci/web:test: /* assert on the output */
@baci/web:test:
@baci/web:test: This ensures that you're testing the behavior the user would see in the browser. Learn more at https://react.dev/link/wrap-tests-with-act
@baci/web:test:
@baci/web:test: [90mstderr[2m | src/lib/ad-monetization/use-ad-settings.test.tsx[2m > [22m[2mAdSettingsProvider[2m > [22m[2mupdates rewarded ad settings successfully
@baci/web:test: [22m[39mAn update to AdSettingsProvider inside a test was not wrapped in act(...).
@baci/web:test:
@baci/web:test: When testing, code that causes React state updates should be wrapped into act(...):
@baci/web:test:
@baci/web:test: act(() => {
@baci/web:test:   /* fire events that update state */
@baci/web:test: });
@baci/web:test: /* assert on the output */
@baci/web:test:
@baci/web:test: This ensures that you're testing the behavior the user would see in the browser. Learn more at https://react.dev/link/wrap-tests-with-act
@baci/web:test:
baci-mobile-admin:test:  [32m✓[39m components/product/ProductCategorySheet.test.tsx [2m([22m[2m3 tests[22m[2m)[22m[33m 752[2mms[22m[39m
baci-mobile-admin:test:      [33m[2m✓[22m[39m renders categories and selects one [33m 613[2mms[22m[39m
@baci/web:test: [90mstderr[2m | src/lib/ad-monetization/use-ad-settings.test.tsx[2m > [22m[2mAdSettingsProvider[2m > [22m[2mreloads settings successfully
@baci/web:test: [22m[39mAn update to AdSettingsProvider inside a test was not wrapped in act(...).
@baci/web:test:
@baci/web:test: When testing, code that causes React state updates should be wrapped into act(...):
@baci/web:test:
@baci/web:test: act(() => {
@baci/web:test:   /* fire events that update state */
@baci/web:test: });
@baci/web:test: /* assert on the output */
@baci/web:test:
@baci/web:test: This ensures that you're testing the behavior the user would see in the browser. Learn more at https://react.dev/link/wrap-tests-with-act
@baci/web:test: An update to AdSettingsProvider inside a test was not wrapped in act(...).
@baci/web:test:
@baci/web:test: When testing, code that causes React state updates should be wrapped into act(...):
@baci/web:test:
@baci/web:test: act(() => {
@baci/web:test:   /* fire events that update state */
@baci/web:test: });
@baci/web:test: /* assert on the output */
@baci/web:test:
@baci/web:test: This ensures that you're testing the behavior the user would see in the browser. Learn more at https://react.dev/link/wrap-tests-with-act
@baci/web:test:
@baci/web:test: [90mstderr[2m | src/lib/ad-monetization/use-ad-settings.test.tsx[2m > [22m[2mAdSettingsProvider[2m > [22m[2mreloads settings successfully
@baci/web:test: [22m[39mAn update to AdSettingsProvider inside a test was not wrapped in act(...).
@baci/web:test:
@baci/web:test: When testing, code that causes React state updates should be wrapped into act(...):
@baci/web:test:
@baci/web:test: act(() => {
@baci/web:test:   /* fire events that update state */
@baci/web:test: });
@baci/web:test: /* assert on the output */
@baci/web:test:
@baci/web:test: This ensures that you're testing the behavior the user would see in the browser. Learn more at https://react.dev/link/wrap-tests-with-act
@baci/web:test: An update to AdSettingsProvider inside a test was not wrapped in act(...).
@baci/web:test:
@baci/web:test: When testing, code that causes React state updates should be wrapped into act(...):
@baci/web:test:
@baci/web:test: act(() => {
@baci/web:test:   /* fire events that update state */
@baci/web:test: });
@baci/web:test: /* assert on the output */
@baci/web:test:
@baci/web:test: This ensures that you're testing the behavior the user would see in the browser. Learn more at https://react.dev/link/wrap-tests-with-act
@baci/web:test: An update to AdSettingsProvider inside a test was not wrapped in act(...).
@baci/web:test:
@baci/web:test: When testing, code that causes React state updates should be wrapped into act(...):
@baci/web:test:
@baci/web:test: act(() => {
@baci/web:test:   /* fire events that update state */
@baci/web:test: });
@baci/web:test: /* assert on the output */
@baci/web:test:
@baci/web:test: This ensures that you're testing the behavior the user would see in the browser. Learn more at https://react.dev/link/wrap-tests-with-act
@baci/web:test:
baci-mobile-admin:test:  [32m✓[39m components/orders/NewOrderScreenContent.test.tsx [2m([22m[2m2 tests[22m[2m)[22m[33m 769[2mms[22m[39m
baci-mobile-admin:test:      [33m[2m✓[22m[39m restores VAT for registered merchants when resetting after a successful sale [33m 653[2mms[22m[39m
@baci/web:test:  [32m✓[39m src/lib/ad-monetization/use-ad-settings.test.tsx [2m([22m[2m14 tests[22m[2m)[22m[33m 931[2mms[22m[39m
@baci/mobile-storefront:test: PASS __tests__/app/checkout.test.tsx (23.306 s)
@baci/mobile-storefront:test:   ● Console
@baci/mobile-storefront:test:
@baci/mobile-storefront:test:     console.debug
@baci/mobile-storefront:test:       [AdTracking] Native modules ignored or failed to load: Invariant Violation: `new NativeEventEmitter()` requires a non-null argument.
@baci/mobile-storefront:test:           at invariant (/app/node_modules/invariant/invariant.js:40:15)
@baci/mobile-storefront:test:           at new NativeEventEmitter (/app/node_modules/react-native/Libraries/EventEmitter/NativeEventEmitter.js:57:16)
@baci/mobile-storefront:test:           at Object.<anonymous> (/app/node_modules/react-native-fbsdk-next/src/FBAccessToken.ts:26:22)
@baci/mobile-storefront:test:           at Runtime._execModule (/app/node_modules/jest-runtime/build/index.js:1439:24)
@baci/mobile-storefront:test:           at Runtime._loadModule (/app/node_modules/jest-runtime/build/index.js:1022:12)
@baci/mobile-storefront:test:           at Runtime.requireModule (/app/node_modules/jest-runtime/build/index.js:882:12)
@baci/mobile-storefront:test:           at Runtime.requireModuleOrMock (/app/node_modules/jest-runtime/build/index.js:1048:21)
@baci/mobile-storefront:test:           at Object.require (/app/node_modules/react-native-fbsdk-next/src/index.ts:23:1)
@baci/mobile-storefront:test:           at Runtime._execModule (/app/node_modules/jest-runtime/build/index.js:1439:24)
@baci/mobile-storefront:test:           at Runtime._loadModule (/app/node_modules/jest-runtime/build/index.js:1022:12)
@baci/mobile-storefront:test:           at Runtime.requireModule (/app/node_modules/jest-runtime/build/index.js:882:12)
@baci/mobile-storefront:test:           at Runtime.requireModuleOrMock (/app/node_modules/jest-runtime/build/index.js:1048:21)
@baci/mobile-storefront:test:           at require (/app/apps/mobile-storefront/services/ad-tracking-native-modules.ts:66:40)
@baci/mobile-storefront:test:           at async Promise.all (index 0) {
@baci/mobile-storefront:test:         framesToPop: 1
@baci/mobile-storefront:test:       }
@baci/mobile-storefront:test:
@baci/mobile-storefront:test:       at debug (services/ad-tracking-native-modules.ts:77:13)
@baci/mobile-storefront:test:           at Generator.throw (<anonymous>)
@baci/mobile-storefront:test:
@baci/mobile-storefront:test:     console.log
@baci/mobile-storefront:test:       [DEBUG] [16:53:05.076] [AdTracking] [Server] START_CHECKOUT sent: {}
@baci/mobile-storefront:test:
@baci/mobile-storefront:test:       at Object.log [as debug] (lib/logger.ts:73:15)
@baci/mobile-storefront:test:
@baci/mobile-storefront:test:     console.log
@baci/mobile-storefront:test:       [DEBUG] [16:53:05.629] [AdTracking] [Server] START_CHECKOUT sent: {}
@baci/mobile-storefront:test:
@baci/mobile-storefront:test:       at Object.log [as debug] (lib/logger.ts:73:15)
@baci/mobile-storefront:test:
@baci/mobile-storefront:test:     console.log
@baci/mobile-storefront:test:       [DEBUG] [16:53:06.197] [AdTracking] [Server] START_CHECKOUT sent: {}
@baci/mobile-storefront:test:
@baci/mobile-storefront:test:       at Object.log [as debug] (lib/logger.ts:73:15)
@baci/mobile-storefront:test:
@baci/mobile-storefront:test:     console.log
@baci/mobile-storefront:test:       [DEBUG] [16:53:06.298] [AdTracking] [Server] ADD_PAYMENT_INFO sent: {}
@baci/mobile-storefront:test:
@baci/mobile-storefront:test:       at Object.log [as debug] (lib/logger.ts:73:15)
@baci/mobile-storefront:test:
@baci/mobile-storefront:test:     console.log
@baci/mobile-storefront:test:       [DEBUG] [16:53:06.496] [AdTracking] [Server] START_CHECKOUT sent: {}
@baci/mobile-storefront:test:
@baci/mobile-storefront:test:       at Object.log [as debug] (lib/logger.ts:73:15)
@baci/mobile-storefront:test:
@baci/mobile-storefront:test:     console.log
@baci/mobile-storefront:test:       [DEBUG] [16:53:06.969] [AdTracking] [Server] START_CHECKOUT sent: {}
@baci/mobile-storefront:test:
@baci/mobile-storefront:test:       at Object.log [as debug] (lib/logger.ts:73:15)
@baci/mobile-storefront:test:
@baci/mobile-storefront:test:     console.log
@baci/mobile-storefront:test:       [DEBUG] [16:53:07.068] [AdTracking] [Server] ADD_PAYMENT_INFO sent: {}
@baci/mobile-storefront:test:
@baci/mobile-storefront:test:       at Object.log [as debug] (lib/logger.ts:73:15)
@baci/mobile-storefront:test:
@baci/mobile-storefront:test:     console.log
@baci/mobile-storefront:test:       [INFO] [16:53:07.105] [AdTracking] Purchase tracked: order-1 - 470000 NGN
@baci/mobile-storefront:test:
@baci/mobile-storefront:test:       at Object.log [as info] (lib/logger.ts:84:15)
@baci/mobile-storefront:test:
@baci/mobile-storefront:test:     console.log
@baci/mobile-storefront:test:       [DEBUG] [16:53:07.106] [AdTracking] [Server] PURCHASE sent: {}
@baci/mobile-storefront:test:
@baci/mobile-storefront:test:       at Object.log [as debug] (lib/logger.ts:73:15)
@baci/mobile-storefront:test:
@baci/mobile-storefront:test:     console.log
@baci/mobile-storefront:test:       [DEBUG] [16:53:07.635] [AdTracking] [Server] START_CHECKOUT sent: {}
@baci/mobile-storefront:test:
@baci/mobile-storefront:test:       at Object.log [as debug] (lib/logger.ts:73:15)
@baci/mobile-storefront:test:
@baci/mobile-storefront:test:     console.log
@baci/mobile-storefront:test:       [DEBUG] [16:53:07.744] [AdTracking] [Server] ADD_PAYMENT_INFO sent: {}
@baci/mobile-storefront:test:
@baci/mobile-storefront:test:       at Object.log [as debug] (lib/logger.ts:73:15)
@baci/mobile-storefront:test:
@baci/mobile-storefront:test:     console.log
@baci/mobile-storefront:test:       [INFO] [16:53:07.755] [AdTracking] Purchase tracked: order-1 - 470000 NGN
@baci/mobile-storefront:test:
@baci/mobile-storefront:test:       at Object.log [as info] (lib/logger.ts:84:15)
@baci/mobile-storefront:test:
@baci/mobile-storefront:test:     console.log
@baci/mobile-storefront:test:       [DEBUG] [16:53:07.756] [AdTracking] [Server] PURCHASE sent: {}
@baci/mobile-storefront:test:
@baci/mobile-storefront:test:       at Object.log [as debug] (lib/logger.ts:73:15)
@baci/mobile-storefront:test:
@baci/mobile-storefront:test:     console.log
@baci/mobile-storefront:test:       [DEBUG] [16:53:08.282] [AdTracking] [Server] START_CHECKOUT sent: {}
@baci/mobile-storefront:test:
@baci/mobile-storefront:test:       at Object.log [as debug] (lib/logger.ts:73:15)
@baci/mobile-storefront:test:
@baci/mobile-storefront:test:     console.log
@baci/mobile-storefront:test:       [DEBUG] [16:53:08.394] [AdTracking] [Server] ADD_PAYMENT_INFO sent: {}
@baci/mobile-storefront:test:
@baci/mobile-storefront:test:       at Object.log [as debug] (lib/logger.ts:73:15)
@baci/mobile-storefront:test:
@baci/mobile-storefront:test:     console.log
@baci/mobile-storefront:test:       [INFO] [16:53:08.405] [AdTracking] Purchase tracked: order-full-savings - 470000 NGN
@baci/mobile-storefront:test:
@baci/mobile-storefront:test:       at Object.log [as info] (lib/logger.ts:84:15)
@baci/mobile-storefront:test:
@baci/mobile-storefront:test:     console.log
@baci/mobile-storefront:test:       [DEBUG] [16:53:08.406] [AdTracking] [Server] PURCHASE sent: {}
@baci/mobile-storefront:test:
@baci/mobile-storefront:test:       at Object.log [as debug] (lib/logger.ts:73:15)
@baci/mobile-storefront:test:
@baci/mobile-storefront:test:     console.log
@baci/mobile-storefront:test:       [DEBUG] [16:53:08.835] [AdTracking] [Server] START_CHECKOUT sent: {}
@baci/mobile-storefront:test:
@baci/mobile-storefront:test:       at Object.log [as debug] (lib/logger.ts:73:15)
@baci/mobile-storefront:test:
@baci/mobile-storefront:test: PASS __tests__/app/bnpl-checkout/index.test.tsx
@baci/web:test:  [32m✓[39m src/app/dashboard/orders/actions.test.ts [2m([22m[2m20 tests[22m[2m)[22m[32m 105[2mms[22m[39m
baci-mobile-admin:test: [90mstdout[2m | stores/revenueCatStore.test.ts[2m > [22m[2museRevenueCatStore[2m > [22m[2mreturns cancelled purchase status without store errors when user cancels
baci-mobile-admin:test: [22m[39m[RevenueCat] Starting purchase for: pro_monthly
baci-mobile-admin:test:
baci-mobile-admin:test: [90mstdout[2m | stores/revenueCatStore.test.ts[2m > [22m[2museRevenueCatStore[2m > [22m[2mreturns cancelled purchase status without store errors when user cancels
baci-mobile-admin:test: [22m[39m[RevenueCat] Purchase interaction: { message: [32m'Cancelled by user'[39m, userCancelled: [33mtrue[39m }
baci-mobile-admin:test:
baci-mobile-admin:test: [90mstdout[2m | stores/revenueCatStore.test.ts[2m > [22m[2museRevenueCatStore[2m > [22m[2mreturns error purchase status and sets store error on non-cancelled failures
baci-mobile-admin:test: [22m[39m[RevenueCat] Starting purchase for: pro_monthly
baci-mobile-admin:test:
baci-mobile-admin:test: [90mstdout[2m | stores/revenueCatStore.test.ts[2m > [22m[2museRevenueCatStore[2m > [22m[2mreturns error purchase status and sets store error on non-cancelled failures
baci-mobile-admin:test: [22m[39m[RevenueCat] Purchase interaction: { message: [32m'Purchase failed'[39m, userCancelled: [33mfalse[39m }
baci-mobile-admin:test:
baci-mobile-admin:test:  [32m✓[39m stores/revenueCatStore.test.ts [2m([22m[2m4 tests[22m[2m)[22m[32m 170[2mms[22m[39m
@baci/mobile-storefront:test: PASS components/utilities/use-bill-form-controller.test.ts
@baci/mobile-storefront:test:   ● Console
@baci/mobile-storefront:test:
@baci/mobile-storefront:test:     console.error
@baci/mobile-storefront:test:       An update to HookContainer inside a test was not wrapped in act(...).
@baci/mobile-storefront:test:
@baci/mobile-storefront:test:       When testing, code that causes React state updates should be wrapped into act(...):
@baci/mobile-storefront:test:
@baci/mobile-storefront:test:       act(() => {
@baci/mobile-storefront:test:         /* fire events that update state */
@baci/mobile-storefront:test:       });
@baci/mobile-storefront:test:       /* assert on the output */
@baci/mobile-storefront:test:
@baci/mobile-storefront:test:       This ensures that you're testing the behavior the user would see in the browser. Learn more at https://react.dev/link/wrap-tests-with-act
@baci/mobile-storefront:test:
@baci/mobile-storefront:test:       131 |       .then((result) => {
@baci/mobile-storefront:test:       132 |         if (!cancelled) {
@baci/mobile-storefront:test:     > 133 |           setAllBeneficiaries(result);
@baci/mobile-storefront:test:           |           ^
@baci/mobile-storefront:test:       134 |         }
@baci/mobile-storefront:test:       135 |       })
@baci/mobile-storefront:test:       136 |       .catch((err) => console.error('getBeneficiaries failed', err));
@baci/mobile-storefront:test:
@baci/mobile-storefront:test:       at ../../node_modules/react-test-renderer/cjs/react-test-renderer.development.js:14402:19
@baci/mobile-storefront:test:       at runWithFiberInDEV (../../node_modules/react-test-renderer/cjs/react-test-renderer.development.js:2315:13)
@baci/mobile-storefront:test:       at warnIfUpdatesNotWrappedWithActDEV (../../node_modules/react-test-renderer/cjs/react-test-renderer.development.js:14401:9)
@baci/mobile-storefront:test:       at scheduleUpdateOnFiber (../../node_modules/react-test-renderer/cjs/react-test-renderer.development.js:12086:9)
@baci/mobile-storefront:test:       at dispatchSetStateInternal (../../node_modules/react-test-renderer/cjs/react-test-renderer.development.js:6208:13)
@baci/mobile-storefront:test:       at dispatchSetState (../../node_modules/react-test-renderer/cjs/react-test-renderer.development.js:6165:7)
@baci/mobile-storefront:test:       at setAllBeneficiaries (components/utilities/use-bill-form-controller.ts:133:11)
@baci/mobile-storefront:test:
@baci/mobile-storefront:test:     console.error
@baci/mobile-storefront:test:       An update to HookContainer inside a test was not wrapped in act(...).
@baci/mobile-storefront:test:
@baci/mobile-storefront:test:       When testing, code that causes React state updates should be wrapped into act(...):
@baci/mobile-storefront:test:
@baci/mobile-storefront:test:       act(() => {
@baci/mobile-storefront:test:         /* fire events that update state */
@baci/mobile-storefront:test:       });
@baci/mobile-storefront:test:       /* assert on the output */
@baci/mobile-storefront:test:
@baci/mobile-storefront:test:       This ensures that you're testing the behavior the user would see in the browser. Learn more at https://react.dev/link/wrap-tests-with-act
@baci/mobile-storefront:test:
@baci/mobile-storefront:test:       131 |       .then((result) => {
@baci/mobile-storefront:test:       132 |         if (!cancelled) {
@baci/mobile-storefront:test:     > 133 |           setAllBeneficiaries(result);
@baci/mobile-storefront:test:           |           ^
@baci/mobile-storefront:test:       134 |         }
@baci/mobile-storefront:test:       135 |       })
@baci/mobile-storefront:test:       136 |       .catch((err) => console.error('getBeneficiaries failed', err));
@baci/mobile-storefront:test:
@baci/mobile-storefront:test:       at ../../node_modules/react-test-renderer/cjs/react-test-renderer.development.js:14402:19
@baci/mobile-storefront:test:       at runWithFiberInDEV (../../node_modules/react-test-renderer/cjs/react-test-renderer.development.js:2315:13)
@baci/mobile-storefront:test:       at warnIfUpdatesNotWrappedWithActDEV (../../node_modules/react-test-renderer/cjs/react-test-renderer.development.js:14401:9)
@baci/mobile-storefront:test:       at scheduleUpdateOnFiber (../../node_modules/react-test-renderer/cjs/react-test-renderer.development.js:12086:9)
@baci/mobile-storefront:test:       at dispatchSetStateInternal (../../node_modules/react-test-renderer/cjs/react-test-renderer.development.js:6208:13)
@baci/mobile-storefront:test:       at dispatchSetState (../../node_modules/react-test-renderer/cjs/react-test-renderer.development.js:6165:7)
@baci/mobile-storefront:test:       at setAllBeneficiaries (components/utilities/use-bill-form-controller.ts:133:11)
@baci/mobile-storefront:test:
@baci/mobile-storefront:test:     console.error
@baci/mobile-storefront:test:       An update to HookContainer inside a test was not wrapped in act(...).
@baci/mobile-storefront:test:
@baci/mobile-storefront:test:       When testing, code that causes React state updates should be wrapped into act(...):
@baci/mobile-storefront:test:
@baci/mobile-storefront:test:       act(() => {
@baci/mobile-storefront:test:         /* fire events that update state */
@baci/mobile-storefront:test:       });
@baci/mobile-storefront:test:       /* assert on the output */
@baci/mobile-storefront:test:
@baci/mobile-storefront:test:       This ensures that you're testing the behavior the user would see in the browser. Learn more at https://react.dev/link/wrap-tests-with-act
@baci/mobile-storefront:test:
@baci/mobile-storefront:test:       131 |       .then((result) => {
@baci/mobile-storefront:test:       132 |         if (!cancelled) {
@baci/mobile-storefront:test:     > 133 |           setAllBeneficiaries(result);
@baci/mobile-storefront:test:           |           ^
@baci/mobile-storefront:test:       134 |         }
@baci/mobile-storefront:test:       135 |       })
@baci/mobile-storefront:test:       136 |       .catch((err) => console.error('getBeneficiaries failed', err));
@baci/mobile-storefront:test:
@baci/mobile-storefront:test:       at ../../node_modules/react-test-renderer/cjs/react-test-renderer.development.js:14402:19
@baci/mobile-storefront:test:       at runWithFiberInDEV (../../node_modules/react-test-renderer/cjs/react-test-renderer.development.js:2315:13)
@baci/mobile-storefront:test:       at warnIfUpdatesNotWrappedWithActDEV (../../node_modules/react-test-renderer/cjs/react-test-renderer.development.js:14401:9)
@baci/mobile-storefront:test:       at scheduleUpdateOnFiber (../../node_modules/react-test-renderer/cjs/react-test-renderer.development.js:12086:9)
@baci/mobile-storefront:test:       at dispatchSetStateInternal (../../node_modules/react-test-renderer/cjs/react-test-renderer.development.js:6208:13)
@baci/mobile-storefront:test:       at dispatchSetState (../../node_modules/react-test-renderer/cjs/react-test-renderer.development.js:6165:7)
@baci/mobile-storefront:test:       at setAllBeneficiaries (components/utilities/use-bill-form-controller.ts:133:11)
@baci/mobile-storefront:test:
@baci/mobile-storefront:test:     console.error
@baci/mobile-storefront:test:       An update to HookContainer inside a test was not wrapped in act(...).
@baci/mobile-storefront:test:
@baci/mobile-storefront:test:       When testing, code that causes React state updates should be wrapped into act(...):
@baci/mobile-storefront:test:
@baci/mobile-storefront:test:       act(() => {
@baci/mobile-storefront:test:         /* fire events that update state */
@baci/mobile-storefront:test:       });
@baci/mobile-storefront:test:       /* assert on the output */
@baci/mobile-storefront:test:
@baci/mobile-storefront:test:       This ensures that you're testing the behavior the user would see in the browser. Learn more at https://react.dev/link/wrap-tests-with-act
@baci/mobile-storefront:test:
@baci/mobile-storefront:test:       170 |       .then((result) => {
@baci/mobile-storefront:test:       171 |         if (!cancelled && requestUserId === authenticatedCustomerId) {
@baci/mobile-storefront:test:     > 172 |           setAllBeneficiaries(result);
@baci/mobile-storefront:test:           |           ^
@baci/mobile-storefront:test:       173 |         }
@baci/mobile-storefront:test:       174 |       })
@baci/mobile-storefront:test:       175 |       .catch((err) =>
@baci/mobile-storefront:test:
@baci/mobile-storefront:test:       at ../../node_modules/react-test-renderer/cjs/react-test-renderer.development.js:14402:19
@baci/mobile-storefront:test:       at runWithFiberInDEV (../../node_modules/react-test-renderer/cjs/react-test-renderer.development.js:2315:13)
@baci/mobile-storefront:test:       at warnIfUpdatesNotWrappedWithActDEV (../../node_modules/react-test-renderer/cjs/react-test-renderer.development.js:14401:9)
@baci/mobile-storefront:test:       at scheduleUpdateOnFiber (../../node_modules/react-test-renderer/cjs/react-test-renderer.development.js:12086:9)
@baci/mobile-storefront:test:       at dispatchSetStateInternal (../../node_modules/react-test-renderer/cjs/react-test-renderer.development.js:6208:13)
@baci/mobile-storefront:test:       at dispatchSetState (../../node_modules/react-test-renderer/cjs/react-test-renderer.development.js:6165:7)
@baci/mobile-storefront:test:       at setAllBeneficiaries (components/utilities/use-bill-form-controller.ts:172:11)
@baci/mobile-storefront:test:
@baci/mobile-storefront:test:     console.error
@baci/mobile-storefront:test:       An update to HookContainer inside a test was not wrapped in act(...).
@baci/mobile-storefront:test:
@baci/mobile-storefront:test:       When testing, code that causes React state updates should be wrapped into act(...):
@baci/mobile-storefront:test:
@baci/mobile-storefront:test:       act(() => {
@baci/mobile-storefront:test:         /* fire events that update state */
@baci/mobile-storefront:test:       });
@baci/mobile-storefront:test:       /* assert on the output */
@baci/mobile-storefront:test:
@baci/mobile-storefront:test:       This ensures that you're testing the behavior the user would see in the browser. Learn more at https://react.dev/link/wrap-tests-with-act
@baci/mobile-storefront:test:
@baci/mobile-storefront:test:       131 |       .then((result) => {
@baci/mobile-storefront:test:       132 |         if (!cancelled) {
@baci/mobile-storefront:test:     > 133 |           setAllBeneficiaries(result);
@baci/mobile-storefront:test:           |           ^
@baci/mobile-storefront:test:       134 |         }
@baci/mobile-storefront:test:       135 |       })
@baci/mobile-storefront:test:       136 |       .catch((err) => console.error('getBeneficiaries failed', err));
@baci/mobile-storefront:test:
@baci/mobile-storefront:test:       at ../../node_modules/react-test-renderer/cjs/react-test-renderer.development.js:14402:19
@baci/mobile-storefront:test:       at runWithFiberInDEV (../../node_modules/react-test-renderer/cjs/react-test-renderer.development.js:2315:13)
@baci/mobile-storefront:test:       at warnIfUpdatesNotWrappedWithActDEV (../../node_modules/react-test-renderer/cjs/react-test-renderer.development.js:14401:9)
@baci/mobile-storefront:test:       at scheduleUpdateOnFiber (../../node_modules/react-test-renderer/cjs/react-test-renderer.development.js:12086:9)
@baci/mobile-storefront:test:       at dispatchSetStateInternal (../../node_modules/react-test-renderer/cjs/react-test-renderer.development.js:6208:13)
@baci/mobile-storefront:test:       at dispatchSetState (../../node_modules/react-test-renderer/cjs/react-test-renderer.development.js:6165:7)
@baci/mobile-storefront:test:       at setAllBeneficiaries (components/utilities/use-bill-form-controller.ts:133:11)
@baci/mobile-storefront:test:
@baci/mobile-storefront:test:     console.error
@baci/mobile-storefront:test:       An update to HookContainer inside a test was not wrapped in act(...).
@baci/mobile-storefront:test:
@baci/mobile-storefront:test:       When testing, code that causes React state updates should be wrapped into act(...):
@baci/mobile-storefront:test:
@baci/mobile-storefront:test:       act(() => {
@baci/mobile-storefront:test:         /* fire events that update state */
@baci/mobile-storefront:test:       });
@baci/mobile-storefront:test:       /* assert on the output */
@baci/mobile-storefront:test:
@baci/mobile-storefront:test:       This ensures that you're testing the behavior the user would see in the browser. Learn more at https://react.dev/link/wrap-tests-with-act
@baci/mobile-storefront:test:
@baci/mobile-storefront:test:       131 |       .then((result) => {
@baci/mobile-storefront:test:       132 |         if (!cancelled) {
@baci/mobile-storefront:test:     > 133 |           setAllBeneficiaries(result);
@baci/mobile-storefront:test:           |           ^
@baci/mobile-storefront:test:       134 |         }
@baci/mobile-storefront:test:       135 |       })
@baci/mobile-storefront:test:       136 |       .catch((err) => console.error('getBeneficiaries failed', err));
@baci/mobile-storefront:test:
@baci/mobile-storefront:test:       at ../../node_modules/react-test-renderer/cjs/react-test-renderer.development.js:14402:19
@baci/mobile-storefront:test:       at runWithFiberInDEV (../../node_modules/react-test-renderer/cjs/react-test-renderer.development.js:2315:13)
@baci/mobile-storefront:test:       at warnIfUpdatesNotWrappedWithActDEV (../../node_modules/react-test-renderer/cjs/react-test-renderer.development.js:14401:9)
@baci/mobile-storefront:test:       at scheduleUpdateOnFiber (../../node_modules/react-test-renderer/cjs/react-test-renderer.development.js:12086:9)
@baci/mobile-storefront:test:       at dispatchSetStateInternal (../../node_modules/react-test-renderer/cjs/react-test-renderer.development.js:6208:13)
@baci/mobile-storefront:test:       at dispatchSetState (../../node_modules/react-test-renderer/cjs/react-test-renderer.development.js:6165:7)
@baci/mobile-storefront:test:       at setAllBeneficiaries (components/utilities/use-bill-form-controller.ts:133:11)
@baci/mobile-storefront:test:
@baci/mobile-storefront:test:     console.error
@baci/mobile-storefront:test:       An update to HookContainer inside a test was not wrapped in act(...).
@baci/mobile-storefront:test:
@baci/mobile-storefront:test:       When testing, code that causes React state updates should be wrapped into act(...):
@baci/mobile-storefront:test:
@baci/mobile-storefront:test:       act(() => {
@baci/mobile-storefront:test:         /* fire events that update state */
@baci/mobile-storefront:test:       });
@baci/mobile-storefront:test:       /* assert on the output */
@baci/mobile-storefront:test:
@baci/mobile-storefront:test:       This ensures that you're testing the behavior the user would see in the browser. Learn more at https://react.dev/link/wrap-tests-with-act
@baci/mobile-storefront:test:
@baci/mobile-storefront:test:       131 |       .then((result) => {
@baci/mobile-storefront:test:       132 |         if (!cancelled) {
@baci/mobile-storefront:test:     > 133 |           setAllBeneficiaries(result);
@baci/mobile-storefront:test:           |           ^
@baci/mobile-storefront:test:       134 |         }
@baci/mobile-storefront:test:       135 |       })
@baci/mobile-storefront:test:       136 |       .catch((err) => console.error('getBeneficiaries failed', err));
@baci/mobile-storefront:test:
@baci/mobile-storefront:test:       at ../../node_modules/react-test-renderer/cjs/react-test-renderer.development.js:14402:19
@baci/mobile-storefront:test:       at runWithFiberInDEV (../../node_modules/react-test-renderer/cjs/react-test-renderer.development.js:2315:13)
@baci/mobile-storefront:test:       at warnIfUpdatesNotWrappedWithActDEV (../../node_modules/react-test-renderer/cjs/react-test-renderer.development.js:14401:9)
@baci/mobile-storefront:test:       at scheduleUpdateOnFiber (../../node_modules/react-test-renderer/cjs/react-test-renderer.development.js:12086:9)
@baci/mobile-storefront:test:       at dispatchSetStateInternal (../../node_modules/react-test-renderer/cjs/react-test-renderer.development.js:6208:13)
@baci/mobile-storefront:test:       at dispatchSetState (../../node_modules/react-test-renderer/cjs/react-test-renderer.development.js:6165:7)
@baci/mobile-storefront:test:       at setAllBeneficiaries (components/utilities/use-bill-form-controller.ts:133:11)
@baci/mobile-storefront:test:
@baci/mobile-storefront:test:     console.error
@baci/mobile-storefront:test:       An update to HookContainer inside a test was not wrapped in act(...).
@baci/mobile-storefront:test:
@baci/mobile-storefront:test:       When testing, code that causes React state updates should be wrapped into act(...):
@baci/mobile-storefront:test:
@baci/mobile-storefront:test:       act(() => {
@baci/mobile-storefront:test:         /* fire events that update state */
@baci/mobile-storefront:test:       });
@baci/mobile-storefront:test:       /* assert on the output */
@baci/mobile-storefront:test:
@baci/mobile-storefront:test:       This ensures that you're testing the behavior the user would see in the browser. Learn more at https://react.dev/link/wrap-tests-with-act
@baci/mobile-storefront:test:
@baci/mobile-storefront:test:       131 |       .then((result) => {
@baci/mobile-storefront:test:       132 |         if (!cancelled) {
@baci/mobile-storefront:test:     > 133 |           setAllBeneficiaries(result);
@baci/mobile-storefront:test:           |           ^
@baci/mobile-storefront:test:       134 |         }
@baci/mobile-storefront:test:       135 |       })
@baci/mobile-storefront:test:       136 |       .catch((err) => console.error('getBeneficiaries failed', err));
@baci/mobile-storefront:test:
@baci/mobile-storefront:test:       at ../../node_modules/react-test-renderer/cjs/react-test-renderer.development.js:14402:19
@baci/mobile-storefront:test:       at runWithFiberInDEV (../../node_modules/react-test-renderer/cjs/react-test-renderer.development.js:2315:13)
@baci/mobile-storefront:test:       at warnIfUpdatesNotWrappedWithActDEV (../../node_modules/react-test-renderer/cjs/react-test-renderer.development.js:14401:9)
@baci/mobile-storefront:test:       at scheduleUpdateOnFiber (../../node_modules/react-test-renderer/cjs/react-test-renderer.development.js:12086:9)
@baci/mobile-storefront:test:       at dispatchSetStateInternal (../../node_modules/react-test-renderer/cjs/react-test-renderer.development.js:6208:13)
@baci/mobile-storefront:test:       at dispatchSetState (../../node_modules/react-test-renderer/cjs/react-test-renderer.development.js:6165:7)
@baci/mobile-storefront:test:       at setAllBeneficiaries (components/utilities/use-bill-form-controller.ts:133:11)
@baci/mobile-storefront:test:
@baci/mobile-storefront:test:     console.error
@baci/mobile-storefront:test:       An update to HookContainer inside a test was not wrapped in act(...).
@baci/mobile-storefront:test:
@baci/mobile-storefront:test:       When testing, code that causes React state updates should be wrapped into act(...):
@baci/mobile-storefront:test:
@baci/mobile-storefront:test:       act(() => {
@baci/mobile-storefront:test:         /* fire events that update state */
@baci/mobile-storefront:test:       });
@baci/mobile-storefront:test:       /* assert on the output */
@baci/mobile-storefront:test:
@baci/mobile-storefront:test:       This ensures that you're testing the behavior the user would see in the browser. Learn more at https://react.dev/link/wrap-tests-with-act
@baci/mobile-storefront:test:
@baci/mobile-storefront:test:       131 |       .then((result) => {
@baci/mobile-storefront:test:       132 |         if (!cancelled) {
@baci/mobile-storefront:test:     > 133 |           setAllBeneficiaries(result);
@baci/mobile-storefront:test:           |           ^
@baci/mobile-storefront:test:       134 |         }
@baci/mobile-storefront:test:       135 |       })
@baci/mobile-storefront:test:       136 |       .catch((err) => console.error('getBeneficiaries failed', err));
@baci/mobile-storefront:test:
@baci/mobile-storefront:test:       at ../../node_modules/react-test-renderer/cjs/react-test-renderer.development.js:14402:19
@baci/mobile-storefront:test:       at runWithFiberInDEV (../../node_modules/react-test-renderer/cjs/react-test-renderer.development.js:2315:13)
@baci/mobile-storefront:test:       at warnIfUpdatesNotWrappedWithActDEV (../../node_modules/react-test-renderer/cjs/react-test-renderer.development.js:14401:9)
@baci/mobile-storefront:test:       at scheduleUpdateOnFiber (../../node_modules/react-test-renderer/cjs/react-test-renderer.development.js:12086:9)
@baci/mobile-storefront:test:       at dispatchSetStateInternal (../../node_modules/react-test-renderer/cjs/react-test-renderer.development.js:6208:13)
@baci/mobile-storefront:test:       at dispatchSetState (../../node_modules/react-test-renderer/cjs/react-test-renderer.development.js:6165:7)
@baci/mobile-storefront:test:       at setAllBeneficiaries (components/utilities/use-bill-form-controller.ts:133:11)
@baci/mobile-storefront:test:
@baci/mobile-storefront:test:     console.error
@baci/mobile-storefront:test:       An update to HookContainer inside a test was not wrapped in act(...).
@baci/mobile-storefront:test:
@baci/mobile-storefront:test:       When testing, code that causes React state updates should be wrapped into act(...):
@baci/mobile-storefront:test:
@baci/mobile-storefront:test:       act(() => {
@baci/mobile-storefront:test:         /* fire events that update state */
@baci/mobile-storefront:test:       });
@baci/mobile-storefront:test:       /* assert on the output */
@baci/mobile-storefront:test:
@baci/mobile-storefront:test:       This ensures that you're testing the behavior the user would see in the browser. Learn more at https://react.dev/link/wrap-tests-with-act
@baci/mobile-storefront:test:
@baci/mobile-storefront:test:       131 |       .then((result) => {
@baci/mobile-storefront:test:       132 |         if (!cancelled) {
@baci/mobile-storefront:test:     > 133 |           setAllBeneficiaries(result);
@baci/mobile-storefront:test:           |           ^
@baci/mobile-storefront:test:       134 |         }
@baci/mobile-storefront:test:       135 |       })
@baci/mobile-storefront:test:       136 |       .catch((err) => console.error('getBeneficiaries failed', err));
@baci/mobile-storefront:test:
@baci/mobile-storefront:test:       at ../../node_modules/react-test-renderer/cjs/react-test-renderer.development.js:14402:19
@baci/mobile-storefront:test:       at runWithFiberInDEV (../../node_modules/react-test-renderer/cjs/react-test-renderer.development.js:2315:13)
@baci/mobile-storefront:test:       at warnIfUpdatesNotWrappedWithActDEV (../../node_modules/react-test-renderer/cjs/react-test-renderer.development.js:14401:9)
@baci/mobile-storefront:test:       at scheduleUpdateOnFiber (../../node_modules/react-test-renderer/cjs/react-test-renderer.development.js:12086:9)
@baci/mobile-storefront:test:       at dispatchSetStateInternal (../../node_modules/react-test-renderer/cjs/react-test-renderer.development.js:6208:13)
@baci/mobile-storefront:test:       at dispatchSetState (../../node_modules/react-test-renderer/cjs/react-test-renderer.development.js:6165:7)
@baci/mobile-storefront:test:       at setAllBeneficiaries (components/utilities/use-bill-form-controller.ts:133:11)
@baci/mobile-storefront:test:
@baci/web:test: [90mstderr[2m | src/components/storefront/ogabassey/pages/crypto-checkout.test.tsx[2m > [22m[2mCryptoCheckoutPage[2m > [22m[2mshows error state on failed payment initialization
@baci/web:test: [22m[39mCrypto payment init error: Error: Service temporarily unavailable
@baci/web:test:     at initPayment [90m(/app/apps/web/[39msrc/components/storefront/ogabassey/pages/crypto-checkout.tsx:117:17[90m)[39m
@baci/web:test:
@baci/web:test: [90mstderr[2m | src/components/storefront/ogabassey/pages/crypto-checkout.test.tsx[2m > [22m[2mCryptoCheckoutPage[2m > [22m[2mshows error when crypto_payment is missing in response
@baci/web:test: [22m[39mCrypto payment init error: Error: Failed to generate crypto payment address
@baci/web:test:     at initPayment [90m(/app/apps/web/[39msrc/components/storefront/ogabassey/pages/crypto-checkout.tsx:139:17[90m)[39m
@baci/web:test:
@baci/web:test: [90mstderr[2m | src/components/storefront/ogabassey/pages/crypto-checkout.test.tsx[2m > [22m[2mCryptoCheckoutPage[2m > [22m[2mhandles network errors during initialization
@baci/web:test: [22m[39mCrypto payment init error: Error: Network error
@baci/web:test:     at [90m/app/apps/web/[39msrc/components/storefront/ogabassey/pages/crypto-checkout.test.tsx:397:37
@baci/web:test:     at [90mfile:///app/apps/web/[39mnode_modules/[4m@vitest/runner[24m/dist/index.js:145:11
@baci/web:test:     at [90mfile:///app/apps/web/[39mnode_modules/[4m@vitest/runner[24m/dist/index.js:915:26
@baci/web:test:     at [90mfile:///app/apps/web/[39mnode_modules/[4m@vitest/runner[24m/dist/index.js:1243:20
@baci/web:test:     at new Promise (<anonymous>)
@baci/web:test:     at runWithTimeout [90m(file:///app/apps/web/[39mnode_modules/[4m@vitest/runner[24m/dist/index.js:1209:10[90m)[39m
@baci/web:test:     at [90mfile:///app/apps/web/[39mnode_modules/[4m@vitest/runner[24m/dist/index.js:1653:37
@baci/web:test:     at Traces.$ [90m(file:///app/apps/web/[39mnode_modules/[4mvitest[24m/dist/chunks/traces.CCmnQaNT.js:142:27[90m)[39m
@baci/web:test:     at trace [90m(file:///app/apps/web/[39mnode_modules/[4mvitest[24m/dist/chunks/test.B8ej_ZHS.js:239:21[90m)[39m
@baci/web:test:     at runTest [90m(file:///app/apps/web/[39mnode_modules/[4m@vitest/runner[24m/dist/index.js:1653:12[90m)[39m
@baci/web:test:
baci-mobile-admin:test:  [32m✓[39m components/orders/NewOrderFooterBar.test.tsx [2m([22m[2m3 tests[22m[2m)[22m[33m 685[2mms[22m[39m
baci-mobile-admin:test:      [33m[2m✓[22m[39m shows partial-payment controls and forwards payment method and amount changes [33m 353[2mms[22m[39m
baci-mobile-admin:test:  [32m✓[39m components/orders/OrderDetailsCustomerCard.test.tsx [2m([22m[2m5 tests[22m[2m)[22m[33m 1842[2mms[22m[39m
baci-mobile-admin:test:      [33m[2m✓[22m[39m keeps the rider action visible after shipment even when the customer phone is missing [33m 1400[2mms[22m[39m
@baci/web:test:  [32m✓[39m src/components/storefront/ogabassey/pages/crypto-checkout.test.tsx [2m([22m[2m16 tests[22m[2m)[22m[33m 2875[2mms[22m[39m
@baci/web:test:      [33m[2m✓[22m[39m shows crypto payment details after successful initialization [33m 1280[2mms[22m[39m
@baci/web:test:      [33m[2m✓[22m[39m disables verify button while verifying [33m 319[2mms[22m[39m
baci-mobile-admin:test:  [32m✓[39m components/ui/DateRangePicker.test.tsx [2m([22m[2m4 tests[22m[2m)[22m[33m 3110[2mms[22m[39m
baci-mobile-admin:test:      [33m[2m✓[22m[39m selects a preset and closes the picker [33m 1109[2mms[22m[39m
baci-mobile-admin:test:      [33m[2m✓[22m[39m initializes custom mode from an existing range and applies a newly selected range [33m 1487[2mms[22m[39m
@baci/web:test: [90mstderr[2m | src/lib/cached-data.products.test.ts[2m > [22m[2mcached-data product query projections[2m > [22m[2mgetCachedProductLcpHint returns null on query error
@baci/web:test: [22m[39mError fetching product LCP hint: { message: [32m'db error'[39m, code: [32m'42P01'[39m }
@baci/web:test:
@baci/web:test: [90mstderr[2m | src/lib/cached-data.products.test.ts[2m > [22m[2mcached-data product query projections[2m > [22m[2mgetCachedProducts falls back to empty variants when the public RPC fails
@baci/web:test: [22m[39mError fetching storefront product variants: { message: [32m'RPC failed'[39m, code: [32m'P0001'[39m }
@baci/web:test:
@baci/web:test: [90mstderr[2m | src/lib/cached-data.products.test.ts[2m > [22m[2mcached-data product query projections[2m > [22m[2mgetCachedProduct returns null on query error
@baci/web:test: [22m[39mError fetching product: { message: [32m'db error'[39m, code: [32m'42P01'[39m }
@baci/web:test:
@baci/web:test: [90mstderr[2m | src/lib/cached-data.products.test.ts[2m > [22m[2mcached-data product query projections[2m > [22m[2mgetCachedProduct falls back to empty variants when the public RPC fails
@baci/web:test: [22m[39mError fetching storefront product variants: { message: [32m'RPC failed'[39m, code: [32m'P0001'[39m }
@baci/web:test:
@baci/web:test: [90mstderr[2m | src/lib/cached-data.products.test.ts[2m > [22m[2mcached-data product query projections[2m > [22m[2mgetCachedProductWithDetails returns null on query error
@baci/web:test: [22m[39mError fetching product with details: { message: [32m'db error'[39m, code: [32m'42P01'[39m }
@baci/web:test:
@baci/mobile-storefront:test: PASS components/product/ImageZoomModal.test.tsx
@baci/web:test: [90mstderr[2m | src/lib/cached-data.products.test.ts[2m > [22m[2mcached-data product query projections[2m > [22m[2mgetCachedLegacyProductRedirectTarget throws on query error to avoid caching false misses
@baci/web:test: [22m[39mError fetching legacy product redirect target: { message: [32m'db error'[39m, code: [32m'42P01'[39m }
@baci/web:test:
@baci/web:test: [90mstderr[2m | src/lib/cached-data.products.test.ts[2m > [22m[2mcached-data product query projections[2m > [22m[2mgetCachedProductWithDetails falls back to empty variants when the public RPC fails
@baci/web:test: [22m[39mError fetching storefront product variants: { message: [32m'RPC failed'[39m, code: [32m'P0001'[39m }
@baci/web:test:
@baci/web:test:  [32m✓[39m src/lib/cached-data.products.test.ts [2m([22m[2m20 tests[22m[2m)[22m[32m 153[2mms[22m[39m
@baci/mobile-storefront:test: PASS constants/payment-clipboard-bridge.test.ts
@baci/mobile-storefront:test:   ● Console
@baci/mobile-storefront:test:
@baci/mobile-storefront:test:     console.warn
@baci/mobile-storefront:test:       Baci clipboard bridge writeText unavailable; native write skipped
@baci/mobile-storefront:test:
@baci/mobile-storefront:test:       at Proxy.bridgedWriteText (eval at <anonymous> (constants/payment-clipboard-bridge.test.ts:186:23), <anonymous>:178:15)
@baci/mobile-storefront:test:       at Object.writeText (constants/payment-clipboard-bridge.test.ts:212:31)
@baci/mobile-storefront:test:       at asyncGeneratorStep (../../node_modules/@babel/runtime/helpers/asyncToGenerator.js:3:17)
@baci/mobile-storefront:test:       at _next (../../node_modules/@babel/runtime/helpers/asyncToGenerator.js:17:9)
@baci/mobile-storefront:test:       at ../../node_modules/@babel/runtime/helpers/asyncToGenerator.js:22:7
@baci/mobile-storefront:test:       at Object.<anonymous> (../../node_modules/@babel/runtime/helpers/asyncToGenerator.js:14:12)
@baci/mobile-storefront:test:
@baci/web:test:  [32m✓[39m src/lib/vtu-pending-transaction.test.ts [2m([22m[2m13 tests[22m[2m)[22m[32m 56[2mms[22m[39m
@baci/mobile-storefront:test: PASS schemas/payment-gateway.test.ts
baci-mobile-admin:test:  [32m✓[39m components/product/VariantConditionEditor.test.tsx [2m([22m[2m3 tests[22m[2m)[22m[33m 790[2mms[22m[39m
baci-mobile-admin:test:      [33m[2m✓[22m[39m renders formatted condition labels and updates the selected condition [33m 684[2mms[22m[39m
@baci/mobile-storefront:test: PASS lib/product-route/product-selection.test.ts
baci-mobile-admin:test:  [32m✓[39m lib/product-variant-form.test.ts [2m([22m[2m6 tests[22m[2m)[22m[32m 22[2mms[22m[39m
baci-mobile-admin:test:  [32m✓[39m __tests__/admin/domains-connect.test.tsx [2m([22m[2m3 tests[22m[2m)[22m[33m 940[2mms[22m[39m
baci-mobile-admin:test:      [33m[2m✓[22m[39m renders the connect form inside the shared form shell [33m 727[2mms[22m[39m
@baci/mobile-storefront:test: PASS components/storefront/ProductGrid.test.tsx
@baci/mobile-storefront:test:   ● Console
@baci/mobile-storefront:test:
@baci/mobile-storefront:test:     console.warn
@baci/mobile-storefront:test:       [ProductGrid] selectedCategorySlug "laptops" does not map to any known category; chip UI will show "All" while product query remains filtered by the stale slug.
@baci/mobile-storefront:test:
@baci/mobile-storefront:test:       146 |     selectedCategorySlug !== ALL_PRODUCT_FILTER_CATEGORY_SLUG
@baci/mobile-storefront:test:       147 |   ) {
@baci/mobile-storefront:test:     > 148 |     console.warn(
@baci/mobile-storefront:test:           |             ^
@baci/mobile-storefront:test:       149 |       `[ProductGrid] selectedCategorySlug "${selectedCategorySlug}" does not map to any known category; chip UI will show "All" while product query remains filtered by the stale slug.`
@baci/mobile-storefront:test:       150 |     );
@baci/mobile-storefront:test:       151 |   }
@baci/mobile-storefront:test:
@baci/mobile-storefront:test:       at warn (components/storefront/ProductGrid.tsx:148:13)
@baci/mobile-storefront:test:       at Object.react_stack_bottom_frame (../../node_modules/react-test-renderer/cjs/react-test-renderer.development.js:15670:20)
@baci/mobile-storefront:test:       at renderWithHooks (../../node_modules/react-test-renderer/cjs/react-test-renderer.development.js:4863:22)
@baci/mobile-storefront:test:       at updateFunctionComponent (../../node_modules/react-test-renderer/cjs/react-test-renderer.development.js:7018:19)
@baci/mobile-storefront:test:       at beginWork (../../node_modules/react-test-renderer/cjs/react-test-renderer.development.js:8499:18)
@baci/mobile-storefront:test:       at runWithFiberInDEV (../../node_modules/react-test-renderer/cjs/react-test-renderer.development.js:2315:13)
@baci/mobile-storefront:test:       at performUnitOfWork (../../node_modules/react-test-renderer/cjs/react-test-renderer.development.js:13224:22)
@baci/mobile-storefront:test:       at workLoopSync (../../node_modules/react-test-renderer/cjs/react-test-renderer.development.js:13068:41)
@baci/mobile-storefront:test:       at renderRootSync (../../node_modules/react-test-renderer/cjs/react-test-renderer.development.js:13049:11)
@baci/mobile-storefront:test:       at performWorkOnRoot (../../node_modules/react-test-renderer/cjs/react-test-renderer.development.js:12181:11)
@baci/mobile-storefront:test:       at performWorkOnRootViaSchedulerTask (../../node_modules/react-test-renderer/cjs/react-test-renderer.development.js:2908:7)
@baci/mobile-storefront:test:       at flushActQueue (../../node_modules/react/cjs/react.development.js:590:34)
@baci/mobile-storefront:test:       at Object.<anonymous>.process.env.NODE_ENV.exports.act (../../node_modules/react/cjs/react.development.js:884:10)
@baci/mobile-storefront:test:       at actImplementation (../../node_modules/@testing-library/react-native/src/act.ts:30:25)
@baci/mobile-storefront:test:       at Object.<anonymous> (components/storefront/ProductGrid.test.tsx:145:8)
@baci/mobile-storefront:test:
@baci/mobile-storefront:test:     console.warn
@baci/mobile-storefront:test:       [ProductGrid] selectedCategorySlug "laptops" does not map to any known category; chip UI will show "All" while product query remains filtered by the stale slug.
@baci/mobile-storefront:test:
@baci/mobile-storefront:test:       146 |     selectedCategorySlug !== ALL_PRODUCT_FILTER_CATEGORY_SLUG
@baci/mobile-storefront:test:       147 |   ) {
@baci/mobile-storefront:test:     > 148 |     console.warn(
@baci/mobile-storefront:test:           |             ^
@baci/mobile-storefront:test:       149 |       `[ProductGrid] selectedCategorySlug "${selectedCategorySlug}" does not map to any known category; chip UI will show "All" while product query remains filtered by the stale slug.`
@baci/mobile-storefront:test:       150 |     );
@baci/mobile-storefront:test:       151 |   }
@baci/mobile-storefront:test:
@baci/mobile-storefront:test:       at warn (components/storefront/ProductGrid.tsx:148:13)
@baci/mobile-storefront:test:       at Object.react_stack_bottom_frame (../../node_modules/react-test-renderer/cjs/react-test-renderer.development.js:15670:20)
@baci/mobile-storefront:test:       at renderWithHooks (../../node_modules/react-test-renderer/cjs/react-test-renderer.development.js:4863:22)
@baci/mobile-storefront:test:       at updateFunctionComponent (../../node_modules/react-test-renderer/cjs/react-test-renderer.development.js:7018:19)
@baci/mobile-storefront:test:       at beginWork (../../node_modules/react-test-renderer/cjs/react-test-renderer.development.js:8499:18)
@baci/mobile-storefront:test:       at runWithFiberInDEV (../../node_modules/react-test-renderer/cjs/react-test-renderer.development.js:2315:13)
@baci/mobile-storefront:test:       at performUnitOfWork (../../node_modules/react-test-renderer/cjs/react-test-renderer.development.js:13224:22)
@baci/mobile-storefront:test:       at workLoopSync (../../node_modules/react-test-renderer/cjs/react-test-renderer.development.js:13068:41)
@baci/mobile-storefront:test:       at renderRootSync (../../node_modules/react-test-renderer/cjs/react-test-renderer.development.js:13049:11)
@baci/mobile-storefront:test:       at performWorkOnRoot (../../node_modules/react-test-renderer/cjs/react-test-renderer.development.js:12181:11)
@baci/mobile-storefront:test:       at performWorkOnRootViaSchedulerTask (../../node_modules/react-test-renderer/cjs/react-test-renderer.development.js:2908:7)
@baci/mobile-storefront:test:       at flushActQueue (../../node_modules/react/cjs/react.development.js:590:34)
@baci/mobile-storefront:test:       at Object.<anonymous>.process.env.NODE_ENV.exports.act (../../node_modules/react/cjs/react.development.js:884:10)
@baci/mobile-storefront:test:       at actImplementation (../../node_modules/@testing-library/react-native/src/act.ts:30:25)
@baci/mobile-storefront:test:       at Object.<anonymous> (components/storefront/ProductGrid.test.tsx:145:8)
@baci/mobile-storefront:test:
baci-mobile-admin:test:  [32m✓[39m components/orders/OrderStatusSheet.test.tsx [2m([22m[2m6 tests[22m[2m)[22m[33m 1099[2mms[22m[39m
baci-mobile-admin:test:      [33m[2m✓[22m[39m renders the available status actions and selects a valid one [33m 613[2mms[22m[39m
@baci/web:test:  [32m✓[39m src/app/dashboard/migrations/migrations-client-page.test.tsx [2m([22m[2m8 tests[22m[2m)[22m[33m 5781[2mms[22m[39m
@baci/web:test:      [33m[2m✓[22m[39m loads the first previewable job detail and preview rows on mount [33m 1493[2mms[22m[39m
@baci/web:test:      [33m[2m✓[22m[39m switches between source platforms without reworking the existing Bumpa flow [33m 592[2mms[22m[39m
@baci/web:test:      [33m[2m✓[22m[39m uploads a new CSV and refreshes the selected job [33m 710[2mms[22m[39m
@baci/web:test:      [33m[2m✓[22m[39m keeps the current UI state when a background job refresh fails [33m 477[2mms[22m[39m
@baci/web:test:      [33m[2m✓[22m[39m shows processing copy without loading preview rows while validation is running [33m 752[2mms[22m[39m
@baci/web:test:      [33m[2m✓[22m[39m refetches preview rows with the selected summary filter [33m 760[2mms[22m[39m
@baci/web:test:      [33m[2m✓[22m[39m does not overlap validating poll requests while a refresh is in flight [33m 716[2mms[22m[39m
@baci/mobile-storefront:test: PASS components/utilities/create-bill-form-purchase-handler.test.ts
@baci/mobile-storefront:test:   ● Console
@baci/mobile-storefront:test:
@baci/mobile-storefront:test:     console.warn
@baci/mobile-storefront:test:       [Supabase] SUPABASE_URL is not configured. Set EXPO_PUBLIC_SUPABASE_URL or configure extra.supabaseUrl in app.json.
@baci/mobile-storefront:test:
@baci/mobile-storefront:test:       46 | // Runtime warning when Supabase credentials are missing
@baci/mobile-storefront:test:       47 | if (!supabaseUrl) {
@baci/mobile-storefront:test:     > 48 |   console.warn(
@baci/mobile-storefront:test:          |           ^
@baci/mobile-storefront:test:       49 |     '[Supabase] SUPABASE_URL is not configured. Set EXPO_PUBLIC_SUPABASE_URL or configure extra.supabaseUrl in app.json.'
@baci/mobile-storefront:test:       50 |   );
@baci/mobile-storefront:test:       51 | }
@baci/mobile-storefront:test:
@baci/mobile-storefront:test:       at Object.warn (lib/supabase.ts:48:11)
@baci/mobile-storefront:test:       at Object.require (lib/vtu-checkout.ts:10:1)
@baci/mobile-storefront:test:       at requireActual (components/utilities/create-bill-form-purchase-handler.test.ts:39:10)
@baci/mobile-storefront:test:       at Object.require (components/utilities/create-bill-form-purchase-handler.ts:6:1)
@baci/mobile-storefront:test:       at Object.require (components/utilities/create-bill-form-purchase-handler.test.ts:5:1)
@baci/mobile-storefront:test:
@baci/mobile-storefront:test:     console.warn
@baci/mobile-storefront:test:       [Supabase] SUPABASE_ANON_KEY is not configured. Set EXPO_PUBLIC_SUPABASE_ANON_KEY or configure extra.supabaseAnonKey in app.json.
@baci/mobile-storefront:test:
@baci/mobile-storefront:test:       51 | }
@baci/mobile-storefront:test:       52 | if (!supabaseAnonKey) {
@baci/mobile-storefront:test:     > 53 |   console.warn(
@baci/mobile-storefront:test:          |           ^
@baci/mobile-storefront:test:       54 |     '[Supabase] SUPABASE_ANON_KEY is not configured. Set EXPO_PUBLIC_SUPABASE_ANON_KEY or configure extra.supabaseAnonKey in app.json.'
@baci/mobile-storefront:test:       55 |   );
@baci/mobile-storefront:test:       56 | }
@baci/mobile-storefront:test:
@baci/mobile-storefront:test:       at Object.warn (lib/supabase.ts:53:11)
@baci/mobile-storefront:test:       at Object.require (lib/vtu-checkout.ts:10:1)
@baci/mobile-storefront:test:       at requireActual (components/utilities/create-bill-form-purchase-handler.test.ts:39:10)
@baci/mobile-storefront:test:       at Object.require (components/utilities/create-bill-form-purchase-handler.ts:6:1)
@baci/mobile-storefront:test:       at Object.require (components/utilities/create-bill-form-purchase-handler.test.ts:5:1)
@baci/mobile-storefront:test:
@baci/web:test: [90mstderr[2m | src/app/api/agentic/checkout_sessions/[id]/route.test.ts[2m > [22m[2mPOST /api/agentic/checkout_sessions/[id][2m > [22m[2mreturns 403 when the merchant disables agentic checkout
@baci/web:test: [22m[39m[2026-05-28T16:53:20.380Z] [WARN] Agentic checkout disabled {
@baci/web:test:   message: [32m'Agentic checkout disabled'[39m,
@baci/web:test:   merchantId: [32m'merchant-1'[39m,
@baci/web:test:   route: [32m'checkout_sessions.update'[39m,
@baci/web:test:   sessionId: [32m'agentic_session_1'[39m
@baci/web:test: }
@baci/web:test:
@baci/web:test: [90mstderr[2m | src/app/api/agentic/checkout_sessions/[id]/route.test.ts[2m > [22m[2mPOST /api/agentic/checkout_sessions/[id][2m > [22m[2mreturns 500 when the guarded checkout session update fails
@baci/web:test: [22m[39m[2026-05-28T16:53:20.456Z] [ERROR] Failed to update checkout session {
@baci/web:test:   message: [32m'Failed to update checkout session'[39m,
@baci/web:test:   error: [32m'{"message":"write failed"}'[39m,
@baci/web:test:   sessionId: [32m'agentic_session_1'[39m
@baci/web:test: }
@baci/web:test:
@baci/web:test:  [32m✓[39m src/app/api/agentic/checkout_sessions/[id]/route.test.ts [2m([22m[2m11 tests[22m[2m)[22m[33m 570[2mms[22m[39m
@baci/web:test:      [33m[2m✓[22m[39m returns 400 when the request body cannot be parsed [33m 468[2mms[22m[39m
@baci/web:test: [90mstderr[2m | src/components/onboarding/steps/step1-business-details.test.tsx[2m > [22m[2mStep1_BusinessDetails[2m > [22m[2mrenders business type selection field
@baci/web:test: [22m[39mIn HTML, <div> cannot be a child of <option>.
@baci/web:test: This will cause a hydration error.
@baci/web:test:
@baci/web:test:   ...
@baci/web:test:     <Step1_BusinessDetails onKeyDown={function Mock}>
@baci/web:test:       <div className="space-y-4">
@baci/web:test:         <FormField control={{...}} name="businessType" render={function render}>
@baci/web:test:           <Controller control={{...}} name="businessType" render={function render}>
@baci/web:test:             <FormItem>
@baci/web:test:               <div>
@baci/web:test:                 <FormLabel>
@baci/web:test:                 <Select onValueChange={function onValueChange} value="" name="businessType">
@baci/web:test:                   <div>
@baci/web:test:                     <select value="" onChange={function onChange} aria-label={"What's t..."} data-testid="businessTy...">
@baci/web:test:                       <option>
@baci/web:test:                       <FormControl>
@baci/web:test:                       <SelectContent>
@baci/web:test:                         <SelectItem value="fashion">
@baci/web:test: >                         <option value="fashion">
@baci/web:test: >                           <div className="flex items-center gap-2 w-full min-w-0">
@baci/web:test:                         ...
@baci/web:test:                         ...
@baci/web:test:                 ...
@baci/web:test:         ...
@baci/web:test:
@baci/web:test: <option> cannot contain a nested <div>.
@baci/web:test: See this log for the ancestor stack trace.
@baci/web:test: React does not recognize the `staticPrefix` prop on a DOM element. If you intentionally want it to appear in the DOM as a custom attribute, spell it as lowercase `staticprefix` instead. If you accidentally passed it from a parent component, remove it from the DOM element.
@baci/web:test:
baci-mobile-admin:test:  [32m✓[39m components/product/ProductBasicInformationCard.test.tsx [2m([22m[2m2 tests[22m[2m)[22m[33m 957[2mms[22m[39m
baci-mobile-admin:test:      [33m[2m✓[22m[39m falls back to the default category label and opens the category modal [33m 713[2mms[22m[39m
@baci/mobile-storefront:test: PASS __tests__/app/utilities/history.test.tsx
@baci/mobile-storefront:test:   ● Console
@baci/mobile-storefront:test:
@baci/mobile-storefront:test:     console.error
@baci/mobile-storefront:test:       Failed to sync VTU payment: Error: Gateway not settled.
@baci/mobile-storefront:test:           at Object.<anonymous> (/app/apps/mobile-storefront/__tests__/app/utilities/history.test.tsx:318:46)
@baci/mobile-storefront:test:           at Generator.next (<anonymous>)
@baci/mobile-storefront:test:           at asyncGeneratorStep (/app/node_modules/@babel/runtime/helpers/asyncToGenerator.js:3:17)
@baci/mobile-storefront:test:           at _next (/app/node_modules/@babel/runtime/helpers/asyncToGenerator.js:17:9)
@baci/mobile-storefront:test:           at /app/node_modules/@babel/runtime/helpers/asyncToGenerator.js:22:7
@baci/mobile-storefront:test:           at new Promise (<anonymous>)
@baci/mobile-storefront:test:           at Object.<anonymous> (/app/node_modules/@babel/runtime/helpers/asyncToGenerator.js:14:12)
@baci/mobile-storefront:test:           at Promise.then.completed (/app/node_modules/jest-circus/build/utils.js:298:28)
@baci/mobile-storefront:test:           at new Promise (<anonymous>)
@baci/mobile-storefront:test:           at callAsyncCircusFn (/app/node_modules/jest-circus/build/utils.js:231:10)
@baci/mobile-storefront:test:           at _callCircusTest (/app/node_modules/jest-circus/build/run.js:316:40)
@baci/mobile-storefront:test:           at _runTest (/app/node_modules/jest-circus/build/run.js:252:3)
@baci/mobile-storefront:test:           at _runTestsForDescribeBlock (/app/node_modules/jest-circus/build/run.js:126:9)
@baci/mobile-storefront:test:           at _runTestsForDescribeBlock (/app/node_modules/jest-circus/build/run.js:121:9)
@baci/mobile-storefront:test:           at run (/app/node_modules/jest-circus/build/run.js:71:3)
@baci/mobile-storefront:test:           at runAndTransformResultsToJestFormat (/app/node_modules/jest-circus/build/legacy-code-todo-rewrite/jestAdapterInit.js:122:21)
@baci/mobile-storefront:test:           at jestAdapter (/app/node_modules/jest-circus/build/legacy-code-todo-rewrite/jestAdapter.js:79:19)
@baci/mobile-storefront:test:           at runTestInternal (/app/node_modules/jest-runner/build/runTest.js:367:16)
@baci/mobile-storefront:test:           at runTest (/app/node_modules/jest-runner/build/runTest.js:444:34)
@baci/mobile-storefront:test:
@baci/mobile-storefront:test:       137 |       );
@baci/mobile-storefront:test:       138 |     } catch (syncError) {
@baci/mobile-storefront:test:     > 139 |       console.error('Failed to sync VTU payment:', syncError);
@baci/mobile-storefront:test:           |               ^
@baci/mobile-storefront:test:       140 |       void refetch().catch((refetchError: unknown) => {
@baci/mobile-storefront:test:       141 |         console.error(
@baci/mobile-storefront:test:       142 |           'Failed to refetch VTU history after sync failure:',
@baci/mobile-storefront:test:
@baci/mobile-storefront:test:       at error (components/utilities/use-utility-history-actions.ts:139:15)
@baci/mobile-storefront:test:           at Generator.throw (<anonymous>)
@baci/mobile-storefront:test:       at asyncGeneratorStep (../../node_modules/@babel/runtime/helpers/asyncToGenerator.js:3:17)
@baci/mobile-storefront:test:       at _throw (../../node_modules/@babel/runtime/helpers/asyncToGenerator.js:20:9)
@baci/mobile-storefront:test:
@baci/mobile-storefront:test:     console.error
@baci/mobile-storefront:test:       Failed to refetch VTU history after sync failure: Error: History refetch failed.
@baci/mobile-storefront:test:           at Object.<anonymous> (/app/apps/mobile-storefront/__tests__/app/utilities/history.test.tsx:319:39)
@baci/mobile-storefront:test:           at Generator.next (<anonymous>)
@baci/mobile-storefront:test:           at asyncGeneratorStep (/app/node_modules/@babel/runtime/helpers/asyncToGenerator.js:3:17)
@baci/mobile-storefront:test:           at _next (/app/node_modules/@babel/runtime/helpers/asyncToGenerator.js:17:9)
@baci/mobile-storefront:test:           at /app/node_modules/@babel/runtime/helpers/asyncToGenerator.js:22:7
@baci/mobile-storefront:test:           at new Promise (<anonymous>)
@baci/mobile-storefront:test:           at Object.<anonymous> (/app/node_modules/@babel/runtime/helpers/asyncToGenerator.js:14:12)
@baci/mobile-storefront:test:           at Promise.then.completed (/app/node_modules/jest-circus/build/utils.js:298:28)
@baci/mobile-storefront:test:           at new Promise (<anonymous>)
@baci/mobile-storefront:test:           at callAsyncCircusFn (/app/node_modules/jest-circus/build/utils.js:231:10)
@baci/mobile-storefront:test:           at _callCircusTest (/app/node_modules/jest-circus/build/run.js:316:40)
@baci/mobile-storefront:test:           at _runTest (/app/node_modules/jest-circus/build/run.js:252:3)
@baci/mobile-storefront:test:           at _runTestsForDescribeBlock (/app/node_modules/jest-circus/build/run.js:126:9)
@baci/mobile-storefront:test:           at _runTestsForDescribeBlock (/app/node_modules/jest-circus/build/run.js:121:9)
@baci/mobile-storefront:test:           at run (/app/node_modules/jest-circus/build/run.js:71:3)
@baci/mobile-storefront:test:           at runAndTransformResultsToJestFormat (/app/node_modules/jest-circus/build/legacy-code-todo-rewrite/jestAdapterInit.js:122:21)
@baci/mobile-storefront:test:           at jestAdapter (/app/node_modules/jest-circus/build/legacy-code-todo-rewrite/jestAdapter.js:79:19)
@baci/mobile-storefront:test:           at runTestInternal (/app/node_modules/jest-runner/build/runTest.js:367:16)
@baci/mobile-storefront:test:           at runTest (/app/node_modules/jest-runner/build/runTest.js:444:34)
@baci/mobile-storefront:test:
@baci/mobile-storefront:test:       139 |       console.error('Failed to sync VTU payment:', syncError);
@baci/mobile-storefront:test:       140 |       void refetch().catch((refetchError: unknown) => {
@baci/mobile-storefront:test:     > 141 |         console.error(
@baci/mobile-storefront:test:           |                 ^
@baci/mobile-storefront:test:       142 |           'Failed to refetch VTU history after sync failure:',
@baci/mobile-storefront:test:       143 |           refetchError
@baci/mobile-storefront:test:       144 |         );
@baci/mobile-storefront:test:
@baci/mobile-storefront:test:       at error (components/utilities/use-utility-history-actions.ts:141:17)
@baci/mobile-storefront:test:
@baci/mobile-storefront:test:     console.error
@baci/mobile-storefront:test:       [ERROR] [16:53:22.296] [UtilityHistory] Failed to load utility history Error: Failed to load utility history.
@baci/mobile-storefront:test:           at Object.<anonymous> (/app/apps/mobile-storefront/__tests__/app/utilities/history.test.tsx:377:14)
@baci/mobile-storefront:test:           at Promise.then.completed (/app/node_modules/jest-circus/build/utils.js:298:28)
@baci/mobile-storefront:test:           at new Promise (<anonymous>)
@baci/mobile-storefront:test:           at callAsyncCircusFn (/app/node_modules/jest-circus/build/utils.js:231:10)
@baci/mobile-storefront:test:           at _callCircusTest (/app/node_modules/jest-circus/build/run.js:316:40)
@baci/mobile-storefront:test:           at _runTest (/app/node_modules/jest-circus/build/run.js:252:3)
@baci/mobile-storefront:test:           at _runTestsForDescribeBlock (/app/node_modules/jest-circus/build/run.js:126:9)
@baci/mobile-storefront:test:           at _runTestsForDescribeBlock (/app/node_modules/jest-circus/build/run.js:121:9)
@baci/mobile-storefront:test:           at run (/app/node_modules/jest-circus/build/run.js:71:3)
@baci/mobile-storefront:test:           at runAndTransformResultsToJestFormat (/app/node_modules/jest-circus/build/legacy-code-todo-rewrite/jestAdapterInit.js:122:21)
@baci/mobile-storefront:test:           at jestAdapter (/app/node_modules/jest-circus/build/legacy-code-todo-rewrite/jestAdapter.js:79:19)
@baci/mobile-storefront:test:           at runTestInternal (/app/node_modules/jest-runner/build/runTest.js:367:16)
@baci/mobile-storefront:test:           at runTest (/app/node_modules/jest-runner/build/runTest.js:444:34)
@baci/mobile-storefront:test:
@baci/mobile-storefront:test:       102 |     if (shouldLog('error')) {
@baci/mobile-storefront:test:       103 |       // use literal prefix to prevent format string injection
@baci/mobile-storefront:test:     > 104 |       console.error('[ERROR]', ...getLogPrefix(tag), String(message), ...args);
@baci/mobile-storefront:test:           |               ^
@baci/mobile-storefront:test:       105 |     }
@baci/mobile-storefront:test:       106 |   },
@baci/mobile-storefront:test:       107 |
@baci/mobile-storefront:test:
@baci/mobile-storefront:test:       at Object.error (lib/logger.ts:104:15)
@baci/mobile-storefront:test:       at Object.error (lib/logger.ts:128:14)
@baci/mobile-storefront:test:       at error (components/utilities/UtilityHistoryEmptyState.tsx:25:11)
@baci/mobile-storefront:test:       at Object.react_stack_bottom_frame (../../node_modules/react-test-renderer/cjs/react-test-renderer.development.js:15755:20)
@baci/mobile-storefront:test:       at runWithFiberInDEV (../../node_modules/react-test-renderer/cjs/react-test-renderer.development.js:2315:13)
@baci/mobile-storefront:test:       at commitHookEffectListMount (../../node_modules/react-test-renderer/cjs/react-test-renderer.development.js:9530:29)
@baci/mobile-storefront:test:       at commitHookPassiveMountEffects (../../node_modules/react-test-renderer/cjs/react-test-renderer.development.js:9617:11)
@baci/mobile-storefront:test:       at commitPassiveMountOnFiber (../../node_modules/react-test-renderer/cjs/react-test-renderer.development.js:11205:13)
@baci/mobile-storefront:test:       at recursivelyTraversePassiveMountEffects (../../node_modules/react-test-renderer/cjs/react-test-renderer.development.js:11160:11)
@baci/mobile-storefront:test:       at commitPassiveMountOnFiber (../../node_modules/react-test-renderer/cjs/react-test-renderer.development.js:11439:11)
@baci/mobile-storefront:test:       at recursivelyTraversePassiveMountEffects (../../node_modules/react-test-renderer/cjs/react-test-renderer.development.js:11160:11)
@baci/mobile-storefront:test:       at commitPassiveMountOnFiber (../../node_modules/react-test-renderer/cjs/react-test-renderer.development.js:11197:11)
@baci/mobile-storefront:test:       at recursivelyTraversePassiveMountEffects (../../node_modules/react-test-renderer/cjs/react-test-renderer.development.js:11160:11)
@baci/mobile-storefront:test:       at commitPassiveMountOnFiber (../../node_modules/react-test-renderer/cjs/react-test-renderer.development.js:11439:11)
@baci/mobile-storefront:test:       at recursivelyTraversePassiveMountEffects (../../node_modules/react-test-renderer/cjs/react-test-renderer.development.js:11160:11)
@baci/mobile-storefront:test:       at commitPassiveMountOnFiber (../../node_modules/react-test-renderer/cjs/react-test-renderer.development.js:11225:11)
@baci/mobile-storefront:test:       at recursivelyTraversePassiveMountEffects (../../node_modules/react-test-renderer/cjs/react-test-renderer.development.js:11160:11)
@baci/mobile-storefront:test:       at commitPassiveMountOnFiber (../../node_modules/react-test-renderer/cjs/react-test-renderer.development.js:11439:11)
@baci/mobile-storefront:test:       at recursivelyTraversePassiveMountEffects (../../node_modules/react-test-renderer/cjs/react-test-renderer.development.js:11160:11)
@baci/mobile-storefront:test:       at commitPassiveMountOnFiber (../../node_modules/react-test-renderer/cjs/react-test-renderer.development.js:11225:11)
@baci/mobile-storefront:test:       at recursivelyTraversePassiveMountEffects (../../node_modules/react-test-renderer/cjs/react-test-renderer.development.js:11160:11)
@baci/mobile-storefront:test:       at commitPassiveMountOnFiber (../../node_modules/react-test-renderer/cjs/react-test-renderer.development.js:11225:11)
@baci/mobile-storefront:test:       at recursivelyTraversePassiveMountEffects (../../node_modules/react-test-renderer/cjs/react-test-renderer.development.js:11160:11)
@baci/mobile-storefront:test:       at commitPassiveMountOnFiber (../../node_modules/react-test-renderer/cjs/react-test-renderer.development.js:11439:11)
@baci/mobile-storefront:test:       at recursivelyTraversePassiveMountEffects (../../node_modules/react-test-renderer/cjs/react-test-renderer.development.js:11160:11)
@baci/mobile-storefront:test:       at commitPassiveMountOnFiber (../../node_modules/react-test-renderer/cjs/react-test-renderer.development.js:11197:11)
@baci/mobile-storefront:test:       at recursivelyTraversePassiveMountEffects (../../node_modules/react-test-renderer/cjs/react-test-renderer.development.js:11160:11)
@baci/mobile-storefront:test:       at commitPassiveMountOnFiber (../../node_modules/react-test-renderer/cjs/react-test-renderer.development.js:11439:11)
@baci/mobile-storefront:test:       at recursivelyTraversePassiveMountEffects (../../node_modules/react-test-renderer/cjs/react-test-renderer.development.js:11160:11)
@baci/mobile-storefront:test:       at commitPassiveMountOnFiber (../../node_modules/react-test-renderer/cjs/react-test-renderer.development.js:11225:11)
@baci/mobile-storefront:test:       at recursivelyTraversePassiveMountEffects (../../node_modules/react-test-renderer/cjs/react-test-renderer.development.js:11160:11)
@baci/mobile-storefront:test:       at commitPassiveMountOnFiber (../../node_modules/react-test-renderer/cjs/react-test-renderer.development.js:11225:11)
@baci/mobile-storefront:test:       at recursivelyTraversePassiveMountEffects (../../node_modules/react-test-renderer/cjs/react-test-renderer.development.js:11160:11)
@baci/mobile-storefront:test:       at commitPassiveMountOnFiber (../../node_modules/react-test-renderer/cjs/react-test-renderer.development.js:11439:11)
@baci/mobile-storefront:test:       at recursivelyTraversePassiveMountEffects (../../node_modules/react-test-renderer/cjs/react-test-renderer.development.js:11160:11)
@baci/mobile-storefront:test:       at commitPassiveMountOnFiber (../../node_modules/react-test-renderer/cjs/react-test-renderer.development.js:11225:11)
@baci/mobile-storefront:test:       at recursivelyTraversePassiveMountEffects (../../node_modules/react-test-renderer/cjs/react-test-renderer.development.js:11160:11)
@baci/mobile-storefront:test:       at commitPassiveMountOnFiber (../../node_modules/react-test-renderer/cjs/react-test-renderer.development.js:11197:11)
@baci/mobile-storefront:test:       at recursivelyTraversePassiveMountEffects (../../node_modules/react-test-renderer/cjs/react-test-renderer.development.js:11160:11)
@baci/mobile-storefront:test:       at commitPassiveMountOnFiber (../../node_modules/react-test-renderer/cjs/react-test-renderer.development.js:11197:11)
@baci/mobile-storefront:test:       at recursivelyTraversePassiveMountEffects (../../node_modules/react-test-renderer/cjs/react-test-renderer.development.js:11160:11)
@baci/mobile-storefront:test:       at commitPassiveMountOnFiber (../../node_modules/react-test-renderer/cjs/react-test-renderer.development.js:11240:11)
@baci/mobile-storefront:test:       at flushPendingEffects (../../node_modules/react-test-renderer/cjs/react-test-renderer.development.js:14086:11)
@baci/mobile-storefront:test:       at performWorkOnRootViaSchedulerTask (../../node_modules/react-test-renderer/cjs/react-test-renderer.development.js:2896:11)
@baci/mobile-storefront:test:       at flushActQueue (../../node_modules/react/cjs/react.development.js:590:34)
@baci/mobile-storefront:test:       at Object.<anonymous>.process.env.NODE_ENV.exports.act (../../node_modules/react/cjs/react.development.js:884:10)
@baci/mobile-storefront:test:       at actImplementation (../../node_modules/@testing-library/react-native/src/act.ts:30:25)
@baci/mobile-storefront:test:       at renderWithAct (../../node_modules/@testing-library/react-native/src/render-act.ts:13:11)
@baci/mobile-storefront:test:       at renderInternal (../../node_modules/@testing-library/react-native/src/render.tsx:69:33)
@baci/mobile-storefront:test:       at renderInternal (../../node_modules/@testing-library/react-native/src/render.tsx:44:10)
@baci/mobile-storefront:test:       at Object.<anonymous> (__tests__/app/utilities/history.test.tsx:383:11)
@baci/mobile-storefront:test:
baci-mobile-admin:test:  [32m✓[39m components/ui/AppSheetModal.test.tsx [2m([22m[2m4 tests[22m[2m)[22m[33m 812[2mms[22m[39m
baci-mobile-admin:test:      [33m[2m✓[22m[39m renders children inside the sheet shell when visible [33m 643[2mms[22m[39m
@baci/mobile-storefront:test: PASS stores/auth-helpers.test.ts
baci-mobile-admin:test:  [32m✓[39m components/orders/ShipOnCreditDialog.test.tsx [2m([22m[2m4 tests[22m[2m)[22m[33m 1046[2mms[22m[39m
baci-mobile-admin:test:      [33m[2m✓[22m[39m forwards note changes and confirms the action [33m 753[2mms[22m[39m
@baci/web:test: [90mstderr[2m | src/app/api/agentic/orders/[id]/route.test.ts[2m > [22m[2mGET /api/agentic/orders/[id][2m > [22m[2mreturns 500 when the scoped order query fails
@baci/web:test: [22m[39m[2026-05-28T16:53:23.520Z] [ERROR] Failed to fetch agentic order {
@baci/web:test:   message: [32m'Failed to fetch agentic order'[39m,
@baci/web:test:   error: [32m'{"message":"db unavailable"}'[39m,
@baci/web:test:   merchantId: [32m'merchant-1'[39m,
@baci/web:test:   orderId: [32m'11111111-1111-4111-8111-111111111111'[39m
@baci/web:test: }
@baci/web:test:
@baci/web:test: [90mstderr[2m | src/app/api/agentic/orders/[id]/route.test.ts[2m > [22m[2mGET /api/agentic/orders/[id][2m > [22m[2mdoes not replace a successful order read when outcome recording fails
@baci/web:test: [22m[39m[2026-05-28T16:53:23.542Z] [WARN] Failed to purge expired agentic order read outcomes {
@baci/web:test:   message: [32m'Failed to purge expired agentic order read outcomes'[39m,
@baci/web:test:   error: [32m'{"message":"purge unavailable"}'[39m,
@baci/web:test:   merchantId: [32m'merchant-1'[39m
@baci/web:test: }
@baci/web:test:
@baci/web:test: [90mstderr[2m | src/app/api/agentic/orders/[id]/route.test.ts[2m > [22m[2mGET /api/agentic/orders/[id][2m > [22m[2mdoes not replace a successful order read when outcome recording fails
@baci/web:test: [22m[39m[2026-05-28T16:53:23.547Z] [WARN] Failed to record agentic order read outcome {
@baci/web:test:   message: [32m'Failed to record agentic order read outcome'[39m,
@baci/web:test:   error: [32m'{"message":"audit unavailable"}'[39m,
@baci/web:test:   merchantId: [32m'merchant-1'[39m,
@baci/web:test:   requestId: [32m'req_123'[39m
@baci/web:test: }
@baci/web:test:
@baci/web:test: [90mstderr[2m | src/app/api/agentic/orders/[id]/route.test.ts[2m > [22m[2mGET /api/agentic/orders/[id][2m > [22m[2mreturns 500 when the linked checkout session query fails
@baci/web:test: [22m[39m[2026-05-28T16:53:23.551Z] [ERROR] Failed to fetch agentic order checkout session {
@baci/web:test:   message: [32m'Failed to fetch agentic order checkout session'[39m,
@baci/web:test:   error: [32m'{"message":"checkout unavailable"}'[39m,
@baci/web:test:   merchantId: [32m'merchant-1'[39m,
@baci/web:test:   orderId: [32m'11111111-1111-4111-8111-111111111111'[39m
@baci/web:test: }
@baci/web:test:
@baci/web:test:  [32m✓[39m src/app/api/agentic/orders/[id]/route.test.ts [2m([22m[2m13 tests[22m[2m)[22m[33m 807[2mms[22m[39m
@baci/web:test:      [33m[2m✓[22m[39m returns public post-purchase order state for an agentic order [33m 663[2mms[22m[39m
@baci/mobile-storefront:test: PASS components/payment-gateway/create-payment-gateway-message-handler.test.ts
@baci/web:test:  [32m✓[39m src/components/onboarding/steps/step1-business-details.test.tsx [2m([22m[2m16 tests[22m[2m)[22m[33m 3874[2mms[22m[39m
@baci/web:test:      [33m[2m✓[22m[39m renders business type selection field [33m 908[2mms[22m[39m
@baci/web:test:      [33m[2m✓[22m[39m converts business name input to title case [33m 694[2mms[22m[39m
baci-mobile-admin:test: [90mstderr[2m | components/customize/CustomizePreviewPane.test.tsx[2m > [22m[2mCustomizePreviewPane[2m > [22m[2mshows a fallback when the preview webview fails at runtime
baci-mobile-admin:test: [22m[39mPreview WebView failed to load { description: [32m'Preview failed'[39m }
baci-mobile-admin:test:
@baci/web:test:  [32m✓[39m src/components/storefront/ogabassey/components/login/OgabasseyLoginPage.test.tsx [2m([22m[2m18 tests[22m[2m)[22m[33m 414[2mms[22m[39m
baci-mobile-admin:test: [90mstderr[2m | components/customize/CustomizePreviewPane.test.tsx[2m > [22m[2mCustomizePreviewPane[2m > [22m[2mallows retrying the same preview after a transient load failure
baci-mobile-admin:test: [22m[39mPreview WebView failed to load { description: [32m'Preview failed'[39m }
baci-mobile-admin:test:
baci-mobile-admin:test:  [32m✓[39m components/customize/CustomizePreviewPane.test.tsx [2m([22m[2m5 tests[22m[2m)[22m[33m 1235[2mms[22m[39m
baci-mobile-admin:test:      [33m[2m✓[22m[39m shows a fallback when the preview webview fails at runtime [33m 603[2mms[22m[39m
@baci/mobile-storefront:test: PASS components/utilities/BillForm.test.tsx
@baci/mobile-storefront:test:   ● Console
@baci/mobile-storefront:test:
@baci/mobile-storefront:test:     console.warn
@baci/mobile-storefront:test:       [Supabase] SUPABASE_URL is not configured. Set EXPO_PUBLIC_SUPABASE_URL or configure extra.supabaseUrl in app.json.
@baci/mobile-storefront:test:
@baci/mobile-storefront:test:       46 | // Runtime warning when Supabase credentials are missing
@baci/mobile-storefront:test:       47 | if (!supabaseUrl) {
@baci/mobile-storefront:test:     > 48 |   console.warn(
@baci/mobile-storefront:test:          |           ^
@baci/mobile-storefront:test:       49 |     '[Supabase] SUPABASE_URL is not configured. Set EXPO_PUBLIC_SUPABASE_URL or configure extra.supabaseUrl in app.json.'
@baci/mobile-storefront:test:       50 |   );
@baci/mobile-storefront:test:       51 | }
@baci/mobile-storefront:test:
@baci/mobile-storefront:test:       at Object.warn (lib/supabase.ts:48:11)
@baci/mobile-storefront:test:       at Object.require (lib/vtu-checkout.ts:10:1)
@baci/mobile-storefront:test:       at requireActual (components/utilities/BillForm.test.tsx:144:10)
@baci/mobile-storefront:test:       at Object.require (components/utilities/BillForm.test.tsx:9:1)
@baci/mobile-storefront:test:
@baci/mobile-storefront:test:     console.warn
@baci/mobile-storefront:test:       [Supabase] SUPABASE_ANON_KEY is not configured. Set EXPO_PUBLIC_SUPABASE_ANON_KEY or configure extra.supabaseAnonKey in app.json.
@baci/mobile-storefront:test:
@baci/mobile-storefront:test:       51 | }
@baci/mobile-storefront:test:       52 | if (!supabaseAnonKey) {
@baci/mobile-storefront:test:     > 53 |   console.warn(
@baci/mobile-storefront:test:          |           ^
@baci/mobile-storefront:test:       54 |     '[Supabase] SUPABASE_ANON_KEY is not configured. Set EXPO_PUBLIC_SUPABASE_ANON_KEY or configure extra.supabaseAnonKey in app.json.'
@baci/mobile-storefront:test:       55 |   );
@baci/mobile-storefront:test:       56 | }
@baci/mobile-storefront:test:
@baci/mobile-storefront:test:       at Object.warn (lib/supabase.ts:53:11)
@baci/mobile-storefront:test:       at Object.require (lib/vtu-checkout.ts:10:1)
@baci/mobile-storefront:test:       at requireActual (components/utilities/BillForm.test.tsx:144:10)
@baci/mobile-storefront:test:       at Object.require (components/utilities/BillForm.test.tsx:9:1)
@baci/mobile-storefront:test:
@baci/mobile-storefront:test:     console.error
@baci/mobile-storefront:test:       An update to BillForm inside a test was not wrapped in act(...).
@baci/mobile-storefront:test:
@baci/mobile-storefront:test:       When testing, code that causes React state updates should be wrapped into act(...):
@baci/mobile-storefront:test:
@baci/mobile-storefront:test:       act(() => {
@baci/mobile-storefront:test:         /* fire events that update state */
@baci/mobile-storefront:test:       });
@baci/mobile-storefront:test:       /* assert on the output */
@baci/mobile-storefront:test:
@baci/mobile-storefront:test:       This ensures that you're testing the behavior the user would see in the browser. Learn more at https://react.dev/link/wrap-tests-with-act
@baci/mobile-storefront:test:
@baci/mobile-storefront:test:       131 |       .then((result) => {
@baci/mobile-storefront:test:       132 |         if (!cancelled) {
@baci/mobile-storefront:test:     > 133 |           setAllBeneficiaries(result);
@baci/mobile-storefront:test:           |           ^
@baci/mobile-storefront:test:       134 |         }
@baci/mobile-storefront:test:       135 |       })
@baci/mobile-storefront:test:       136 |       .catch((err) => console.error('getBeneficiaries failed', err));
@baci/mobile-storefront:test:
@baci/mobile-storefront:test:       at ../../node_modules/react-test-renderer/cjs/react-test-renderer.development.js:14402:19
@baci/mobile-storefront:test:       at runWithFiberInDEV (../../node_modules/react-test-renderer/cjs/react-test-renderer.development.js:2315:13)
@baci/mobile-storefront:test:       at warnIfUpdatesNotWrappedWithActDEV (../../node_modules/react-test-renderer/cjs/react-test-renderer.development.js:14401:9)
@baci/mobile-storefront:test:       at scheduleUpdateOnFiber (../../node_modules/react-test-renderer/cjs/react-test-renderer.development.js:12086:9)
@baci/mobile-storefront:test:       at dispatchSetStateInternal (../../node_modules/react-test-renderer/cjs/react-test-renderer.development.js:6208:13)
@baci/mobile-storefront:test:       at dispatchSetState (../../node_modules/react-test-renderer/cjs/react-test-renderer.development.js:6165:7)
@baci/mobile-storefront:test:       at setAllBeneficiaries (components/utilities/use-bill-form-controller.ts:133:11)
@baci/mobile-storefront:test:
@baci/mobile-storefront:test:     console.error
@baci/mobile-storefront:test:       An update to BillForm inside a test was not wrapped in act(...).
@baci/mobile-storefront:test:
@baci/mobile-storefront:test:       When testing, code that causes React state updates should be wrapped into act(...):
@baci/mobile-storefront:test:
@baci/mobile-storefront:test:       act(() => {
@baci/mobile-storefront:test:         /* fire events that update state */
@baci/mobile-storefront:test:       });
@baci/mobile-storefront:test:       /* assert on the output */
@baci/mobile-storefront:test:
@baci/mobile-storefront:test:       This ensures that you're testing the behavior the user would see in the browser. Learn more at https://react.dev/link/wrap-tests-with-act
@baci/mobile-storefront:test:
@baci/mobile-storefront:test:       131 |       .then((result) => {
@baci/mobile-storefront:test:       132 |         if (!cancelled) {
@baci/mobile-storefront:test:     > 133 |           setAllBeneficiaries(result);
@baci/mobile-storefront:test:           |           ^
@baci/mobile-storefront:test:       134 |         }
@baci/mobile-storefront:test:       135 |       })
@baci/mobile-storefront:test:       136 |       .catch((err) => console.error('getBeneficiaries failed', err));
@baci/mobile-storefront:test:
@baci/mobile-storefront:test:       at ../../node_modules/react-test-renderer/cjs/react-test-renderer.development.js:14402:19
@baci/mobile-storefront:test:       at runWithFiberInDEV (../../node_modules/react-test-renderer/cjs/react-test-renderer.development.js:2315:13)
@baci/mobile-storefront:test:       at warnIfUpdatesNotWrappedWithActDEV (../../node_modules/react-test-renderer/cjs/react-test-renderer.development.js:14401:9)
@baci/mobile-storefront:test:       at scheduleUpdateOnFiber (../../node_modules/react-test-renderer/cjs/react-test-renderer.development.js:12086:9)
@baci/mobile-storefront:test:       at dispatchSetStateInternal (../../node_modules/react-test-renderer/cjs/react-test-renderer.development.js:6208:13)
@baci/mobile-storefront:test:       at dispatchSetState (../../node_modules/react-test-renderer/cjs/react-test-renderer.development.js:6165:7)
@baci/mobile-storefront:test:       at setAllBeneficiaries (components/utilities/use-bill-form-controller.ts:133:11)
@baci/mobile-storefront:test:
@baci/mobile-storefront:test:     console.error
@baci/mobile-storefront:test:       An update to BillForm inside a test was not wrapped in act(...).
@baci/mobile-storefront:test:
@baci/mobile-storefront:test:       When testing, code that causes React state updates should be wrapped into act(...):
@baci/mobile-storefront:test:
@baci/mobile-storefront:test:       act(() => {
@baci/mobile-storefront:test:         /* fire events that update state */
@baci/mobile-storefront:test:       });
@baci/mobile-storefront:test:       /* assert on the output */
@baci/mobile-storefront:test:
@baci/mobile-storefront:test:       This ensures that you're testing the behavior the user would see in the browser. Learn more at https://react.dev/link/wrap-tests-with-act
@baci/mobile-storefront:test:
@baci/mobile-storefront:test:       131 |       .then((result) => {
@baci/mobile-storefront:test:       132 |         if (!cancelled) {
@baci/mobile-storefront:test:     > 133 |           setAllBeneficiaries(result);
@baci/mobile-storefront:test:           |           ^
@baci/mobile-storefront:test:       134 |         }
@baci/mobile-storefront:test:       135 |       })
@baci/mobile-storefront:test:       136 |       .catch((err) => console.error('getBeneficiaries failed', err));
@baci/mobile-storefront:test:
@baci/mobile-storefront:test:       at ../../node_modules/react-test-renderer/cjs/react-test-renderer.development.js:14402:19
@baci/mobile-storefront:test:       at runWithFiberInDEV (../../node_modules/react-test-renderer/cjs/react-test-renderer.development.js:2315:13)
@baci/mobile-storefront:test:       at warnIfUpdatesNotWrappedWithActDEV (../../node_modules/react-test-renderer/cjs/react-test-renderer.development.js:14401:9)
@baci/mobile-storefront:test:       at scheduleUpdateOnFiber (../../node_modules/react-test-renderer/cjs/react-test-renderer.development.js:12086:9)
@baci/mobile-storefront:test:       at dispatchSetStateInternal (../../node_modules/react-test-renderer/cjs/react-test-renderer.development.js:6208:13)
@baci/mobile-storefront:test:       at dispatchSetState (../../node_modules/react-test-renderer/cjs/react-test-renderer.development.js:6165:7)
@baci/mobile-storefront:test:       at setAllBeneficiaries (components/utilities/use-bill-form-controller.ts:133:11)
@baci/mobile-storefront:test:
@baci/mobile-storefront:test:     console.error
@baci/mobile-storefront:test:       An update to BillForm inside a test was not wrapped in act(...).
@baci/mobile-storefront:test:
@baci/mobile-storefront:test:       When testing, code that causes React state updates should be wrapped into act(...):
@baci/mobile-storefront:test:
@baci/mobile-storefront:test:       act(() => {
@baci/mobile-storefront:test:         /* fire events that update state */
@baci/mobile-storefront:test:       });
@baci/mobile-storefront:test:       /* assert on the output */
@baci/mobile-storefront:test:
@baci/mobile-storefront:test:       This ensures that you're testing the behavior the user would see in the browser. Learn more at https://react.dev/link/wrap-tests-with-act
@baci/mobile-storefront:test:
@baci/mobile-storefront:test:       131 |       .then((result) => {
@baci/mobile-storefront:test:       132 |         if (!cancelled) {
@baci/mobile-storefront:test:     > 133 |           setAllBeneficiaries(result);
@baci/mobile-storefront:test:           |           ^
@baci/mobile-storefront:test:       134 |         }
@baci/mobile-storefront:test:       135 |       })
@baci/mobile-storefront:test:       136 |       .catch((err) => console.error('getBeneficiaries failed', err));
@baci/mobile-storefront:test:
@baci/mobile-storefront:test:       at ../../node_modules/react-test-renderer/cjs/react-test-renderer.development.js:14402:19
@baci/mobile-storefront:test:       at runWithFiberInDEV (../../node_modules/react-test-renderer/cjs/react-test-renderer.development.js:2315:13)
@baci/mobile-storefront:test:       at warnIfUpdatesNotWrappedWithActDEV (../../node_modules/react-test-renderer/cjs/react-test-renderer.development.js:14401:9)
@baci/mobile-storefront:test:       at scheduleUpdateOnFiber (../../node_modules/react-test-renderer/cjs/react-test-renderer.development.js:12086:9)
@baci/mobile-storefront:test:       at dispatchSetStateInternal (../../node_modules/react-test-renderer/cjs/react-test-renderer.development.js:6208:13)
@baci/mobile-storefront:test:       at dispatchSetState (../../node_modules/react-test-renderer/cjs/react-test-renderer.development.js:6165:7)
@baci/mobile-storefront:test:       at setAllBeneficiaries (components/utilities/use-bill-form-controller.ts:133:11)
@baci/mobile-storefront:test:
@baci/mobile-storefront:test:     console.error
@baci/mobile-storefront:test:       An update to BillForm inside a test was not wrapped in act(...).
@baci/mobile-storefront:test:
@baci/mobile-storefront:test:       When testing, code that causes React state updates should be wrapped into act(...):
@baci/mobile-storefront:test:
@baci/mobile-storefront:test:       act(() => {
@baci/mobile-storefront:test:         /* fire events that update state */
@baci/mobile-storefront:test:       });
@baci/mobile-storefront:test:       /* assert on the output */
@baci/mobile-storefront:test:
@baci/mobile-storefront:test:       This ensures that you're testing the behavior the user would see in the browser. Learn more at https://react.dev/link/wrap-tests-with-act
@baci/mobile-storefront:test:
@baci/mobile-storefront:test:       131 |       .then((result) => {
@baci/mobile-storefront:test:       132 |         if (!cancelled) {
@baci/mobile-storefront:test:     > 133 |           setAllBeneficiaries(result);
@baci/mobile-storefront:test:           |           ^
@baci/mobile-storefront:test:       134 |         }
@baci/mobile-storefront:test:       135 |       })
@baci/mobile-storefront:test:       136 |       .catch((err) => console.error('getBeneficiaries failed', err));
@baci/mobile-storefront:test:
@baci/mobile-storefront:test:       at ../../node_modules/react-test-renderer/cjs/react-test-renderer.development.js:14402:19
@baci/mobile-storefront:test:       at runWithFiberInDEV (../../node_modules/react-test-renderer/cjs/react-test-renderer.development.js:2315:13)
@baci/mobile-storefront:test:       at warnIfUpdatesNotWrappedWithActDEV (../../node_modules/react-test-renderer/cjs/react-test-renderer.development.js:14401:9)
@baci/mobile-storefront:test:       at scheduleUpdateOnFiber (../../node_modules/react-test-renderer/cjs/react-test-renderer.development.js:12086:9)
@baci/mobile-storefront:test:       at dispatchSetStateInternal (../../node_modules/react-test-renderer/cjs/react-test-renderer.development.js:6208:13)
@baci/mobile-storefront:test:       at dispatchSetState (../../node_modules/react-test-renderer/cjs/react-test-renderer.development.js:6165:7)
@baci/mobile-storefront:test:       at setAllBeneficiaries (components/utilities/use-bill-form-controller.ts:133:11)
@baci/mobile-storefront:test:
@baci/mobile-storefront:test:     console.error
@baci/mobile-storefront:test:       An update to BillForm inside a test was not wrapped in act(...).
@baci/mobile-storefront:test:
@baci/mobile-storefront:test:       When testing, code that causes React state updates should be wrapped into act(...):
@baci/mobile-storefront:test:
@baci/mobile-storefront:test:       act(() => {
@baci/mobile-storefront:test:         /* fire events that update state */
@baci/mobile-storefront:test:       });
@baci/mobile-storefront:test:       /* assert on the output */
@baci/mobile-storefront:test:
@baci/mobile-storefront:test:       This ensures that you're testing the behavior the user would see in the browser. Learn more at https://react.dev/link/wrap-tests-with-act
@baci/mobile-storefront:test:
@baci/mobile-storefront:test:       131 |       .then((result) => {
@baci/mobile-storefront:test:       132 |         if (!cancelled) {
@baci/mobile-storefront:test:     > 133 |           setAllBeneficiaries(result);
@baci/mobile-storefront:test:           |           ^
@baci/mobile-storefront:test:       134 |         }
@baci/mobile-storefront:test:       135 |       })
@baci/mobile-storefront:test:       136 |       .catch((err) => console.error('getBeneficiaries failed', err));
@baci/mobile-storefront:test:
@baci/mobile-storefront:test:       at ../../node_modules/react-test-renderer/cjs/react-test-renderer.development.js:14402:19
@baci/mobile-storefront:test:       at runWithFiberInDEV (../../node_modules/react-test-renderer/cjs/react-test-renderer.development.js:2315:13)
@baci/mobile-storefront:test:       at warnIfUpdatesNotWrappedWithActDEV (../../node_modules/react-test-renderer/cjs/react-test-renderer.development.js:14401:9)
@baci/mobile-storefront:test:       at scheduleUpdateOnFiber (../../node_modules/react-test-renderer/cjs/react-test-renderer.development.js:12086:9)
@baci/mobile-storefront:test:       at dispatchSetStateInternal (../../node_modules/react-test-renderer/cjs/react-test-renderer.development.js:6208:13)
@baci/mobile-storefront:test:       at dispatchSetState (../../node_modules/react-test-renderer/cjs/react-test-renderer.development.js:6165:7)
@baci/mobile-storefront:test:       at setAllBeneficiaries (components/utilities/use-bill-form-controller.ts:133:11)
@baci/mobile-storefront:test:
baci-mobile-admin:test:  [32m✓[39m __tests__/admin/_layout.test.tsx [2m([22m[2m4 tests[22m[2m)[22m[33m 683[2mms[22m[39m
baci-mobile-admin:test:      [33m[2m✓[22m[39m skips registration when the session is already registered [33m 477[2mms[22m[39m
@baci/mobile-storefront:test: PASS components/utilities/use-utility-history-actions.test.ts
@baci/web:test: [90mstdout[2m | src/app/api/merchant/blog/upload/route.test.ts[2m > [22m[2mPOST /api/merchant/blog/upload[2m > [22m[2mgenerates unique storage paths for repeated featured uploads with the same original filename
@baci/web:test: [22m[39mProcessed featured blog media upload {
@baci/web:test:   merchantId: [32m'6b5cb8a4-5575-456c-b936-8cdfae30db74'[39m,
@baci/web:test:   purpose: [32m'featured'[39m,
@baci/web:test:   sourceWidth: [33m1200[39m,
@baci/web:test:   sourceHeight: [33m675[39m,
@baci/web:test:   sourceTotalPixels: [33m810000[39m,
@baci/web:test:   variantKeys: [ [32m'landscape_16x9'[39m, [32m'standard_4x3'[39m ],
@baci/web:test:   size: [33m11[39m,
@baci/web:test:   type: [32m'image/png'[39m
@baci/web:test: }
@baci/web:test:
@baci/web:test: [90mstdout[2m | src/app/api/merchant/blog/upload/route.test.ts[2m > [22m[2mPOST /api/merchant/blog/upload[2m > [22m[2mgenerates unique storage paths for repeated featured uploads with the same original filename
@baci/web:test: [22m[39mProcessed featured blog media upload {
@baci/web:test:   merchantId: [32m'6b5cb8a4-5575-456c-b936-8cdfae30db74'[39m,
@baci/web:test:   purpose: [32m'featured'[39m,
@baci/web:test:   sourceWidth: [33m1200[39m,
@baci/web:test:   sourceHeight: [33m675[39m,
@baci/web:test:   sourceTotalPixels: [33m810000[39m,
@baci/web:test:   variantKeys: [ [32m'landscape_16x9'[39m, [32m'standard_4x3'[39m ],
@baci/web:test:   size: [33m11[39m,
@baci/web:test:   type: [32m'image/png'[39m
@baci/web:test: }
@baci/web:test:
@baci/web:test: [90mstderr[2m | src/app/api/merchant/blog/upload/route.test.ts[2m > [22m[2mPOST /api/merchant/blog/upload[2m > [22m[2mcleans up already uploaded paths when variant upload fails mid-flight
@baci/web:test: [22m[39mFeatured variant upload failed; cleaned partial uploads {
@baci/web:test:   merchantId: [32m'6b5cb8a4-5575-456c-b936-8cdfae30db74'[39m,
@baci/web:test:   error: { message: [32m'variant upload failed'[39m },
@baci/web:test:   uploadedPaths: [
@baci/web:test:     [32m'6b5cb8a4-5575-456c-b936-8cdfae30db74/blog/AqYnsyR17kEe.png'[39m,
@baci/web:test:     [32m'6b5cb8a4-5575-456c-b936-8cdfae30db74/blog/AqYnsyR17kEe/landscape_16x9.webp'[39m
@baci/web:test:   ]
@baci/web:test: }
@baci/web:test:
@baci/web:test:  [32m✓[39m src/app/api/merchant/blog/upload/route.test.ts [2m([22m[2m17 tests[22m[2m)[22m[32m 171[2mms[22m[39m
baci-mobile-admin:test: [90mstderr[2m | __tests__/admin/scan.test.tsx[2m > [22m[2mScanScreen[2m > [22m[2mpermission states[2m > [22m[2mrenders requesting permission message initially
baci-mobile-admin:test: [22m[39mAn update to ScanScreen inside a test was not wrapped in act(...).
baci-mobile-admin:test:
baci-mobile-admin:test: When testing, code that causes React state updates should be wrapped into act(...):
baci-mobile-admin:test:
baci-mobile-admin:test: act(() => {
baci-mobile-admin:test:   /* fire events that update state */
baci-mobile-admin:test: });
baci-mobile-admin:test: /* assert on the output */
baci-mobile-admin:test:
baci-mobile-admin:test: This ensures that you're testing the behavior the user would see in the browser. Learn more at https://react.dev/link/wrap-tests-with-act
baci-mobile-admin:test:
baci-mobile-admin:test:  [32m✓[39m __tests__/admin/scan.test.tsx [2m([22m[2m5 tests[22m[2m)[22m[33m 381[2mms[22m[39m
@baci/web:test:  [32m✓[39m src/lib/storefront-trust/build-agent-commerce-trust-readiness.test.ts [2m([22m[2m12 tests[22m[2m)[22m[32m 83[2mms[22m[39m
@baci/web:test:  [32m✓[39m src/schemas/orders.test.ts [2m([22m[2m40 tests[22m[2m)[22m[32m 79[2mms[22m[39m
baci-mobile-admin:test: [90mstderr[2m | app/(admin)/setup-checklist.test.tsx[2m > [22m[2mSetupChecklistScreen[2m > [22m[2msurfaces publish errors via Alert.alert without crashing
baci-mobile-admin:test: [22m[39mPublish error: Error: Cannot publish store
baci-mobile-admin:test: - Bank account details
baci-mobile-admin:test:     at [90m/app/apps/mobile-admin/[39mapp/(admin)/setup-checklist.test.tsx:160:7
baci-mobile-admin:test:     at file:///app/node_modules/[4m@vitest/runner[24m/dist/chunk-artifact.js:302:11
baci-mobile-admin:test:     at file:///app/node_modules/[4m@vitest/runner[24m/dist/chunk-artifact.js:1903:26
baci-mobile-admin:test:     at file:///app/node_modules/[4m@vitest/runner[24m/dist/chunk-artifact.js:2326:20
baci-mobile-admin:test:     at new Promise (<anonymous>)
baci-mobile-admin:test:     at runWithCancel (file:///app/node_modules/[4m@vitest/runner[24m/dist/chunk-artifact.js:2323:10)
baci-mobile-admin:test:     at file:///app/node_modules/[4m@vitest/runner[24m/dist/chunk-artifact.js:2305:20
baci-mobile-admin:test:     at new Promise (<anonymous>)
baci-mobile-admin:test:     at runWithTimeout (file:///app/node_modules/[4m@vitest/runner[24m/dist/chunk-artifact.js:2272:10)
baci-mobile-admin:test:     at file:///app/node_modules/[4m@vitest/runner[24m/dist/chunk-artifact.js:2955:64
baci-mobile-admin:test:
baci-mobile-admin:test:  [32m✓[39m app/(admin)/setup-checklist.test.tsx [2m([22m[2m4 tests[22m[2m)[22m[33m 1046[2mms[22m[39m
baci-mobile-admin:test:      [33m[2m✓[22m[39m shows the publish button when all required steps are complete [33m 754[2mms[22m[39m
baci-mobile-admin:test:  [32m✓[39m __tests__/admin/customize.test.tsx [2m([22m[2m3 tests[22m[2m)[22m[33m 874[2mms[22m[39m
baci-mobile-admin:test:      [33m[2m✓[22m[39m renders the chat view by default and forwards save actions [33m 762[2mms[22m[39m
@baci/web:test: [90mstderr[2m | src/lib/live-blog-post.test.ts[2m > [22m[2mgetLiveBlogPost[2m > [22m[2mreturns empty relatedPosts when related posts query errors
@baci/web:test: [22m[39mError fetching related live blog posts: { message: [32m'DB error'[39m }
@baci/web:test:
@baci/web:test: [90mstderr[2m | src/lib/live-blog-post.test.ts[2m > [22m[2mgetLiveBlogPost[2m > [22m[2mreturns empty relatedPosts when related posts query errors
@baci/web:test: [22m[39mError fetching linked live blog products: { message: [32m'DB error'[39m }
@baci/web:test:
@baci/web:test:  [32m✓[39m src/lib/live-blog-post.test.ts [2m([22m[2m17 tests[22m[2m)[22m[32m 40[2mms[22m[39m
@baci/web:test:  [32m✓[39m src/lib/agentic/checkout-order-dispatch.test.ts [2m([22m[2m12 tests[22m[2m)[22m[32m 102[2mms[22m[39m
@baci/web:test:  [32m✓[39m src/app/api/marketplace/jumia/callback/route.test.ts [2m([22m[2m15 tests[22m[2m)[22m[32m 105[2mms[22m[39m
baci-mobile-admin:test:  [32m✓[39m hooks/useKycVerificationRefresh.test.ts [2m([22m[2m3 tests[22m[2m)[22m[32m 131[2mms[22m[39m
@baci/mobile-storefront:test: PASS __tests__/app/imei-check/index.test.tsx (5.306 s)
@baci/mobile-storefront:test: PASS lib/utility-beneficiaries.test.ts
@baci/mobile-storefront:test:   ● Console
@baci/mobile-storefront:test:
@baci/mobile-storefront:test:     console.error
@baci/mobile-storefront:test:       utility-beneficiaries.getBeneficiaries failed SyntaxError: Unexpected token 'o', "not-json" is not valid JSON
@baci/mobile-storefront:test:           at JSON.parse (<anonymous>)
@baci/mobile-storefront:test:           at parse (/app/apps/mobile-storefront/lib/utility-beneficiaries.ts:47:34)
@baci/mobile-storefront:test:           at Generator.next (<anonymous>)
@baci/mobile-storefront:test:           at asyncGeneratorStep (/app/node_modules/@babel/runtime/helpers/asyncToGenerator.js:3:17)
@baci/mobile-storefront:test:           at _next (/app/node_modules/@babel/runtime/helpers/asyncToGenerator.js:17:9)
@baci/mobile-storefront:test:
@baci/mobile-storefront:test:       48 |     return (Array.isArray(parsed) ? parsed : []).filter(isValidBeneficiary);
@baci/mobile-storefront:test:       49 |   } catch (err) {
@baci/mobile-storefront:test:     > 50 |     console.error('utility-beneficiaries.getBeneficiaries failed', err);
@baci/mobile-storefront:test:          |             ^
@baci/mobile-storefront:test:       51 |     return [];
@baci/mobile-storefront:test:       52 |   }
@baci/mobile-storefront:test:       53 | }
@baci/mobile-storefront:test:
@baci/mobile-storefront:test:       at error (lib/utility-beneficiaries.ts:50:13)
@baci/mobile-storefront:test:       at asyncGeneratorStep (../../node_modules/@babel/runtime/helpers/asyncToGenerator.js:3:17)
@baci/mobile-storefront:test:       at _next (../../node_modules/@babel/runtime/helpers/asyncToGenerator.js:17:9)
@baci/mobile-storefront:test:
baci-mobile-admin:test:  [32m✓[39m components/orders/NewOrderBranchSelector.test.tsx [2m([22m[2m3 tests[22m[2m)[22m[33m 790[2mms[22m[39m
baci-mobile-admin:test:      [33m[2m✓[22m[39m renders branch choices and selects a branch [33m 654[2mms[22m[39m
@baci/web:test:  [32m✓[39m src/app/(storefront)/[slug]/(blog)/blog/[postSlug]/blog-post-content.test.ts [2m([22m[2m43 tests[22m[2m)[22m[32m 158[2mms[22m[39m
@baci/web:test:  [32m✓[39m src/lib/agentic/action-health-loader.test.ts [2m([22m[2m8 tests[22m[2m)[22m[32m 87[2mms[22m[39m
baci-mobile-admin:test:  [32m✓[39m schemas/branch.test.ts [2m([22m[2m10 tests[22m[2m)[22m[32m 31[2mms[22m[39m
@baci/mobile-storefront:test: PASS __tests__/app/payment-gateway/index.test.tsx
baci-mobile-admin:test:  [32m✓[39m components/expenses/ExpenseDetails.test.tsx [2m([22m[2m4 tests[22m[2m)[22m[33m 1057[2mms[22m[39m
baci-mobile-admin:test:      [33m[2m✓[22m[39m opens valid receipt links from the receipt action [33m 679[2mms[22m[39m
@baci/mobile-storefront:test: PASS lib/product-image-selection.test.ts
@baci/mobile-storefront:test: PASS components/utilities/BillItemSelectionSection.test.tsx
@baci/mobile-storefront:test: PASS components/utilities/UtilityPaymentOptions.test.tsx
@baci/web:test: [90mstderr[2m | src/app/api/cron/publish-scheduled-posts/route.test.ts[2m > [22m[2mPOST /api/cron/publish-scheduled-posts[2m > [22m[2mreturns 401 when the cron secret is invalid
@baci/web:test: [22m[39mUnauthorized cron attempt
@baci/web:test:
@baci/web:test: [90mstdout[2m | src/app/api/cron/publish-scheduled-posts/route.test.ts[2m > [22m[2mPOST /api/cron/publish-scheduled-posts[2m > [22m[2maccepts lowercase bearer authorization for cron authentication
@baci/web:test: [22m[39m🚀 Cron: Checking for scheduled posts to publish at 2026-05-28T16:53:36.948Z
@baci/web:test:
@baci/web:test: [90mstdout[2m | src/app/api/cron/publish-scheduled-posts/route.test.ts[2m > [22m[2mPOST /api/cron/publish-scheduled-posts[2m > [22m[2mpublishes scheduled posts and revalidates all merchant blog identifiers
@baci/web:test: [22m[39m🚀 Cron: Checking for scheduled posts to publish at 2026-05-28T16:53:36.968Z
@baci/web:test: [90mstderr[2m | src/app/api/cron/publish-scheduled-posts/route.test.ts[2m > [22m[2mPOST /api/cron/publish-scheduled-posts[2m > [22m[2mpublishes scheduled posts and revalidates all merchant blog identifiers
@baci/web:test:
@baci/web:test: [90mstdout[2m | src/app/api/cron/publish-scheduled-posts/route.test.ts[2m > [22m[2mPOST /api/cron/publish-scheduled-posts[2m > [22m[2mpublishes scheduled posts and revalidates all merchant blog identifiers
@baci/web:test: [22m[39m📦 Cron: Found 2 posts to publish
@baci/web:test:
@baci/web:test: [90mstdout[2m | src/app/api/cron/publish-scheduled-posts/route.test.ts[2m > [22m[2mPOST /api/cron/publish-scheduled-posts[2m > [22m[2mpublishes scheduled posts and revalidates all merchant blog identifiers
@baci/web:test: [22m[39mCron Warning: Scheduled blog post is not Discover image ready {
@baci/web:test: [22m[39m🔄 Cron: Revalidated blog cache for merchant merchant-1 across 2 posts
@baci/web:test:
@baci/web:test:   id: [32m'post-1'[39m,
@baci/web:test:   slug: [32m'apple-studio-display-review'[39m,
@baci/web:test:   code: [32m'BLOG_FEATURED_IMAGE_NOT_DISCOVER_READY'[39m,
@baci/web:test:   details: { reason: [32m'missing_featured_image'[39m }
@baci/web:test: }
@baci/web:test: Cron Warning: Scheduled blog post is not Discover image ready {
@baci/web:test:   id: [32m'post-2'[39m,
@baci/web:test:   slug: [32m'macbook-air-m4-review'[39m,
@baci/web:test:   code: [32m'BLOG_FEATURED_IMAGE_NOT_DISCOVER_READY'[39m,
@baci/web:test:   details: { reason: [32m'missing_featured_image'[39m }
@baci/web:test: }
@baci/web:test:
@baci/web:test: [90mstdout[2m | src/app/api/cron/publish-scheduled-posts/route.test.ts[2m > [22m[2mPOST /api/cron/publish-scheduled-posts[2m > [22m[2mreturns 500 and records failed merchants when merchant cache identifier lookup fails
@baci/web:test: [22m[39m🚀 Cron: Checking for scheduled posts to publish at 2026-05-28T16:53:36.987Z
@baci/web:test:
@baci/web:test: [90mstdout[2m | src/app/api/cron/publish-scheduled-posts/route.test.ts[2m > [22m[2mPOST /api/cron/publish-scheduled-posts[2m > [22m[2mreturns 500 and records failed merchants when merchant cache identifier lookup fails
@baci/web:test: [22m[39m📦 Cron: Found 2 posts to publish
@baci/web:test:
@baci/web:test: [90mstderr[2m | src/app/api/cron/publish-scheduled-posts/route.test.ts[2m > [22m[2mPOST /api/cron/publish-scheduled-posts[2m > [22m[2mreturns 500 and records failed merchants when merchant cache identifier lookup fails
@baci/web:test: [22m[39mCron Warning: Scheduled blog post is not Discover image ready {
@baci/web:test: [90mstdout[2m | src/app/api/cron/publish-scheduled-posts/route.test.ts[2m > [22m[2mPOST /api/cron/publish-scheduled-posts[2m > [22m[2mreturns 500 and records failed merchants when merchant cache identifier lookup fails
@baci/web:test: [22m[39m🔄 Cron: Revalidated blog cache for merchant merchant-2 across 1 posts
@baci/web:test:
@baci/web:test:   id: [32m'post-1'[39m,
@baci/web:test:   slug: [32m'apple-studio-display-review'[39m,
@baci/web:test:   code: [32m'BLOG_FEATURED_IMAGE_NOT_DISCOVER_READY'[39m,
@baci/web:test:   details: { reason: [32m'missing_featured_image'[39m }
@baci/web:test: }
@baci/web:test: Cron Warning: Scheduled blog post is not Discover image ready {
@baci/web:test:   id: [32m'post-2'[39m,
@baci/web:test:   slug: [32m'macbook-air-m4-review'[39m,
@baci/web:test:   code: [32m'BLOG_FEATURED_IMAGE_NOT_DISCOVER_READY'[39m,
@baci/web:test:   details: { reason: [32m'missing_featured_image'[39m }
@baci/web:test: }
@baci/web:test:
@baci/web:test: [90mstdout[2m | src/app/api/cron/publish-scheduled-posts/route.test.ts[2m > [22m[2mPOST /api/cron/publish-scheduled-posts[2m > [22m[2mreturns 500 before publishing when published blog counts cannot be loaded
@baci/web:test: [22m[39m🚀 Cron: Checking for scheduled posts to publish at 2026-05-28T16:53:36.995Z
@baci/web:test:
@baci/web:test: [90mstdout[2m | src/app/api/cron/publish-scheduled-posts/route.test.ts[2m > [22m[2mPOST /api/cron/publish-scheduled-posts[2m > [22m[2mreturns 500 before publishing when published blog counts cannot be loaded
@baci/web:test: [22m[39m📦 Cron: Found 1 posts to publish
@baci/web:test:
@baci/web:test: [90mstderr[2m | src/app/api/cron/publish-scheduled-posts/route.test.ts[2m > [22m[2mPOST /api/cron/publish-scheduled-posts[2m > [22m[2mreturns 500 before publishing when published blog counts cannot be loaded
@baci/web:test: [22m[39mCron Warning: Scheduled blog post is not Discover image ready {
@baci/web:test:   id: [32m'post-1'[39m,
@baci/web:test:   slug: [32m'apple-studio-display-review'[39m,
@baci/web:test:   code: [32m'BLOG_FEATURED_IMAGE_NOT_DISCOVER_READY'[39m,
@baci/web:test:   details: { reason: [32m'missing_featured_image'[39m }
@baci/web:test: }
@baci/web:test: [90mstdout[2m | src/app/api/cron/publish-scheduled-posts/route.test.ts[2m > [22m[2mPOST /api/cron/publish-scheduled-posts[2m > [22m[2mreturns 500 before publishing when blog feature settings cannot be loaded
@baci/web:test: [22m[39m🚀 Cron: Checking for scheduled posts to publish at 2026-05-28T16:53:37.004Z
@baci/web:test:
@baci/web:test: [90mstderr[2m | src/app/api/cron/publish-scheduled-posts/route.test.ts[2m > [22m[2mPOST /api/cron/publish-scheduled-posts[2m > [22m[2mreturns 500 before publishing when published blog counts cannot be loaded
@baci/web:test:
@baci/web:test: [90mstdout[2m | src/app/api/cron/publish-scheduled-posts/route.test.ts[2m > [22m[2mPOST /api/cron/publish-scheduled-posts[2m > [22m[2mreturns 500 before publishing when blog feature settings cannot be loaded
@baci/web:test: [22m[39m📦 Cron: Found 1 posts to publish
@baci/web:test:
@baci/web:test: [90mstdout[2m | src/app/api/cron/publish-scheduled-posts/route.test.ts[2m > [22m[2mPOST /api/cron/publish-scheduled-posts[2m > [22m[2mskips invalid scheduled rows when validation is enabled and revalidates eligible rows only
@baci/web:test: [22m[39mCron Error: Failed to load published blog counts for revalidation: { message: [32m'count failed'[39m }
@baci/web:test:
@baci/web:test: [22m[39m🚀 Cron: Checking for scheduled posts to publish at 2026-05-28T16:53:37.007Z
@baci/web:test:
@baci/web:test: [90mstdout[2m | src/app/api/cron/publish-scheduled-posts/route.test.ts[2m > [22m[2mPOST /api/cron/publish-scheduled-posts[2m > [22m[2mskips invalid scheduled rows when validation is enabled and revalidates eligible rows only
@baci/web:test: [22m[39m📦 Cron: Found 2 posts to publish
@baci/web:test:
@baci/web:test: [90mstdout[2m | src/app/api/cron/publish-scheduled-posts/route.test.ts[2m > [22m[2mPOST /api/cron/publish-scheduled-posts[2m > [22m[2mskips invalid scheduled rows when validation is enabled and revalidates eligible rows only
@baci/web:test: [22m[39m🔄 Cron: Revalidated blog cache for merchant 6b5cb8a4-5575-456c-b936-8cdfae30db74 across 1 posts
@baci/web:test:
@baci/web:test: [90mstdout[2m | src/app/api/cron/publish-scheduled-posts/route.test.ts[2m > [22m[2mPOST /api/cron/publish-scheduled-posts[2m > [22m[2mlogs readiness warnings but publishes invalid rows when validation is disabled
@baci/web:test: [22m[39m🚀 Cron: Checking for scheduled posts to publish at 2026-05-28T16:53:37.018Z
@baci/web:test:
@baci/web:test: [90mstdout[2m | src/app/api/cron/publish-scheduled-posts/route.test.ts[2m > [22m[2mPOST /api/cron/publish-scheduled-posts[2m > [22m[2mlogs readiness warnings but publishes invalid rows when validation is disabled
@baci/web:test: [22m[39m📦 Cron: Found 1 posts to publish
@baci/web:test:
@baci/web:test: [90mstdout[2m | src/app/api/cron/publish-scheduled-posts/route.test.ts[2m > [22m[2mPOST /api/cron/publish-scheduled-posts[2m > [22m[2mlogs readiness warnings but publishes invalid rows when validation is disabled
@baci/web:test: [22m[39m🔄 Cron: Revalidated blog cache for merchant 6b5cb8a4-5575-456c-b936-8cdfae30db74 across 1 posts
@baci/web:test:
@baci/web:test: [90mstdout[2m | src/app/api/cron/publish-scheduled-posts/route.test.ts[2m > [22m[2mPOST /api/cron/publish-scheduled-posts[2m > [22m[2mdoes not batch update when validation is enabled and no scheduled rows are eligible
@baci/web:test: [22m[39m🚀 Cron: Checking for scheduled posts to publish at 2026-05-28T16:53:37.028Z
@baci/web:test:
@baci/web:test: [90mstdout[2m | src/app/api/cron/publish-scheduled-posts/route.test.ts[2m > [22m[2mPOST /api/cron/publish-scheduled-posts[2m > [22m[2mdoes not batch update when validation is enabled and no scheduled rows are eligible
@baci/web:test: [22m[39m📦 Cron: Found 1 posts to publish
@baci/web:test:
baci-mobile-admin:test:  [32m✓[39m components/expenses/ExpenseListItem.test.tsx [2m([22m[2m5 tests[22m[2m)[22m[33m 964[2mms[22m[39m
baci-mobile-admin:test:      [33m[2m✓[22m[39m opens the expense detail screen when pressed [33m 685[2mms[22m[39m
@baci/web:test:  [32m✓[39m src/app/api/cron/publish-scheduled-posts/route.test.ts [2m([22m[2m9 tests[22m[2m)[22m[32m 108[2mms[22m[39m
@baci/mobile-storefront:test: PASS components/chat/use-chat.test.ts
baci-mobile-admin:test:  [32m✓[39m components/domains/DomainSearchResultCard.test.tsx [2m([22m[2m6 tests[22m[2m)[22m[33m 822[2mms[22m[39m
baci-mobile-admin:test:      [33m[2m✓[22m[39m renders an available result and calls onBuy [33m 657[2mms[22m[39m
@baci/web:test:  [32m✓[39m src/app/dashboard/migrations/use-migration-jobs.test.tsx [2m([22m[2m10 tests[22m[2m)[22m[33m 762[2mms[22m[39m
baci-mobile-admin:test:  [32m✓[39m components/ui/AppPageSheet.test.tsx [2m([22m[2m4 tests[22m[2m)[22m[33m 889[2mms[22m[39m
baci-mobile-admin:test:      [33m[2m✓[22m[39m renders the shared page-sheet header, content, and footer [33m 663[2mms[22m[39m
baci-mobile-admin:test:  [32m✓[39m components/product/ProductVariantsCard.test.tsx [2m([22m[2m1 test[22m[2m)[22m[33m 699[2mms[22m[39m
baci-mobile-admin:test:      [33m[2m✓[22m[39m wires default price changes and variant row updates through the variant index [33m 685[2mms[22m[39m
@baci/web:test:  [32m✓[39m src/app/dashboard/channels/client-page.test.tsx [2m([22m[2m25 tests[22m[2m)[22m[33m 5043[2mms[22m[39m
@baci/web:test:        [33m[2m✓[22m[39m renders a retry button that calls refetch [33m 669[2mms[22m[39m
@baci/web:test:        [33m[2m✓[22m[39m renders Connected badge instead of Connect button [33m 388[2mms[22m[39m
@baci/web:test:        [33m[2m✓[22m[39m renders Sync buttons for each integration [33m 310[2mms[22m[39m
@baci/web:test:        [33m[2m✓[22m[39m renders visible disconnect buttons for each integration [33m 309[2mms[22m[39m
@baci/web:test:        [33m[2m✓[22m[39m calls disconnectIntegration and shows success toast [33m 535[2mms[22m[39m
@baci/web:test:        [33m[2m✓[22m[39m shows error toast when disconnect fails [33m 430[2mms[22m[39m
@baci/web:test:        [33m[2m✓[22m[39m closes the confirmation dialog when Cancel is clicked [33m 496[2mms[22m[39m
baci-mobile-admin:test:  [32m✓[39m hooks/createNewOrderCustomerActions.test.ts [2m([22m[2m3 tests[22m[2m)[22m[32m 21[2mms[22m[39m
@baci/web:test: [90mstderr[2m | src/app/api/blog/feed/[merchantSlug]/route.test.ts[2m > [22m[2mGET /api/blog/feed/[merchantSlug][2m > [22m[2mreturns 500 when loading published feed posts fails
@baci/web:test: [22m[39mError fetching blog posts for feed: { message: [32m'boom'[39m }
@baci/web:test:
@baci/web:test: [90mstderr[2m | src/app/api/blog/feed/[merchantSlug]/route.test.ts[2m > [22m[2mGET /api/blog/feed/[merchantSlug][2m > [22m[2mreturns 500 when loading published feed posts fails
@baci/web:test: [22m[39mRSS feed error: { message: [32m'boom'[39m }
@baci/web:test:
@baci/web:test:  [32m✓[39m src/app/api/blog/feed/[merchantSlug]/route.test.ts [2m([22m[2m10 tests[22m[2m)[22m[32m 143[2mms[22m[39m
baci-mobile-admin:test:  [32m✓[39m lib/branch-api.test.ts [2m([22m[2m9 tests[22m[2m)[22m[32m 51[2mms[22m[39m
baci-mobile-admin:test:  [32m✓[39m hooks/useBlogEditor.save.test.tsx [2m([22m[2m4 tests[22m[2m)[22m[33m 486[2mms[22m[39m
@baci/web:test: [90mstdout[2m | src/app/api/storefront/orders/[id]/route.test.ts[2m > [22m[2mGET /api/storefront/orders/[id][2m > [22m[2mreturns order via authenticated session lookup and derives category_slug from category joins
@baci/web:test: [22m[39m[API/Orders] Fetching order order-uuid-123. User present: true, merchant_slug: undefined
@baci/web:test:
@baci/web:test: [90mstdout[2m | src/app/api/storefront/orders/[id]/route.test.ts[2m > [22m[2mGET /api/storefront/orders/[id][2m > [22m[2mreturns order via authenticated session lookup and derives category_slug from category joins
@baci/web:test: [22m[39m[API/Orders] Found order order-uuid-123 via session lookup.
@baci/web:test:
@baci/web:test: [90mstdout[2m | src/app/api/storefront/orders/[id]/route.test.ts[2m > [22m[2mGET /api/storefront/orders/[id][2m > [22m[2mreturns 404 when an authenticated order does not match the requested merchant slug
@baci/web:test: [22m[39m[API/Orders] Fetching order order-uuid-123. User present: true, merchant_slug: other-store
@baci/web:test:
@baci/web:test: [90mstdout[2m | src/app/api/storefront/orders/[id]/route.test.ts[2m > [22m[2mGET /api/storefront/orders/[id][2m > [22m[2mreturns an authenticated order when the requested merchant slug matches
@baci/web:test: [22m[39m[API/Orders] Fetching order order-uuid-123. User present: true, merchant_slug: test-store
@baci/web:test:
@baci/web:test: [90mstdout[2m | src/app/api/storefront/orders/[id]/route.test.ts[2m > [22m[2mGET /api/storefront/orders/[id][2m > [22m[2mreturns an authenticated order when the requested merchant slug matches
@baci/web:test: [22m[39m[API/Orders] Found order order-uuid-123 via session lookup.
@baci/web:test:
@baci/web:test: [90mstdout[2m | src/app/api/storefront/orders/[id]/route.test.ts[2m > [22m[2mGET /api/storefront/orders/[id][2m > [22m[2mfalls through to RPC lookup when session lookup fails and a tracking token is provided
@baci/web:test: [22m[39m[API/Orders] Fetching order order-uuid-123. User present: true, merchant_slug: test-store
@baci/web:test:
@baci/web:test: [90mstdout[2m | src/app/api/storefront/orders/[id]/route.test.ts[2m > [22m[2mGET /api/storefront/orders/[id][2m > [22m[2mfalls through to RPC lookup when session lookup fails and a tracking token is provided
@baci/web:test: [22m[39m[API/Orders] Order order-uuid-123 not found via session lookup. Error: Not found
@baci/web:test:
@baci/web:test: [90mstdout[2m | src/app/api/storefront/orders/[id]/route.test.ts[2m > [22m[2mGET /api/storefront/orders/[id][2m > [22m[2mreturns 400 when merchant_slug is missing for public lookup
@baci/web:test: [22m[39m[API/Orders] Fetching order order-uuid-123. User present: false, merchant_slug: undefined
@baci/web:test:
@baci/web:test: [90mstdout[2m | src/app/api/storefront/orders/[id]/route.test.ts[2m > [22m[2mGET /api/storefront/orders/[id][2m > [22m[2mreturns 400 when tracking token and email are both missing for public lookup
@baci/web:test: [22m[39m[API/Orders] Fetching order order-uuid-123. User present: false, merchant_slug: test-store
@baci/web:test:
@baci/web:test: [90mstdout[2m | src/app/api/storefront/orders/[id]/route.test.ts[2m > [22m[2mGET /api/storefront/orders/[id][2m > [22m[2maccepts tracking_token query parameter
@baci/web:test: [22m[39m[API/Orders] Fetching order order-uuid-123. User present: false, merchant_slug: test-store
@baci/web:test:
@baci/web:test: [90mstdout[2m | src/app/api/storefront/orders/[id]/route.test.ts[2m > [22m[2mGET /api/storefront/orders/[id][2m > [22m[2mreturns 200 via email lookup
@baci/web:test: [22m[39m[API/Orders] Fetching order order-uuid-123. User present: false, merchant_slug: test-store
@baci/web:test:
@baci/web:test: [90mstdout[2m | src/app/api/storefront/orders/[id]/route.test.ts[2m > [22m[2mGET /api/storefront/orders/[id][2m > [22m[2mprefers email lookup over token lookup when both are provided
@baci/web:test: [90mstderr[2m | src/app/api/storefront/orders/[id]/route.test.ts[2m > [22m[2mGET /api/storefront/orders/[id][2m > [22m[2mreturns 404 when RPC lookup does not find an order
@baci/web:test: [22m[39m[API/Orders] Fetching order order-uuid-123. User present: false, merchant_slug: test-store
@baci/web:test:
@baci/web:test: [90mstdout[2m | src/app/api/storefront/orders/[id]/route.test.ts[2m > [22m[2mGET /api/storefront/orders/[id][2m > [22m[2mreturns 404 when RPC lookup does not find an order
@baci/web:test: [22m[39m[API/Orders] Fetching order order-uuid-123. User present: false, merchant_slug: test-store
@baci/web:test:
@baci/web:test: [22m[39mStorefront order fetch error: [1mnull[22m
@baci/web:test:
@baci/web:test: [90mstdout[2m | src/app/api/storefront/orders/[id]/route.test.ts[2m > [22m[2mGET /api/storefront/orders/[id][2m > [22m[2mreturns 400 for invalid UUID when authenticated and no token is provided
@baci/web:test: [22m[39m[API/Orders] Fetching order not-a-uuid. User present: true, merchant_slug: undefined
@baci/web:test:
@baci/web:test: [90mstderr[2m | src/app/api/storefront/orders/[id]/route.test.ts[2m > [22m[2mGET /api/storefront/orders/[id][2m > [22m[2mreturns 500 on unexpected errors
@baci/web:test: [22m[39mUnexpected error in GET /api/storefront/orders/[id]: Error: Unexpected error
@baci/web:test:     at [90m/app/apps/web/[39msrc/app/api/storefront/orders/[id]/route.test.ts:498:7
@baci/web:test:     at [90mfile:///app/apps/web/[39mnode_modules/[4m@vitest/runner[24m/dist/index.js:145:11
@baci/web:test:     at [90mfile:///app/apps/web/[39mnode_modules/[4m@vitest/runner[24m/dist/index.js:915:26
@baci/web:test:     at [90mfile:///app/apps/web/[39mnode_modules/[4m@vitest/runner[24m/dist/index.js:1243:20
@baci/web:test:     at new Promise (<anonymous>)
@baci/web:test:     at runWithTimeout [90m(file:///app/apps/web/[39mnode_modules/[4m@vitest/runner[24m/dist/index.js:1209:10[90m)[39m
@baci/web:test:     at [90mfile:///app/apps/web/[39mnode_modules/[4m@vitest/runner[24m/dist/index.js:1653:37
@baci/web:test:     at Traces.$ [90m(file:///app/apps/web/[39mnode_modules/[4mvitest[24m/dist/chunks/traces.CCmnQaNT.js:142:27[90m)[39m
@baci/web:test:     at trace [90m(file:///app/apps/web/[39mnode_modules/[4mvitest[24m/dist/chunks/test.B8ej_ZHS.js:239:21[90m)[39m
@baci/web:test:     at runTest [90m(file:///app/apps/web/[39mnode_modules/[4m@vitest/runner[24m/dist/index.js:1653:12[90m)[39m
@baci/web:test:
@baci/web:test:  [32m✓[39m src/app/api/storefront/orders/[id]/route.test.ts [2m([22m[2m13 tests[22m[2m)[22m[32m 167[2mms[22m[39m
baci-mobile-admin:test:  [32m✓[39m components/expenses/ExpenseBranchSelector.test.tsx [2m([22m[2m5 tests[22m[2m)[22m[33m 901[2mms[22m[39m
baci-mobile-admin:test:      [33m[2m✓[22m[39m marks the selected branch as checked [33m 458[2mms[22m[39m
@baci/web:test:  [32m✓[39m src/components/onboarding/steps/step2-branding.test.tsx [2m([22m[2m10 tests[22m[2m)[22m[33m 2964[2mms[22m[39m
@baci/web:test:      [33m[2m✓[22m[39m renders AI logo generator button when no logo is uploaded [33m 518[2mms[22m[39m
@baci/web:test:      [33m[2m✓[22m[39m uploads logo when file is selected [33m 424[2mms[22m[39m
@baci/web:test:      [33m[2m✓[22m[39m shuffles colors when shuffle button is clicked [33m 404[2mms[22m[39m
@baci/web:test:      [33m[2m✓[22m[39m uses brand colors returned with a generated fallback logo [33m 331[2mms[22m[39m
baci-mobile-admin:test:  [32m✓[39m components/orders/OrderDetailsItemsCard.test.tsx [2m([22m[2m3 tests[22m[2m)[22m[33m 1059[2mms[22m[39m
baci-mobile-admin:test:      [33m[2m✓[22m[39m forwards the selected order item when a row is pressed [33m 792[2mms[22m[39m
@baci/web:test: [90mstdout[2m | src/lib/cached-data.test.ts[2m > [22m[2mcached merchant entity normalization[2m > [22m[2mnormalizes the OgaBassey slug merchant away from stale fashion business type
@baci/web:test: [22m[39mSuccessfully fetched merchant: ogabassey merchant-123
@baci/web:test:
@baci/web:test: [90mstdout[2m | src/lib/cached-data.test.ts[2m > [22m[2mcached merchant entity normalization[2m > [22m[2mnormalizes the OgaBassey domain merchant away from stale fashion business type
@baci/web:test: [22m[39mSuccessfully fetched merchant by domain {
@baci/web:test:   domain: [32m'ogabassey.com'[39m,
@baci/web:test:   slug: [32m'ogabassey'[39m,
@baci/web:test:   merchantId: [32m'merchant-123'[39m
@baci/web:test: }
@baci/web:test:
@baci/web:test: [90mstdout[2m | src/lib/cached-data.test.ts[2m > [22m[2mcached merchant entity normalization[2m > [22m[2mpreserves business type for non-OgaBassey slug merchants
@baci/web:test: [22m[39mSuccessfully fetched merchant: fashionstore merchant-123
@baci/web:test:
@baci/web:test: [90mstdout[2m | src/lib/cached-data.test.ts[2m > [22m[2mcached merchant entity normalization[2m > [22m[2mpreserves business type for non-OgaBassey domain merchants
@baci/web:test: [22m[39mSuccessfully fetched merchant by domain {
@baci/web:test:   domain: [32m'fashion.example'[39m,
@baci/web:test:   slug: [32m'fashionstore'[39m,
@baci/web:test:   merchantId: [32m'merchant-123'[39m
@baci/web:test: }
@baci/web:test:
@baci/web:test:  [32m✓[39m src/lib/cached-data.test.ts [2m([22m[2m23 tests[22m[2m)[22m[32m 131[2mms[22m[39m
baci-mobile-admin:test:  [32m✓[39m components/ui/SuccessModal.test.tsx [2m([22m[2m3 tests[22m[2m)[22m[33m 988[2mms[22m[39m
baci-mobile-admin:test:      [33m[2m✓[22m[39m renders the success content and optional follow-up action [33m 775[2mms[22m[39m
@baci/web:test:  [32m✓[39m src/lib/jumia/catalog.test.ts [2m([22m[2m29 tests[22m[2m)[22m[32m 168[2mms[22m[39m
@baci/mobile-storefront:test: PASS __tests__/app/(tabs)/index.pagination.test.tsx (10.468 s)
baci-mobile-admin:test:  [32m✓[39m components/staff/staff-feedback.test.ts [2m([22m[2m8 tests[22m[2m)[22m[32m 34[2mms[22m[39m
baci-mobile-admin:test:  [32m✓[39m components/orders/NewOrderChannelSection.test.tsx [2m([22m[2m3 tests[22m[2m)[22m[33m 1242[2mms[22m[39m
baci-mobile-admin:test:      [33m[2m✓[22m[39m renders every configured sales channel [33m 907[2mms[22m[39m
@baci/web:test:  [32m✓[39m src/components/storefront/ogabassey/components/utility/BillPaymentForm.test.tsx [2m([22m[2m11 tests[22m[2m)[22m[33m 2211[2mms[22m[39m
@baci/web:test:      [33m[2m✓[22m[39m shows nested bill item submenus and verifies the selected leaf item [33m 1153[2mms[22m[39m
@baci/mobile-storefront:test: PASS components/checkout/PaymentMethodSelector.wallet.test.tsx
@baci/mobile-storefront:test:   ● Console
@baci/mobile-storefront:test:
@baci/mobile-storefront:test:     console.log
@baci/mobile-storefront:test:       [DEBUG] [16:53:48.507] [Storage] Initializing with keys: [
@baci/mobile-storefront:test:         'cart-storage',
@baci/mobile-storefront:test:         'saved-storage',
@baci/mobile-storefront:test:         'comparison-storage',
@baci/mobile-storefront:test:         'search_history'
@baci/mobile-storefront:test:       ]
@baci/mobile-storefront:test:
@baci/mobile-storefront:test:       at Object.log [as debug] (lib/logger.ts:73:15)
@baci/mobile-storefront:test:
@baci/mobile-storefront:test:     console.log
@baci/mobile-storefront:test:       [DEBUG] [16:53:48.517] [Storage] Initialization complete
@baci/mobile-storefront:test:
@baci/mobile-storefront:test:       at Object.log [as debug] (lib/logger.ts:73:15)
@baci/mobile-storefront:test:
baci-mobile-admin:test:  [32m✓[39m app/(admin)/profile.test.tsx [2m([22m[2m2 tests[22m[2m)[22m[33m 347[2mms[22m[39m
@baci/web:test: [90mstderr[2m | src/lib/verify-cac-certificate.test.ts[2m > [22m[2mextractCACCertificateData[2m > [22m[2mfalls back to Gemini when Ollama exceeds the bounded timeout
@baci/web:test: [22m[39mOllama extraction failed, falling back to Gemini: Error: Ollama request timed out
@baci/web:test:     at extractViaOllama [90m(/app/apps/web/[39msrc/lib/verify-cac-certificate.ts:94:13[90m)[39m
@baci/web:test:     at Module.extractCACCertificateData [90m(/app/apps/web/[39msrc/lib/verify-cac-certificate.ts:142:25[90m)[39m
@baci/web:test:
@baci/web:test: [90mstderr[2m | src/lib/verify-cac-certificate.test.ts[2m > [22m[2mextractCACCertificateData[2m > [22m[2mdoes not call Ollama with malformed Basic Auth credentials
@baci/web:test: [22m[39mOllama extraction failed, falling back to Gemini: Error: Invalid OLLAMA_BASIC_AUTH: failed to construct Basic auth header
@baci/web:test:     at extractViaOllama [90m(/app/apps/web/[39msrc/lib/verify-cac-certificate.ts:57:13[90m)[39m
@baci/web:test:     at Module.extractCACCertificateData [90m(/app/apps/web/[39msrc/lib/verify-cac-certificate.ts:142:31[90m)[39m
@baci/web:test:     at [90m/app/apps/web/[39msrc/lib/verify-cac-certificate.test.ts:160:26
@baci/web:test:     at [90mfile:///app/apps/web/[39mnode_modules/[4m@vitest/runner[24m/dist/index.js:145:11
@baci/web:test:     at [90mfile:///app/apps/web/[39mnode_modules/[4m@vitest/runner[24m/dist/index.js:915:26
@baci/web:test:     at [90mfile:///app/apps/web/[39mnode_modules/[4m@vitest/runner[24m/dist/index.js:1243:20
@baci/web:test:     at new Promise (<anonymous>)
@baci/web:test:     at runWithTimeout [90m(file:///app/apps/web/[39mnode_modules/[4m@vitest/runner[24m/dist/index.js:1209:10[90m)[39m
@baci/web:test:     at [90mfile:///app/apps/web/[39mnode_modules/[4m@vitest/runner[24m/dist/index.js:1653:37
@baci/web:test:     at Traces.$ [90m(file:///app/apps/web/[39mnode_modules/[4mvitest[24m/dist/chunks/traces.CCmnQaNT.js:142:27[90m)[39m
@baci/web:test:
@baci/web:test: [90mstderr[2m | src/lib/verify-cac-certificate.test.ts[2m > [22m[2mextractCACCertificateData[2m > [22m[2mfalls back to Gemini when Ollama fetch throws
@baci/web:test: [22m[39mOllama extraction failed, falling back to Gemini: Error: Connection refused
@baci/web:test:     at [90m/app/apps/web/[39msrc/lib/verify-cac-certificate.test.ts:170:7
@baci/web:test:     at [90mfile:///app/apps/web/[39mnode_modules/[4m@vitest/runner[24m/dist/index.js:145:11
@baci/web:test:     at [90mfile:///app/apps/web/[39mnode_modules/[4m@vitest/runner[24m/dist/index.js:915:26
@baci/web:test:     at [90mfile:///app/apps/web/[39mnode_modules/[4m@vitest/runner[24m/dist/index.js:1243:20
@baci/web:test:     at new Promise (<anonymous>)
@baci/web:test:     at runWithTimeout [90m(file:///app/apps/web/[39mnode_modules/[4m@vitest/runner[24m/dist/index.js:1209:10[90m)[39m
@baci/web:test:     at [90mfile:///app/apps/web/[39mnode_modules/[4m@vitest/runner[24m/dist/index.js:1653:37
@baci/web:test:     at Traces.$ [90m(file:///app/apps/web/[39mnode_modules/[4mvitest[24m/dist/chunks/traces.CCmnQaNT.js:142:27[90m)[39m
@baci/web:test:     at trace [90m(file:///app/apps/web/[39mnode_modules/[4mvitest[24m/dist/chunks/test.B8ej_ZHS.js:239:21[90m)[39m
@baci/web:test:     at runTest [90m(file:///app/apps/web/[39mnode_modules/[4m@vitest/runner[24m/dist/index.js:1653:12[90m)[39m
@baci/web:test:
@baci/web:test: [90mstderr[2m | src/lib/verify-cac-certificate.test.ts[2m > [22m[2mextractCACCertificateData[2m > [22m[2mfalls back to Gemini when Ollama returns non-ok response
@baci/web:test: [22m[39mOllama extraction failed, falling back to Gemini: Error: Ollama returned 500
@baci/web:test:     at extractViaOllama [90m(/app/apps/web/[39msrc/lib/verify-cac-certificate.ts:87:13[90m)[39m
@baci/web:test:     at Module.extractCACCertificateData [90m(/app/apps/web/[39msrc/lib/verify-cac-certificate.ts:142:25[90m)[39m
@baci/web:test:     at [90m/app/apps/web/[39msrc/lib/verify-cac-certificate.test.ts:194:20
@baci/web:test:     at [90mfile:///app/apps/web/[39mnode_modules/[4m@vitest/runner[24m/dist/index.js:915:20
@baci/web:test:
@baci/web:test: [90mstderr[2m | src/lib/verify-cac-certificate.test.ts[2m > [22m[2mextractCACCertificateData[2m > [22m[2mfalls back to Gemini when Ollama returns no extractable document fields
@baci/web:test: [22m[39mOllama extraction omitted required verification fields, falling back to Gemini.
@baci/web:test:
@baci/web:test: [90mstderr[2m | src/lib/verify-cac-certificate.test.ts[2m > [22m[2mextractCACCertificateData[2m > [22m[2mfalls back to Gemini when Ollama omits required verification fields
@baci/web:test: [22m[39mOllama extraction omitted required verification fields, falling back to Gemini.
@baci/web:test:
@baci/web:test: [90mstderr[2m | src/lib/verify-cac-certificate.test.ts[2m > [22m[2mextractCACCertificateData[2m > [22m[2mfalls back to Gemini when Ollama returns whitespace-only verification fields
@baci/web:test: [22m[39mOllama extraction omitted required verification fields, falling back to Gemini.
@baci/web:test:
@baci/web:test:  [32m✓[39m src/lib/verify-cac-certificate.test.ts [2m([22m[2m20 tests[22m[2m)[22m[32m 82[2mms[22m[39m
@baci/mobile-storefront:test: PASS components/wallet/savings/use-start-savings-submit.test.ts
baci-mobile-admin:test:  [32m✓[39m lib/transaction-review-inputs.test.ts [2m([22m[2m3 tests[22m[2m)[22m[32m 43[2mms[22m[39m
@baci/web:test: [90mstdout[2m | src/lib/cached-data.blog-post.test.ts[2m > [22m[2mgetCachedBlogPost[2m > [22m[2mpreserves the merchant custom domain for domain-based blog post lookups
@baci/web:test: [22m[39mSuccessfully fetched merchant by domain {
@baci/web:test:   domain: [32m'ogabassey.com'[39m,
@baci/web:test:   slug: [32m'ogabassey'[39m,
@baci/web:test:   merchantId: [32m'merchant-1'[39m
@baci/web:test: }
@baci/web:test:
@baci/web:test: [90mstdout[2m | src/lib/cached-data.blog-post.test.ts[2m > [22m[2mgetCachedBlogPost[2m > [22m[2mexcludes published posts without a published_at timestamp from detail and related queries
@baci/web:test: [22m[39mSuccessfully fetched merchant by domain {
@baci/web:test:   domain: [32m'ogabassey.com'[39m,
@baci/web:test:   slug: [32m'ogabassey'[39m,
@baci/web:test:   merchantId: [32m'merchant-1'[39m
@baci/web:test: }
@baci/web:test:
@baci/web:test: [90mstdout[2m | src/lib/cached-data.blog-post.test.ts[2m > [22m[2mgetCachedBlogPost[2m > [22m[2mslugifies free-text blog categories before filtering related products
@baci/web:test: [22m[39mSuccessfully fetched merchant by domain {
@baci/web:test:   domain: [32m'ogabassey.com'[39m,
@baci/web:test:   slug: [32m'ogabassey'[39m,
@baci/web:test:   merchantId: [32m'merchant-1'[39m
@baci/web:test: }
@baci/web:test:
@baci/web:test: [90mstdout[2m | src/lib/cached-data.blog-post.test.ts[2m > [22m[2mgetCachedBlogPost[2m > [22m[2muses explicit blog product links before category fallback products
@baci/web:test: [22m[39mSuccessfully fetched merchant by domain {
@baci/web:test:   domain: [32m'ogabassey.com'[39m,
@baci/web:test:   slug: [32m'ogabassey'[39m,
@baci/web:test:   merchantId: [32m'merchant-1'[39m
@baci/web:test: }
@baci/web:test:
@baci/web:test: [90mstdout[2m | src/lib/cached-data.blog-post.test.ts[2m > [22m[2mgetCachedBlogPost[2m > [22m[2mfilters inactive explicit blog product links before limiting results
@baci/web:test: [22m[39mSuccessfully fetched merchant by domain {
@baci/web:test:   domain: [32m'ogabassey.com'[39m,
@baci/web:test:   slug: [32m'ogabassey'[39m,
@baci/web:test:   merchantId: [32m'merchant-1'[39m
@baci/web:test: }
@baci/web:test:
@baci/web:test: [90mstdout[2m | src/lib/cached-data.blog-post.test.ts[2m > [22m[2mgetCachedBlogPost[2m > [22m[2mreturns null for public test posts instead of exposing direct article URLs
@baci/web:test: [22m[39mSuccessfully fetched merchant by domain {
@baci/web:test:   domain: [32m'ogabassey.com'[39m,
@baci/web:test:   slug: [32m'ogabassey'[39m,
@baci/web:test:   merchantId: [32m'merchant-1'[39m
@baci/web:test: }
@baci/web:test:
@baci/web:test: [90mstdout[2m | src/lib/cached-data.blog-post.test.ts[2m > [22m[2mgetCachedBlogPost[2m > [22m[2mfilters test posts from cached related posts
@baci/web:test: [22m[39mSuccessfully fetched merchant by domain {
@baci/web:test:   domain: [32m'ogabassey.com'[39m,
@baci/web:test:   slug: [32m'ogabassey'[39m,
@baci/web:test:   merchantId: [32m'merchant-1'[39m
@baci/web:test: }
@baci/web:test:
@baci/web:test: [90mstdout[2m | src/lib/cached-data.blog-post.test.ts[2m > [22m[2mgetCachedBlogPost[2m > [22m[2mover-fetches related posts so public entries can still fill all slots
@baci/web:test: [22m[39mSuccessfully fetched merchant by domain {
@baci/web:test:   domain: [32m'ogabassey.com'[39m,
@baci/web:test:   slug: [32m'ogabassey'[39m,
@baci/web:test:   merchantId: [32m'merchant-1'[39m
@baci/web:test: }
@baci/web:test:
@baci/web:test:  [32m✓[39m src/lib/cached-data.blog-post.test.ts [2m([22m[2m8 tests[22m[2m)[22m[32m 81[2mms[22m[39m
@baci/mobile-storefront:test: PASS components/wallet/savings/StartSavingsModals.test.tsx
baci-mobile-admin:test:  [32m✓[39m components/ui/ReceiptPreviewModal.test.tsx [2m([22m[2m3 tests[22m[2m)[22m[33m 1163[2mms[22m[39m
baci-mobile-admin:test:      [33m[2m✓[22m[39m renders through the shared page-sheet shell [33m 784[2mms[22m[39m
@baci/mobile-storefront:test: PASS __tests__/app/category/[slug].test.tsx
baci-mobile-admin:test:  [32m✓[39m components/store-settings/StoreSettingsDetailsCard.test.tsx [2m([22m[2m3 tests[22m[2m)[22m[33m 1421[2mms[22m[39m
baci-mobile-admin:test:      [33m[2m✓[22m[39m forwards the country picker action [33m 1019[2mms[22m[39m
@baci/web:test: [90mstderr[2m | src/app/api/branches/route.test.ts[2m > [22m[2m/api/branches[2m > [22m[2mreturns 500 when branch listing fails
@baci/web:test: [22m[39mBranch list query failed: { message: [32m'Database error'[39m, code: [32m'PGRST001'[39m }
@baci/web:test:
baci-mobile-admin:test:  [32m✓[39m scripts/check-module-size.test.ts [2m([22m[2m5 tests[22m[2m)[22m[33m 1230[2mms[22m[39m
@baci/web:test: [90mstderr[2m | src/app/api/branches/route.test.ts[2m > [22m[2m/api/branches[2m > [22m[2mreturns 500 when branch creation fails
@baci/web:test: [22m[39m[Branches] Unhandled mutation error: { message: [32m'Insert failed'[39m, code: [32m'XX000'[39m }
@baci/web:test:
@baci/web:test:  [32m✓[39m src/app/api/branches/route.test.ts [2m([22m[2m15 tests[22m[2m)[22m[33m 877[2mms[22m[39m
@baci/web:test: [90mstderr[2m | src/lib/mycover.test.ts[2m > [22m[2mcreateMyCoverClient()[2m > [22m[2mreturns null when MYCOVER_SECRET_KEY is not set
@baci/web:test: [22m[39mMyCover.ai: MYCOVER_SECRET_KEY not configured
@baci/web:test:
@baci/web:test:  [32m✓[39m src/lib/mycover.test.ts [2m([22m[2m25 tests[22m[2m)[22m[32m 87[2mms[22m[39m
baci-mobile-admin:test:  [32m✓[39m hooks/orders/useGenerateDva.test.ts [2m([22m[2m4 tests[22m[2m)[22m[32m 68[2mms[22m[39m
@baci/web:test:  [32m✓[39m src/app/(storefront)/[slug]/(catalog)/(listing)/products/page.test.tsx [2m([22m[2m12 tests[22m[2m)[22m[33m 3660[2mms[22m[39m
@baci/web:test:      [33m[2m✓[22m[39m renders product and category links for crawlable discovery [33m 2011[2mms[22m[39m
@baci/web:test:      [33m[2m✓[22m[39m renders the first page without a previous pagination link [33m 656[2mms[22m[39m
@baci/web:test:      [33m[2m✓[22m[39m does not prepend the merchant slug on subdomain storefront links [33m 594[2mms[22m[39m
@baci/web:test: [90mstdout[2m | src/lib/payments/apply-paid-order-side-effects.test.ts[2m > [22m[2mapplyPaidOrderSideEffects — replay (idempotent)[2m > [22m[2mskips steps already marked completed without invoking the executor
@baci/web:test: [22m[39m[2026-05-28T16:53:58.222Z] [INFO] payment_side_effects: step claim deferred {
@baci/web:test:   message: [32m'payment_side_effects: step claim deferred'[39m,
@baci/web:test:   orderId: [32m'order-1'[39m,
@baci/web:test:   step: [32m'paid_email'[39m,
@baci/web:test:   currentStatus: [32m'completed'[39m,
@baci/web:test:   actor: [32m'webhook:replay'[39m
@baci/web:test: }
@baci/web:test:
@baci/web:test: [90mstderr[2m | src/lib/payments/apply-paid-order-side-effects.test.ts[2m > [22m[2mapplyPaidOrderSideEffects — partial failure (one executor throws)[2m > [22m[2mmarks the throwing step failed and continues with the rest
@baci/web:test: [22m[39m[2026-05-28T16:53:58.251Z] [ERROR] payment_side_effects: step executor threw {
@baci/web:test:   message: [32m'payment_side_effects: step executor threw'[39m,
@baci/web:test:   orderId: [32m'order-1'[39m,
@baci/web:test:   step: [32m'merchant_settlement'[39m,
@baci/web:test:   actor: [32m'webhook:req-1'[39m,
@baci/web:test:   error: [32m'rpc_timeout'[39m
@baci/web:test: }
@baci/web:test:
@baci/web:test: [90mstderr[2m | src/lib/payments/apply-paid-order-side-effects.test.ts[2m > [22m[2mapplyPaidOrderSideEffects — concurrent takeover (loser sees 0 rows)[2m > [22m[2mreports concurrent_takeover when the mark-completed UPDATE matches no rows
@baci/web:test: [22m[39m[2026-05-28T16:53:58.264Z] [WARN] payment_side_effects: concurrent takeover — mark-completed UPDATE matched 0 rows {
@baci/web:test:   message: [32m'payment_side_effects: concurrent takeover — mark-completed UPDATE matched 0 rows'[39m,
@baci/web:test:   orderId: [32m'order-1'[39m,
@baci/web:test:   step: [32m'paid_email'[39m,
@baci/web:test:   actor: [32m'webhook:loser'[39m
@baci/web:test: }
@baci/web:test:
@baci/web:test: [90mstderr[2m | src/lib/payments/apply-paid-order-side-effects.test.ts[2m > [22m[2mapplyPaidOrderSideEffects — executor succeeds but markCompleted throws (review feedback)[2m > [22m[2mrecords mark_completed_threw failure when DB UPDATE errors after executor succeeded
@baci/web:test: [22m[39m[2026-05-28T16:53:58.305Z] [ERROR] payment_side_effects: mark-completed UPDATE threw after executor succeeded — side effect ran but row not marked; replay-safe via integration idempotency {
@baci/web:test:   message: [32m'payment_side_effects: mark-completed UPDATE threw after executor succeeded — side effect ran but row not marked; replay-safe via integration idempotency'[39m,
@baci/web:test:   orderId: [32m'order-1'[39m,
@baci/web:test:   step: [32m'paid_email'[39m,
@baci/web:test:   actor: [32m'webhook:db-blip'[39m,
@baci/web:test:   error: [32m'mark_completed failed for step paid_email: connection timed out'[39m
@baci/web:test: }
@baci/web:test:
@baci/web:test:  [32m✓[39m src/lib/payments/apply-paid-order-side-effects.test.ts [2m([22m[2m8 tests[22m[2m)[22m[32m 134[2mms[22m[39m
baci-mobile-admin:test:  [32m✓[39m components/kyc/CacSearchStep.test.tsx [2m([22m[2m4 tests[22m[2m)[22m[33m 1021[2mms[22m[39m
baci-mobile-admin:test:      [33m[2m✓[22m[39m does not trigger search when registration number is empty [33m 683[2mms[22m[39m
@baci/mobile-storefront:test: PASS components/wallet/savings/StartSavingsScreen.test.tsx (5.847 s)
baci-mobile-admin:test:  [32m✓[39m components/staff/StaffRoleSheet.test.tsx [2m([22m[2m4 tests[22m[2m)[22m[33m 1368[2mms[22m[39m
baci-mobile-admin:test:      [33m[2m✓[22m[39m renders roles, forwards selection, and submits the update [33m 939[2mms[22m[39m
@baci/mobile-storefront:test: PASS lib/wallet-payment-helpers.test.ts
baci-mobile-admin:test:  [32m✓[39m components/tax/LegalEntityCard.test.tsx [2m([22m[2m4 tests[22m[2m)[22m[33m 380[2mms[22m[39m
baci-mobile-admin:test:  [32m✓[39m components/orders/OrderDetailsItemsAndPaymentSection.test.tsx [2m([22m[2m2 tests[22m[2m)[22m[32m 192[2mms[22m[39m
@baci/web:test:  [32m✓[39m src/app/api/agentic/checkout_sessions/[id]/complete/route.test.ts [2m([22m[2m7 tests[22m[2m)[22m[33m 1157[2mms[22m[39m
@baci/web:test:      [33m[2m✓[22m[39m applies request body adapters before validating complete payloads [33m 975[2mms[22m[39m
@baci/web:test: [90mstderr[2m | src/app/api/agentic/checkout_sessions/[id]/cancel/route.test.ts[2m > [22m[2mPOST /api/agentic/checkout_sessions/[id]/cancel[2m > [22m[2mreturns 403 when the merchant disables agentic checkout
@baci/web:test: [22m[39m[2026-05-28T16:54:01.152Z] [WARN] Agentic checkout disabled {
@baci/web:test:   message: [32m'Agentic checkout disabled'[39m,
@baci/web:test:   merchantId: [32m'merchant-1'[39m,
@baci/web:test:   route: [32m'checkout_sessions.cancel'[39m,
@baci/web:test:   sessionId: [32m'agentic_session_1'[39m
@baci/web:test: }
@baci/web:test:
@baci/web:test: [90mstderr[2m | src/app/api/agentic/checkout_sessions/[id]/cancel/route.test.ts[2m > [22m[2mPOST /api/agentic/checkout_sessions/[id]/cancel[2m > [22m[2mreturns 500 when the cancel update fails
@baci/web:test: [22m[39m[2026-05-28T16:54:01.194Z] [ERROR] Failed to cancel checkout session {
@baci/web:test:   message: [32m'Failed to cancel checkout session'[39m,
@baci/web:test:   error: [32m'{"message":"write failed"}'[39m,
@baci/web:test:   sessionId: [32m'agentic_session_1'[39m
@baci/web:test: }
@baci/web:test:
@baci/web:test: [90mstderr[2m | src/app/api/agentic/checkout_sessions/[id]/cancel/route.test.ts[2m > [22m[2mPOST /api/agentic/checkout_sessions/[id]/cancel[2m > [22m[2mcancels even when response recalculation fails
@baci/web:test: [22m[39m[2026-05-28T16:54:01.207Z] [WARN] Canceled checkout session response calculation failed {
@baci/web:test:   message: [32m'Canceled checkout session response calculation failed'[39m,
@baci/web:test:   error: [32m'{}'[39m,
@baci/web:test:   sessionId: [32m'agentic_session_1'[39m
@baci/web:test: }
@baci/web:test:
@baci/web:test:  [32m✓[39m src/app/api/agentic/checkout_sessions/[id]/cancel/route.test.ts [2m([22m[2m9 tests[22m[2m)[22m[33m 805[2mms[22m[39m
@baci/web:test:      [33m[2m✓[22m[39m cancels a session using the stored checkout_sessions columns [33m 707[2mms[22m[39m
@baci/mobile-storefront:test: PASS __tests__/app/addresses/[id].test.tsx
@baci/web:test:  [32m✓[39m src/lib/agentic/action-health-actions.test.ts [2m([22m[2m8 tests[22m[2m)[22m[32m 29[2mms[22m[39m
@baci/mobile-storefront:test: PASS components/negotiation/NegotiationModalView.test.tsx
@baci/mobile-storefront:test:   ● Console
@baci/mobile-storefront:test:
@baci/mobile-storefront:test:     console.log
@baci/mobile-storefront:test:       [DEBUG] [16:54:03.409] [Storage] Initializing with keys: [
@baci/mobile-storefront:test:         'cart-storage',
@baci/mobile-storefront:test:         'saved-storage',
@baci/mobile-storefront:test:         'comparison-storage',
@baci/mobile-storefront:test:         'search_history'
@baci/mobile-storefront:test:       ]
@baci/mobile-storefront:test:
@baci/mobile-storefront:test:       at Object.log [as debug] (lib/logger.ts:73:15)
@baci/mobile-storefront:test:
@baci/mobile-storefront:test:     console.log
@baci/mobile-storefront:test:       [DEBUG] [16:54:03.738] [Storage] Initialization complete
@baci/mobile-storefront:test:
@baci/mobile-storefront:test:       at Object.log [as debug] (lib/logger.ts:73:15)
@baci/mobile-storefront:test:
baci-mobile-admin:test:  [32m✓[39m lib/auth/social-auth-helper.test.ts [2m([22m[2m3 tests[22m[2m)[22m[32m 50[2mms[22m[39m
@baci/web:test:  [32m✓[39m src/lib/vtu-voucher-backfill.test.ts [2m([22m[2m11 tests[22m[2m)[22m[32m 132[2mms[22m[39m
baci-mobile-admin:test:  [32m✓[39m components/orders/NewOrderCustomerSheet.test.tsx [2m([22m[2m2 tests[22m[2m)[22m[33m 1072[2mms[22m[39m
baci-mobile-admin:test:      [33m[2m✓[22m[39m renders the search view in selection mode and forwards close actions [33m 986[2mms[22m[39m
baci-mobile-admin:test:  [32m✓[39m app/(admin)/discounts/new.test.tsx [2m([22m[2m1 test[22m[2m)[22m[33m 2418[2mms[22m[39m
baci-mobile-admin:test:      [33m[2m✓[22m[39m applies the themed border color to specific item selectors [33m 2404[2mms[22m[39m
baci-mobile-admin:test:  [32m✓[39m hooks/useBuilderConfig.test.ts [2m([22m[2m2 tests[22m[2m)[22m[32m 282[2mms[22m[39m
@baci/web:test:  [32m✓[39m src/components/dashboard/agentic-action-center-card.test.tsx [2m([22m[2m11 tests[22m[2m)[22m[33m 2349[2mms[22m[39m
@baci/web:test:      [33m[2m✓[22m[39m renders attention actions with an order review link [33m 1464[2mms[22m[39m
@baci/mobile-storefront:test: PASS __tests__/app/product/[slug].variants-images.test.tsx
@baci/mobile-storefront:test:   ● Console
@baci/mobile-storefront:test:
@baci/mobile-storefront:test:     console.debug
@baci/mobile-storefront:test:       [AdTracking] Native modules ignored or failed to load: Invariant Violation: `new NativeEventEmitter()` requires a non-null argument.
@baci/mobile-storefront:test:           at invariant (/app/node_modules/invariant/invariant.js:40:15)
@baci/mobile-storefront:test:           at new NativeEventEmitter (/app/node_modules/react-native/Libraries/EventEmitter/NativeEventEmitter.js:57:16)
@baci/mobile-storefront:test:           at Object.<anonymous> (/app/node_modules/react-native-fbsdk-next/src/FBAccessToken.ts:26:22)
@baci/mobile-storefront:test:           at Runtime._execModule (/app/node_modules/jest-runtime/build/index.js:1439:24)
@baci/mobile-storefront:test:           at Runtime._loadModule (/app/node_modules/jest-runtime/build/index.js:1022:12)
@baci/mobile-storefront:test:           at Runtime.requireModule (/app/node_modules/jest-runtime/build/index.js:882:12)
@baci/mobile-storefront:test:           at Runtime.requireModuleOrMock (/app/node_modules/jest-runtime/build/index.js:1048:21)
@baci/mobile-storefront:test:           at Object.require (/app/node_modules/react-native-fbsdk-next/src/index.ts:23:1)
@baci/mobile-storefront:test:           at Runtime._execModule (/app/node_modules/jest-runtime/build/index.js:1439:24)
@baci/mobile-storefront:test:           at Runtime._loadModule (/app/node_modules/jest-runtime/build/index.js:1022:12)
@baci/mobile-storefront:test:           at Runtime.requireModule (/app/node_modules/jest-runtime/build/index.js:882:12)
@baci/mobile-storefront:test:           at Runtime.requireModuleOrMock (/app/node_modules/jest-runtime/build/index.js:1048:21)
@baci/mobile-storefront:test:           at require (/app/apps/mobile-storefront/services/ad-tracking-native-modules.ts:66:40)
@baci/mobile-storefront:test:           at async Promise.all (index 0) {
@baci/mobile-storefront:test:         framesToPop: 1
@baci/mobile-storefront:test:       }
@baci/mobile-storefront:test:
@baci/mobile-storefront:test:       at debug (services/ad-tracking-native-modules.ts:77:13)
@baci/mobile-storefront:test:           at Generator.throw (<anonymous>)
@baci/mobile-storefront:test:
@baci/web:test:  [32m✓[39m src/lib/payments/confirm-paystack-dva-by-order-account.test.ts [2m([22m[2m10 tests[22m[2m)[22m[32m 107[2mms[22m[39m
baci-mobile-admin:test:  [32m✓[39m components/orders/OrderPaymentOptionDialog.test.tsx [2m([22m[2m4 tests[22m[2m)[22m[33m 727[2mms[22m[39m
baci-mobile-admin:test:      [33m[2m✓[22m[39m offers both manual payment and ship-on-credit actions [33m 514[2mms[22m[39m
baci-mobile-admin:test:  [32m✓[39m app/(auth)/onboarding.test.tsx [2m([22m[2m2 tests[22m[2m)[22m[33m 315[2mms[22m[39m
@baci/mobile-storefront:test: PASS components/quiz/QuizScreen.test.tsx
baci-mobile-admin:test:  [32m✓[39m components/ui/StatusModal.test.tsx [2m([22m[2m4 tests[22m[2m)[22m[33m 1023[2mms[22m[39m
baci-mobile-admin:test:      [33m[2m✓[22m[39m invokes onClose from the dismiss action [33m 659[2mms[22m[39m
baci-mobile-admin:test:  [32m✓[39m components/paywall/PaywallFooter.test.tsx [2m([22m[2m2 tests[22m[2m)[22m[33m 1335[2mms[22m[39m
baci-mobile-admin:test:      [33m[2m✓[22m[39m renders platform-specific disclosure text and hooks footer actions [33m 1263[2mms[22m[39m
@baci/mobile-storefront:test: PASS __tests__/app/route-shell-safety.test.ts
@baci/web:test:  [32m✓[39m src/app/api/storefront/auth/session/route.test.ts [2m([22m[2m11 tests[22m[2m)[22m[32m 171[2mms[22m[39m
@baci/mobile-storefront:test: PASS components/product/ConditionSelector.test.tsx
@baci/web:test: [90mstderr[2m | src/components/storefront/ogabassey/components/NegotiationModal.test.tsx[2m > [22m[2mNegotiationModal[2m > [22m[2mshows alert when insert fails
@baci/web:test: [22m[39mFailed to submit request: { message: [32m'DB insert failed'[39m }
@baci/web:test:
@baci/web:test: [90mstderr[2m | src/components/storefront/ogabassey/components/NegotiationModal.test.tsx[2m > [22m[2mNegotiationModal[2m > [22m[2mskips async submit state updates after unmount
@baci/web:test: [22m[39mFailed to submit request: { message: [32m'DB insert failed'[39m }
@baci/web:test:
@baci/web:test:  [32m✓[39m src/components/storefront/ogabassey/components/NegotiationModal.test.tsx [2m([22m[2m20 tests[22m[2m)[22m[33m 6766[2mms[22m[39m
@baci/web:test:      [33m[2m✓[22m[39m shows the offer input form initially [33m 794[2mms[22m[39m
@baci/web:test:      [33m[2m✓[22m[39m accepts an offer within the 3% threshold and marks it as AI-reviewed [33m 321[2mms[22m[39m
@baci/web:test:      [33m[2m✓[22m[39m steps counter offers through 1%, 2%, and 3% [33m 575[2mms[22m[39m
@baci/web:test:      [33m[2m✓[22m[39m keeps final 3% counter-offer within server-acceptable bounds for low subtotals [33m 452[2mms[22m[39m
@baci/web:test:      [33m[2m✓[22m[39m clamps final 3% counter-offers for fractional non-VAT totals [33m 397[2mms[22m[39m
@baci/web:test:      [33m[2m✓[22m[39m keeps final 3% counter-offers within VAT-aware backend bounds [33m 488[2mms[22m[39m
@baci/web:test:      [33m[2m✓[22m[39m includes customer_id and unique session_id in the insert payload [33m 692[2mms[22m[39m
@baci/web:test:      [33m[2m✓[22m[39m sets customer_id to null for unauthenticated users [33m 579[2mms[22m[39m
@baci/web:test:      [33m[2m✓[22m[39m shows alert when insert fails [33m 518[2mms[22m[39m
@baci/web:test:      [33m[2m✓[22m[39m skips async submit state updates after unmount [33m 464[2mms[22m[39m
baci-mobile-admin:test:  [32m✓[39m lib/order-shipment.test.ts [2m([22m[2m5 tests[22m[2m)[22m[32m 17[2mms[22m[39m
@baci/mobile-storefront:test: PASS __tests__/app/(tabs)/saved.test.tsx
@baci/web:test:  [32m✓[39m src/components/storefront/ogabassey/components/EngineProductGrid.test.tsx [2m([22m[2m14 tests[22m[2m)[22m[33m 2161[2mms[22m[39m
@baci/web:test:      [33m[2m✓[22m[39m passes products through prioritizeSmartphoneProducts [33m 651[2mms[22m[39m
baci-mobile-admin:test:  [32m✓[39m components/orders/NewCustomerAddressInput.test.tsx [2m([22m[2m2 tests[22m[2m)[22m[33m 995[2mms[22m[39m
baci-mobile-admin:test:      [33m[2m✓[22m[39m keeps the Google address field controlled and forwards selected addresses [33m 959[2mms[22m[39m
@baci/mobile-storefront:test: PASS components/wallet/savings/use-start-savings-controller.test.ts
baci-mobile-admin:test:  [32m✓[39m hooks/useProducts.test.ts [2m([22m[2m4 tests[22m[2m)[22m[32m 28[2mms[22m[39m
@baci/mobile-storefront:test: PASS stores/cart-store.test.ts
baci-mobile-admin:test:  [32m✓[39m components/ui/order-report-modal/OrderReportDateMenu.test.tsx [2m([22m[2m3 tests[22m[2m)[22m[33m 1498[2mms[22m[39m
baci-mobile-admin:test:      [33m[2m✓[22m[39m renders the active date label and toggles the preset menu [33m 1227[2mms[22m[39m
@baci/mobile-storefront:test: PASS components/utilities/PurchaseSuccess.test.tsx
@baci/web:test:  [32m✓[39m src/app/(storefront)/[slug]/(blog)/blog/[postSlug]/blog-post-page-content.test.tsx [2m([22m[2m7 tests[22m[2m)[22m[33m 1666[2mms[22m[39m
@baci/web:test:      [33m[2m✓[22m[39m renders crawlable commerce links and passes the canonicalized locale [33m 1345[2mms[22m[39m
@baci/web:test: [90mstdout[2m | src/scripts/report-blog-discover-image-readiness.test.ts[2m > [22m[2mrunReportBlogDiscoverImageReadinessCli[2m > [22m[2mapplies merchant filter by merchant_id and returns success
@baci/web:test: [22m[39m{
@baci/web:test:   "scanned": 1,
@baci/web:test:   "flagged": 1,
@baci/web:test:   "reprocessed": 0,
@baci/web:test:   "rows": [
@baci/web:test:     {
@baci/web:test:       "merchantId": "merchant-1",
@baci/web:test:       "merchantSlug": "store-a",
@baci/web:test:       "postId": "post-1",
@baci/web:test:       "postSlug": "legacy-post",
@baci/web:test:       "statusReason": "dimensions_too_small",
@baci/web:test:       "featuredImageHost": "cdn.ogabassey.com",
@baci/web:test:       "managedPathRecoverable": true
@baci/web:test:     }
@baci/web:test:   ]
@baci/web:test: }
@baci/web:test:
@baci/web:test: [90mstdout[2m | src/scripts/report-blog-discover-image-readiness.test.ts[2m > [22m[2mrunReportBlogDiscoverImageReadinessCli[2m > [22m[2mlogs merchant lookup failures for report row enrichment
@baci/web:test: [22m[39m{
@baci/web:test:   "scanned": 1,
@baci/web:test:   "flagged": 1,
@baci/web:test:   "reprocessed": 0,
@baci/web:test:   "rows": [
@baci/web:test:     {
@baci/web:test:       "merchantId": "merchant-1",
@baci/web:test:       "merchantSlug": "",
@baci/web:test:       "postId": "post-1",
@baci/web:test:       "postSlug": "legacy-post",
@baci/web:test:       "statusReason": "dimensions_too_small",
@baci/web:test:       "featuredImageHost": "cdn.ogabassey.com",
@baci/web:test:       "managedPathRecoverable": true
@baci/web:test:     }
@baci/web:test:   ]
@baci/web:test: }
@baci/web:test:
@baci/web:test: [90mstdout[2m | src/scripts/report-blog-discover-image-readiness.test.ts[2m > [22m[2mrunReportBlogDiscoverImageReadinessCli[2m > [22m[2mreprocesses only managed rows and does not upload for unmanaged rows
@baci/web:test: [22m[39m{
@baci/web:test:   "scanned": 2,
@baci/web:test:   "flagged": 2,
@baci/web:test:   "reprocessed": 1,
@baci/web:test:   "rows": [
@baci/web:test:     {
@baci/web:test:       "merchantId": "merchant-1",
@baci/web:test:       "merchantSlug": "store-a",
@baci/web:test:       "postId": "post-1",
@baci/web:test:       "postSlug": "legacy-post",
@baci/web:test:       "statusReason": "dimensions_too_small",
@baci/web:test:       "featuredImageHost": "cdn.ogabassey.com",
@baci/web:test:       "managedPathRecoverable": true
@baci/web:test:     },
@baci/web:test:     {
@baci/web:test:       "merchantId": "merchant-1",
@baci/web:test:       "merchantSlug": "store-a",
@baci/web:test:       "postId": "post-2",
@baci/web:test:       "postSlug": "external-post",
@baci/web:test:       "statusReason": "unmanaged_featured_image",
@baci/web:test:       "featuredImageHost": "example.com",
@baci/web:test:       "managedPathRecoverable": false
@baci/web:test:     }
@baci/web:test:   ]
@baci/web:test: }
@baci/web:test:
@baci/web:test: [90mstdout[2m | src/scripts/report-blog-discover-image-readiness.test.ts[2m > [22m[2mrunReportBlogDiscoverImageReadinessCli[2m > [22m[2mlogs partial upload state when a managed row variant upload fails
@baci/web:test: [22m[39m{
@baci/web:test:   "scanned": 1,
@baci/web:test:   "flagged": 1,
@baci/web:test:   "reprocessed": 0,
@baci/web:test:   "rows": [
@baci/web:test:     {
@baci/web:test:       "merchantId": "merchant-1",
@baci/web:test:       "merchantSlug": "store-a",
@baci/web:test:       "postId": "post-1",
@baci/web:test:       "postSlug": "legacy-post",
@baci/web:test:       "statusReason": "dimensions_too_small",
@baci/web:test:       "featuredImageHost": "cdn.ogabassey.com",
@baci/web:test:       "managedPathRecoverable": true
@baci/web:test:     }
@baci/web:test:   ]
@baci/web:test: }
@baci/web:test:
@baci/web:test:  [32m✓[39m src/scripts/report-blog-discover-image-readiness.test.ts [2m([22m[2m10 tests[22m[2m)[22m[32m 159[2mms[22m[39m
@baci/mobile-storefront:test: PASS components/checkout/CheckoutDeliveryCard.test.tsx
@baci/web:test: [90mstderr[2m | src/lib/agentic/idempotency-response-storage.test.ts[2m > [22m[2mbuildStoredAgenticIdempotencyResponse[2m > [22m[2mfails closed when replay persistence fails for a non-server-error response
@baci/web:test: [22m[39m[2026-05-28T16:54:20.710Z] [ERROR] Failed to store agentic idempotency response {
@baci/web:test:   message: [32m'Failed to store agentic idempotency response'[39m,
@baci/web:test:   error: {
@baci/web:test:     name: [32m'Error'[39m,
@baci/web:test:     message: [32m'write failed'[39m,
@baci/web:test:     stack: [32m'Error: write failed     at /app/apps/web/src/lib/agentic/idempotency-response-storage.test.ts:52:14     at file:///app/apps/web/node_modules/@vitest/runner/dist/index.js:145:11     at file:///app/apps/web/node_modules/@vitest/runner/dist/index.js:915:26     at file:///app/apps/web/node_modules/@vitest/runner/dist/index.js:1243:20     at new Promise (<anonymous>)     at runWithTimeout (file:///app/apps/web/node_modules/@vitest/runner/dist/index.js:1209:10)     at file:///app/apps/web/node_modules/@vitest/runner/dist/index.js:1653:37     at Traces.$ (file:///app/apps/web/node_modules/vitest/dist/chunks/traces.CCmnQaNT.js:142:27)     at trace (file:///app/apps/web/node_modules/vitest/dist/chunks/test.B8ej_ZHS.js:239:21)     at runTest (file:///app/apps/web/node_modules/@vitest/runner/dist/index.js:1653:12)'[39m
@baci/web:test:   },
@baci/web:test:   idempotencyKey: [32m'idem-1'[39m,
@baci/web:test:   merchantId: [32m'merchant-1'[39m,
@baci/web:test:   requestId: [32m'req-1'[39m,
@baci/web:test:   route: [32m'checkout_sessions.create'[39m
@baci/web:test: }
@baci/web:test:
@baci/web:test: [90mstderr[2m | src/lib/agentic/idempotency-response-storage.test.ts[2m > [22m[2mbuildStoredAgenticIdempotencyResponse[2m > [22m[2mreturns the default storage failure response when a server-error response cannot be stored
@baci/web:test: [22m[39m[2026-05-28T16:54:20.737Z] [ERROR] Failed to store agentic idempotency response {
@baci/web:test:   message: [32m'Failed to store agentic idempotency response'[39m,
@baci/web:test:   error: {
@baci/web:test:     name: [32m'Error'[39m,
@baci/web:test:     message: [32m'write failed'[39m,
@baci/web:test:     stack: [32m'Error: write failed     at /app/apps/web/src/lib/agentic/idempotency-response-storage.test.ts:87:14     at file:///app/apps/web/node_modules/@vitest/runner/dist/index.js:145:11     at file:///app/apps/web/node_modules/@vitest/runner/dist/index.js:915:26     at file:///app/apps/web/node_modules/@vitest/runner/dist/index.js:1243:20     at new Promise (<anonymous>)     at runWithTimeout (file:///app/apps/web/node_modules/@vitest/runner/dist/index.js:1209:10)     at file:///app/apps/web/node_modules/@vitest/runner/dist/index.js:1653:37     at Traces.$ (file:///app/apps/web/node_modules/vitest/dist/chunks/traces.CCmnQaNT.js:142:27)     at trace (file:///app/apps/web/node_modules/vitest/dist/chunks/test.B8ej_ZHS.js:239:21)     at runTest (file:///app/apps/web/node_modules/@vitest/runner/dist/index.js:1653:12)'[39m
@baci/web:test:   },
@baci/web:test:   idempotencyKey: [32m'idem-1'[39m,
@baci/web:test:   merchantId: [32m'merchant-1'[39m,
@baci/web:test:   requestId: [32m'req-1'[39m,
@baci/web:test:   route: [32m'checkout_sessions.create'[39m
@baci/web:test: }
@baci/web:test:
@baci/web:test: [90mstderr[2m | src/lib/agentic/idempotency-response-storage.test.ts[2m > [22m[2mbuildStoredAgenticIdempotencyResponse[2m > [22m[2mreturns the custom storage failure response when replay persistence throws
@baci/web:test: [22m[39m[2026-05-28T16:54:20.748Z] [ERROR] Failed to store agentic idempotency response {
@baci/web:test:   message: [32m'Failed to store agentic idempotency response'[39m,
@baci/web:test:   error: {
@baci/web:test:     name: [32m'Error'[39m,
@baci/web:test:     message: [32m'write threw'[39m,
@baci/web:test:     stack: [32m'Error: write threw     at /app/apps/web/src/lib/agentic/idempotency-response-storage.test.ts:114:7     at file:///app/apps/web/node_modules/@vitest/runner/dist/index.js:145:11     at file:///app/apps/web/node_modules/@vitest/runner/dist/index.js:915:26     at file:///app/apps/web/node_modules/@vitest/runner/dist/index.js:1243:20     at new Promise (<anonymous>)     at runWithTimeout (file:///app/apps/web/node_modules/@vitest/runner/dist/index.js:1209:10)     at file:///app/apps/web/node_modules/@vitest/runner/dist/index.js:1653:37     at Traces.$ (file:///app/apps/web/node_modules/vitest/dist/chunks/traces.CCmnQaNT.js:142:27)     at trace (file:///app/apps/web/node_modules/vitest/dist/chunks/test.B8ej_ZHS.js:239:21)     at runTest (file:///app/apps/web/node_modules/@vitest/runner/dist/index.js:1653:12)'[39m
@baci/web:test:   },
@baci/web:test:   idempotencyKey: [32m'idem-1'[39m,
@baci/web:test:   merchantId: [32m'merchant-1'[39m,
@baci/web:test:   requestId: [32m'req-1'[39m,
@baci/web:test:   route: [32m'checkout_sessions.create'[39m
@baci/web:test: }
@baci/web:test:
@baci/web:test: [90mstderr[2m | src/lib/agentic/idempotency-response-storage.test.ts[2m > [22m[2mbuildStoredAgenticIdempotencyResponse[2m > [22m[2mreturns the custom storage failure response for successful side effects without durable replay storage
@baci/web:test: [22m[39m[2026-05-28T16:54:20.761Z] [ERROR] Failed to store agentic idempotency response {
@baci/web:test:   message: [32m'Failed to store agentic idempotency response'[39m,
@baci/web:test:   error: {
@baci/web:test:     name: [32m'Error'[39m,
@baci/web:test:     message: [32m'write failed'[39m,
@baci/web:test:     stack: [32m'Error: write failed     at /app/apps/web/src/lib/agentic/idempotency-response-storage.test.ts:141:14     at file:///app/apps/web/node_modules/@vitest/runner/dist/index.js:145:11     at file:///app/apps/web/node_modules/@vitest/runner/dist/index.js:915:26     at file:///app/apps/web/node_modules/@vitest/runner/dist/index.js:1243:20     at new Promise (<anonymous>)     at runWithTimeout (file:///app/apps/web/node_modules/@vitest/runner/dist/index.js:1209:10)     at file:///app/apps/web/node_modules/@vitest/runner/dist/index.js:1653:37     at Traces.$ (file:///app/apps/web/node_modules/vitest/dist/chunks/traces.CCmnQaNT.js:142:27)     at trace (file:///app/apps/web/node_modules/vitest/dist/chunks/test.B8ej_ZHS.js:239:21)     at runTest (file:///app/apps/web/node_modules/@vitest/runner/dist/index.js:1653:12)'[39m
@baci/web:test:   },
@baci/web:test:   idempotencyKey: [32m'idem-1'[39m,
@baci/web:test:   merchantId: [32m'merchant-1'[39m,
@baci/web:test:   requestId: [32m'req-1'[39m,
@baci/web:test:   route: [32m'checkout_sessions.create'[39m
@baci/web:test: }
@baci/web:test:
@baci/web:test: [90mstderr[2m | src/lib/agentic/idempotency-response-storage.test.ts[2m > [22m[2mpersistAgenticIdempotencyResponse[2m > [22m[2mreturns ok:false with the error when the underlying store fails
@baci/web:test: [22m[39m[2026-05-28T16:54:20.804Z] [ERROR] Failed to store agentic idempotency response {
@baci/web:test:   message: [32m'Failed to store agentic idempotency response'[39m,
@baci/web:test:   error: {
@baci/web:test:     name: [32m'Error'[39m,
@baci/web:test:     message: [32m'write failed'[39m,
@baci/web:test:     stack: [32m'Error: write failed     at /app/apps/web/src/lib/agentic/idempotency-response-storage.test.ts:311:24     at file:///app/apps/web/node_modules/@vitest/runner/dist/index.js:145:11     at file:///app/apps/web/node_modules/@vitest/runner/dist/index.js:915:26     at file:///app/apps/web/node_modules/@vitest/runner/dist/index.js:1243:20     at new Promise (<anonymous>)     at runWithTimeout (file:///app/apps/web/node_modules/@vitest/runner/dist/index.js:1209:10)     at file:///app/apps/web/node_modules/@vitest/runner/dist/index.js:1653:37     at Traces.$ (file:///app/apps/web/node_modules/vitest/dist/chunks/traces.CCmnQaNT.js:142:27)     at trace (file:///app/apps/web/node_modules/vitest/dist/chunks/test.B8ej_ZHS.js:239:21)     at runTest (file:///app/apps/web/node_modules/@vitest/runner/dist/index.js:1653:12)'[39m
@baci/web:test:   },
@baci/web:test:   idempotencyKey: [32m'idem-1'[39m,
@baci/web:test:   merchantId: [32m'merchant-1'[39m,
@baci/web:test:   requestId: [32m'req-1'[39m,
@baci/web:test:   route: [32m'checkout_sessions.complete'[39m
@baci/web:test: }
@baci/web:test:
@baci/web:test: [90mstderr[2m | src/lib/agentic/idempotency-response-storage.test.ts[2m > [22m[2mpersistAgenticIdempotencyResponse[2m > [22m[2mreturns ok:false when the underlying store throws (network/parse failure)
@baci/web:test: [22m[39m[2026-05-28T16:54:20.806Z] [ERROR] Failed to store agentic idempotency response {
@baci/web:test:   message: [32m'Failed to store agentic idempotency response'[39m,
@baci/web:test:   error: {
@baci/web:test:     name: [32m'Error'[39m,
@baci/web:test:     message: [32m'write threw'[39m,
@baci/web:test:     stack: [32m'Error: write threw     at /app/apps/web/src/lib/agentic/idempotency-response-storage.test.ts:331:20     at file:///app/apps/web/node_modules/@vitest/runner/dist/index.js:145:11     at file:///app/apps/web/node_modules/@vitest/runner/dist/index.js:915:26     at file:///app/apps/web/node_modules/@vitest/runner/dist/index.js:1243:20     at new Promise (<anonymous>)     at runWithTimeout (file:///app/apps/web/node_modules/@vitest/runner/dist/index.js:1209:10)     at file:///app/apps/web/node_modules/@vitest/runner/dist/index.js:1653:37     at Traces.$ (file:///app/apps/web/node_modules/vitest/dist/chunks/traces.CCmnQaNT.js:142:27)     at trace (file:///app/apps/web/node_modules/vitest/dist/chunks/test.B8ej_ZHS.js:239:21)     at runTest (file:///app/apps/web/node_modules/@vitest/runner/dist/index.js:1653:12)'[39m
@baci/web:test:   },
@baci/web:test:   idempotencyKey: [32m'idem-1'[39m,
@baci/web:test:   merchantId: [32m'merchant-1'[39m,
@baci/web:test:   requestId: [32m'req-1'[39m,
@baci/web:test:   route: [32m'checkout_sessions.complete'[39m
@baci/web:test: }
@baci/web:test:
@baci/web:test:  [32m✓[39m src/lib/agentic/idempotency-response-storage.test.ts [2m([22m[2m17 tests[22m[2m)[22m[32m 149[2mms[22m[39m
@baci/mobile-storefront:test: PASS lib/validation/commerce-schemas.test.ts
@baci/mobile-storefront:test: PASS hooks/use-checkout-savings.test.ts
baci-mobile-admin:test:  [32m✓[39m components/ui/AppDialogModal.test.tsx [2m([22m[2m5 tests[22m[2m)[22m[33m 942[2mms[22m[39m
baci-mobile-admin:test:      [33m[2m✓[22m[39m can render inside the shared keyboard shell when keyboardAware is enabled [33m 730[2mms[22m[39m
baci-mobile-admin:test:  [32m✓[39m components/orders/NewOrderProductSheetEmptyState.test.tsx [2m([22m[2m3 tests[22m[2m)[22m[33m 955[2mms[22m[39m
baci-mobile-admin:test:      [33m[2m✓[22m[39m renders a retry state for variant lookup errors [33m 796[2mms[22m[39m
baci-mobile-admin:test:  [32m✓[39m components/customer-edit/PersonalDetailsForm.test.tsx [2m([22m[2m1 test[22m[2m)[22m[32m 125[2mms[22m[39m
@baci/web:test:  [32m✓[39m src/lib/ollama-chat.test.ts [2m([22m[2m11 tests[22m[2m)[22m[32m 114[2mms[22m[39m
@baci/mobile-storefront:test: PASS hooks/use-utility-payment.test.ts
baci-mobile-admin:test:  [32m✓[39m components/ui/KeyboardAwareModalContainer.test.tsx [2m([22m[2m3 tests[22m[2m)[22m[33m 812[2mms[22m[39m
baci-mobile-admin:test:      [33m[2m✓[22m[39m renders children inside keyboard-safe wrappers [33m 639[2mms[22m[39m
@baci/web:test: [90mstderr[2m | src/app/api/merchant/features/route.test.ts[2m > [22m[2mGET /api/merchant/features[2m > [22m[2mreturns 500 when DB error occurs
@baci/web:test: [22m[39mError fetching feature settings: { code: [32m'UNEXPECTED'[39m, message: [32m'DB error'[39m }
@baci/web:test:
@baci/web:test: [90mstderr[2m | src/app/api/merchant/features/route.test.ts[2m > [22m[2mPATCH /api/merchant/features[2m > [22m[2mreturns 500 when upsert fails
@baci/web:test: [22m[39mError updating feature settings: { message: [32m'DB error'[39m }
@baci/web:test:
@baci/web:test: [90mstderr[2m | src/app/api/merchant/features/route.test.ts[2m > [22m[2mPUT /api/merchant/features[2m > [22m[2mreturns 500 when upsert fails
@baci/web:test: [22m[39mError replacing feature settings: { message: [32m'DB error'[39m }
@baci/web:test:
@baci/web:test:  [32m✓[39m src/app/api/merchant/features/route.test.ts [2m([22m[2m18 tests[22m[2m)[22m[32m 256[2mms[22m[39m
@baci/mobile-storefront:test: PASS components/utilities/utility-amount-format.test.ts
@baci/mobile-storefront:test: PASS __tests__/app/product/[slug].conditions.test.tsx
@baci/mobile-storefront:test:   ● Console
@baci/mobile-storefront:test:
@baci/mobile-storefront:test:     console.debug
@baci/mobile-storefront:test:       [AdTracking] Native modules ignored or failed to load: Invariant Violation: `new NativeEventEmitter()` requires a non-null argument.
@baci/mobile-storefront:test:           at invariant (/app/node_modules/invariant/invariant.js:40:15)
@baci/mobile-storefront:test:           at new NativeEventEmitter (/app/node_modules/react-native/Libraries/EventEmitter/NativeEventEmitter.js:57:16)
@baci/mobile-storefront:test:           at Object.<anonymous> (/app/node_modules/react-native-fbsdk-next/src/FBAccessToken.ts:26:22)
@baci/mobile-storefront:test:           at Runtime._execModule (/app/node_modules/jest-runtime/build/index.js:1439:24)
@baci/mobile-storefront:test:           at Runtime._loadModule (/app/node_modules/jest-runtime/build/index.js:1022:12)
@baci/mobile-storefront:test:           at Runtime.requireModule (/app/node_modules/jest-runtime/build/index.js:882:12)
@baci/mobile-storefront:test:           at Runtime.requireModuleOrMock (/app/node_modules/jest-runtime/build/index.js:1048:21)
@baci/mobile-storefront:test:           at Object.require (/app/node_modules/react-native-fbsdk-next/src/index.ts:23:1)
@baci/mobile-storefront:test:           at Runtime._execModule (/app/node_modules/jest-runtime/build/index.js:1439:24)
@baci/mobile-storefront:test:           at Runtime._loadModule (/app/node_modules/jest-runtime/build/index.js:1022:12)
@baci/mobile-storefront:test:           at Runtime.requireModule (/app/node_modules/jest-runtime/build/index.js:882:12)
@baci/mobile-storefront:test:           at Runtime.requireModuleOrMock (/app/node_modules/jest-runtime/build/index.js:1048:21)
@baci/mobile-storefront:test:           at require (/app/apps/mobile-storefront/services/ad-tracking-native-modules.ts:66:40)
@baci/mobile-storefront:test:           at async Promise.all (index 0) {
@baci/mobile-storefront:test:         framesToPop: 1
@baci/mobile-storefront:test:       }
@baci/mobile-storefront:test:
@baci/mobile-storefront:test:       at debug (services/ad-tracking-native-modules.ts:77:13)
@baci/mobile-storefront:test:           at Generator.throw (<anonymous>)
@baci/mobile-storefront:test:
baci-mobile-admin:test:  [32m✓[39m lib/auth/sign-in-with-google.test.ts [2m([22m[2m2 tests[22m[2m)[22m[32m 84[2mms[22m[39m
@baci/mobile-storefront:test: PASS __tests__/app/addresses/index.test.tsx
baci-mobile-admin:test:  [32m✓[39m components/staff/BranchCard.test.tsx [2m([22m[2m3 tests[22m[2m)[22m[33m 862[2mms[22m[39m
baci-mobile-admin:test:      [33m[2m✓[22m[39m exposes visible edit and deactivate actions [33m 669[2mms[22m[39m
baci-mobile-admin:test:  [32m✓[39m __tests__/auth/_layout.test.tsx [2m([22m[2m4 tests[22m[2m)[22m[32m 114[2mms[22m[39m
baci-mobile-admin:test:  [32m✓[39m hooks/useCurrency.test.tsx [2m([22m[2m6 tests[22m[2m)[22m[32m 163[2mms[22m[39m
@baci/mobile-storefront:test: PASS hooks/use-vtu-voucher-pin-backfill.test.ts
@baci/mobile-storefront:test:   ● Console
@baci/mobile-storefront:test:
@baci/mobile-storefront:test:     console.error
@baci/mobile-storefront:test:       An update to HookContainer inside a test was not wrapped in act(...).
@baci/mobile-storefront:test:
@baci/mobile-storefront:test:       When testing, code that causes React state updates should be wrapped into act(...):
@baci/mobile-storefront:test:
@baci/mobile-storefront:test:       act(() => {
@baci/mobile-storefront:test:         /* fire events that update state */
@baci/mobile-storefront:test:       });
@baci/mobile-storefront:test:       /* assert on the output */
@baci/mobile-storefront:test:
@baci/mobile-storefront:test:       This ensures that you're testing the behavior the user would see in the browser. Learn more at https://react.dev/link/wrap-tests-with-act
@baci/mobile-storefront:test:
@baci/mobile-storefront:test:       at ../../node_modules/react-test-renderer/cjs/react-test-renderer.development.js:14402:19
@baci/mobile-storefront:test:       at runWithFiberInDEV (../../node_modules/react-test-renderer/cjs/react-test-renderer.development.js:2315:13)
@baci/mobile-storefront:test:       at warnIfUpdatesNotWrappedWithActDEV (../../node_modules/react-test-renderer/cjs/react-test-renderer.development.js:14401:9)
@baci/mobile-storefront:test:       at scheduleUpdateOnFiber (../../node_modules/react-test-renderer/cjs/react-test-renderer.development.js:12086:9)
@baci/mobile-storefront:test:       at forceStoreRerender (../../node_modules/react-test-renderer/cjs/react-test-renderer.development.js:5432:24)
@baci/mobile-storefront:test:       at ../../node_modules/react-test-renderer/cjs/react-test-renderer.development.js:5417:11
@baci/mobile-storefront:test:       at ../../node_modules/@tanstack/query-core/src/notifyManager.ts:73:11
@baci/mobile-storefront:test:       at notifyFn (../../node_modules/@tanstack/query-core/src/notifyManager.ts:21:5)
@baci/mobile-storefront:test:       at ../../node_modules/@tanstack/query-core/src/notifyManager.ts:44:13
@baci/mobile-storefront:test:           at Array.forEach (<anonymous>)
@baci/mobile-storefront:test:       at ../../node_modules/@tanstack/query-core/src/notifyManager.ts:43:25
@baci/mobile-storefront:test:       at batchNotifyFn (../../node_modules/@tanstack/query-core/src/notifyManager.ts:24:5)
@baci/mobile-storefront:test:       at ../../node_modules/@tanstack/query-core/src/notifyManager.ts:42:9
@baci/mobile-storefront:test:       at callTimer (../../node_modules/@sinonjs/fake-timers/src/fake-timers-src.js:744:24)
@baci/mobile-storefront:test:       at doTickInner (../../node_modules/@sinonjs/fake-timers/src/fake-timers-src.js:1312:29)
@baci/mobile-storefront:test:       at doTick (../../node_modules/@sinonjs/fake-timers/src/fake-timers-src.js:1393:20)
@baci/mobile-storefront:test:       at Immediate._onImmediate (../../node_modules/@sinonjs/fake-timers/src/fake-timers-src.js:1413:29)
@baci/mobile-storefront:test:
@baci/web:test: [90mstderr[2m | src/app/api/storefront/products/route.test.ts[2m > [22m[2mGET /api/storefront/products[2m > [22m[2mreturns 500 when the products query fails
@baci/web:test: [22m[39mUnexpected error in GET /api/storefront/products: {
@baci/web:test:   message: [32m'Unknown error'[39m,
@baci/web:test:   stack: [90mundefined[39m,
@baci/web:test:   merchantId: [32m'00000000-0000-4000-8000-000000000001'[39m
@baci/web:test: }
@baci/web:test:
@baci/web:test:  [32m✓[39m src/app/api/storefront/products/route.test.ts [2m([22m[2m13 tests[22m[2m)[22m[32m 251[2mms[22m[39m
@baci/mobile-storefront:test: PASS __tests__/app/product/[slug].variants-image-selection.test.tsx
@baci/mobile-storefront:test:   ● Console
@baci/mobile-storefront:test:
@baci/mobile-storefront:test:     console.debug
@baci/mobile-storefront:test:       [AdTracking] Native modules ignored or failed to load: Invariant Violation: `new NativeEventEmitter()` requires a non-null argument.
@baci/mobile-storefront:test:           at invariant (/app/node_modules/invariant/invariant.js:40:15)
@baci/mobile-storefront:test:           at new NativeEventEmitter (/app/node_modules/react-native/Libraries/EventEmitter/NativeEventEmitter.js:57:16)
@baci/mobile-storefront:test:           at Object.<anonymous> (/app/node_modules/react-native-fbsdk-next/src/FBAccessToken.ts:26:22)
@baci/mobile-storefront:test:           at Runtime._execModule (/app/node_modules/jest-runtime/build/index.js:1439:24)
@baci/mobile-storefront:test:           at Runtime._loadModule (/app/node_modules/jest-runtime/build/index.js:1022:12)
@baci/mobile-storefront:test:           at Runtime.requireModule (/app/node_modules/jest-runtime/build/index.js:882:12)
@baci/mobile-storefront:test:           at Runtime.requireModuleOrMock (/app/node_modules/jest-runtime/build/index.js:1048:21)
@baci/mobile-storefront:test:           at Object.require (/app/node_modules/react-native-fbsdk-next/src/index.ts:23:1)
@baci/mobile-storefront:test:           at Runtime._execModule (/app/node_modules/jest-runtime/build/index.js:1439:24)
@baci/mobile-storefront:test:           at Runtime._loadModule (/app/node_modules/jest-runtime/build/index.js:1022:12)
@baci/mobile-storefront:test:           at Runtime.requireModule (/app/node_modules/jest-runtime/build/index.js:882:12)
@baci/mobile-storefront:test:           at Runtime.requireModuleOrMock (/app/node_modules/jest-runtime/build/index.js:1048:21)
@baci/mobile-storefront:test:           at require (/app/apps/mobile-storefront/services/ad-tracking-native-modules.ts:66:40)
@baci/mobile-storefront:test:           at async Promise.all (index 0) {
@baci/mobile-storefront:test:         framesToPop: 1
@baci/mobile-storefront:test:       }
@baci/mobile-storefront:test:
@baci/mobile-storefront:test:       at debug (services/ad-tracking-native-modules.ts:77:13)
@baci/mobile-storefront:test:           at Generator.throw (<anonymous>)
@baci/mobile-storefront:test:
baci-mobile-admin:test:  [32m✓[39m hooks/format-ai-copilot-error.test.ts [2m([22m[2m8 tests[22m[2m)[22m[32m 35[2mms[22m[39m
@baci/web:test:  [32m✓[39m src/components/storefront/ogabassey/components/OgabasseyLoginPage.test.tsx [2m([22m[2m21 tests[22m[2m)[22m[33m 5742[2mms[22m[39m
@baci/web:test:        [33m[2m✓[22m[39m renders email form when not loading and not authenticated [33m 1005[2mms[22m[39m
@baci/web:test:        [33m[2m✓[22m[39m sends OTP when email form is submitted [33m 790[2mms[22m[39m
@baci/web:test:        [33m[2m✓[22m[39m displays error message when send OTP fails [33m 739[2mms[22m[39m
@baci/web:test:        [33m[2m✓[22m[39m verifies OTP when all digits are entered [33m 563[2mms[22m[39m
@baci/web:test:        [33m[2m✓[22m[39m displays error when OTP verification fails [33m 784[2mms[22m[39m
@baci/web:test:        [33m[2m✓[22m[39m clears OTP inputs when "Use a different email" is clicked [33m 431[2mms[22m[39m
@baci/mobile-storefront:test: PASS __tests__/app/profile/delete-account.test.tsx
baci-mobile-admin:test:  [32m✓[39m components/orders/new-order.shared.test.ts [2m([22m[2m8 tests[22m[2m)[22m[32m 93[2mms[22m[39m
@baci/mobile-storefront:test: PASS components/wallet/savings/use-start-savings-submit.actions.test.ts
baci-mobile-admin:test:  [32m✓[39m app/(admin)/domains/connect.test.tsx [2m([22m[2m2 tests[22m[2m)[22m[33m 360[2mms[22m[39m
@baci/web:test:  [32m✓[39m src/lib/jumia/helpers.test.ts [2m([22m[2m32 tests[22m[2m)[22m[32m 219[2mms[22m[39m
@baci/mobile-storefront:test: PASS __tests__/app/product/[slug].redirects.test.tsx
@baci/mobile-storefront:test:   ● Console
@baci/mobile-storefront:test:
@baci/mobile-storefront:test:     console.debug
@baci/mobile-storefront:test:       [AdTracking] Native modules ignored or failed to load: Invariant Violation: `new NativeEventEmitter()` requires a non-null argument.
@baci/mobile-storefront:test:           at invariant (/app/node_modules/invariant/invariant.js:40:15)
@baci/mobile-storefront:test:           at new NativeEventEmitter (/app/node_modules/react-native/Libraries/EventEmitter/NativeEventEmitter.js:57:16)
@baci/mobile-storefront:test:           at Object.<anonymous> (/app/node_modules/react-native-fbsdk-next/src/FBAccessToken.ts:26:22)
@baci/mobile-storefront:test:           at Runtime._execModule (/app/node_modules/jest-runtime/build/index.js:1439:24)
@baci/mobile-storefront:test:           at Runtime._loadModule (/app/node_modules/jest-runtime/build/index.js:1022:12)
@baci/mobile-storefront:test:           at Runtime.requireModule (/app/node_modules/jest-runtime/build/index.js:882:12)
@baci/mobile-storefront:test:           at Runtime.requireModuleOrMock (/app/node_modules/jest-runtime/build/index.js:1048:21)
@baci/mobile-storefront:test:           at Object.require (/app/node_modules/react-native-fbsdk-next/src/index.ts:23:1)
@baci/mobile-storefront:test:           at Runtime._execModule (/app/node_modules/jest-runtime/build/index.js:1439:24)
@baci/mobile-storefront:test:           at Runtime._loadModule (/app/node_modules/jest-runtime/build/index.js:1022:12)
@baci/mobile-storefront:test:           at Runtime.requireModule (/app/node_modules/jest-runtime/build/index.js:882:12)
@baci/mobile-storefront:test:           at Runtime.requireModuleOrMock (/app/node_modules/jest-runtime/build/index.js:1048:21)
@baci/mobile-storefront:test:           at require (/app/apps/mobile-storefront/services/ad-tracking-native-modules.ts:66:40)
@baci/mobile-storefront:test:           at async Promise.all (index 0) {
@baci/mobile-storefront:test:         framesToPop: 1
@baci/mobile-storefront:test:       }
@baci/mobile-storefront:test:
@baci/mobile-storefront:test:       at debug (services/ad-tracking-native-modules.ts:77:13)
@baci/mobile-storefront:test:           at Generator.throw (<anonymous>)
@baci/mobile-storefront:test:
baci-mobile-admin:test:  [32m✓[39m lib/phone-country.test.ts [2m([22m[2m12 tests[22m[2m)[22m[32m 45[2mms[22m[39m
@baci/mobile-storefront:test: PASS components/product/hooks/use-product-detail-selection.test.ts
@baci/mobile-storefront:test: PASS stores/quiz-store.test.ts
@baci/web:test: [90mstderr[2m | src/app/api/storefront/[slug]/products/route.test.ts[2m > [22m[2mGET /api/storefront/[slug]/products[2m > [22m[2mreturns 500 when the products query fails
@baci/web:test: [22m[39m[API] Product fetch error for merchant: merchant-123 { message: [32m'database exploded'[39m }
@baci/web:test: Error in GET /api/storefront/[slug]/products: { message: [32m'database exploded'[39m }
@baci/web:test:
@baci/web:test:  [32m✓[39m src/app/api/storefront/[slug]/products/route.test.ts [2m([22m[2m12 tests[22m[2m)[22m[32m 125[2mms[22m[39m
baci-mobile-admin:test:  [32m✓[39m hooks/createOrderDetailsContactActions.test.ts [2m([22m[2m3 tests[22m[2m)[22m[32m 36[2mms[22m[39m
baci-mobile-admin:test:  [32m✓[39m components/product/ProductAttributesCard.test.tsx [2m([22m[2m2 tests[22m[2m)[22m[33m 638[2mms[22m[39m
baci-mobile-admin:test:      [33m[2m✓[22m[39m renders empty-state copy and delegates add actions [33m 516[2mms[22m[39m
baci-mobile-admin:test:  [32m✓[39m utils/order-export/exportOrdersCsv.test.ts [2m([22m[2m4 tests[22m[2m)[22m[32m 78[2mms[22m[39m
@baci/mobile-storefront:test: PASS __tests__/app/(tabs)/cart.test.tsx
@baci/mobile-storefront:test:   ● Console
@baci/mobile-storefront:test:
@baci/mobile-storefront:test:     console.error
@baci/mobile-storefront:test:       [CartScreen] Invalid cart store shape {
@baci/mobile-storefront:test:         itemsType: 'undefined',
@baci/mobile-storefront:test:         hasItemCount: false,
@baci/mobile-storefront:test:         hasSubtotal: false,
@baci/mobile-storefront:test:         hasUpdateQuantity: false,
@baci/mobile-storefront:test:         hasRemoveItem: false,
@baci/mobile-storefront:test:         hasClearCart: false,
@baci/mobile-storefront:test:         hasToggleAssurance: false
@baci/mobile-storefront:test:       }
@baci/mobile-storefront:test:
@baci/mobile-storefront:test:       52 |         : {};
@baci/mobile-storefront:test:       53 |
@baci/mobile-storefront:test:     > 54 |     console.error('[CartScreen] Invalid cart store shape', {
@baci/mobile-storefront:test:          |             ^
@baci/mobile-storefront:test:       55 |       itemsType: typeof invalidCartStore.items,
@baci/mobile-storefront:test:       56 |       hasItemCount: typeof invalidCartStore.itemCount === 'function',
@baci/mobile-storefront:test:       57 |       hasSubtotal: typeof invalidCartStore.subtotal === 'function',
@baci/mobile-storefront:test:
@baci/mobile-storefront:test:       at error (/app/apps/mobile-storefront/app/(tabs)../../../cart.tsx:54:13)
@baci/mobile-storefront:test:       at Object.react_stack_bottom_frame (../../node_modules/react-test-renderer/cjs/react-test-renderer.development.js:15755:20)
@baci/mobile-storefront:test:       at runWithFiberInDEV (../../node_modules/react-test-renderer/cjs/react-test-renderer.development.js:2315:13)
@baci/mobile-storefront:test:       at commitHookEffectListMount (../../node_modules/react-test-renderer/cjs/react-test-renderer.development.js:9530:29)
@baci/mobile-storefront:test:       at commitHookPassiveMountEffects (../../node_modules/react-test-renderer/cjs/react-test-renderer.development.js:9617:11)
@baci/mobile-storefront:test:       at commitPassiveMountOnFiber (../../node_modules/react-test-renderer/cjs/react-test-renderer.development.js:11205:13)
@baci/mobile-storefront:test:       at recursivelyTraversePassiveMountEffects (../../node_modules/react-test-renderer/cjs/react-test-renderer.development.js:11160:11)
@baci/mobile-storefront:test:       at commitPassiveMountOnFiber (../../node_modules/react-test-renderer/cjs/react-test-renderer.development.js:11240:11)
@baci/mobile-storefront:test:       at flushPendingEffects (../../node_modules/react-test-renderer/cjs/react-test-renderer.development.js:14086:11)
@baci/mobile-storefront:test:       at performWorkOnRootViaSchedulerTask (../../node_modules/react-test-renderer/cjs/react-test-renderer.development.js:2896:11)
@baci/mobile-storefront:test:       at flushActQueue (../../node_modules/react/cjs/react.development.js:590:34)
@baci/mobile-storefront:test:       at Object.<anonymous>.process.env.NODE_ENV.exports.act (../../node_modules/react/cjs/react.development.js:884:10)
@baci/mobile-storefront:test:       at actImplementation (../../node_modules/@testing-library/react-native/src/act.ts:30:25)
@baci/mobile-storefront:test:       at renderWithAct (../../node_modules/@testing-library/react-native/src/render-act.ts:13:11)
@baci/mobile-storefront:test:       at renderInternal (../../node_modules/@testing-library/react-native/src/render.tsx:69:33)
@baci/mobile-storefront:test:       at renderInternal (../../node_modules/@testing-library/react-native/src/render.tsx:44:10)
@baci/mobile-storefront:test:       at Object.<anonymous> (/app/apps/mobile-storefront/__tests__/app/(tabs)../../../cart.test.tsx:222:11)
@baci/mobile-storefront:test:
baci-mobile-admin:test:  [32m✓[39m hooks/orders/authenticated-fetch.test.ts [2m([22m[2m5 tests[22m[2m)[22m[32m 51[2mms[22m[39m
@baci/mobile-storefront:test: PASS schemas/quiz-schemas.test.ts
@baci/mobile-storefront:test: PASS hooks/useStoreReview.test.ts
@baci/web:test:  [32m✓[39m src/app/builder/builder-client.test.tsx [2m([22m[2m7 tests[22m[2m)[22m[33m 3793[2mms[22m[39m
@baci/web:test:      [33m[2m✓[22m[39m renders the builder in read-only recovery mode when the payload is degraded [33m 1234[2mms[22m[39m
@baci/web:test:      [33m[2m✓[22m[39m renders the builder in editable mode when the payload is healthy [33m 621[2mms[22m[39m
@baci/web:test:      [33m[2m✓[22m[39m renders AI draft previews without apply controls for view-only staff [33m 334[2mms[22m[39m
@baci/web:test:      [33m[2m✓[22m[39m applies AI draft previews for users with builder edit access [33m 609[2mms[22m[39m
@baci/web:test:      [33m[2m✓[22m[39m confirms before force-applying a stale AI draft preview [33m 756[2mms[22m[39m
@baci/mobile-storefront:test: PASS lib/sanitize-html.test.ts
baci-mobile-admin:test:  [32m✓[39m components/ui/AppFormScreen.test.tsx [2m([22m[2m2 tests[22m[2m)[22m[33m 637[2mms[22m[39m
baci-mobile-admin:test:      [33m[2m✓[22m[39m renders the safe-area shell, optional header, and content [33m 602[2mms[22m[39m
@baci/mobile-storefront:test: PASS services/quiz-attempts.test.ts
baci-mobile-admin:test:  [32m✓[39m components/staff/BranchesTabContent.test.tsx [2m([22m[2m3 tests[22m[2m)[22m[32m 99[2mms[22m[39m
@baci/web:test: [90mstderr[2m | src/components/storefront/ogabassey/pages/imei-checker.test.tsx[2m > [22m[2mOgabasseyImeiChecker[2m > [22m[2mreuses the idempotency key when retrying the same IMEI and tier
@baci/web:test: [22m[39mIMEI check failed: Error: offline
@baci/web:test:     at [90m/app/apps/web/[39msrc/components/storefront/ogabassey/pages/imei-checker.test.tsx:160:30
@baci/web:test:     at [90mfile:///app/apps/web/[39mnode_modules/[4m@vitest/runner[24m/dist/index.js:145:11
@baci/web:test:     at [90mfile:///app/apps/web/[39mnode_modules/[4m@vitest/runner[24m/dist/index.js:915:26
@baci/web:test:     at [90mfile:///app/apps/web/[39mnode_modules/[4m@vitest/runner[24m/dist/index.js:1243:20
@baci/web:test:     at new Promise (<anonymous>)
@baci/web:test:     at runWithTimeout [90m(file:///app/apps/web/[39mnode_modules/[4m@vitest/runner[24m/dist/index.js:1209:10[90m)[39m
@baci/web:test:     at [90mfile:///app/apps/web/[39mnode_modules/[4m@vitest/runner[24m/dist/index.js:1653:37
@baci/web:test:     at Traces.$ [90m(file:///app/apps/web/[39mnode_modules/[4mvitest[24m/dist/chunks/traces.CCmnQaNT.js:142:27[90m)[39m
@baci/web:test:     at trace [90m(file:///app/apps/web/[39mnode_modules/[4mvitest[24m/dist/chunks/test.B8ej_ZHS.js:239:21[90m)[39m
@baci/web:test:     at runTest [90m(file:///app/apps/web/[39mnode_modules/[4m@vitest/runner[24m/dist/index.js:1653:12[90m)[39m
@baci/web:test:
baci-mobile-admin:test:  [32m✓[39m components/domains/DomainOptionsSheetHeader.test.tsx [2m([22m[2m2 tests[22m[2m)[22m[33m 337[2mms[22m[39m
@baci/mobile-storefront:test: PASS lib/loyalty-redemption-idempotency.test.ts
@baci/web:test: [90mstderr[2m | src/app/(storefront)/[slug]/storefront-content.test.tsx[2m > [22m[2mStorefrontContent[2m > [22m[2mfalls back to StorefrontWrapper when template render throws
@baci/web:test: [22m[39mStorefront template not found, falling back to default storefront: {
@baci/web:test:   merchantId: [32m'merchant-1'[39m,
@baci/web:test:   merchantTemplateId: [32m''[39m,
@baci/web:test:   resolvedTemplateId: [32m'electronics'[39m
@baci/web:test: }
@baci/web:test:
baci-mobile-admin:test:  [32m✓[39m components/blog-editor/blog-editor-commands.test.ts [2m([22m[2m6 tests[22m[2m)[22m[32m 33[2mms[22m[39m
@baci/web:test: [90mstderr[2m | src/app/(storefront)/[slug]/storefront-content.test.tsx[2m > [22m[2mStreamingStorefrontContent[2m > [22m[2mrenders a Suspense fallback skeleton
@baci/web:test: [22m[39m<StorefrontContent> is an async Client Component. Only Server Components can be async at the moment. This error is often caused by accidentally adding `'use client'` to a module that was originally written for the server.
@baci/web:test:
@baci/web:test: [90mstderr[2m | src/app/(storefront)/[slug]/storefront-content.test.tsx[2m > [22m[2mStreamingStorefrontContent[2m > [22m[2mrenders a Suspense fallback skeleton
@baci/web:test: [22m[39mA component suspended inside an `act` scope, but the `act` call was not awaited. When testing React components that depend on asynchronous data, you must await the result:
@baci/web:test:
@baci/web:test: await act(() => ...)
@baci/web:test:
@baci/web:test: [90mstderr[2m | src/app/(storefront)/[slug]/storefront-content.test.tsx[2m > [22m[2mStreamingStorefrontContent[2m > [22m[2mrenders a Suspense fallback skeleton
@baci/web:test: [22m[39mA suspended resource finished loading inside a test, but the event was not wrapped in act(...).
@baci/web:test:
@baci/web:test: When testing, code that resolves suspended data should be wrapped into act(...):
@baci/web:test:
@baci/web:test: act(() => {
@baci/web:test:   /* finish loading suspended data */
@baci/web:test: });
@baci/web:test: /* assert on the output */
@baci/web:test:
@baci/web:test: This ensures that you're testing the behavior the user would see in the browser. Learn more at https://react.dev/link/wrap-tests-with-act
@baci/web:test:
@baci/web:test:  [32m✓[39m src/app/(storefront)/[slug]/storefront-content.test.tsx [2m([22m[2m10 tests[22m[2m)[22m[33m 1225[2mms[22m[39m
@baci/web:test:      [33m[2m✓[22m[39m hides the homepage Blog discovery link when blog feature is disabled [33m 480[2mms[22m[39m
@baci/mobile-storefront:test: PASS components/storefront/FilterBarActiveControls.test.tsx
@baci/mobile-storefront:test: PASS components/home/HomeScreenView.test.tsx
@baci/mobile-storefront:test: PASS lib/wallet-top-up.initialize.test.ts
@baci/web:test: [90mstderr[2m | src/app/api/branches/[id]/route.test.ts[2m > [22m[2m/api/branches/[id][2m > [22m[2mdoes not call the deactivation RPC for a branch outside the merchant context
@baci/web:test: [22m[39m[Branches] Branch not found: { code: [32m'PGRST116'[39m, message: [32m'Branch not found'[39m }
@baci/web:test:
@baci/web:test: [90mstderr[2m | src/app/api/branches/[id]/route.test.ts[2m > [22m[2m/api/branches/[id][2m > [22m[2mreturns a conflict when the database rejects last active branch deactivation
@baci/web:test: [22m[39m[Branches] Only-active branch guard rejected mutation: { code: [32m'23514'[39m, message: [32m'Cannot deactivate the only active branch'[39m }
@baci/web:test:
@baci/web:test:  [32m✓[39m src/app/api/branches/[id]/route.test.ts [2m([22m[2m14 tests[22m[2m)[22m[33m 636[2mms[22m[39m
@baci/web:test: [90mstderr[2m | src/components/storefront/ogabassey/pages/imei-checker.test.tsx[2m > [22m[2mOgabasseyImeiChecker[2m > [22m[2mshows a network error when the IMEI request rejects
@baci/web:test: [22m[39mIMEI check failed: Error: offline
@baci/web:test:     at [90m/app/apps/web/[39msrc/components/storefront/ogabassey/pages/imei-checker.test.tsx:376:33
@baci/web:test:     at [90mfile:///app/apps/web/[39mnode_modules/[4m@vitest/runner[24m/dist/index.js:145:11
@baci/web:test:     at [90mfile:///app/apps/web/[39mnode_modules/[4m@vitest/runner[24m/dist/index.js:915:26
@baci/web:test:     at [90mfile:///app/apps/web/[39mnode_modules/[4m@vitest/runner[24m/dist/index.js:1243:20
@baci/web:test:     at new Promise (<anonymous>)
@baci/web:test:     at runWithTimeout [90m(file:///app/apps/web/[39mnode_modules/[4m@vitest/runner[24m/dist/index.js:1209:10[90m)[39m
@baci/web:test:     at [90mfile:///app/apps/web/[39mnode_modules/[4m@vitest/runner[24m/dist/index.js:1653:37
@baci/web:test:     at Traces.$ [90m(file:///app/apps/web/[39mnode_modules/[4mvitest[24m/dist/chunks/traces.CCmnQaNT.js:142:27[90m)[39m
@baci/web:test:     at trace [90m(file:///app/apps/web/[39mnode_modules/[4mvitest[24m/dist/chunks/test.B8ej_ZHS.js:239:21[90m)[39m
@baci/web:test:     at runTest [90m(file:///app/apps/web/[39mnode_modules/[4m@vitest/runner[24m/dist/index.js:1653:12[90m)[39m
@baci/web:test:
@baci/mobile-storefront:test: PASS __tests__/app/orders/index.test.tsx
@baci/web:test:  [32m✓[39m src/components/storefront/ogabassey/pages/imei-checker.test.tsx [2m([22m[2m17 tests[22m[2m)[22m[33m 7557[2mms[22m[39m
@baci/web:test:      [33m[2m✓[22m[39m renders the public IMEI tiers accepted by the API [33m 1206[2mms[22m[39m
@baci/web:test:      [33m[2m✓[22m[39m posts IMEI checks with an idempotency key [33m 541[2mms[22m[39m
@baci/web:test:      [33m[2m✓[22m[39m posts the selected activation tier [33m 509[2mms[22m[39m
@baci/web:test:      [33m[2m✓[22m[39m posts the selected blacklist tier [33m 589[2mms[22m[39m
@baci/web:test:      [33m[2m✓[22m[39m posts the selected carrier tier [33m 461[2mms[22m[39m
@baci/web:test:      [33m[2m✓[22m[39m reuses the idempotency key when retrying the same IMEI and tier [33m 661[2mms[22m[39m
@baci/web:test:      [33m[2m✓[22m[39m creates a fresh idempotency key after a terminal API response [33m 412[2mms[22m[39m
@baci/web:test:      [33m[2m✓[22m[39m preserves the idempotency key while a refund is pending [33m 400[2mms[22m[39m
@baci/web:test:      [33m[2m✓[22m[39m preserves the idempotency key while the original request is in flight [33m 390[2mms[22m[39m
@baci/web:test:      [33m[2m✓[22m[39m preserves the idempotency key after unresolved recovery failure DEBIT_FAILURE_STATE_SAVE_FAILED [33m 388[2mms[22m[39m
@baci/web:test:      [33m[2m✓[22m[39m preserves the idempotency key after unresolved recovery failure LOOKUP_RESULT_SAVE_FAILED [33m 305[2mms[22m[39m
@baci/web:test:      [33m[2m✓[22m[39m preserves the idempotency key after unresolved recovery failure REFUND_STATE_SAVE_FAILED [33m 311[2mms[22m[39m
@baci/web:test:      [33m[2m✓[22m[39m preserves the idempotency key after unresolved recovery failure REFUNDED_STATE_SAVE_FAILED [33m 344[2mms[22m[39m
baci-mobile-admin:test:  [32m✓[39m lib/supabase.test.ts [2m([22m[2m4 tests[22m[2m)[22m[32m 74[2mms[22m[39m
@baci/mobile-storefront:test: PASS components/ui/AddressAutocomplete.test.tsx
baci-mobile-admin:test:  [32m✓[39m components/ui/AppDatePickerField.test.tsx [2m([22m[2m3 tests[22m[2m)[22m[33m 860[2mms[22m[39m
baci-mobile-admin:test:      [33m[2m✓[22m[39m keeps iOS picker changes pending until confirm is pressed [33m 815[2mms[22m[39m
@baci/web:test:  [32m✓[39m src/app/dashboard/migrations/use-migration-job-polling.test.ts [2m([22m[2m13 tests[22m[2m)[22m[33m 334[2mms[22m[39m
baci-mobile-admin:test:  [32m✓[39m components/orders/OrderDetailsFooterBar.test.tsx [2m([22m[2m2 tests[22m[2m)[22m[33m 946[2mms[22m[39m
baci-mobile-admin:test:      [33m[2m✓[22m[39m renders the current status and handles the update action [33m 887[2mms[22m[39m
@baci/mobile-storefront:test: PASS lib/storefront-customer-api-client.test.ts
baci-mobile-admin:test:  [32m✓[39m hooks/usePaystackBanks.test.tsx [2m([22m[2m5 tests[22m[2m)[22m[33m 369[2mms[22m[39m
@baci/mobile-storefront:test: PASS hooks/use-vtu-billers.test.ts
@baci/web:test:  [32m✓[39m src/lib/jumia/feeds.test.ts [2m([22m[2m29 tests[22m[2m)[22m[32m 118[2mms[22m[39m
@baci/web:test: [90mstderr[2m | src/app/api/merchant/verify-bvn/route.test.ts[2m > [22m[2mPOST /api/merchant/verify-bvn[2m > [22m[2mreturns 503 when Monnify credentials are not configured
@baci/web:test: [22m[39mverify-bvn error: Monnify credentials not configured
@baci/web:test:
@baci/web:test: [90mstderr[2m | src/app/api/merchant/verify-bvn/route.test.ts[2m > [22m[2mPOST /api/merchant/verify-bvn[2m > [22m[2mreturns 500 when Monnify API fails
@baci/web:test: [22m[39mverify-bvn error: Auth failed
@baci/web:test:
@baci/web:test:  [32m✓[39m src/app/api/merchant/verify-bvn/route.test.ts [2m([22m[2m19 tests[22m[2m)[22m[32m 138[2mms[22m[39m
@baci/mobile-storefront:test: PASS hooks/use-vtu-verify.test.ts
@baci/mobile-storefront:test: PASS hooks/use-redeem-points.test.ts
baci-mobile-admin:test:  [32m✓[39m hooks/useCustomers.test.ts [2m([22m[2m1 test[22m[2m)[22m[32m 168[2mms[22m[39m
@baci/web:test: [90mstderr[2m | src/app/api/import-jobs/route.test.ts[2m > [22m[2mPOST /api/import-jobs[2m > [22m[2mreturns 500 when storage upload fails
@baci/web:test: [22m[39m[2026-05-28T16:54:51.436Z] [ERROR] Failed to upload migration import file {
@baci/web:test:   message: [32m'Failed to upload migration import file'[39m,
@baci/web:test:   error: { message: [32m'upload failed'[39m },
@baci/web:test:   merchantId: [32m'merchant-1'[39m
@baci/web:test: }
@baci/web:test:
@baci/web:test: [90mstderr[2m | src/app/api/import-jobs/route.test.ts[2m > [22m[2mPOST /api/import-jobs[2m > [22m[2mreturns 500 when creating the import job fails
@baci/web:test: [22m[39m[2026-05-28T16:54:51.458Z] [ERROR] Failed to create import job {
@baci/web:test:   message: [32m'Failed to create import job'[39m,
@baci/web:test:   error: { message: [32m'Insert failed'[39m },
@baci/web:test:   merchantId: [32m'merchant-1'[39m
@baci/web:test: }
@baci/web:test:
@baci/web:test: [90mstderr[2m | src/app/api/import-jobs/route.test.ts[2m > [22m[2mPOST /api/import-jobs[2m > [22m[2mcleans up the uploaded file when creating the import job fails
@baci/web:test: [22m[39m[2026-05-28T16:54:51.474Z] [ERROR] Failed to create import job {
@baci/web:test:   message: [32m'Failed to create import job'[39m,
@baci/web:test:   error: { message: [32m'Insert failed'[39m },
@baci/web:test:   merchantId: [32m'merchant-1'[39m
@baci/web:test: }
@baci/web:test:
@baci/web:test: [90mstderr[2m | src/app/api/import-jobs/route.test.ts[2m > [22m[2mPOST /api/import-jobs[2m > [22m[2mreturns 202 even when post-response kickoff rejects
@baci/web:test: [22m[39m[2026-05-28T16:54:51.486Z] [ERROR] Background kickoff failed {
@baci/web:test:   message: [32m'Background kickoff failed'[39m,
@baci/web:test:   jobId: [32m'job-1'[39m,
@baci/web:test:   origin: [32m'http://localhost'[39m,
@baci/web:test:   error: {
@baci/web:test:     name: [32m'Error'[39m,
@baci/web:test:     message: [32m'worker unavailable'[39m,
@baci/web:test:     stack: [32m'Error: worker unavailable     at /app/apps/web/src/app/api/import-jobs/route.test.ts:394:7     at file:///app/apps/web/node_modules/@vitest/runner/dist/index.js:145:11     at file:///app/apps/web/node_modules/@vitest/runner/dist/index.js:915:26     at file:///app/apps/web/node_modules/@vitest/runner/dist/index.js:1243:20     at new Promise (<anonymous>)     at runWithTimeout (file:///app/apps/web/node_modules/@vitest/runner/dist/index.js:1209:10)     at file:///app/apps/web/node_modules/@vitest/runner/dist/index.js:1653:37     at Traces.$ (file:///app/apps/web/node_modules/vitest/dist/chunks/traces.CCmnQaNT.js:142:27)     at trace (file:///app/apps/web/node_modules/vitest/dist/chunks/test.B8ej_ZHS.js:239:21)     at runTest (file:///app/apps/web/node_modules/@vitest/runner/dist/index.js:1653:12)'[39m
@baci/web:test:   }
@baci/web:test: }
@baci/web:test:
@baci/web:test:  [32m✓[39m src/app/api/import-jobs/route.test.ts [2m([22m[2m10 tests[22m[2m)[22m[32m 245[2mms[22m[39m
baci-mobile-admin:test:  [32m✓[39m hooks/useOrderDetailsStartupEffects.test.ts [2m([22m[2m3 tests[22m[2m)[22m[32m 177[2mms[22m[39m
@baci/web:test: [90mstderr[2m | src/app/dashboard/actions.test.ts[2m > [22m[2mdashboard actions[2m > [22m[2mreturns an empty recent sales list when the paid sales query fails
@baci/web:test: [22m[39mError fetching recent sales: { message: [32m'orders failed'[39m }
@baci/web:test:
@baci/web:test: [90mstderr[2m | src/app/dashboard/actions.test.ts[2m > [22m[2mdashboard actions[2m > [22m[2mreturns an empty monthly chart when the dashboard sales RPC fails
@baci/web:test: [22m[39mError fetching monthly chart data (RPC): { message: [32m'rpc failed'[39m }
@baci/web:test:
@baci/web:test: [90mstderr[2m | src/app/dashboard/actions.test.ts[2m > [22m[2mdashboard actions[2m > [22m[2mfalls back to zeroed metrics when cached dashboard stats throw
@baci/web:test: [22m[39mFailed to fetch dashboard metrics: Error: rpc failed
@baci/web:test:     at [90m/app/apps/web/[39msrc/app/dashboard/actions.test.ts:394:51
@baci/web:test:     at [90mfile:///app/apps/web/[39mnode_modules/[4m@vitest/runner[24m/dist/index.js:145:11
@baci/web:test:     at [90mfile:///app/apps/web/[39mnode_modules/[4m@vitest/runner[24m/dist/index.js:915:26
@baci/web:test:     at [90mfile:///app/apps/web/[39mnode_modules/[4m@vitest/runner[24m/dist/index.js:1243:20
@baci/web:test:     at new Promise (<anonymous>)
@baci/web:test:     at runWithTimeout [90m(file:///app/apps/web/[39mnode_modules/[4m@vitest/runner[24m/dist/index.js:1209:10[90m)[39m
@baci/web:test:     at [90mfile:///app/apps/web/[39mnode_modules/[4m@vitest/runner[24m/dist/index.js:1653:37
@baci/web:test:     at Traces.$ [90m(file:///app/apps/web/[39mnode_modules/[4mvitest[24m/dist/chunks/traces.CCmnQaNT.js:142:27[90m)[39m
@baci/web:test:     at trace [90m(file:///app/apps/web/[39mnode_modules/[4mvitest[24m/dist/chunks/test.B8ej_ZHS.js:239:21[90m)[39m
@baci/web:test:     at runTest [90m(file:///app/apps/web/[39mnode_modules/[4m@vitest/runner[24m/dist/index.js:1653:12[90m)[39m
@baci/web:test:
@baci/web:test:  [32m✓[39m src/app/dashboard/actions.test.ts [2m([22m[2m18 tests[22m[2m)[22m[32m 84[2mms[22m[39m
@baci/mobile-storefront:test: PASS __tests__/app/product/[slug].iphone-11-pro-max-prices.test.tsx
@baci/mobile-storefront:test:   ● Console
@baci/mobile-storefront:test:
@baci/mobile-storefront:test:     console.debug
@baci/mobile-storefront:test:       [AdTracking] Native modules ignored or failed to load: Invariant Violation: `new NativeEventEmitter()` requires a non-null argument.
@baci/mobile-storefront:test:           at invariant (/app/node_modules/invariant/invariant.js:40:15)
@baci/mobile-storefront:test:           at new NativeEventEmitter (/app/node_modules/react-native/Libraries/EventEmitter/NativeEventEmitter.js:57:16)
@baci/mobile-storefront:test:           at Object.<anonymous> (/app/node_modules/react-native-fbsdk-next/src/FBAccessToken.ts:26:22)
@baci/mobile-storefront:test:           at Runtime._execModule (/app/node_modules/jest-runtime/build/index.js:1439:24)
@baci/mobile-storefront:test:           at Runtime._loadModule (/app/node_modules/jest-runtime/build/index.js:1022:12)
@baci/mobile-storefront:test:           at Runtime.requireModule (/app/node_modules/jest-runtime/build/index.js:882:12)
@baci/mobile-storefront:test:           at Runtime.requireModuleOrMock (/app/node_modules/jest-runtime/build/index.js:1048:21)
@baci/mobile-storefront:test:           at Object.require (/app/node_modules/react-native-fbsdk-next/src/index.ts:23:1)
@baci/mobile-storefront:test:           at Runtime._execModule (/app/node_modules/jest-runtime/build/index.js:1439:24)
@baci/mobile-storefront:test:           at Runtime._loadModule (/app/node_modules/jest-runtime/build/index.js:1022:12)
@baci/mobile-storefront:test:           at Runtime.requireModule (/app/node_modules/jest-runtime/build/index.js:882:12)
@baci/mobile-storefront:test:           at Runtime.requireModuleOrMock (/app/node_modules/jest-runtime/build/index.js:1048:21)
@baci/mobile-storefront:test:           at require (/app/apps/mobile-storefront/services/ad-tracking-native-modules.ts:66:40)
@baci/mobile-storefront:test:           at async Promise.all (index 0) {
@baci/mobile-storefront:test:         framesToPop: 1
@baci/mobile-storefront:test:       }
@baci/mobile-storefront:test:
@baci/mobile-storefront:test:       at debug (services/ad-tracking-native-modules.ts:77:13)
@baci/mobile-storefront:test:           at Generator.throw (<anonymous>)
@baci/mobile-storefront:test:
baci-mobile-admin:test:  [32m✓[39m components/product/ProductImageCard.test.tsx [2m([22m[2m3 tests[22m[2m)[22m[33m 907[2mms[22m[39m
baci-mobile-admin:test:      [33m[2m✓[22m[39m shows the upload placeholder and triggers image selection [33m 740[2mms[22m[39m
@baci/mobile-storefront:test: PASS components/cart/CartItemCard.test.tsx
@baci/mobile-storefront:test: PASS lib/customer-savings.test.ts
@baci/web:test:  [32m✓[39m src/lib/import-commit/commit-bumpa-orders.test.ts [2m([22m[2m6 tests[22m[2m)[22m[32m 69[2mms[22m[39m
@baci/mobile-storefront:test: PASS components/utilities/UtilityTypeTabs.test.tsx
baci-mobile-admin:test:  [32m✓[39m schemas/ship-on-credit-response.test.ts [2m([22m[2m10 tests[22m[2m)[22m[32m 34[2mms[22m[39m
@baci/mobile-storefront:test: PASS components/storefront/ProductCard.test.tsx
@baci/web:test: [90mstderr[2m | src/lib/cached-data.merchant-identifier-behavior.test.ts[2m > [22m[2mcached-data getMerchantByIdentifier behavior[2m > [22m[2merror handling[2m > [22m[2mthrows error when merchant lookup fails
@baci/web:test: [22m[39mError fetching merchant for slug: test-store {
@baci/web:test:   "message": "Database error"
@baci/web:test: }
@baci/web:test:
@baci/web:test: [90mstderr[2m | src/lib/cached-data.merchant-identifier-behavior.test.ts[2m > [22m[2mcached-data getMerchantByIdentifier behavior[2m > [22m[2merror handling[2m > [22m[2mthrows error when domain lookup fails
@baci/web:test: [22m[39mError fetching domain {
@baci/web:test:   domain: [32m'store.com'[39m,
@baci/web:test:   error: { message: [32m'Database error'[39m, code: [32m'DB_ERROR'[39m }
@baci/web:test: }
@baci/web:test:
@baci/web:test: [90mstderr[2m | src/lib/cached-data.merchant-identifier-behavior.test.ts[2m > [22m[2mcached-data getMerchantByIdentifier behavior[2m > [22m[2merror handling[2m > [22m[2mreturns null when merchant not found by slug
@baci/web:test: [22m[39mNo merchant data found for slug: nonexistent-store
@baci/web:test:
@baci/web:test: [90mstdout[2m | src/lib/cached-data.merchant-identifier-behavior.test.ts[2m > [22m[2mcached-data getMerchantByIdentifier behavior[2m > [22m[2msecurity - contact info redaction for unpublished stores[2m > [22m[2mredacts contact info when store is not published (slug lookup)
@baci/web:test: [90mstderr[2m | src/lib/cached-data.merchant-identifier-behavior.test.ts[2m > [22m[2mcached-data getMerchantByIdentifier behavior[2m > [22m[2merror handling[2m > [22m[2mreturns null when domain not found
@baci/web:test: [22m[39mSuccessfully fetched merchant: test-store merchant-123
@baci/web:test: [22m[39mNo domain mapping found for: nonexistent.com
@baci/web:test:
@baci/web:test:
@baci/web:test: [90mstdout[2m | src/lib/cached-data.merchant-identifier-behavior.test.ts[2m > [22m[2mcached-data getMerchantByIdentifier behavior[2m > [22m[2msecurity - contact info redaction for unpublished stores[2m > [22m[2mredacts contact info when store is not published (domain lookup)
@baci/web:test: [22m[39mSuccessfully fetched merchant by domain { domain: [32m'store.com'[39m, slug: [32m'test-store'[39m, merchantId: [32m'merchant-123'[39m }
@baci/web:test:
@baci/web:test: [90mstdout[2m | src/lib/cached-data.merchant-identifier-behavior.test.ts[2m > [22m[2mcached-data getMerchantByIdentifier behavior[2m > [22m[2msecurity - contact info redaction for unpublished stores[2m > [22m[2mdoes not redact contact info when store is published
@baci/web:test: [22m[39mSuccessfully fetched merchant: test-store merchant-123
@baci/web:test:
@baci/web:test: [90mstdout[2m | src/lib/cached-data.merchant-identifier-behavior.test.ts[2m > [22m[2mcached-data getMerchantByIdentifier behavior[2m > [22m[2mpaystack_subaccount_code projection[2m > [22m[2mpreserves paystack_subaccount_code for slug lookups
@baci/web:test: [22m[39mSuccessfully fetched merchant: test-store merchant-123
@baci/web:test:
@baci/web:test: [90mstdout[2m | src/lib/cached-data.merchant-identifier-behavior.test.ts[2m > [22m[2mcached-data getMerchantByIdentifier behavior[2m > [22m[2mpaystack_subaccount_code projection[2m > [22m[2mselects paystack_subaccount_code for slug lookups
@baci/web:test: [22m[39mSuccessfully fetched merchant: test-store merchant-123
@baci/web:test:
@baci/web:test: [90mstdout[2m | src/lib/cached-data.merchant-identifier-behavior.test.ts[2m > [22m[2mcached-data getMerchantByIdentifier behavior[2m > [22m[2mpaystack_subaccount_code projection[2m > [22m[2mpreserves paystack_subaccount_code for domain lookups
@baci/web:test: [22m[39mSuccessfully fetched merchant by domain { domain: [32m'store.com'[39m, slug: [32m'test-store'[39m, merchantId: [32m'merchant-123'[39m }
@baci/web:test:
@baci/web:test: [90mstdout[2m | src/lib/cached-data.merchant-identifier-behavior.test.ts[2m > [22m[2mcached-data getMerchantByIdentifier behavior[2m > [22m[2mpaystack_subaccount_code projection[2m > [22m[2mselects paystack_subaccount_code for domain lookups
@baci/web:test: [22m[39mSuccessfully fetched merchant by domain { domain: [32m'store.com'[39m, slug: [32m'test-store'[39m, merchantId: [32m'merchant-123'[39m }
@baci/web:test:
@baci/web:test: [90mstdout[2m | src/lib/cached-data.merchant-identifier-behavior.test.ts[2m > [22m[2mcached-data getMerchantByIdentifier behavior[2m > [22m[2mpaystack_subaccount_code projection[2m > [22m[2mselects published_config for slug lookups
@baci/web:test: [22m[39mSuccessfully fetched merchant: test-store merchant-123
@baci/web:test:
@baci/web:test: [90mstdout[2m | src/lib/cached-data.merchant-identifier-behavior.test.ts[2m > [22m[2mcached-data getMerchantByIdentifier behavior[2m > [22m[2mpaystack_subaccount_code projection[2m > [22m[2mselects published_config for domain lookups
@baci/web:test: [22m[39mSuccessfully fetched merchant by domain { domain: [32m'store.com'[39m, slug: [32m'test-store'[39m, merchantId: [32m'merchant-123'[39m }
@baci/web:test:
@baci/web:test: [90mstdout[2m | src/lib/cached-data.merchant-identifier-behavior.test.ts[2m > [22m[2mcached-data getMerchantByIdentifier behavior[2m > [22m[2medge cases and boundary conditions[2m > [22m[2mhandles minimum length valid identifier (2 chars)
@baci/web:test: [22m[39mSuccessfully fetched merchant: ab merchant-123
@baci/web:test:
@baci/web:test: [90mstdout[2m | src/lib/cached-data.merchant-identifier-behavior.test.ts[2m > [22m[2mcached-data getMerchantByIdentifier behavior[2m > [22m[2medge cases and boundary conditions[2m > [22m[2mhandles maximum length valid identifier (254 chars)
@baci/web:test: [22m[39mSuccessfully fetched merchant: abbbbbbbbbbbbbbbbbbbbbbbbbbbbbbbbbbbbbbbbbbbbbbbbbbbbbbbbbbbbbbbbbbbbbbbbbbbbbbbbbbbbbbbbbbbbbbbbbbb merchant-123
@baci/web:test:
@baci/web:test: [90mstdout[2m | src/lib/cached-data.merchant-identifier-behavior.test.ts[2m > [22m[2mcached-data getMerchantByIdentifier behavior[2m > [22m[2medge cases and boundary conditions[2m > [22m[2mhandles identifier with mixed case correctly
@baci/web:test: [22m[39mSuccessfully fetched merchant: test-store merchant-123
@baci/web:test:
@baci/web:test: [90mstdout[2m | src/lib/cached-data.merchant-identifier-behavior.test.ts[2m > [22m[2mcached-data getMerchantByIdentifier behavior[2m > [22m[2medge cases and boundary conditions[2m > [22m[2mhandles numeric identifier
@baci/web:test: [22m[39mSuccessfully fetched merchant: 123 merchant-123
@baci/web:test:
@baci/web:test:  [32m✓[39m src/lib/cached-data.merchant-identifier-behavior.test.ts [2m([22m[2m22 tests[22m[2m)[22m[32m 132[2mms[22m[39m
@baci/web:test:  [32m✓[39m src/components/storefront/ogabassey/pages/checkout/components/CryptoSelectorModal.test.tsx [2m([22m[2m32 tests[22m[2m)[22m[33m 2512[2mms[22m[39m
@baci/web:test:        [33m[2m✓[22m[39m calls onInitialize when clicking continue button [33m 709[2mms[22m[39m
baci-mobile-admin:test:  [32m✓[39m components/orders/NewOrderNotesSection.test.tsx [2m([22m[2m3 tests[22m[2m)[22m[33m 861[2mms[22m[39m
baci-mobile-admin:test:      [33m[2m✓[22m[39m calls setNotes when the input value changes [33m 605[2mms[22m[39m
@baci/mobile-storefront:test: PASS components/wallet/WalletContent.test.tsx
@baci/mobile-storefront:test: PASS lib/validation.test.ts
baci-mobile-admin:test:  [32m✓[39m components/branches/BranchPill.test.tsx [2m([22m[2m2 tests[22m[2m)[22m[33m 737[2mms[22m[39m
baci-mobile-admin:test:      [33m[2m✓[22m[39m renders an accessible selectable branch pill [33m 673[2mms[22m[39m
@baci/mobile-storefront:test: PASS components/utilities/UtilityPurchaseSuccessView.test.tsx
@baci/web:test: [90mstderr[2m | src/app/api/marketplace/jumia/consignment/route.test.ts[2m > [22m[2mConsignment GET[2m > [22m[2mhandles JumiaApiError
@baci/web:test: [22m[39m[Jumia API] {
@baci/web:test:   message: [32m'Jumia API Error (429): Rate limited'[39m,
@baci/web:test:   details: [90mundefined[39m,
@baci/web:test:   stack: [32m'JumiaApiError: Jumia API Error (429): Rate limited\n'[39m +
@baci/web:test:     [32m'    at /app/apps/web/src/app/api/marketplace/jumia/consignment/route.test.ts:206:7\n'[39m +
@baci/web:test:     [32m'    at processTicksAndRejections (node:internal/process/task_queues:103:5)\n'[39m +
@baci/web:test:     [32m'    at file:///app/apps/web/node_modules/@vitest/runner/dist/index.js:915:20'[39m
@baci/web:test: }
@baci/web:test:
@baci/web:test: [90mstderr[2m | src/app/api/marketplace/jumia/consignment/route.test.ts[2m > [22m[2mConsignment POST[2m > [22m[2mpropagates JumiaApiError status
@baci/web:test: [22m[39m[Jumia API] {
@baci/web:test:   message: [32m'Jumia API Error (429): Rate limited'[39m,
@baci/web:test:   details: [90mundefined[39m,
@baci/web:test:   stack: [32m'JumiaApiError: Jumia API Error (429): Rate limited\n'[39m +
@baci/web:test:     [32m'    at /app/apps/web/src/app/api/marketplace/jumia/consignment/route.test.ts:291:7\n'[39m +
@baci/web:test:     [32m'    at processTicksAndRejections (node:internal/process/task_queues:103:5)\n'[39m +
@baci/web:test:     [32m'    at file:///app/apps/web/node_modules/@vitest/runner/dist/index.js:915:20'[39m
@baci/web:test: }
@baci/web:test:
@baci/web:test: [90mstderr[2m | src/app/api/marketplace/jumia/consignment/route.test.ts[2m > [22m[2mConsignment PATCH[2m > [22m[2mpropagates JumiaApiError status
@baci/web:test: [22m[39m[Jumia API] {
@baci/web:test:   message: [32m'Jumia API Error (502): Bad Gateway'[39m,
@baci/web:test:   details: [90mundefined[39m,
@baci/web:test:   stack: [32m'JumiaApiError: Jumia API Error (502): Bad Gateway\n'[39m +
@baci/web:test:     [32m'    at /app/apps/web/src/app/api/marketplace/jumia/consignment/route.test.ts:390:42\n'[39m +
@baci/web:test:     [32m'    at processTicksAndRejections (node:internal/process/task_queues:103:5)\n'[39m +
@baci/web:test:     [32m'    at file:///app/apps/web/node_modules/@vitest/runner/dist/index.js:915:20'[39m
@baci/web:test: }
@baci/web:test:
@baci/web:test:  [32m✓[39m src/app/api/marketplace/jumia/consignment/route.test.ts [2m([22m[2m21 tests[22m[2m)[22m[32m 114[2mms[22m[39m
baci-mobile-admin:test:  [32m✓[39m components/ui/date-range-picker/DateRangePickerCalendarPanel.test.tsx [2m([22m[2m2 tests[22m[2m)[22m[33m 1366[2mms[22m[39m
baci-mobile-admin:test:      [33m[2m✓[22m[39m shows the selected range preview and applies the completed range [33m 1018[2mms[22m[39m
baci-mobile-admin:test:      [33m[2m✓[22m[39m routes month navigation and day selection [33m 341[2mms[22m[39m
@baci/mobile-storefront:test: PASS components/storefront/ProductGrid.pagination.test.tsx
@baci/mobile-storefront:test: PASS components/product/hooks/useImageZoom.test.ts
@baci/web:test:  [32m✓[39m src/app/(storefront)/[slug]/layout.test.tsx [2m([22m[2m11 tests[22m[2m)[22m[32m 234[2mms[22m[39m
@baci/web:test:  [32m✓[39m src/app/api/admin/blog/posts/[id]/route.test.ts [2m([22m[2m11 tests[22m[2m)[22m[32m 157[2mms[22m[39m
@baci/mobile-storefront:test: PASS components/receipts/ReceiptsView.test.tsx
baci-mobile-admin:test:  [32m✓[39m components/payment-methods/payment-methods.test.ts [2m([22m[2m6 tests[22m[2m)[22m[32m 26[2mms[22m[39m
baci-mobile-admin:test:  [32m✓[39m components/customize/CustomizeWelcomeState.test.tsx [2m([22m[2m3 tests[22m[2m)[22m[33m 1245[2mms[22m[39m
baci-mobile-admin:test:      [33m[2m✓[22m[39m renders the intro copy and all suggestion buttons [33m 916[2mms[22m[39m
baci-mobile-admin:test:      [33m[2m✓[22m[39m forwards each suggestion prompt when clicked [33m 309[2mms[22m[39m
baci-mobile-admin:test:  [32m✓[39m hooks/createOrderDetailsShipmentActions.test.ts [2m([22m[2m4 tests[22m[2m)[22m[32m 35[2mms[22m[39m
@baci/mobile-storefront:test: PASS components/orders/use-orders-list-controller.test.ts
@baci/mobile-storefront:test: PASS hooks/wallet-data.test.ts
baci-mobile-admin:test:  [32m✓[39m components/payment-methods/payment-settings-query.test.ts [2m([22m[2m4 tests[22m[2m)[22m[32m 39[2mms[22m[39m
@baci/mobile-storefront:test: PASS components/storefront/product-card/ListProductCard.test.tsx
@baci/web:test:  [32m✓[39m src/lib/agentic/ucp-request-adapters.test.ts [2m([22m[2m20 tests[22m[2m)[22m[32m 62[2mms[22m[39m
@baci/web:test:  [32m✓[39m src/app/(storefront)/[slug]/(catalog)/(pdp)/products/[productSlug]/product-detail-client.test.tsx [2m([22m[2m7 tests[22m[2m)[22m[33m 553[2mms[22m[39m
baci-mobile-admin:test:  [32m✓[39m lib/new-order-totals.test.ts [2m([22m[2m5 tests[22m[2m)[22m[32m 75[2mms[22m[39m
@baci/mobile-storefront:test: PASS hooks/use-vtu-purchase.test.ts
baci-mobile-admin:test:  [32m✓[39m __tests__/config/sdk56-compliance.test.ts [2m([22m[2m7 tests[22m[2m)[22m[32m 31[2mms[22m[39m
baci-mobile-admin:test:  [32m✓[39m components/blog-editor/BlogEditorDialogCard.test.tsx [2m([22m[2m1 test[22m[2m)[22m[33m 676[2mms[22m[39m
baci-mobile-admin:test:      [33m[2m✓[22m[39m renders a dialog with shared input and action handlers [33m 665[2mms[22m[39m
@baci/mobile-storefront:test: PASS __tests__/app/product/[slug].variants-pricing.test.tsx
@baci/mobile-storefront:test:   ● Console
@baci/mobile-storefront:test:
@baci/mobile-storefront:test:     console.debug
@baci/mobile-storefront:test:       [AdTracking] Native modules ignored or failed to load: Invariant Violation: `new NativeEventEmitter()` requires a non-null argument.
@baci/mobile-storefront:test:           at invariant (/app/node_modules/invariant/invariant.js:40:15)
@baci/mobile-storefront:test:           at new NativeEventEmitter (/app/node_modules/react-native/Libraries/EventEmitter/NativeEventEmitter.js:57:16)
@baci/mobile-storefront:test:           at Object.<anonymous> (/app/node_modules/react-native-fbsdk-next/src/FBAccessToken.ts:26:22)
@baci/mobile-storefront:test:           at Runtime._execModule (/app/node_modules/jest-runtime/build/index.js:1439:24)
@baci/mobile-storefront:test:           at Runtime._loadModule (/app/node_modules/jest-runtime/build/index.js:1022:12)
@baci/mobile-storefront:test:           at Runtime.requireModule (/app/node_modules/jest-runtime/build/index.js:882:12)
@baci/mobile-storefront:test:           at Runtime.requireModuleOrMock (/app/node_modules/jest-runtime/build/index.js:1048:21)
@baci/mobile-storefront:test:           at Object.require (/app/node_modules/react-native-fbsdk-next/src/index.ts:23:1)
@baci/mobile-storefront:test:           at Runtime._execModule (/app/node_modules/jest-runtime/build/index.js:1439:24)
@baci/mobile-storefront:test:           at Runtime._loadModule (/app/node_modules/jest-runtime/build/index.js:1022:12)
@baci/mobile-storefront:test:           at Runtime.requireModule (/app/node_modules/jest-runtime/build/index.js:882:12)
@baci/mobile-storefront:test:           at Runtime.requireModuleOrMock (/app/node_modules/jest-runtime/build/index.js:1048:21)
@baci/mobile-storefront:test:           at require (/app/apps/mobile-storefront/services/ad-tracking-native-modules.ts:66:40)
@baci/mobile-storefront:test:           at async Promise.all (index 0) {
@baci/mobile-storefront:test:         framesToPop: 1
@baci/mobile-storefront:test:       }
@baci/mobile-storefront:test:
@baci/mobile-storefront:test:       at debug (services/ad-tracking-native-modules.ts:77:13)
@baci/mobile-storefront:test:           at Generator.throw (<anonymous>)
@baci/mobile-storefront:test:
@baci/web:test:  [32m✓[39m src/app/.well-known/agent-native-commerce/route.test.ts [2m([22m[2m6 tests[22m[2m)[22m[33m 2170[2mms[22m[39m
@baci/web:test:      [33m[2m✓[22m[39m returns the public agent-native commerce proof for storefront hosts [33m 1807[2mms[22m[39m
@baci/web:test:  [32m✓[39m src/components/storefront/ogabassey/pages/checkout/components/DeliveryStep.test.tsx [2m([22m[2m28 tests[22m[2m)[22m[33m 2303[2mms[22m[39m
@baci/web:test:        [33m[2m✓[22m[39m renders continue to payment button [33m 622[2mms[22m[39m
@baci/mobile-storefront:test: PASS components/checkout/PaymentMethodSelector.savings.test.tsx
@baci/mobile-storefront:test:   ● Console
@baci/mobile-storefront:test:
@baci/mobile-storefront:test:     console.log
@baci/mobile-storefront:test:       [DEBUG] [16:55:05.877] [Storage] Initializing with keys: [
@baci/mobile-storefront:test:         'cart-storage',
@baci/mobile-storefront:test:         'saved-storage',
@baci/mobile-storefront:test:         'comparison-storage',
@baci/mobile-storefront:test:         'search_history'
@baci/mobile-storefront:test:       ]
@baci/mobile-storefront:test:
@baci/mobile-storefront:test:       at Object.log [as debug] (lib/logger.ts:73:15)
@baci/mobile-storefront:test:
@baci/mobile-storefront:test:     console.log
@baci/mobile-storefront:test:       [DEBUG] [16:55:05.897] [Storage] Initialization complete
@baci/mobile-storefront:test:
@baci/mobile-storefront:test:       at Object.log [as debug] (lib/logger.ts:73:15)
@baci/mobile-storefront:test:
baci-mobile-admin:test:  [32m✓[39m components/auth/AuthInput.test.tsx [2m([22m[2m2 tests[22m[2m)[22m[32m 159[2mms[22m[39m
@baci/mobile-storefront:test: PASS components/wallet/ManageCardsScreen.test.tsx
@baci/mobile-storefront:test: PASS stores/ui-store.test.ts
baci-mobile-admin:test:  [32m✓[39m components/orders/OrderDetailsOverviewSection.test.tsx [2m([22m[2m3 tests[22m[2m)[22m[32m 152[2mms[22m[39m
@baci/web:test:  [32m✓[39m src/app/(storefront)/[slug]/(blog)/blog/[postSlug]/page.test.tsx [2m([22m[2m11 tests[22m[2m)[22m[33m 785[2mms[22m[39m
@baci/web:test:      [33m[2m✓[22m[39m renders only the local shell while request-time blog content is pending [33m 648[2mms[22m[39m
baci-mobile-admin:test:  [32m✓[39m components/product/ProductStockControls.test.tsx [2m([22m[2m1 test[22m[2m)[22m[33m 804[2mms[22m[39m
baci-mobile-admin:test:      [33m[2m✓[22m[39m clamps manual and button-based stock changes to zero or above [33m 788[2mms[22m[39m
@baci/mobile-storefront:test: PASS __tests__/app/auth/login.test.tsx
@baci/web:test: [90mstderr[2m | src/app/agent-commerce.json/route-checkout-capabilities.test.ts[2m > [22m[2mGET /agent-commerce.json checkout capabilities[2m > [22m[2mdoes not advertise checkout when signing material is absent
@baci/web:test: [22m[39m[2026-05-28T16:55:09.613Z] [WARN] Agentic JWT signing material is unavailable {
@baci/web:test:   error: [32m'{"message":"SUPABASE_JWT_SECRET is not defined","name":"Error"}'[39m,
@baci/web:test:   message: [32m'Agentic JWT signing material is unavailable'[39m
@baci/web:test: }
@baci/web:test:
@baci/web:test:  [32m✓[39m src/app/agent-commerce.json/route-checkout-capabilities.test.ts [2m([22m[2m8 tests[22m[2m)[22m[33m 991[2mms[22m[39m
@baci/web:test:      [33m[2m✓[22m[39m does not advertise checkout on non-configured storefront merchants [33m 630[2mms[22m[39m
@baci/web:test: [90mstderr[2m | src/components/storefront/ogabassey/pages/checkout/hooks/use-order-resume.test.ts[2m > [22m[2museOrderResume[2m > [22m[2mshould set isLoadingResumedOrder to true initially when resumeOrderId is provided
@baci/web:test: [22m[39mAn update to TestComponent inside a test was not wrapped in act(...).
@baci/web:test:
@baci/web:test: When testing, code that causes React state updates should be wrapped into act(...):
@baci/web:test:
@baci/web:test: act(() => {
@baci/web:test:   /* fire events that update state */
@baci/web:test: });
@baci/web:test: /* assert on the output */
@baci/web:test:
@baci/web:test: This ensures that you're testing the behavior the user would see in the browser. Learn more at https://react.dev/link/wrap-tests-with-act
@baci/web:test: An update to TestComponent inside a test was not wrapped in act(...).
@baci/web:test:
@baci/web:test: When testing, code that causes React state updates should be wrapped into act(...):
@baci/web:test:
@baci/web:test: act(() => {
@baci/web:test:   /* fire events that update state */
@baci/web:test: });
@baci/web:test: /* assert on the output */
@baci/web:test:
@baci/web:test: This ensures that you're testing the behavior the user would see in the browser. Learn more at https://react.dev/link/wrap-tests-with-act
@baci/web:test:
@baci/mobile-storefront:test: PASS components/checkout/CheckoutContactCard.test.tsx
baci-mobile-admin:test:  [32m✓[39m components/blog-editor/BlogEditorToolbar.test.tsx [2m([22m[2m2 tests[22m[2m)[22m[33m 1402[2mms[22m[39m
baci-mobile-admin:test:      [33m[2m✓[22m[39m forwards core formatting and insertion actions [33m 1159[2mms[22m[39m
@baci/web:test: [90mstderr[2m | src/components/storefront/ogabassey/pages/checkout/hooks/use-order-resume.test.ts[2m > [22m[2museOrderResume[2m > [22m[2mshould set error when fetch response is not ok
@baci/web:test: [22m[39mFailed to fetch resumed order
@baci/web:test:
@baci/web:test: [90mstderr[2m | src/components/storefront/ogabassey/pages/checkout/hooks/use-order-resume.test.ts[2m > [22m[2museOrderResume[2m > [22m[2mshould set error when network request fails
@baci/web:test: [22m[39mError fetching resumed order: Error: Network error
@baci/web:test:     at [90m/app/apps/web/[39msrc/components/storefront/ogabassey/pages/checkout/hooks/use-order-resume.test.ts:392:51
@baci/web:test:     at [90mfile:///app/apps/web/[39mnode_modules/[4m@vitest/runner[24m/dist/index.js:145:11
@baci/web:test:     at [90mfile:///app/apps/web/[39mnode_modules/[4m@vitest/runner[24m/dist/index.js:915:26
@baci/web:test:     at [90mfile:///app/apps/web/[39mnode_modules/[4m@vitest/runner[24m/dist/index.js:1243:20
@baci/web:test:     at new Promise (<anonymous>)
@baci/web:test:     at runWithTimeout [90m(file:///app/apps/web/[39mnode_modules/[4m@vitest/runner[24m/dist/index.js:1209:10[90m)[39m
@baci/web:test:     at [90mfile:///app/apps/web/[39mnode_modules/[4m@vitest/runner[24m/dist/index.js:1653:37
@baci/web:test:     at Traces.$ [90m(file:///app/apps/web/[39mnode_modules/[4mvitest[24m/dist/chunks/traces.CCmnQaNT.js:142:27[90m)[39m
@baci/web:test:     at trace [90m(file:///app/apps/web/[39mnode_modules/[4mvitest[24m/dist/chunks/test.B8ej_ZHS.js:239:21[90m)[39m
@baci/web:test:     at runTest [90m(file:///app/apps/web/[39mnode_modules/[4m@vitest/runner[24m/dist/index.js:1653:12[90m)[39m
@baci/web:test:
@baci/web:test:  [32m✓[39m src/components/storefront/ogabassey/pages/checkout/hooks/use-order-resume.test.ts [2m([22m[2m13 tests[22m[2m)[22m[33m 809[2mms[22m[39m
baci-mobile-admin:test:  [32m✓[39m hooks/useAnalyticsOverview.test.ts [2m([22m[2m3 tests[22m[2m)[22m[32m 25[2mms[22m[39m
@baci/mobile-storefront:test: PASS components/storefront/product-card/GridProductCard.test.tsx
baci-mobile-admin:test:  [32m✓[39m components/transactions/TransactionListState.test.tsx [2m([22m[2m2 tests[22m[2m)[22m[33m 834[2mms[22m[39m
baci-mobile-admin:test:      [33m[2m✓[22m[39m renders a retryable error state [33m 797[2mms[22m[39m
@baci/mobile-storefront:test: PASS __tests__/app/(tabs)/account.test.tsx
@baci/mobile-storefront:test:   ● Console
@baci/mobile-storefront:test:
@baci/mobile-storefront:test:     console.warn
@baci/mobile-storefront:test:       [Supabase] SUPABASE_URL is not configured. Set EXPO_PUBLIC_SUPABASE_URL or configure extra.supabaseUrl in app.json.
@baci/mobile-storefront:test:
@baci/mobile-storefront:test:       46 | // Runtime warning when Supabase credentials are missing
@baci/mobile-storefront:test:       47 | if (!supabaseUrl) {
@baci/mobile-storefront:test:     > 48 |   console.warn(
@baci/mobile-storefront:test:          |           ^
@baci/mobile-storefront:test:       49 |     '[Supabase] SUPABASE_URL is not configured. Set EXPO_PUBLIC_SUPABASE_URL or configure extra.supabaseUrl in app.json.'
@baci/mobile-storefront:test:       50 |   );
@baci/mobile-storefront:test:       51 | }
@baci/mobile-storefront:test:
@baci/mobile-storefront:test:       at Object.warn (lib/supabase.ts:48:11)
@baci/mobile-storefront:test:       at Object.require (/app/apps/mobile-storefront/app/(tabs)../../../account.tsx:32:1)
@baci/mobile-storefront:test:       at Object.require (/app/apps/mobile-storefront/__tests__/app/(tabs)../../../account.test.tsx:4:1)
@baci/mobile-storefront:test:
@baci/mobile-storefront:test:     console.warn
@baci/mobile-storefront:test:       [Supabase] SUPABASE_ANON_KEY is not configured. Set EXPO_PUBLIC_SUPABASE_ANON_KEY or configure extra.supabaseAnonKey in app.json.
@baci/mobile-storefront:test:
@baci/mobile-storefront:test:       51 | }
@baci/mobile-storefront:test:       52 | if (!supabaseAnonKey) {
@baci/mobile-storefront:test:     > 53 |   console.warn(
@baci/mobile-storefront:test:          |           ^
@baci/mobile-storefront:test:       54 |     '[Supabase] SUPABASE_ANON_KEY is not configured. Set EXPO_PUBLIC_SUPABASE_ANON_KEY or configure extra.supabaseAnonKey in app.json.'
@baci/mobile-storefront:test:       55 |   );
@baci/mobile-storefront:test:       56 | }
@baci/mobile-storefront:test:
@baci/mobile-storefront:test:       at Object.warn (lib/supabase.ts:53:11)
@baci/mobile-storefront:test:       at Object.require (/app/apps/mobile-storefront/app/(tabs)../../../account.tsx:32:1)
@baci/mobile-storefront:test:       at Object.require (/app/apps/mobile-storefront/__tests__/app/(tabs)../../../account.test.tsx:4:1)
@baci/mobile-storefront:test:
@baci/web:test:  [32m✓[39m src/components/storefront/ogabassey/components/chat/ChatWidget.test.tsx [2m([22m[2m16 tests[22m[2m)[22m[33m 2237[2mms[22m[39m
@baci/web:test:      [33m[2m✓[22m[39m renders the toggle button with aria-label "Toggle chat" [33m 612[2mms[22m[39m
@baci/web:test:      [33m[2m✓[22m[39m renders close button inside chat window [33m 372[2mms[22m[39m
baci-mobile-admin:test:  [32m✓[39m schemas/payment-settings.test.ts [2m([22m[2m7 tests[22m[2m)[22m[32m 38[2mms[22m[39m
@baci/mobile-storefront:test: PASS __tests__/app/(tabs)/_layout.test.tsx
@baci/web:test:  [32m✓[39m src/lib/jumia/order-sync.test.ts [2m([22m[2m5 tests[22m[2m)[22m[32m 209[2mms[22m[39m
@baci/web:test:  [32m✓[39m src/app/api/products/xss.test.tsx [2m([22m[2m20 tests[22m[2m)[22m[32m 79[2mms[22m[39m
baci-mobile-admin:test:  [32m✓[39m lib/orders-view-state.test.ts [2m([22m[2m6 tests[22m[2m)[22m[32m 44[2mms[22m[39m
@baci/mobile-storefront:test: PASS components/wallet/savings/use-start-savings-payment-methods.test.ts
baci-mobile-admin:test:  [32m✓[39m lib/manual-order-line-item.test.ts [2m([22m[2m3 tests[22m[2m)[22m[32m 62[2mms[22m[39m
@baci/mobile-storefront:test: PASS components/utilities/use-quick-repeat.test.ts
@baci/mobile-storefront:test: PASS lib/utility-receipt.test.ts
@baci/web:test: [90mstderr[2m | src/app/api/integrations/google-merchant-center/feed/route.test.ts[2m > [22m[2mGET /api/integrations/google-merchant-center/feed[2m > [22m[2mprefers host over x-forwarded-host to avoid spoofing
@baci/web:test: [22m[39mLEGACY_GMC_FEED_REDIRECT_ERROR: _MerchantNotFoundError: Merchant not found: internal.baci.app
@baci/web:test:     at resolveLegacyFeedTarget [90m(/app/apps/web/[39msrc/app/api/integrations/google-merchant-center/feed/route.ts:132:11[90m)[39m
@baci/web:test: [90m    at processTicksAndRejections (node:internal/process/task_queues:103:5)[39m
@baci/web:test:     at GET [90m(/app/apps/web/[39msrc/app/api/integrations/google-merchant-center/feed/route.ts:165:20[90m)[39m
@baci/web:test:     at [90m/app/apps/web/[39msrc/app/api/integrations/google-merchant-center/feed/route.test.ts:102:22
@baci/web:test:     at [90mfile:///app/apps/web/[39mnode_modules/[4m@vitest/runner[24m/dist/index.js:915:20
@baci/web:test:
@baci/web:test: [90mstderr[2m | src/app/api/integrations/google-merchant-center/feed/route.test.ts[2m > [22m[2mGET /api/integrations/google-merchant-center/feed[2m > [22m[2mreturns 404 when the host cannot be mapped to a merchant
@baci/web:test: [22m[39mLEGACY_GMC_FEED_REDIRECT_ERROR: _MerchantNotFoundError: Merchant not found: unknown-store.com
@baci/web:test:     at resolveLegacyFeedTarget [90m(/app/apps/web/[39msrc/app/api/integrations/google-merchant-center/feed/route.ts:132:11[90m)[39m
@baci/web:test: [90m    at processTicksAndRejections (node:internal/process/task_queues:103:5)[39m
@baci/web:test:     at GET [90m(/app/apps/web/[39msrc/app/api/integrations/google-merchant-center/feed/route.ts:165:20[90m)[39m
@baci/web:test:     at [90m/app/apps/web/[39msrc/app/api/integrations/google-merchant-center/feed/route.test.ts:169:22
@baci/web:test:     at [90mfile:///app/apps/web/[39mnode_modules/[4m@vitest/runner[24m/dist/index.js:915:20
@baci/web:test:
@baci/mobile-storefront:test: PASS lib/product-normalization.test.ts
@baci/web:test: [90mstderr[2m | src/app/api/integrations/google-merchant-center/feed/route.test.ts[2m > [22m[2mGET /api/integrations/google-merchant-center/feed[2m > [22m[2mreturns 500 when domain lookup fails
@baci/web:test: [22m[39mLEGACY_GMC_FEED_REDIRECT_ERROR: Error: Failed to resolve merchant domain
@baci/web:test:     at resolveLegacyFeedTarget [90m(/app/apps/web/[39msrc/app/api/integrations/google-merchant-center/feed/route.ts:126:11[90m)[39m
@baci/web:test: [90m    at processTicksAndRejections (node:internal/process/task_queues:103:5)[39m
@baci/web:test:     at GET [90m(/app/apps/web/[39msrc/app/api/integrations/google-merchant-center/feed/route.ts:165:20[90m)[39m
@baci/web:test:     at [90m/app/apps/web/[39msrc/app/api/integrations/google-merchant-center/feed/route.test.ts:188:22
@baci/web:test:     at [90mfile:///app/apps/web/[39mnode_modules/[4m@vitest/runner[24m/dist/index.js:915:20 {
@baci/web:test:   [cause]: { message: [32m'db offline'[39m }
@baci/web:test: }
@baci/web:test:
@baci/web:test: [90mstderr[2m | src/app/api/integrations/google-merchant-center/feed/route.test.ts[2m > [22m[2mGET /api/integrations/google-merchant-center/feed[2m > [22m[2mreturns 404 when merchant resolution fails after a domain lookup
@baci/web:test: [22m[39mLEGACY_GMC_FEED_REDIRECT_ERROR: _MerchantNotFoundError: Merchant not found: merchant-1
@baci/web:test:     at [90m/app/apps/web/[39msrc/app/api/integrations/google-merchant-center/feed/route.test.ts:206:7
@baci/web:test:     at [90mfile:///app/apps/web/[39mnode_modules/[4m@vitest/runner[24m/dist/index.js:145:11
@baci/web:test:     at [90mfile:///app/apps/web/[39mnode_modules/[4m@vitest/runner[24m/dist/index.js:915:26
@baci/web:test:     at [90mfile:///app/apps/web/[39mnode_modules/[4m@vitest/runner[24m/dist/index.js:1243:20
@baci/web:test:     at new Promise (<anonymous>)
@baci/web:test:     at runWithTimeout [90m(file:///app/apps/web/[39mnode_modules/[4m@vitest/runner[24m/dist/index.js:1209:10[90m)[39m
@baci/web:test:     at [90mfile:///app/apps/web/[39mnode_modules/[4m@vitest/runner[24m/dist/index.js:1653:37
@baci/web:test:     at Traces.$ [90m(file:///app/apps/web/[39mnode_modules/[4mvitest[24m/dist/chunks/traces.CCmnQaNT.js:142:27[90m)[39m
@baci/web:test:     at trace [90m(file:///app/apps/web/[39mnode_modules/[4mvitest[24m/dist/chunks/test.B8ej_ZHS.js:239:21[90m)[39m
@baci/web:test:     at runTest [90m(file:///app/apps/web/[39mnode_modules/[4m@vitest/runner[24m/dist/index.js:1653:12[90m)[39m
@baci/web:test:
@baci/web:test: [90mstderr[2m | src/app/api/integrations/google-merchant-center/feed/route.test.ts[2m > [22m[2mGET /api/integrations/google-merchant-center/feed[2m > [22m[2mreturns 404 when the verified domain is not a safe hostname
@baci/web:test: [22m[39mLEGACY_GMC_FEED_REDIRECT_ERROR: _MerchantNotFoundError: Merchant not found: ogabassey.com
@baci/web:test:     at resolveLegacyFeedTarget [90m(/app/apps/web/[39msrc/app/api/integrations/google-merchant-center/feed/route.ts:132:11[90m)[39m
@baci/web:test: [90m    at processTicksAndRejections (node:internal/process/task_queues:103:5)[39m
@baci/web:test:     at GET [90m(/app/apps/web/[39msrc/app/api/integrations/google-merchant-center/feed/route.ts:165:20[90m)[39m
@baci/web:test:     at [90m/app/apps/web/[39msrc/app/api/integrations/google-merchant-center/feed/route.test.ts:229:22
@baci/web:test:     at [90mfile:///app/apps/web/[39mnode_modules/[4m@vitest/runner[24m/dist/index.js:915:20
@baci/web:test:
@baci/web:test: [90mstderr[2m | src/app/api/integrations/google-merchant-center/feed/route.test.ts[2m > [22m[2mGET /api/integrations/google-merchant-center/feed[2m > [22m[2mopen-redirect hardening (CodeScanning #1397)[2m > [22m[2mrejects attacker-controlled Host headers not present in the domains table
@baci/web:test: [22m[39mLEGACY_GMC_FEED_REDIRECT_ERROR: _MerchantNotFoundError: Merchant not found: evil.com
@baci/web:test:     at resolveLegacyFeedTarget [90m(/app/apps/web/[39msrc/app/api/integrations/google-merchant-center/feed/route.ts:132:11[90m)[39m
@baci/web:test: [90m    at processTicksAndRejections (node:internal/process/task_queues:103:5)[39m
@baci/web:test:     at GET [90m(/app/apps/web/[39msrc/app/api/integrations/google-merchant-center/feed/route.ts:165:20[90m)[39m
@baci/web:test:     at [90m/app/apps/web/[39msrc/app/api/integrations/google-merchant-center/feed/route.test.ts:247:24
@baci/web:test:     at [90mfile:///app/apps/web/[39mnode_modules/[4m@vitest/runner[24m/dist/index.js:915:20
@baci/web:test:
@baci/web:test: [90mstderr[2m | src/app/api/integrations/google-merchant-center/feed/route.test.ts[2m > [22m[2mGET /api/integrations/google-merchant-center/feed[2m > [22m[2mopen-redirect hardening (CodeScanning #1397)[2m > [22m[2mrejects a confusable subdomain that pretends to be a managed Baci domain
@baci/web:test: [22m[39mLEGACY_GMC_FEED_REDIRECT_ERROR: _MerchantNotFoundError: Merchant not found: evil.usebaci.com.attacker.tld
@baci/web:test:     at resolveLegacyFeedTarget [90m(/app/apps/web/[39msrc/app/api/integrations/google-merchant-center/feed/route.ts:132:11[90m)[39m
@baci/web:test: [90m    at processTicksAndRejections (node:internal/process/task_queues:103:5)[39m
@baci/web:test:     at GET [90m(/app/apps/web/[39msrc/app/api/integrations/google-merchant-center/feed/route.ts:165:20[90m)[39m
@baci/web:test:     at [90m/app/apps/web/[39msrc/app/api/integrations/google-merchant-center/feed/route.test.ts:265:24
@baci/web:test:     at [90mfile:///app/apps/web/[39mnode_modules/[4m@vitest/runner[24m/dist/index.js:915:20
@baci/web:test:
@baci/web:test: [90mstderr[2m | src/app/api/integrations/google-merchant-center/feed/route.test.ts[2m > [22m[2mGET /api/integrations/google-merchant-center/feed[2m > [22m[2mopen-redirect hardening (CodeScanning #1397)[2m > [22m[2mrejects hosts with leading whitespace that would be unsafe to redirect to
@baci/web:test: [22m[39mLEGACY_GMC_FEED_REDIRECT_ERROR: _MerchantNotFoundError: Merchant not found: evil.com
@baci/web:test:     at resolveLegacyFeedTarget [90m(/app/apps/web/[39msrc/app/api/integrations/google-merchant-center/feed/route.ts:132:11[90m)[39m
@baci/web:test: [90m    at processTicksAndRejections (node:internal/process/task_queues:103:5)[39m
@baci/web:test:     at GET [90m(/app/apps/web/[39msrc/app/api/integrations/google-merchant-center/feed/route.ts:165:20[90m)[39m
@baci/web:test:     at [90m/app/apps/web/[39msrc/app/api/integrations/google-merchant-center/feed/route.test.ts:299:24
@baci/web:test:     at [90mfile:///app/apps/web/[39mnode_modules/[4m@vitest/runner[24m/dist/index.js:915:20
@baci/web:test:
@baci/web:test: [90mstderr[2m | src/app/api/integrations/google-merchant-center/feed/route.test.ts[2m > [22m[2mGET /api/integrations/google-merchant-center/feed[2m > [22m[2mopen-redirect hardening (CodeScanning #1397)[2m > [22m[2mrejects DB rows whose domain column embeds a path (unsafe hostname)
@baci/web:test: [22m[39mLEGACY_GMC_FEED_REDIRECT_ERROR: _MerchantNotFoundError: Merchant not found: ogabassey.com
@baci/web:test:     at resolveLegacyFeedTarget [90m(/app/apps/web/[39msrc/app/api/integrations/google-merchant-center/feed/route.ts:132:11[90m)[39m
@baci/web:test: [90m    at processTicksAndRejections (node:internal/process/task_queues:103:5)[39m
@baci/web:test:     at GET [90m(/app/apps/web/[39msrc/app/api/integrations/google-merchant-center/feed/route.ts:165:20[90m)[39m
@baci/web:test:     at [90m/app/apps/web/[39msrc/app/api/integrations/google-merchant-center/feed/route.test.ts:324:24
@baci/web:test:     at [90mfile:///app/apps/web/[39mnode_modules/[4m@vitest/runner[24m/dist/index.js:915:20
@baci/web:test:
@baci/web:test: [90mstderr[2m | src/app/api/integrations/google-merchant-center/feed/route.test.ts[2m > [22m[2mGET /api/integrations/google-merchant-center/feed[2m > [22m[2mopen-redirect hardening (CodeScanning #1397)[2m > [22m[2mrejects a verified-host domain with a trailing dot (FQDN variant)
@baci/web:test: [22m[39mLEGACY_GMC_FEED_REDIRECT_ERROR: _MerchantNotFoundError: Merchant not found: ogabassey.com
@baci/web:test:     at resolveLegacyFeedTarget [90m(/app/apps/web/[39msrc/app/api/integrations/google-merchant-center/feed/route.ts:132:11[90m)[39m
@baci/web:test: [90m    at processTicksAndRejections (node:internal/process/task_queues:103:5)[39m
@baci/web:test:     at GET [90m(/app/apps/web/[39msrc/app/api/integrations/google-merchant-center/feed/route.ts:165:20[90m)[39m
@baci/web:test:     at [90m/app/apps/web/[39msrc/app/api/integrations/google-merchant-center/feed/route.test.ts:344:24
@baci/web:test:     at [90mfile:///app/apps/web/[39mnode_modules/[4m@vitest/runner[24m/dist/index.js:915:20
@baci/web:test:
@baci/web:test:  [32m✓[39m src/app/api/integrations/google-merchant-center/feed/route.test.ts [2m([22m[2m15 tests[22m[2m)[22m[32m 126[2mms[22m[39m
@baci/mobile-storefront:test: PASS lib/checkout-savings.test.ts
@baci/mobile-storefront:test: PASS schemas/customer-savings.test.ts
@baci/web:test:  [32m✓[39m src/lib/imports/bumpa/build-bumpa-order-preview.test.ts [2m([22m[2m14 tests[22m[2m)[22m[32m 85[2mms[22m[39m
baci-mobile-admin:test:  [32m✓[39m components/kyc/BvnMobileNumberField.test.tsx [2m([22m[2m3 tests[22m[2m)[22m[32m 131[2mms[22m[39m
baci-mobile-admin:test:  [32m✓[39m components/store-settings/StoreSubscriptionCard.test.tsx [2m([22m[2m2 tests[22m[2m)[22m[33m 978[2mms[22m[39m
baci-mobile-admin:test:      [33m[2m✓[22m[39m renders upgrade state and opens subscription plans [33m 861[2mms[22m[39m
@baci/mobile-storefront:test: PASS __tests__/app/receipts/index.test.tsx
baci-mobile-admin:test: [90mstdout[2m | hooks/useMerchant.test.tsx[2m > [22m[2mfetchMerchantData[2m > [22m[2mreturns the RPC merchant context when it validates
baci-mobile-admin:test: [22m[39m[Merchant] Fetching context for user: user-1
baci-mobile-admin:test:
baci-mobile-admin:test: [90mstdout[2m | hooks/useMerchant.test.tsx[2m > [22m[2mfetchMerchantData[2m > [22m[2mthrows when the RPC returns an error
baci-mobile-admin:test: [22m[39m[Merchant] Fetching context for user: user-1
baci-mobile-admin:test:
baci-mobile-admin:test: [90mstderr[2m | hooks/useMerchant.test.tsx[2m > [22m[2mfetchMerchantData[2m > [22m[2mthrows when the RPC returns an error
baci-mobile-admin:test: [22m[39m[Merchant] RPC Error: { message: [32m'JWT missing'[39m }
baci-mobile-admin:test:
baci-mobile-admin:test:  [32m✓[39m hooks/useMerchant.test.tsx [2m([22m[2m2 tests[22m[2m)[22m[32m 47[2mms[22m[39m
baci-mobile-admin:test:  [32m✓[39m components/tax/form-sync.test.ts [2m([22m[2m6 tests[22m[2m)[22m[32m 29[2mms[22m[39m
@baci/web:test: [90mstderr[2m | src/app/(storefront)/[slug]/(blog)/blog/page.test.tsx[2m > [22m[2mblog page metadata[2m > [22m[2mshows the blog listing fallback while runtime metadata and listing UI are pending
@baci/web:test: [22m[39m<BlogPageContent> is an async Client Component. Only Server Components can be async at the moment. This error is often caused by accidentally adding `'use client'` to a module that was originally written for the server.
@baci/web:test:
@baci/web:test: [90mstderr[2m | src/app/(storefront)/[slug]/(blog)/blog/page.test.tsx[2m > [22m[2mblog page metadata[2m > [22m[2mshows the blog listing fallback while runtime metadata and listing UI are pending
@baci/web:test: [22m[39mA component suspended inside an `act` scope, but the `act` call was not awaited. When testing React components that depend on asynchronous data, you must await the result:
@baci/web:test:
@baci/web:test: await act(() => ...)
@baci/web:test:
@baci/web:test: [90mstderr[2m | src/app/(storefront)/[slug]/(blog)/blog/page.test.tsx[2m > [22m[2mblog page metadata[2m > [22m[2mshows the blog listing fallback while runtime metadata and listing UI are pending
@baci/web:test: [22m[39mA suspended resource finished loading inside a test, but the event was not wrapped in act(...).
@baci/web:test:
@baci/web:test: When testing, code that resolves suspended data should be wrapped into act(...):
@baci/web:test:
@baci/web:test: act(() => {
@baci/web:test:   /* finish loading suspended data */
@baci/web:test: });
@baci/web:test: /* assert on the output */
@baci/web:test:
@baci/web:test: This ensures that you're testing the behavior the user would see in the browser. Learn more at https://react.dev/link/wrap-tests-with-act
@baci/web:test:
@baci/web:test:  [32m✓[39m src/app/(storefront)/[slug]/(blog)/blog/page.test.tsx [2m([22m[2m10 tests[22m[2m)[22m[33m 1286[2mms[22m[39m
@baci/web:test:      [33m[2m✓[22m[39m shows the blog listing fallback while runtime metadata and listing UI are pending [33m 645[2mms[22m[39m
@baci/web:test:      [33m[2m✓[22m[39m renders guide collections after the blog listing [33m 600[2mms[22m[39m
@baci/web:test: [90mstdout[2m | src/app/api/webhooks/mycover/route.test.ts[2m > [22m[2mPOST /api/webhooks/mycover[2m > [22m[2mhandles documented purchase.successful payloads with data.id purchase ids
@baci/web:test: [22m[39m[MyCover Webhook] Received: purchase.successful
@baci/web:test:
@baci/web:test: [90mstdout[2m | src/app/api/webhooks/mycover/route.test.ts[2m > [22m[2mPOST /api/webhooks/mycover[2m > [22m[2mhandles documented purchase.successful payloads with data.id purchase ids
@baci/web:test: [22m[39m[MyCover Webhook] Policy confirmed: policy-123
@baci/web:test:
@baci/web:test: [90mstdout[2m | src/app/api/webhooks/mycover/route.test.ts[2m > [22m[2mPOST /api/webhooks/mycover[2m > [22m[2mfails purchase webhooks when no stored policy row is updated
@baci/web:test: [22m[39m[MyCover Webhook] Received: purchase.successful
@baci/web:test:
@baci/web:test: [90mstderr[2m | src/app/api/webhooks/mycover/route.test.ts[2m > [22m[2mPOST /api/webhooks/mycover[2m > [22m[2mfails purchase webhooks when no stored policy row is updated
@baci/web:test: [22m[39m[MyCover Webhook] Error: Error: MyCover purchase webhook did not match a stored policy
@baci/web:test:     at handlePolicyPurchased [90m(/app/apps/web/[39msrc/app/api/webhooks/mycover/route.ts:204:11[90m)[39m
@baci/web:test:     at Module.POST [90m(/app/apps/web/[39msrc/app/api/webhooks/mycover/route.ts:131:9[90m)[39m
@baci/web:test:     at [90m/app/apps/web/[39msrc/app/api/webhooks/mycover/route.test.ts:161:22
@baci/web:test:     at [90mfile:///app/apps/web/[39mnode_modules/[4m@vitest/runner[24m/dist/index.js:915:20
@baci/web:test:
@baci/web:test: [90mstdout[2m | src/app/api/webhooks/mycover/route.test.ts[2m > [22m[2mPOST /api/webhooks/mycover[2m > [22m[2mdoes not use claim data.id as a stored policy identifier
@baci/web:test: [22m[39m[MyCover Webhook] Received: claim.approved
@baci/web:test:
@baci/web:test: [90mstdout[2m | src/app/api/webhooks/mycover/route.test.ts[2m > [22m[2mPOST /api/webhooks/mycover[2m > [22m[2mfails policy.expired webhooks when the stored policy update errors
@baci/web:test: [22m[39m[MyCover Webhook] Received: policy.expired
@baci/web:test:
@baci/web:test: [90mstderr[2m | src/app/api/webhooks/mycover/route.test.ts[2m > [22m[2mPOST /api/webhooks/mycover[2m > [22m[2mfails policy.expired webhooks when the stored policy update errors
@baci/web:test: [22m[39m[MyCover Webhook] Failed to expire policy: { error: { message: [32m'policy expiry failed'[39m }, policyId: [32m'policy-123'[39m }
@baci/web:test:
@baci/web:test: [90mstderr[2m | src/app/api/webhooks/mycover/route.test.ts[2m > [22m[2mPOST /api/webhooks/mycover[2m > [22m[2mfails policy.expired webhooks when the stored policy update errors
@baci/web:test: [22m[39m[MyCover Webhook] Error: { message: [32m'policy expiry failed'[39m }
@baci/web:test:
@baci/web:test: [90mstdout[2m | src/app/api/webhooks/mycover/route.test.ts[2m > [22m[2mPOST /api/webhooks/mycover[2m > [22m[2mfails claim webhooks when the stored policy update errors
@baci/web:test: [22m[39m[MyCover Webhook] Received: claim.approved
@baci/web:test:
@baci/web:test: [90mstderr[2m | src/app/api/webhooks/mycover/route.test.ts[2m > [22m[2mPOST /api/webhooks/mycover[2m > [22m[2mfails claim webhooks when the stored policy update errors
@baci/web:test: [22m[39m[MyCover Webhook] Failed to update claim: {
@baci/web:test:   claimId: [32m'claim-123'[39m,
@baci/web:test:   error: { message: [32m'claim update failed'[39m },
@baci/web:test:   policyId: [32m'policy-123'[39m
@baci/web:test: }
@baci/web:test:
@baci/web:test: [90mstderr[2m | src/app/api/webhooks/mycover/route.test.ts[2m > [22m[2mPOST /api/webhooks/mycover[2m > [22m[2mfails claim webhooks when the stored policy update errors
@baci/web:test: [22m[39m[MyCover Webhook] Error: { message: [32m'claim update failed'[39m }
@baci/web:test:
@baci/web:test: [90mstdout[2m | src/app/api/webhooks/mycover/route.test.ts[2m > [22m[2mPOST /api/webhooks/mycover[2m > [22m[2mhandles documented renewal.successful payloads
@baci/web:test: [22m[39m[MyCover Webhook] Received: renewal.successful
@baci/web:test:
@baci/web:test: [90mstdout[2m | src/app/api/webhooks/mycover/route.test.ts[2m > [22m[2mPOST /api/webhooks/mycover[2m > [22m[2mfails renewal webhooks when the stored policy update errors
@baci/web:test: [90mstderr[2m | src/app/api/webhooks/mycover/route.test.ts[2m > [22m[2mPOST /api/webhooks/mycover[2m > [22m[2mfails renewal webhooks when the stored policy update errors
@baci/web:test: [22m[39m[MyCover Webhook] Received: renewal.successful
@baci/web:test: [22m[39m[MyCover Webhook] Failed to renew policy: { message: [32m'policy update failed'[39m }
@baci/web:test:
@baci/web:test:
@baci/web:test: [90mstderr[2m | src/app/api/webhooks/mycover/route.test.ts[2m > [22m[2mPOST /api/webhooks/mycover[2m > [22m[2mfails renewal webhooks when the stored policy update errors
@baci/web:test: [22m[39m[MyCover Webhook] Error: { message: [32m'policy update failed'[39m }
@baci/web:test:
@baci/web:test: [90mstdout[2m | src/app/api/webhooks/mycover/route.test.ts[2m > [22m[2mPOST /api/webhooks/mycover[2m > [22m[2mresolves renewal.successful payloads that only include a renewal id
@baci/web:test: [22m[39m[MyCover Webhook] Received: renewal.successful
@baci/web:test:
@baci/web:test: [90mstdout[2m | src/app/api/webhooks/mycover/route.test.ts[2m > [22m[2mPOST /api/webhooks/mycover[2m > [22m[2muses the configured webhook secret for renewal lookups when no API secret is set
@baci/web:test: [22m[39m[MyCover Webhook] Received: renewal.successful
@baci/web:test:
@baci/web:test:  [32m✓[39m src/app/api/webhooks/mycover/route.test.ts [2m([22m[2m11 tests[22m[2m)[22m[33m 328[2mms[22m[39m
@baci/mobile-storefront:test: PASS scripts/check-route-size.test.ts
@baci/mobile-storefront:test: PASS components/payment-gateway/PaymentGatewayCheckoutView.test.tsx
baci-mobile-admin:test:  [32m✓[39m utils/order-export/buildOrderReportSummary.test.ts [2m([22m[2m2 tests[22m[2m)[22m[32m 17[2mms[22m[39m
@baci/web:test: [90mstderr[2m | src/app/api/marketplace/jumia/products/stock/route.test.ts[2m > [22m[2mPOST /api/marketplace/jumia/products/stock[2m > [22m[2mreturns 500 with generic message when mappings query fails
@baci/web:test: [22m[39m[Jumia Stock Sync] Failed to fetch mappings: { message: [32m'DB connection lost'[39m }
@baci/web:test:
@baci/web:test: [90mstderr[2m | src/app/api/marketplace/jumia/products/stock/route.test.ts[2m > [22m[2mPOST /api/marketplace/jumia/products/stock[2m > [22m[2mreturns 500 when Jumia API call fails
@baci/web:test: [22m[39m[Jumia Stock Sync] Error: Error: Jumia API timeout
@baci/web:test:     at [90m/app/apps/web/[39msrc/app/api/marketplace/jumia/products/stock/route.test.ts:354:39
@baci/web:test:     at [90mfile:///app/apps/web/[39mnode_modules/[4m@vitest/runner[24m/dist/index.js:145:11
@baci/web:test:     at [90mfile:///app/apps/web/[39mnode_modules/[4m@vitest/runner[24m/dist/index.js:915:26
@baci/web:test:     at [90mfile:///app/apps/web/[39mnode_modules/[4m@vitest/runner[24m/dist/index.js:1243:20
@baci/web:test:     at new Promise (<anonymous>)
@baci/web:test:     at runWithTimeout [90m(file:///app/apps/web/[39mnode_modules/[4m@vitest/runner[24m/dist/index.js:1209:10[90m)[39m
@baci/web:test:     at [90mfile:///app/apps/web/[39mnode_modules/[4m@vitest/runner[24m/dist/index.js:1653:37
@baci/web:test:     at Traces.$ [90m(file:///app/apps/web/[39mnode_modules/[4mvitest[24m/dist/chunks/traces.CCmnQaNT.js:142:27[90m)[39m
@baci/web:test:     at trace [90m(file:///app/apps/web/[39mnode_modules/[4mvitest[24m/dist/chunks/test.B8ej_ZHS.js:239:21[90m)[39m
@baci/web:test:     at runTest [90m(file:///app/apps/web/[39mnode_modules/[4m@vitest/runner[24m/dist/index.js:1653:12[90m)[39m
@baci/web:test:
@baci/web:test:  [32m✓[39m src/app/api/marketplace/jumia/products/stock/route.test.ts [2m([22m[2m11 tests[22m[2m)[22m[32m 128[2mms[22m[39m
baci-mobile-admin:test:  [32m✓[39m hooks/useProductEditController.test.ts [2m([22m[2m2 tests[22m[2m)[22m[32m 74[2mms[22m[39m
@baci/web:test: [90mstderr[2m | src/lib/agentic/checkout-completion-finalize.test.ts[2m > [22m[2mfinalizeAgenticCheckoutPayment[2m > [22m[2mdoes not create an order when the finalization claim is already taken
@baci/web:test: [22m[39m[2026-05-28T16:55:21.568Z] [WARN] Agentic checkout order finalization claim failed {
@baci/web:test:   message: [32m'Agentic checkout order finalization claim failed'[39m,
@baci/web:test:   sessionId: [32m'agentic_session_1'[39m
@baci/web:test: }
@baci/web:test:
@baci/mobile-storefront:test: PASS components/storefront/UtilityPanel.test.tsx
@baci/web:test: [90mstderr[2m | src/lib/agentic/checkout-completion-finalize.test.ts[2m > [22m[2mfinalizeAgenticCheckoutPayment[2m > [22m[2mreturns a database error when the finalization claim write fails
@baci/web:test: [22m[39m[2026-05-28T16:55:21.597Z] [ERROR] Agentic checkout order finalization claim write failed {
@baci/web:test:   error: [32m'{"message":"claim failed"}'[39m,
@baci/web:test:   message: [32m'Agentic checkout order finalization claim write failed'[39m,
@baci/web:test:   sessionId: [32m'agentic_session_1'[39m
@baci/web:test: }
@baci/web:test:
@baci/web:test: [90mstderr[2m | src/lib/agentic/checkout-completion-finalize.test.ts[2m > [22m[2mfinalizeAgenticCheckoutPayment[2m > [22m[2mdoes not expose internal order creation errors to agents
@baci/web:test: [22m[39m[2026-05-28T16:55:21.607Z] [ERROR] Order creation failed {
@baci/web:test:   error: [32m'database leaked payment gateway internals'[39m,
@baci/web:test:   message: [32m'Order creation failed'[39m,
@baci/web:test:   sessionId: [32m'agentic_session_1'[39m,
@baci/web:test:   status: [33m500[39m,
@baci/web:test:   statusText: [32m'Internal Server Error'[39m
@baci/web:test: }
@baci/web:test:
@baci/web:test: [90mstderr[2m | src/lib/agentic/checkout-completion-finalize.test.ts[2m > [22m[2mfinalizeAgenticCheckoutPayment[2m > [22m[2mcancels the created order and releases the claim when session finalization fails
@baci/web:test: [22m[39m[2026-05-28T16:55:21.622Z] [ERROR] Agentic checkout session payment state update failed {
@baci/web:test:   error: [32m'{"message":"update failed"}'[39m,
@baci/web:test:   message: [32m'Agentic checkout session payment state update failed'[39m,
@baci/web:test:   orderId: [32m'order-1'[39m,
@baci/web:test:   sessionId: [32m'agentic_session_1'[39m
@baci/web:test: }
@baci/web:test:
@baci/web:test: [90mstderr[2m | src/lib/agentic/checkout-completion-finalize.test.ts[2m > [22m[2mfinalizeAgenticCheckoutPayment[2m > [22m[2mcancels the created order and releases the claim when session finalization fails
@baci/web:test: [22m[39m[2026-05-28T16:55:21.628Z] [ERROR] Checkout session payment state update failed {
@baci/web:test:   error: {
@baci/web:test:     cancellationError: [1mnull[22m,
@baci/web:test:     cancellationUpdated: [33mtrue[39m,
@baci/web:test:     orderError: [32m'{"message":"update failed"}'[39m
@baci/web:test:   },
@baci/web:test:   message: [32m'Checkout session payment state update failed'[39m,
@baci/web:test:   sessionId: [32m'agentic_session_1'[39m
@baci/web:test: }
@baci/web:test:
@baci/web:test: [90mstderr[2m | src/lib/agentic/checkout-completion-finalize.test.ts[2m > [22m[2mfinalizeAgenticCheckoutPayment[2m > [22m[2mpreserves the claim when order cancellation fails after session finalization failure
@baci/web:test: [22m[39m[2026-05-28T16:55:21.633Z] [ERROR] Agentic checkout session payment state update failed {
@baci/web:test:   error: [32m'{"message":"update failed"}'[39m,
@baci/web:test:   message: [32m'Agentic checkout session payment state update failed'[39m,
@baci/web:test:   orderId: [32m'order-1'[39m,
@baci/web:test:   sessionId: [32m'agentic_session_1'[39m
@baci/web:test: }
@baci/web:test:
@baci/web:test: [90mstderr[2m | src/lib/agentic/checkout-completion-finalize.test.ts[2m > [22m[2mfinalizeAgenticCheckoutPayment[2m > [22m[2mpreserves the claim when order cancellation fails after session finalization failure
@baci/web:test: [22m[39m[2026-05-28T16:55:21.634Z] [ERROR] Checkout session payment state update failed {
@baci/web:test:   error: {
@baci/web:test:     cancellationError: [32m'{"code":"TEST_ERROR","details":"","hint":"","message":"cancellation failed","name":"PostgrestError"}'[39m,
@baci/web:test:     cancellationUpdated: [33mfalse[39m,
@baci/web:test:     orderError: [32m'{"message":"update failed"}'[39m
@baci/web:test:   },
@baci/web:test:   message: [32m'Checkout session payment state update failed'[39m,
@baci/web:test:   sessionId: [32m'agentic_session_1'[39m
@baci/web:test: }
@baci/web:test:
@baci/web:test:  [32m✓[39m src/lib/agentic/checkout-completion-finalize.test.ts [2m([22m[2m6 tests[22m[2m)[22m[32m 85[2mms[22m[39m
baci-mobile-admin:test:  [32m✓[39m app/(admin)/sales-channels.test.tsx [2m([22m[2m1 test[22m[2m)[22m[32m 180[2mms[22m[39m
baci-mobile-admin:test: [90mstdout[2m | __tests__/admin/tabs-layout.test.tsx[2m > [22m[2mTabLayout[2m > [22m[2muses bottom safe-area inset without negative shell offsets
baci-mobile-admin:test: [22m[39m[TabLayout] Rendering Debug View
baci-mobile-admin:test:
baci-mobile-admin:test:  [32m✓[39m __tests__/admin/tabs-layout.test.tsx [2m([22m[2m1 test[22m[2m)[22m[32m 147[2mms[22m[39m
@baci/mobile-storefront:test: PASS components/utilities/UtilityTransactionCard.test.tsx
@baci/mobile-storefront:test: PASS __tests__/app/saved/index.test.tsx
@baci/mobile-storefront:test: PASS lib/product-variant-metadata.test.ts
@baci/web:test:  [32m✓[39m src/app/api/storefront/products/storefront-products-route-data.test.ts [2m([22m[2m14 tests[22m[2m)[22m[32m 31[2mms[22m[39m
baci-mobile-admin:test:  [32m✓[39m scripts/android-gradle-build-config.test.ts [2m([22m[2m4 tests[22m[2m)[22m[32m 25[2mms[22m[39m
@baci/mobile-storefront:test: PASS __tests__/app/settings/index.test.tsx
@baci/mobile-storefront:test:   ● Console
@baci/mobile-storefront:test:
@baci/mobile-storefront:test:     console.log
@baci/mobile-storefront:test:       [DEBUG] [16:55:24.490] [Storage] Initializing with keys: [
@baci/mobile-storefront:test:         'cart-storage',
@baci/mobile-storefront:test:         'saved-storage',
@baci/mobile-storefront:test:         'comparison-storage',
@baci/mobile-storefront:test:         'search_history'
@baci/mobile-storefront:test:       ]
@baci/mobile-storefront:test:
@baci/mobile-storefront:test:       at Object.log [as debug] (lib/logger.ts:73:15)
@baci/mobile-storefront:test:
@baci/mobile-storefront:test:     console.log
@baci/mobile-storefront:test:       [DEBUG] [16:55:24.492] [Storage] Initialization complete
@baci/mobile-storefront:test:
@baci/mobile-storefront:test:       at Object.log [as debug] (lib/logger.ts:73:15)
@baci/mobile-storefront:test:
baci-mobile-admin:test:  [32m✓[39m components/staff/StaffAccountsTabContent.test.tsx [2m([22m[2m2 tests[22m[2m)[22m[33m 825[2mms[22m[39m
baci-mobile-admin:test:      [33m[2m✓[22m[39m renders the empty staff account state [33m 795[2mms[22m[39m
@baci/web:test:  [32m✓[39m src/app/(storefront)/[slug]/(blog)/blog/[postSlug]/BlogPostBody.test.tsx [2m([22m[2m7 tests[22m[2m)[22m[33m 2073[2mms[22m[39m
@baci/web:test:      [33m[2m✓[22m[39m renders the structured JSON branch with tags and related posts [33m 1159[2mms[22m[39m
@baci/mobile-storefront:test: PASS components/navigation/RootLayoutNav.test.tsx
@baci/web:test:  [32m✓[39m src/components/storefront/ogabassey/pages/checkout/components/DvaModal.test.tsx [2m([22m[2m22 tests[22m[2m)[22m[33m 2306[2mms[22m[39m
@baci/web:test:        [33m[2m✓[22m[39m renders copy button for account number when text is not copied [33m 581[2mms[22m[39m
baci-mobile-admin:test:  [32m✓[39m components/product/ProductStatusCard.test.tsx [2m([22m[2m2 tests[22m[2m)[22m[33m 843[2mms[22m[39m
baci-mobile-admin:test:      [33m[2m✓[22m[39m reports switch changes and renders the active status copy [33m 778[2mms[22m[39m
baci-mobile-admin:test:  [32m✓[39m components/transactions/TransactionsSummary.test.tsx [2m([22m[2m1 test[22m[2m)[22m[33m 591[2mms[22m[39m
baci-mobile-admin:test:      [33m[2m✓[22m[39m renders paid and missing-cost summary cards as selectable tabs [33m 579[2mms[22m[39m
@baci/mobile-storefront:test: PASS components/utilities/BeneficiaryList.test.tsx
@baci/mobile-storefront:test: PASS components/auth/LoginEmailStep.test.tsx
@baci/mobile-storefront:test: PASS lib/push-token-storage.test.ts
@baci/web:test:  [32m✓[39m src/app/robots.test.ts [2m([22m[2m19 tests[22m[2m)[22m[32m 112[2mms[22m[39m
@baci/web:test: [90mstderr[2m | src/app/api/storefront/orders/route.test.ts[2m > [22m[2mGET /api/storefront/orders[2m > [22m[2mreturns 500 when the orders query fails
@baci/web:test: [22m[39mOrders fetch error: { message: [32m'boom'[39m }
@baci/web:test:
@baci/web:test:  [32m✓[39m src/app/api/storefront/orders/route.test.ts [2m([22m[2m8 tests[22m[2m)[22m[32m 100[2mms[22m[39m
@baci/mobile-storefront:test: PASS __tests__/app/utilities/[type].shell.test.tsx
baci-mobile-admin:test:  [32m✓[39m lib/product-matching.test.ts [2m([22m[2m7 tests[22m[2m)[22m[32m 12[2mms[22m[39m
@baci/mobile-storefront:test: PASS components/chat/ChatWidget.test.tsx
baci-mobile-admin:test:  [32m✓[39m components/expenses/ExpenseCategorySheet.test.tsx [2m([22m[2m2 tests[22m[2m)[22m[33m 843[2mms[22m[39m
baci-mobile-admin:test:      [33m[2m✓[22m[39m renders categories and closes after selecting one [33m 830[2mms[22m[39m
@baci/web:test: [90mstderr[2m | src/lib/agentic/idempotency.test.ts[2m > [22m[2magentic idempotency[2m > [22m[2mreturns reservation failure when stale reservation reclaim fails
@baci/web:test: [22m[39m[2026-05-28T16:55:30.123Z] [WARN] Failed to reclaim stale agentic idempotency reservation {
@baci/web:test:   message: [32m'Failed to reclaim stale agentic idempotency reservation'[39m,
@baci/web:test:   error: { code: [32m'PGRST000'[39m, message: [32m'database unavailable'[39m },
@baci/web:test:   merchantId: [32m'merchant-1'[39m,
@baci/web:test:   route: [32m'checkout_sessions.create'[39m
@baci/web:test: }
@baci/web:test:
@baci/web:test: [90mstderr[2m | src/lib/agentic/idempotency.test.ts[2m > [22m[2magentic idempotency[2m > [22m[2mreturns reservation failure when the existing record lookup fails
@baci/web:test: [22m[39m[2026-05-28T16:55:30.126Z] [ERROR] Failed to load existing agentic idempotency record {
@baci/web:test:   message: [32m'Failed to load existing agentic idempotency record'[39m,
@baci/web:test:   error: { code: [32m'PGRST000'[39m, message: [32m'lookup failed'[39m },
@baci/web:test:   merchantId: [32m'merchant-1'[39m,
@baci/web:test:   route: [32m'checkout_sessions.create'[39m
@baci/web:test: }
@baci/web:test:
@baci/web:test:  [32m✓[39m src/lib/agentic/idempotency.test.ts [2m([22m[2m10 tests[22m[2m)[22m[32m 80[2mms[22m[39m
@baci/mobile-storefront:test: PASS components/wallet/savings/StartSavingsTransferModal.test.tsx
@baci/web:test:  [32m✓[39m src/app/agent-commerce.json/route.test.ts [2m([22m[2m10 tests[22m[2m)[22m[33m 956[2mms[22m[39m
@baci/web:test:      [33m[2m✓[22m[39m returns Ogabassey agent commerce capabilities for the custom domain [33m 477[2mms[22m[39m
@baci/mobile-storefront:test: PASS hooks/use-vtu-history.test.ts
baci-mobile-admin:test:  [32m✓[39m components/staff/StaffAccountsStatusShell.test.tsx [2m([22m[2m3 tests[22m[2m)[22m[33m 631[2mms[22m[39m
baci-mobile-admin:test:      [33m[2m✓[22m[39m retries loading data from the error state [33m 504[2mms[22m[39m
baci-mobile-admin:test:  [32m✓[39m components/product/ProductPricingCard.test.tsx [2m([22m[2m2 tests[22m[2m)[22m[33m 341[2mms[22m[39m
@baci/mobile-storefront:test: PASS __tests__/app/notifications.test.tsx
@baci/web:test:  [32m✓[39m src/scripts/process-ai-storefront-jobs.test.ts [2m([22m[2m12 tests[22m[2m)[22m[32m 117[2mms[22m[39m
@baci/mobile-storefront:test: PASS components/imei-check/resolve-imei-check-failure.test.ts
baci-mobile-admin:test:  [32m✓[39m lib/product-picker-variant-rows.test.ts [2m([22m[2m3 tests[22m[2m)[22m[32m 22[2mms[22m[39m
@baci/mobile-storefront:test: PASS components/product/StickyBottomActions.test.tsx
@baci/web:test:  [32m✓[39m src/components/dashboard/agentic-action-center-card-helpers.test.ts [2m([22m[2m21 tests[22m[2m)[22m[32m 76[2mms[22m[39m
@baci/web:test:  [32m✓[39m src/lib/shipping/book-order-shipment.test.ts [2m([22m[2m10 tests[22m[2m)[22m[32m 75[2mms[22m[39m
@baci/mobile-storefront:test: PASS __tests__/app/quiz/index.test.tsx
@baci/web:test:  [32m✓[39m src/components/storefront/ogabassey/components/HomeProductGrid.test.tsx [2m([22m[2m9 tests[22m[2m)[22m[33m 1236[2mms[22m[39m
@baci/web:test:      [33m[2m✓[22m[39m limits the initial home feed to the configured display count [33m 706[2mms[22m[39m
baci-mobile-admin:test:  [32m✓[39m components/ui/date-range-picker/DateRangePickerPresetPanel.test.tsx [2m([22m[2m2 tests[22m[2m)[22m[33m 904[2mms[22m[39m
baci-mobile-admin:test:      [33m[2m✓[22m[39m routes preset and clear actions [33m 673[2mms[22m[39m
@baci/mobile-storefront:test: PASS components/wallet/savings/start-savings.helpers.test.ts
baci-mobile-admin:test:  [32m✓[39m hooks/useOrderDetailsBackHandler.test.ts [2m([22m[2m2 tests[22m[2m)[22m[32m 109[2mms[22m[39m
baci-mobile-admin:test:  [32m✓[39m components/product/PriceInput.test.tsx [2m([22m[2m2 tests[22m[2m)[22m[32m 250[2mms[22m[39m
@baci/web:test:  [32m✓[39m src/app/agent-trust.json/route.test.ts [2m([22m[2m6 tests[22m[2m)[22m[33m 756[2mms[22m[39m
@baci/web:test:      [33m[2m✓[22m[39m returns public trust readiness for storefront hosts [33m 513[2mms[22m[39m
@baci/mobile-storefront:test: PASS __tests__/app/product/[slug].variants-stock.test.tsx
@baci/mobile-storefront:test:   ● Console
@baci/mobile-storefront:test:
@baci/mobile-storefront:test:     console.debug
@baci/mobile-storefront:test:       [AdTracking] Native modules ignored or failed to load: Invariant Violation: `new NativeEventEmitter()` requires a non-null argument.
@baci/mobile-storefront:test:           at invariant (/app/node_modules/invariant/invariant.js:40:15)
@baci/mobile-storefront:test:           at new NativeEventEmitter (/app/node_modules/react-native/Libraries/EventEmitter/NativeEventEmitter.js:57:16)
@baci/mobile-storefront:test:           at Object.<anonymous> (/app/node_modules/react-native-fbsdk-next/src/FBAccessToken.ts:26:22)
@baci/mobile-storefront:test:           at Runtime._execModule (/app/node_modules/jest-runtime/build/index.js:1439:24)
@baci/mobile-storefront:test:           at Runtime._loadModule (/app/node_modules/jest-runtime/build/index.js:1022:12)
@baci/mobile-storefront:test:           at Runtime.requireModule (/app/node_modules/jest-runtime/build/index.js:882:12)
@baci/mobile-storefront:test:           at Runtime.requireModuleOrMock (/app/node_modules/jest-runtime/build/index.js:1048:21)
@baci/mobile-storefront:test:           at Object.require (/app/node_modules/react-native-fbsdk-next/src/index.ts:23:1)
@baci/mobile-storefront:test:           at Runtime._execModule (/app/node_modules/jest-runtime/build/index.js:1439:24)
@baci/mobile-storefront:test:           at Runtime._loadModule (/app/node_modules/jest-runtime/build/index.js:1022:12)
@baci/mobile-storefront:test:           at Runtime.requireModule (/app/node_modules/jest-runtime/build/index.js:882:12)
@baci/mobile-storefront:test:           at Runtime.requireModuleOrMock (/app/node_modules/jest-runtime/build/index.js:1048:21)
@baci/mobile-storefront:test:           at require (/app/apps/mobile-storefront/services/ad-tracking-native-modules.ts:66:40)
@baci/mobile-storefront:test:           at async Promise.all (index 0) {
@baci/mobile-storefront:test:         framesToPop: 1
@baci/mobile-storefront:test:       }
@baci/mobile-storefront:test:
@baci/mobile-storefront:test:       at debug (services/ad-tracking-native-modules.ts:77:13)
@baci/mobile-storefront:test:           at Generator.throw (<anonymous>)
@baci/mobile-storefront:test:
@baci/web:test:  [32m✓[39m src/lib/storefront-category/build-category-hub-model.test.ts [2m([22m[2m8 tests[22m[2m)[22m[32m 87[2mms[22m[39m
@baci/web:test: [90mstderr[2m | src/app/api/edge-config/sync/route.test.ts[2m > [22m[2mPOST /api/edge-config/sync[2m > [22m[2mreturns 500 when no sync token is configured
@baci/web:test: [22m[39m[Edge Config Sync] No authorization token configured (EDGE_CONFIG_SYNC_SECRET or VERCEL_API_TOKEN)
@baci/web:test:
@baci/web:test: [90mstderr[2m | src/app/api/edge-config/sync/route.test.ts[2m > [22m[2mPOST /api/edge-config/sync[2m > [22m[2mreturns 500 when VERCEL_API_TOKEN is absent even if EDGE_CONFIG_SYNC_SECRET is valid
@baci/web:test: [22m[39m[Edge Config Sync] VERCEL_API_TOKEN is required for Vercel API calls
@baci/web:test:
@baci/web:test: [90mstderr[2m | src/app/api/edge-config/sync/route.test.ts[2m > [22m[2mPOST /api/edge-config/sync[2m > [22m[2mreturns 500 when fetching domains fails
@baci/web:test: [22m[39m[Edge Config Sync] Supabase error: { message: [32m'db failed'[39m }
@baci/web:test:
@baci/web:test: [90mstderr[2m | src/app/api/edge-config/sync/route.test.ts[2m > [22m[2mPOST /api/edge-config/sync[2m > [22m[2mreturns 500 when existing Edge Config items response shape is invalid
@baci/web:test: [22m[39m[Edge Config Sync] Unexpected response shape from Edge Config items API {}
@baci/web:test:
@baci/web:test: [90mstderr[2m | src/app/api/edge-config/sync/route.test.ts[2m > [22m[2mPOST /api/edge-config/sync[2m > [22m[2mreturns 500 when fetching existing Edge Config items fails
@baci/web:test: [22m[39m[Edge Config Sync] Failed to fetch existing Edge Config items: upstream unavailable
@baci/web:test:
@baci/web:test: [90mstderr[2m | src/app/api/edge-config/sync/route.test.ts[2m > [22m[2mPOST /api/edge-config/sync[2m > [22m[2mreturns 500 when patching Edge Config items fails
@baci/web:test: [22m[39m[Edge Config Sync] Vercel API error: patch failed
@baci/web:test:
@baci/web:test:  [32m✓[39m src/app/api/edge-config/sync/route.test.ts [2m([22m[2m10 tests[22m[2m)[22m[32m 89[2mms[22m[39m
baci-mobile-admin:test:  [32m✓[39m components/orders/OrderDetailsShippingSection.test.tsx [2m([22m[2m2 tests[22m[2m)[22m[32m 150[2mms[22m[39m
@baci/mobile-storefront:test: PASS components/wallet/savings/StartSavingsScreen.auto-debit.test.tsx
@baci/web:test:  [32m✓[39m src/app/(storefront)/[slug]/(blog)/blog/[...catchAll]/page.test.tsx [2m([22m[2m10 tests[22m[2m)[22m[32m 35[2mms[22m[39m
@baci/mobile-storefront:test: PASS components/utilities/use-next-step-scroll.test.ts
@baci/mobile-storefront:test:   ● Console
@baci/mobile-storefront:test:
@baci/mobile-storefront:test:     console.warn
@baci/mobile-storefront:test:       InteractionManager has been deprecated and will be removed in a future release. Please refactor long tasks into smaller ones, and  use 'requestIdleCallback' instead.
@baci/mobile-storefront:test:
@baci/mobile-storefront:test:       38 |     });
@baci/mobile-storefront:test:       39 |     jest
@baci/mobile-storefront:test:     > 40 |       .spyOn(InteractionManager, 'runAfterInteractions')
@baci/mobile-storefront:test:          |              ^
@baci/mobile-storefront:test:       41 |       .mockImplementation((callback) => {
@baci/mobile-storefront:test:       42 |         const handle = mockRunAfterInteractions(callback as () => void);
@baci/mobile-storefront:test:       43 |         return handle as unknown as ReturnType<
@baci/mobile-storefront:test:
@baci/mobile-storefront:test:       at warn (../../node_modules/react-native/Libraries/Utilities/warnOnce.js:27:11)
@baci/mobile-storefront:test:       at Object.warnOnce [as InteractionManager] (../../node_modules/react-native/index.js:236:5)
@baci/mobile-storefront:test:       at Object.InteractionManager (components/utilities/use-next-step-scroll.test.ts:40:14)
@baci/mobile-storefront:test:
baci-mobile-admin:test:  [32m✓[39m components/kyc/DateOfBirthPicker.test.tsx [2m([22m[2m2 tests[22m[2m)[22m[32m 175[2mms[22m[39m
@baci/mobile-storefront:test: PASS lib/quiz-fingerprint.test.ts
baci-mobile-admin:test:  [32m✓[39m components/orders/DuplicateCustomerBanner.test.tsx [2m([22m[2m1 test[22m[2m)[22m[33m 732[2mms[22m[39m
baci-mobile-admin:test:      [33m[2m✓[22m[39m reuses the duplicate customer and resets the create flow [33m 719[2mms[22m[39m
@baci/web:test: [90mstderr[2m | src/app/api/places/autocomplete/route.test.ts[2m > [22m[2mGET /api/places/autocomplete[2m > [22m[2mreturns error status when Google API returns non-ok response
@baci/web:test: [22m[39m[Places API] Error response: [33m403[39m Invalid API key
@baci/web:test:
@baci/web:test: [90mstderr[2m | src/app/api/places/autocomplete/route.test.ts[2m > [22m[2mGET /api/places/autocomplete[2m > [22m[2mreturns error when Google API returns 400 bad request
@baci/web:test: [22m[39m[Places API] Error response: [33m400[39m Bad request: invalid input
@baci/web:test:
@baci/web:test: [90mstderr[2m | src/app/api/places/autocomplete/route.test.ts[2m > [22m[2mGET /api/places/autocomplete[2m > [22m[2mreturns 500 on network/fetch error
@baci/web:test: [22m[39m[Places API] Autocomplete error: Error: Network error
@baci/web:test:     at [90m/app/apps/web/[39msrc/app/api/places/autocomplete/route.test.ts:267:37
@baci/web:test:     at [90mfile:///app/apps/web/[39mnode_modules/[4m@vitest/runner[24m/dist/index.js:145:11
@baci/web:test:     at [90mfile:///app/apps/web/[39mnode_modules/[4m@vitest/runner[24m/dist/index.js:915:26
@baci/web:test:     at [90mfile:///app/apps/web/[39mnode_modules/[4m@vitest/runner[24m/dist/index.js:1243:20
@baci/web:test:     at new Promise (<anonymous>)
@baci/web:test:     at runWithTimeout [90m(file:///app/apps/web/[39mnode_modules/[4m@vitest/runner[24m/dist/index.js:1209:10[90m)[39m
@baci/web:test:     at [90mfile:///app/apps/web/[39mnode_modules/[4m@vitest/runner[24m/dist/index.js:1653:37
@baci/web:test:     at Traces.$ [90m(file:///app/apps/web/[39mnode_modules/[4mvitest[24m/dist/chunks/traces.CCmnQaNT.js:142:27[90m)[39m
@baci/web:test:     at trace [90m(file:///app/apps/web/[39mnode_modules/[4mvitest[24m/dist/chunks/test.B8ej_ZHS.js:239:21[90m)[39m
@baci/web:test:     at runTest [90m(file:///app/apps/web/[39mnode_modules/[4m@vitest/runner[24m/dist/index.js:1653:12[90m)[39m
@baci/web:test:
@baci/web:test: [90mstderr[2m | src/app/api/places/autocomplete/route.test.ts[2m > [22m[2mGET /api/places/autocomplete[2m > [22m[2mretries on ECONNRESET error and eventually returns 500
@baci/web:test: [22m[39m[Places API] Fetch failed, retrying... (2 left)
@baci/web:test:
baci-mobile-admin:test:  [32m✓[39m components/ui/date-range-picker/dateRangePickerHelpers.test.ts [2m([22m[2m5 tests[22m[2m)[22m[32m 21[2mms[22m[39m
@baci/mobile-storefront:test: PASS components/checkout/CheckoutFormField.test.tsx
@baci/web:test: [90mstderr[2m | src/app/api/places/autocomplete/route.test.ts[2m > [22m[2mGET /api/places/autocomplete[2m > [22m[2mretries on ECONNRESET error and eventually returns 500
@baci/web:test: [22m[39m[Places API] Fetch failed, retrying... (1 left)
@baci/web:test:
@baci/mobile-storefront:test: PASS lib/supabase.test.ts
@baci/mobile-storefront:test: PASS components/wallet/savings/StartSavingsProductFields.test.tsx
@baci/web:test:  [32m✓[39m src/app/admin/blog/blog-api.test.ts [2m([22m[2m12 tests[22m[2m)[22m[32m 97[2mms[22m[39m
@baci/web:test: [90mstderr[2m | src/app/api/cron/vtu-cashback-summaries/route.test.ts[2m > [22m[2mGET /api/cron/vtu-cashback-summaries[2m > [22m[2mreturns 500 when loading cashback rows fails
@baci/web:test: [22m[39mFailed to load VTU cashback summary rows: { error: [32m'DB error'[39m, period: [32m'2026-03'[39m }
@baci/web:test:
@baci/web:test: [90mstderr[2m | src/app/api/cron/vtu-cashback-summaries/route.test.ts[2m > [22m[2mGET /api/cron/vtu-cashback-summaries[2m > [22m[2mreports summary failures when marking rows fails after notifying
@baci/web:test: [22m[39mFailed to mark VTU cashback summary rows: {
@baci/web:test:   error: [32m'1 summary row updates failed: mark failed'[39m,
@baci/web:test:   period: [32m'2026-03'[39m,
@baci/web:test:   transactionCount: [33m1[39m,
@baci/web:test:   transactionSample: [ [32m'tx-1'[39m ]
@baci/web:test: }
@baci/web:test:
@baci/web:test:  [32m✓[39m src/app/api/cron/vtu-cashback-summaries/route.test.ts [2m([22m[2m10 tests[22m[2m)[22m[32m 169[2mms[22m[39m
@baci/web:test: [90mstderr[2m | src/app/api/places/autocomplete/route.test.ts[2m > [22m[2mGET /api/places/autocomplete[2m > [22m[2mretries on ECONNRESET error and eventually returns 500
@baci/web:test: [22m[39m[Places API] Autocomplete error: Error: fetch failed: ECONNRESET
@baci/web:test:     at [90m/app/apps/web/[39msrc/app/api/places/autocomplete/route.test.ts:279:29
@baci/web:test:     at [90mfile:///app/apps/web/[39mnode_modules/[4m@vitest/runner[24m/dist/index.js:145:11
@baci/web:test:     at [90mfile:///app/apps/web/[39mnode_modules/[4m@vitest/runner[24m/dist/index.js:915:26
@baci/web:test:     at [90mfile:///app/apps/web/[39mnode_modules/[4m@vitest/runner[24m/dist/index.js:1243:20
@baci/web:test:     at new Promise (<anonymous>)
@baci/web:test:     at runWithTimeout [90m(file:///app/apps/web/[39mnode_modules/[4m@vitest/runner[24m/dist/index.js:1209:10[90m)[39m
@baci/web:test:     at [90mfile:///app/apps/web/[39mnode_modules/[4m@vitest/runner[24m/dist/index.js:1653:37
@baci/web:test:     at Traces.$ [90m(file:///app/apps/web/[39mnode_modules/[4mvitest[24m/dist/chunks/traces.CCmnQaNT.js:142:27[90m)[39m
@baci/web:test:     at trace [90m(file:///app/apps/web/[39mnode_modules/[4mvitest[24m/dist/chunks/test.B8ej_ZHS.js:239:21[90m)[39m
@baci/web:test:     at runTest [90m(file:///app/apps/web/[39mnode_modules/[4m@vitest/runner[24m/dist/index.js:1653:12[90m)[39m
@baci/web:test:
@baci/web:test: [90mstderr[2m | src/app/api/places/autocomplete/route.test.ts[2m > [22m[2mGET /api/places/autocomplete[2m > [22m[2msucceeds after retry on transient error
@baci/web:test: [22m[39m[Places API] Fetch failed, retrying... (2 left)
@baci/web:test:
@baci/mobile-storefront:test: PASS lib/get-quiz-device-fingerprint.test.ts
baci-mobile-admin:test:  [32m✓[39m components/paywall/PaywallPackageList.test.tsx [2m([22m[2m1 test[22m[2m)[22m[33m 636[2mms[22m[39m
baci-mobile-admin:test:      [33m[2m✓[22m[39m shows computed annual savings and selects tapped package [33m 632[2mms[22m[39m
@baci/web:test:  [32m✓[39m src/app/api/places/autocomplete/route.test.ts [2m([22m[2m14 tests[22m[2m)[22m[33m 2129[2mms[22m[39m
@baci/web:test:      [33m[2m✓[22m[39m retries on ECONNRESET error and eventually returns 500 [33m 1512[2mms[22m[39m
@baci/web:test:      [33m[2m✓[22m[39m succeeds after retry on transient error [33m 518[2mms[22m[39m
@baci/mobile-storefront:test: PASS lib/quiz-integrity.test.ts
@baci/mobile-storefront:test: PASS lib/wallet-funding-account.test.ts
baci-mobile-admin:test:  [32m✓[39m components/blog-editor/create-editor-html.test.ts [2m([22m[2m4 tests[22m[2m)[22m[32m 228[2mms[22m[39m
baci-mobile-admin:test: [90mstdout[2m | components/domains/domain-api-helpers.test.ts
baci-mobile-admin:test: [22m[39m[Diagnostic] Base API URL forced to: "https://usebaci.com"
baci-mobile-admin:test: [Diagnostic] Final computed API URL: "https://usebaci.com/api"
baci-mobile-admin:test:
baci-mobile-admin:test:  [32m✓[39m components/domains/domain-api-helpers.test.ts [2m([22m[2m6 tests[22m[2m)[22m[32m 20[2mms[22m[39m
baci-mobile-admin:test:  [32m✓[39m components/auth/BusinessTypeSelector.test.tsx [2m([22m[2m2 tests[22m[2m)[22m[32m 289[2mms[22m[39m
@baci/mobile-storefront:test: PASS components/imei-check/imei-check-form-view.test.tsx
@baci/web:test:  [32m✓[39m src/lib/juicyway/payments.test.ts [2m([22m[2m22 tests[22m[2m)[22m[32m 81[2mms[22m[39m
@baci/web:test:  [32m✓[39m src/lib/import-jobs/run-claimed-import-job.validation.test.ts [2m([22m[2m4 tests[22m[2m)[22m[32m 54[2mms[22m[39m
@baci/mobile-storefront:test: PASS __tests__/app/product/[slug].variants-cart.test.tsx
@baci/mobile-storefront:test:   ● Console
@baci/mobile-storefront:test:
@baci/mobile-storefront:test:     console.debug
@baci/mobile-storefront:test:       [AdTracking] Native modules ignored or failed to load: Invariant Violation: `new NativeEventEmitter()` requires a non-null argument.
@baci/mobile-storefront:test:           at invariant (/app/node_modules/invariant/invariant.js:40:15)
@baci/mobile-storefront:test:           at new NativeEventEmitter (/app/node_modules/react-native/Libraries/EventEmitter/NativeEventEmitter.js:57:16)
@baci/mobile-storefront:test:           at Object.<anonymous> (/app/node_modules/react-native-fbsdk-next/src/FBAccessToken.ts:26:22)
@baci/mobile-storefront:test:           at Runtime._execModule (/app/node_modules/jest-runtime/build/index.js:1439:24)
@baci/mobile-storefront:test:           at Runtime._loadModule (/app/node_modules/jest-runtime/build/index.js:1022:12)
@baci/mobile-storefront:test:           at Runtime.requireModule (/app/node_modules/jest-runtime/build/index.js:882:12)
@baci/mobile-storefront:test:           at Runtime.requireModuleOrMock (/app/node_modules/jest-runtime/build/index.js:1048:21)
@baci/mobile-storefront:test:           at Object.require (/app/node_modules/react-native-fbsdk-next/src/index.ts:23:1)
@baci/mobile-storefront:test:           at Runtime._execModule (/app/node_modules/jest-runtime/build/index.js:1439:24)
@baci/mobile-storefront:test:           at Runtime._loadModule (/app/node_modules/jest-runtime/build/index.js:1022:12)
@baci/mobile-storefront:test:           at Runtime.requireModule (/app/node_modules/jest-runtime/build/index.js:882:12)
@baci/mobile-storefront:test:           at Runtime.requireModuleOrMock (/app/node_modules/jest-runtime/build/index.js:1048:21)
@baci/mobile-storefront:test:           at require (/app/apps/mobile-storefront/services/ad-tracking-native-modules.ts:66:40)
@baci/mobile-storefront:test:           at async Promise.all (index 0) {
@baci/mobile-storefront:test:         framesToPop: 1
@baci/mobile-storefront:test:       }
@baci/mobile-storefront:test:
@baci/mobile-storefront:test:       at debug (services/ad-tracking-native-modules.ts:77:13)
@baci/mobile-storefront:test:           at Generator.throw (<anonymous>)
@baci/mobile-storefront:test:
@baci/web:test:  [32m✓[39m src/app/api/orders/[id]/generate-dva/route.test.ts [2m([22m[2m8 tests[22m[2m)[22m[32m 108[2mms[22m[39m
baci-mobile-admin:test: [90mstderr[2m | hooks/useBlogEditor.load.test.tsx[2m > [22m[2museBlogEditor load state[2m > [22m[2mretries loading after an initial fetch failure
baci-mobile-admin:test: [22m[39mError: Failed to load content
baci-mobile-admin:test:     at [90m/app/apps/mobile-admin/[39mhooks/useBlogEditor.load.test.tsx:48:16
baci-mobile-admin:test:     at file:///app/node_modules/[4m@vitest/runner[24m/dist/chunk-artifact.js:302:11
baci-mobile-admin:test:     at file:///app/node_modules/[4m@vitest/runner[24m/dist/chunk-artifact.js:1903:26
baci-mobile-admin:test:     at file:///app/node_modules/[4m@vitest/runner[24m/dist/chunk-artifact.js:2326:20
baci-mobile-admin:test:     at new Promise (<anonymous>)
baci-mobile-admin:test:     at runWithCancel (file:///app/node_modules/[4m@vitest/runner[24m/dist/chunk-artifact.js:2323:10)
baci-mobile-admin:test:     at file:///app/node_modules/[4m@vitest/runner[24m/dist/chunk-artifact.js:2305:20
baci-mobile-admin:test:     at new Promise (<anonymous>)
baci-mobile-admin:test:     at runWithTimeout (file:///app/node_modules/[4m@vitest/runner[24m/dist/chunk-artifact.js:2272:10)
baci-mobile-admin:test:     at file:///app/node_modules/[4m@vitest/runner[24m/dist/chunk-artifact.js:2955:64
baci-mobile-admin:test:
baci-mobile-admin:test:  [32m✓[39m hooks/useBlogEditor.load.test.tsx [2m([22m[2m3 tests[22m[2m)[22m[32m 283[2mms[22m[39m
@baci/mobile-storefront:test: PASS components/checkout/SavedAddressOptions.test.tsx
baci-mobile-admin:test:  [32m✓[39m components/product/product-edit.helpers.test.ts [2m([22m[2m5 tests[22m[2m)[22m[32m 14[2mms[22m[39m
baci-mobile-admin:test: [90mstderr[2m | utils/SubscriptionManagement.test.ts[2m > [22m[2mSubscriptionManagement[2m > [22m[2mreturns false and alerts when direct and fallback flows fail
baci-mobile-admin:test: [22m[39mFailed to open subscription management: Error: failed
baci-mobile-admin:test:     at [90m/app/apps/mobile-admin/[39mutils/SubscriptionManagement.test.ts:63:37
baci-mobile-admin:test:     at file:///app/node_modules/[4m@vitest/runner[24m/dist/chunk-artifact.js:302:11
baci-mobile-admin:test:     at file:///app/node_modules/[4m@vitest/runner[24m/dist/chunk-artifact.js:1903:26
baci-mobile-admin:test:     at file:///app/node_modules/[4m@vitest/runner[24m/dist/chunk-artifact.js:2326:20
baci-mobile-admin:test:     at new Promise (<anonymous>)
baci-mobile-admin:test:     at runWithCancel (file:///app/node_modules/[4m@vitest/runner[24m/dist/chunk-artifact.js:2323:10)
baci-mobile-admin:test:     at file:///app/node_modules/[4m@vitest/runner[24m/dist/chunk-artifact.js:2305:20
baci-mobile-admin:test:     at new Promise (<anonymous>)
baci-mobile-admin:test:     at runWithTimeout (file:///app/node_modules/[4m@vitest/runner[24m/dist/chunk-artifact.js:2272:10)
baci-mobile-admin:test:     at file:///app/node_modules/[4m@vitest/runner[24m/dist/chunk-artifact.js:2955:64
baci-mobile-admin:test:
baci-mobile-admin:test: [90mstderr[2m | utils/SubscriptionManagement.test.ts[2m > [22m[2mSubscriptionManagement[2m > [22m[2mreturns false and alerts when direct and fallback flows fail
baci-mobile-admin:test: [22m[39mFallback also failed: Error: fallback failed
baci-mobile-admin:test:     at [90m/app/apps/mobile-admin/[39mutils/SubscriptionManagement.test.ts:64:42
baci-mobile-admin:test:     at file:///app/node_modules/[4m@vitest/runner[24m/dist/chunk-artifact.js:302:11
baci-mobile-admin:test:     at file:///app/node_modules/[4m@vitest/runner[24m/dist/chunk-artifact.js:1903:26
baci-mobile-admin:test:     at file:///app/node_modules/[4m@vitest/runner[24m/dist/chunk-artifact.js:2326:20
baci-mobile-admin:test:     at new Promise (<anonymous>)
baci-mobile-admin:test:     at runWithCancel (file:///app/node_modules/[4m@vitest/runner[24m/dist/chunk-artifact.js:2323:10)
baci-mobile-admin:test:     at file:///app/node_modules/[4m@vitest/runner[24m/dist/chunk-artifact.js:2305:20
baci-mobile-admin:test:     at new Promise (<anonymous>)
baci-mobile-admin:test:     at runWithTimeout (file:///app/node_modules/[4m@vitest/runner[24m/dist/chunk-artifact.js:2272:10)
baci-mobile-admin:test:     at file:///app/node_modules/[4m@vitest/runner[24m/dist/chunk-artifact.js:2955:64
baci-mobile-admin:test:
baci-mobile-admin:test:  [32m✓[39m utils/SubscriptionManagement.test.ts [2m([22m[2m4 tests[22m[2m)[22m[32m 44[2mms[22m[39m
@baci/mobile-storefront:test: PASS lib/QueryProvider.test.tsx
baci-mobile-admin:test:  [32m✓[39m components/settings/SocialMediaInput.test.tsx [2m([22m[2m1 test[22m[2m)[22m[32m 191[2mms[22m[39m
@baci/mobile-storefront:test: PASS components/storefront/Header.test.tsx
@baci/web:test:  [32m✓[39m src/lib/storage.test.ts [2m([22m[2m17 tests[22m[2m)[22m[32m 55[2mms[22m[39m
@baci/mobile-storefront:test: PASS lib/customer-savings.errors.test.ts
@baci/mobile-storefront:test: PASS lib/storefront-product-variants.test.ts
baci-mobile-admin:test:  [32m✓[39m hooks/useOrders.test.ts [2m([22m[2m1 test[22m[2m)[22m[32m 17[2mms[22m[39m
@baci/web:test: [90mstderr[2m | src/components/storefront/ogabassey/components/chat/use-ogabassey-chat.test.ts[2m > [22m[2museOgabasseyChat - handleSend[2m > [22m[2mhandles fetch error gracefully and adds error message
@baci/web:test: [22m[39mChat error: Error: Network error
@baci/web:test:     at [90m/app/apps/web/[39msrc/components/storefront/ogabassey/components/chat/use-ogabassey-chat.test.ts:225:7
@baci/web:test:     at [90mfile:///app/apps/web/[39mnode_modules/[4m@vitest/runner[24m/dist/index.js:145:11
@baci/web:test:     at [90mfile:///app/apps/web/[39mnode_modules/[4m@vitest/runner[24m/dist/index.js:915:26
@baci/web:test:     at [90mfile:///app/apps/web/[39mnode_modules/[4m@vitest/runner[24m/dist/index.js:1243:20
@baci/web:test:     at new Promise (<anonymous>)
@baci/web:test:     at runWithTimeout [90m(file:///app/apps/web/[39mnode_modules/[4m@vitest/runner[24m/dist/index.js:1209:10[90m)[39m
@baci/web:test:     at [90mfile:///app/apps/web/[39mnode_modules/[4m@vitest/runner[24m/dist/index.js:1653:37
@baci/web:test:     at Traces.$ [90m(file:///app/apps/web/[39mnode_modules/[4mvitest[24m/dist/chunks/traces.CCmnQaNT.js:142:27[90m)[39m
@baci/web:test:     at trace [90m(file:///app/apps/web/[39mnode_modules/[4mvitest[24m/dist/chunks/test.B8ej_ZHS.js:239:21[90m)[39m
@baci/web:test:     at runTest [90m(file:///app/apps/web/[39mnode_modules/[4m@vitest/runner[24m/dist/index.js:1653:12[90m)[39m
@baci/web:test:
@baci/web:test: [90mstderr[2m | src/components/storefront/ogabassey/components/chat/use-ogabassey-chat.test.ts[2m > [22m[2museOgabasseyChat - handleSend[2m > [22m[2mhandles fetch error gracefully with santa error message in santa mode
@baci/web:test: [22m[39mChat error: Error: Network error
@baci/web:test:     at [90m/app/apps/web/[39msrc/components/storefront/ogabassey/components/chat/use-ogabassey-chat.test.ts:243:7
@baci/web:test:     at [90mfile:///app/apps/web/[39mnode_modules/[4m@vitest/runner[24m/dist/index.js:145:11
@baci/web:test:     at [90mfile:///app/apps/web/[39mnode_modules/[4m@vitest/runner[24m/dist/index.js:915:26
@baci/web:test:     at [90mfile:///app/apps/web/[39mnode_modules/[4m@vitest/runner[24m/dist/index.js:1243:20
@baci/web:test:     at new Promise (<anonymous>)
@baci/web:test:     at runWithTimeout [90m(file:///app/apps/web/[39mnode_modules/[4m@vitest/runner[24m/dist/index.js:1209:10[90m)[39m
@baci/web:test:     at [90mfile:///app/apps/web/[39mnode_modules/[4m@vitest/runner[24m/dist/index.js:1653:37
@baci/web:test:     at Traces.$ [90m(file:///app/apps/web/[39mnode_modules/[4mvitest[24m/dist/chunks/traces.CCmnQaNT.js:142:27[90m)[39m
@baci/web:test:     at trace [90m(file:///app/apps/web/[39mnode_modules/[4mvitest[24m/dist/chunks/test.B8ej_ZHS.js:239:21[90m)[39m
@baci/web:test:     at runTest [90m(file:///app/apps/web/[39mnode_modules/[4m@vitest/runner[24m/dist/index.js:1653:12[90m)[39m
@baci/web:test:
@baci/web:test: [90mstderr[2m | src/components/storefront/ogabassey/components/chat/use-ogabassey-chat.test.ts[2m > [22m[2museOgabasseyChat - handleSend[2m > [22m[2mhandles non-ok response by adding error message
@baci/web:test: [22m[39mChat error: Error: Chat service unavailable
@baci/web:test:     at Object.handleSend [90m(/app/apps/web/[39msrc/components/storefront/ogabassey/components/chat/use-ogabassey-chat.ts:103:15[90m)[39m
@baci/web:test:     at [90m/app/apps/web/[39msrc/components/storefront/ogabassey/components/chat/use-ogabassey-chat.test.ts:267:7
@baci/web:test:
@baci/web:test:  [32m✓[39m src/components/storefront/ogabassey/components/chat/use-ogabassey-chat.test.ts [2m([22m[2m22 tests[22m[2m)[22m[33m 316[2mms[22m[39m
@baci/mobile-storefront:test: PASS components/ui/DateTimePickerField.test.tsx
baci-mobile-admin:test:  [32m✓[39m utils/order-export/loadOrderExportNativeModules.test.ts [2m([22m[2m3 tests[22m[2m)[22m[32m 27[2mms[22m[39m
@baci/mobile-storefront:test: PASS __tests__/app/compare/index.test.tsx
baci-mobile-admin:test:  [32m✓[39m hooks/useOrderDetailsStartupEffects.test.tsx [2m([22m[2m1 test[22m[2m)[22m[32m 72[2mms[22m[39m
@baci/web:test:  [32m✓[39m src/components/storefront/ogabassey/pages/product-details-page/product-details-tabs.test.tsx [2m([22m[2m24 tests[22m[2m)[22m[33m 2228[2mms[22m[39m
@baci/web:test:      [33m[2m✓[22m[39m renders all four tab buttons [33m 732[2mms[22m[39m
baci-mobile-admin:test:  [32m✓[39m components/ui/order-report-modal/OrderReportStatsPanel.test.tsx [2m([22m[2m1 test[22m[2m)[22m[32m 105[2mms[22m[39m
@baci/web:test: [90mstderr[2m | src/app/api/analytics/route.test.ts[2m > [22m[2mGET /api/analytics[2m > [22m[2mreturns a coded error when branch validation fails
@baci/web:test: [22m[39mAnalytics branch validation failed: { message: [32m'DB failed'[39m }
@baci/web:test:
@baci/web:test: [90mstderr[2m | src/app/api/analytics/route.test.ts[2m > [22m[2mGET /api/analytics[2m > [22m[2mreturns 500 when analytics aggregation fails
@baci/web:test: [22m[39mError fetching analytics overview: Error: boom
@baci/web:test:     at [90m/app/apps/web/[39msrc/app/api/analytics/route.test.ts:307:60
@baci/web:test:     at [90mfile:///app/apps/web/[39mnode_modules/[4m@vitest/runner[24m/dist/index.js:145:11
@baci/web:test:     at [90mfile:///app/apps/web/[39mnode_modules/[4m@vitest/runner[24m/dist/index.js:915:26
@baci/web:test:     at [90mfile:///app/apps/web/[39mnode_modules/[4m@vitest/runner[24m/dist/index.js:1243:20
@baci/web:test:     at new Promise (<anonymous>)
@baci/web:test:     at runWithTimeout [90m(file:///app/apps/web/[39mnode_modules/[4m@vitest/runner[24m/dist/index.js:1209:10[90m)[39m
@baci/web:test:     at [90mfile:///app/apps/web/[39mnode_modules/[4m@vitest/runner[24m/dist/index.js:1653:37
@baci/web:test:     at Traces.$ [90m(file:///app/apps/web/[39mnode_modules/[4mvitest[24m/dist/chunks/traces.CCmnQaNT.js:142:27[90m)[39m
@baci/web:test:     at trace [90m(file:///app/apps/web/[39mnode_modules/[4mvitest[24m/dist/chunks/test.B8ej_ZHS.js:239:21[90m)[39m
@baci/web:test:     at runTest [90m(file:///app/apps/web/[39mnode_modules/[4m@vitest/runner[24m/dist/index.js:1653:12[90m)[39m
@baci/web:test:
@baci/web:test:  [32m✓[39m src/app/api/analytics/route.test.ts [2m([22m[2m12 tests[22m[2m)[22m[32m 166[2mms[22m[39m
@baci/mobile-storefront:test: PASS __tests__/app/product/[slug].variants-condition-sync.test.tsx
@baci/mobile-storefront:test:   ● Console
@baci/mobile-storefront:test:
@baci/mobile-storefront:test:     console.debug
@baci/mobile-storefront:test:       [AdTracking] Native modules ignored or failed to load: Invariant Violation: `new NativeEventEmitter()` requires a non-null argument.
@baci/mobile-storefront:test:           at invariant (/app/node_modules/invariant/invariant.js:40:15)
@baci/mobile-storefront:test:           at new NativeEventEmitter (/app/node_modules/react-native/Libraries/EventEmitter/NativeEventEmitter.js:57:16)
@baci/mobile-storefront:test:           at Object.<anonymous> (/app/node_modules/react-native-fbsdk-next/src/FBAccessToken.ts:26:22)
@baci/mobile-storefront:test:           at Runtime._execModule (/app/node_modules/jest-runtime/build/index.js:1439:24)
@baci/mobile-storefront:test:           at Runtime._loadModule (/app/node_modules/jest-runtime/build/index.js:1022:12)
@baci/mobile-storefront:test:           at Runtime.requireModule (/app/node_modules/jest-runtime/build/index.js:882:12)
@baci/mobile-storefront:test:           at Runtime.requireModuleOrMock (/app/node_modules/jest-runtime/build/index.js:1048:21)
@baci/mobile-storefront:test:           at Object.require (/app/node_modules/react-native-fbsdk-next/src/index.ts:23:1)
@baci/mobile-storefront:test:           at Runtime._execModule (/app/node_modules/jest-runtime/build/index.js:1439:24)
@baci/mobile-storefront:test:           at Runtime._loadModule (/app/node_modules/jest-runtime/build/index.js:1022:12)
@baci/mobile-storefront:test:           at Runtime.requireModule (/app/node_modules/jest-runtime/build/index.js:882:12)
@baci/mobile-storefront:test:           at Runtime.requireModuleOrMock (/app/node_modules/jest-runtime/build/index.js:1048:21)
@baci/mobile-storefront:test:           at require (/app/apps/mobile-storefront/services/ad-tracking-native-modules.ts:66:40)
@baci/mobile-storefront:test:           at async Promise.all (index 0) {
@baci/mobile-storefront:test:         framesToPop: 1
@baci/mobile-storefront:test:       }
@baci/mobile-storefront:test:
@baci/mobile-storefront:test:       at debug (services/ad-tracking-native-modules.ts:77:13)
@baci/mobile-storefront:test:           at Generator.throw (<anonymous>)
@baci/mobile-storefront:test:
@baci/web:test:  [32m✓[39m src/lib/sanitize-core.test.tsx [2m([22m[2m49 tests[22m[2m)[22m[32m 51[2mms[22m[39m
baci-mobile-admin:test:  [32m✓[39m schemas/order-details-route-params.test.ts [2m([22m[2m7 tests[22m[2m)[22m[32m 18[2mms[22m[39m
baci-mobile-admin:test:  [32m✓[39m lib/api-client.test.ts [2m([22m[2m6 tests[22m[2m)[22m[32m 17[2mms[22m[39m
@baci/mobile-storefront:test: PASS scripts/check-module-size.test.ts
@baci/mobile-storefront:test: PASS components/utilities/BillerList.test.tsx
@baci/mobile-storefront:test: PASS lib/account-deletion.test.ts
@baci/web:test: [90mstderr[2m | src/app/api/import-jobs/[jobId]/rows/route.test.ts[2m > [22m[2mGET /api/import-jobs/[jobId]/rows[2m > [22m[2mreturns 500 when the preview row query fails
@baci/web:test: [22m[39m[2026-05-28T16:55:53.837Z] [ERROR] Import job rows route failed {
@baci/web:test:   message: [32m'Import job rows route failed'[39m,
@baci/web:test:   error: {
@baci/web:test:     name: [32m'Error'[39m,
@baci/web:test:     message: [32m'boom'[39m,
@baci/web:test:     stack: [32m'Error: boom     at Module.GET (/app/apps/web/src/app/api/import-jobs/[jobId]/rows/route.ts:115:13)     at processTicksAndRejections (node:internal/process/task_queues:103:5)     at /app/apps/web/src/app/api/import-jobs/[jobId]/rows/route.test.ts:228:22     at file:///app/apps/web/node_modules/@vitest/runner/dist/index.js:915:20'[39m
@baci/web:test:   }
@baci/web:test: }
@baci/web:test:
@baci/web:test:  [32m✓[39m src/app/api/import-jobs/[jobId]/rows/route.test.ts [2m([22m[2m12 tests[22m[2m)[22m[32m 102[2mms[22m[39m
@baci/mobile-storefront:test: PASS hooks/use-auth-guard.test.ts
baci-mobile-admin:test:  [32m✓[39m components/paywall/PaywallHeader.test.tsx [2m([22m[2m2 tests[22m[2m)[22m[32m 120[2mms[22m[39m
@baci/web:test:  [32m✓[39m src/lib/import-commit/resolve-import-customer.test.ts [2m([22m[2m8 tests[22m[2m)[22m[32m 34[2mms[22m[39m
baci-mobile-admin:test:  [32m✓[39m hooks/useTransactionReview.test.ts [2m([22m[2m4 tests[22m[2m)[22m[32m 155[2mms[22m[39m
@baci/web:test: [90mstderr[2m | src/app/api/storefront/customer/wallet/top-up/initialize/route.test.ts[2m > [22m[2mPOST /api/storefront/customer/wallet/top-up/initialize[2m > [22m[2mreturns 500 without exposing upstream payment errors
@baci/web:test: [22m[39mUnexpected wallet top-up initialization error {
@baci/web:test:   error: Error: upstream secret failure
@baci/web:test:       at [90m/app/apps/web/[39msrc/app/api/storefront/customer/wallet/top-up/initialize/route.test.ts:311:7
@baci/web:test:       at [90mfile:///app/apps/web/[39mnode_modules/[4m@vitest/runner[24m/dist/index.js:145:11
@baci/web:test:       at [90mfile:///app/apps/web/[39mnode_modules/[4m@vitest/runner[24m/dist/index.js:915:26
@baci/web:test:       at [90mfile:///app/apps/web/[39mnode_modules/[4m@vitest/runner[24m/dist/index.js:1243:20
@baci/web:test:       at new Promise (<anonymous>)
@baci/web:test:       at runWithTimeout [90m(file:///app/apps/web/[39mnode_modules/[4m@vitest/runner[24m/dist/index.js:1209:10[90m)[39m
@baci/web:test:       at [90mfile:///app/apps/web/[39mnode_modules/[4m@vitest/runner[24m/dist/index.js:1653:37
@baci/web:test:       at Traces.$ [90m(file:///app/apps/web/[39mnode_modules/[4mvitest[24m/dist/chunks/traces.CCmnQaNT.js:142:27[90m)[39m
@baci/web:test:       at trace [90m(file:///app/apps/web/[39mnode_modules/[4mvitest[24m/dist/chunks/test.B8ej_ZHS.js:239:21[90m)[39m
@baci/web:test:       at runTest [90m(file:///app/apps/web/[39mnode_modules/[4m@vitest/runner[24m/dist/index.js:1653:12[90m)[39m
@baci/web:test: }
@baci/web:test:
@baci/web:test: [90mstderr[2m | src/app/api/storefront/customer/wallet/top-up/initialize/route.test.ts[2m > [22m[2mPOST /api/storefront/customer/wallet/top-up/initialize[2m > [22m[2mreturns 500 when transaction insert fails
@baci/web:test: [22m[39mFailed to create wallet top-up transaction {
@baci/web:test:   error: [32m'insert failed'[39m,
@baci/web:test:   merchantId: [32m'merchant-1'[39m,
@baci/web:test:   reference: [32m'WAL-EIECD85AQNJG'[39m
@baci/web:test: }
@baci/web:test:
@baci/web:test:  [32m✓[39m src/app/api/storefront/customer/wallet/top-up/initialize/route.test.ts [2m([22m[2m10 tests[22m[2m)[22m[32m 203[2mms[22m[39m
baci-mobile-admin:test:  [32m✓[39m components/expenses/ExpenseStatusShell.test.tsx [2m([22m[2m3 tests[22m[2m)[22m[32m 182[2mms[22m[39m
baci-mobile-admin:test:  [32m✓[39m hooks/useNewOrderLookupData.test.ts [2m([22m[2m1 test[22m[2m)[22m[32m 92[2mms[22m[39m
@baci/mobile-storefront:test: PASS components/checkout/checkout-identity/hooks/useSignInForm.test.ts
@baci/mobile-storefront:test: PASS components/utilities/utility-purchase.route-params.test.ts
@baci/mobile-storefront:test: PASS components/wallet/WalletScreenView.test.tsx
@baci/mobile-storefront:test: PASS components/modals/NegotiationModal.test.tsx
@baci/web:test:  [32m✓[39m src/lib/llms-markdown-blog.test.ts [2m([22m[2m9 tests[22m[2m)[22m[32m 26[2mms[22m[39m
@baci/web:test:  [32m✓[39m src/app/api/agentic/checkout_sessions/[id]/route-get.test.ts [2m([22m[2m7 tests[22m[2m)[22m[33m 575[2mms[22m[39m
@baci/web:test:      [33m[2m✓[22m[39m returns 401 when API key verification fails and skips DB calls [33m 490[2mms[22m[39m
@baci/mobile-storefront:test: PASS components/imei-check/imei-check-result-view.test.tsx
baci-mobile-admin:test:  [32m✓[39m components/blog-editor/blog-editor-helpers.test.ts [2m([22m[2m5 tests[22m[2m)[22m[32m 43[2mms[22m[39m
@baci/mobile-storefront:test: PASS hooks/product-hydration.test.ts
baci-mobile-admin:test:  [32m✓[39m components/staff/StaffSummaryCards.test.tsx [2m([22m[2m2 tests[22m[2m)[22m[33m 737[2mms[22m[39m
baci-mobile-admin:test:      [33m[2m✓[22m[39m renders staff totals [33m 644[2mms[22m[39m
@baci/mobile-storefront:test: PASS lib/validation/product-schemas.test.ts
baci-mobile-admin:test:  [32m✓[39m components/auth/PasswordVisibilityToggle.test.tsx [2m([22m[2m1 test[22m[2m)[22m[32m 203[2mms[22m[39m
@baci/web:test:  [32m✓[39m src/lib/agentic/ucp-discovery-profile.test.ts [2m([22m[2m5 tests[22m[2m)[22m[32m 43[2mms[22m[39m
@baci/web:test:  [32m✓[39m src/components/storefront/ogabassey/pages/product-details-page/use-product-details-state.test.ts [2m([22m[2m12 tests[22m[2m)[22m[33m 426[2mms[22m[39m
@baci/mobile-storefront:test: PASS hooks/use-effective-price.test.ts
@baci/mobile-storefront:test: PASS components/chat/ChatModal.test.tsx
@baci/mobile-storefront:test:   ● Console
@baci/mobile-storefront:test:
@baci/mobile-storefront:test:     console.warn
@baci/mobile-storefront:test:       SafeAreaView has been deprecated and will be removed in a future release. Please use 'react-native-safe-area-context' instead. See https://github.com/AppAndFlow/react-native-safe-area-context
@baci/mobile-storefront:test:
@baci/mobile-storefront:test:       142 |       onRequestClose={handleClose}
@baci/mobile-storefront:test:       143 |     >
@baci/mobile-storefront:test:     > 144 |       <SafeAreaView
@baci/mobile-storefront:test:           |        ^
@baci/mobile-storefront:test:       145 |         style={[styles.modalContainer, { backgroundColor: colors.background }]}
@baci/mobile-storefront:test:       146 |       >
@baci/mobile-storefront:test:       147 |         <View
@baci/mobile-storefront:test:
@baci/mobile-storefront:test:       at warn (../../node_modules/react-native/Libraries/Utilities/warnOnce.js:27:11)
@baci/mobile-storefront:test:       at Object.warnOnce [as SafeAreaView] (../../node_modules/react-native/index.js:101:5)
@baci/mobile-storefront:test:       at SafeAreaView (components/chat/ChatModal.tsx:144:8)
@baci/mobile-storefront:test:       at Object.react_stack_bottom_frame (../../node_modules/react-test-renderer/cjs/react-test-renderer.development.js:15670:20)
@baci/mobile-storefront:test:       at renderWithHooks (../../node_modules/react-test-renderer/cjs/react-test-renderer.development.js:4863:22)
@baci/mobile-storefront:test:       at updateFunctionComponent (../../node_modules/react-test-renderer/cjs/react-test-renderer.development.js:7018:19)
@baci/mobile-storefront:test:       at beginWork (../../node_modules/react-test-renderer/cjs/react-test-renderer.development.js:8499:18)
@baci/mobile-storefront:test:       at runWithFiberInDEV (../../node_modules/react-test-renderer/cjs/react-test-renderer.development.js:2315:13)
@baci/mobile-storefront:test:       at performUnitOfWork (../../node_modules/react-test-renderer/cjs/react-test-renderer.development.js:13224:22)
@baci/mobile-storefront:test:       at workLoopSync (../../node_modules/react-test-renderer/cjs/react-test-renderer.development.js:13068:41)
@baci/mobile-storefront:test:       at renderRootSync (../../node_modules/react-test-renderer/cjs/react-test-renderer.development.js:13049:11)
@baci/mobile-storefront:test:       at performWorkOnRoot (../../node_modules/react-test-renderer/cjs/react-test-renderer.development.js:12181:11)
@baci/mobile-storefront:test:       at performWorkOnRootViaSchedulerTask (../../node_modules/react-test-renderer/cjs/react-test-renderer.development.js:2908:7)
@baci/mobile-storefront:test:       at flushActQueue (../../node_modules/react/cjs/react.development.js:590:34)
@baci/mobile-storefront:test:       at Object.<anonymous>.process.env.NODE_ENV.exports.act (../../node_modules/react/cjs/react.development.js:884:10)
@baci/mobile-storefront:test:       at actImplementation (../../node_modules/@testing-library/react-native/src/act.ts:30:25)
@baci/mobile-storefront:test:       at renderWithAct (../../node_modules/@testing-library/react-native/src/render-act.ts:13:11)
@baci/mobile-storefront:test:       at renderInternal (../../node_modules/@testing-library/react-native/src/render.tsx:69:33)
@baci/mobile-storefront:test:       at renderInternal (../../node_modules/@testing-library/react-native/src/render.tsx:44:10)
@baci/mobile-storefront:test:       at renderChatModal (components/chat/ChatModal.test.tsx:69:16)
@baci/mobile-storefront:test:       at Object.renderChatModal (components/chat/ChatModal.test.tsx:107:34)
@baci/mobile-storefront:test:
@baci/web:test:  [32m✓[39m src/app/(storefront)/[slug]/(blog)/blog/[postSlug]/opengraph-image-loader.test.ts [2m([22m[2m12 tests[22m[2m)[22m[32m 147[2mms[22m[39m
baci-mobile-admin:test:  [32m✓[39m components/paywall/paywall.constants.test.ts [2m([22m[2m3 tests[22m[2m)[22m[32m 17[2mms[22m[39m
@baci/mobile-storefront:test: PASS components/imei-check/imei-check-result-status-cards.test.ts
@baci/mobile-storefront:test: PASS lib/cart-validation.test.ts
@baci/mobile-storefront:test: PASS services/push-notifications.test.ts
baci-mobile-admin:test:  [32m✓[39m utils/order-export/buildOrderReportHtml.test.ts [2m([22m[2m2 tests[22m[2m)[22m[32m 17[2mms[22m[39m
@baci/web:test: [90mstderr[2m | src/app/api/agentic/checkout_sessions/[id]/route-payment-state.test.ts[2m > [22m[2mPOST /api/agentic/checkout_sessions/[id] payment state[2m > [22m[2mreturns 403 when the merchant disables agentic checkout
@baci/web:test: [22m[39m[2026-05-28T16:56:02.310Z] [WARN] Agentic checkout disabled {
@baci/web:test:   message: [32m'Agentic checkout disabled'[39m,
@baci/web:test:   merchantId: [32m'merchant-1'[39m,
@baci/web:test:   route: [32m'checkout_sessions.update'[39m,
@baci/web:test:   sessionId: [32m'agentic_session_1'[39m
@baci/web:test: }
@baci/web:test:
@baci/web:test:  [32m✓[39m src/app/api/agentic/checkout_sessions/[id]/route-payment-state.test.ts [2m([22m[2m3 tests[22m[2m)[22m[33m 521[2mms[22m[39m
@baci/web:test:      [33m[2m✓[22m[39m returns 403 when the merchant disables agentic checkout [33m 491[2mms[22m[39m
@baci/web:test: [90mstderr[2m | src/app/dashboard/channels/use-jumia-integrations.test.ts[2m > [22m[2museJumiaIntegrations[2m > [22m[2mrefetch re-fetches data and clears previous error
@baci/web:test: [22m[39mAn update to TestComponent inside a test was not wrapped in act(...).
@baci/web:test:
@baci/web:test: When testing, code that causes React state updates should be wrapped into act(...):
@baci/web:test:
@baci/web:test: act(() => {
@baci/web:test:   /* fire events that update state */
@baci/web:test: });
@baci/web:test: /* assert on the output */
@baci/web:test:
@baci/web:test: This ensures that you're testing the behavior the user would see in the browser. Learn more at https://react.dev/link/wrap-tests-with-act
@baci/web:test: An update to TestComponent inside a test was not wrapped in act(...).
@baci/web:test:
@baci/web:test: When testing, code that causes React state updates should be wrapped into act(...):
@baci/web:test:
@baci/web:test: act(() => {
@baci/web:test:   /* fire events that update state */
@baci/web:test: });
@baci/web:test: /* assert on the output */
@baci/web:test:
@baci/web:test: This ensures that you're testing the behavior the user would see in the browser. Learn more at https://react.dev/link/wrap-tests-with-act
@baci/web:test:
@baci/web:test: [90mstderr[2m | src/app/dashboard/channels/use-jumia-integrations.test.ts[2m > [22m[2museJumiaIntegrations[2m > [22m[2mrefetch re-fetches data and clears previous error
@baci/web:test: [22m[39mAn update to TestComponent inside a test was not wrapped in act(...).
@baci/web:test:
@baci/web:test: When testing, code that causes React state updates should be wrapped into act(...):
@baci/web:test:
@baci/web:test: act(() => {
@baci/web:test:   /* fire events that update state */
@baci/web:test: });
@baci/web:test: /* assert on the output */
@baci/web:test:
@baci/web:test: This ensures that you're testing the behavior the user would see in the browser. Learn more at https://react.dev/link/wrap-tests-with-act
@baci/web:test: An update to TestComponent inside a test was not wrapped in act(...).
@baci/web:test:
@baci/web:test: When testing, code that causes React state updates should be wrapped into act(...):
@baci/web:test:
@baci/web:test: act(() => {
@baci/web:test:   /* fire events that update state */
@baci/web:test: });
@baci/web:test: /* assert on the output */
@baci/web:test:
@baci/web:test: This ensures that you're testing the behavior the user would see in the browser. Learn more at https://react.dev/link/wrap-tests-with-act
@baci/web:test: An update to TestComponent inside a test was not wrapped in act(...).
@baci/web:test:
@baci/web:test: When testing, code that causes React state updates should be wrapped into act(...):
@baci/web:test:
@baci/web:test: act(() => {
@baci/web:test:   /* fire events that update state */
@baci/web:test: });
@baci/web:test: /* assert on the output */
@baci/web:test:
@baci/web:test: This ensures that you're testing the behavior the user would see in the browser. Learn more at https://react.dev/link/wrap-tests-with-act
@baci/web:test:
@baci/web:test:  [32m✓[39m src/app/dashboard/channels/use-jumia-integrations.test.ts [2m([22m[2m20 tests[22m[2m)[22m[33m 506[2mms[22m[39m
baci-mobile-admin:test:  [32m✓[39m components/auth/register/RegisterLegalText.test.tsx [2m([22m[2m1 test[22m[2m)[22m[32m 157[2mms[22m[39m
@baci/mobile-storefront:test: PASS __tests__/app/profile/edit.test.tsx
baci-mobile-admin:test:  [32m✓[39m metro.config.test.ts [2m([22m[2m3 tests[22m[2m)[22m[32m 16[2mms[22m[39m
@baci/mobile-storefront:test: PASS lib/product-filter-options.test.ts
baci-mobile-admin:test:  [32m✓[39m lib/quick-add-product-matches.test.ts [2m([22m[2m2 tests[22m[2m)[22m[32m 9[2mms[22m[39m
@baci/mobile-storefront:test: PASS hooks/use-products.test.ts
@baci/web:test:  [32m✓[39m src/app/api/quiz/attempts/start/route.test.ts [2m([22m[2m9 tests[22m[2m)[22m[33m 636[2mms[22m[39m
@baci/web:test:      [33m[2m✓[22m[39m returns 401 before RPC calls when authentication is missing [33m 546[2mms[22m[39m
@baci/mobile-storefront:test: PASS lib/storage.test.ts
@baci/web:test:  [32m✓[39m src/schemas/agentic-action-health.test.ts [2m([22m[2m7 tests[22m[2m)[22m[32m 32[2mms[22m[39m
@baci/web:test:  [32m✓[39m src/lib/imports/bumpa/bumpa-order-preview-values.test.ts [2m([22m[2m43 tests[22m[2m)[22m[32m 41[2mms[22m[39m
@baci/mobile-storefront:test: PASS __tests__/app/(tabs)/categories.test.tsx
baci-mobile-admin:test:  [32m✓[39m hooks/useOrderDetailsUiState.test.ts [2m([22m[2m4 tests[22m[2m)[22m[32m 155[2mms[22m[39m
@baci/mobile-storefront:test: PASS hooks/use-push-notifications.config-fallback.test.ts
baci-mobile-admin:test:  [32m✓[39m schemas/expense.test.ts [2m([22m[2m3 tests[22m[2m)[22m[32m 43[2mms[22m[39m
baci-mobile-admin:test:  [32m✓[39m lib/colors/sanitize-css-color.test.ts [2m([22m[2m6 tests[22m[2m)[22m[32m 15[2mms[22m[39m
@baci/mobile-storefront:test: PASS components/storefront/use-product-grid-categories.test.ts
@baci/mobile-storefront:test: PASS components/utilities/history.helpers.test.ts
baci-mobile-admin:test:  [32m✓[39m components/customize/CustomizeViewModeToggle.test.tsx [2m([22m[2m1 test[22m[2m)[22m[33m 775[2mms[22m[39m
baci-mobile-admin:test:      [33m[2m✓[22m[39m renders both modes, exposes selection state, and forwards both clicks [33m 771[2mms[22m[39m
@baci/web:test:  [32m✓[39m src/lib/storefront-account-document-bundle.test.ts [2m([22m[2m3 tests[22m[2m)[22m[32m 34[2mms[22m[39m
@baci/mobile-storefront:test: PASS components/orders/OrderSuccessView.test.tsx
@baci/web:test: [90mstderr[2m | src/app/api/merchant/verify-cac/route.test.ts[2m > [22m[2mPOST /api/merchant/verify-cac[2m > [22m[2mreturns 500 when RPC throws
@baci/web:test: [22m[39mrecord_cac_verification error: { message: [32m'DB error'[39m }
@baci/web:test:
@baci/web:test:  [32m✓[39m src/app/api/merchant/verify-cac/route.test.ts [2m([22m[2m13 tests[22m[2m)[22m[32m 284[2mms[22m[39m
@baci/web:test:  [32m✓[39m src/app/api/quiz/attempts/[attemptId]/answers/route.test.ts [2m([22m[2m10 tests[22m[2m)[22m[33m 614[2mms[22m[39m
@baci/web:test:      [33m[2m✓[22m[39m returns 401 before RPC calls when authentication is missing [33m 495[2mms[22m[39m
@baci/mobile-storefront:test: PASS __tests__/app/route-tree-safety.test.ts
@baci/mobile-storefront:test: PASS components/checkout/checkout-shipping.helpers.test.ts
baci-mobile-admin:test:  [32m✓[39m lib/product-inventory.test.ts [2m([22m[2m6 tests[22m[2m)[22m[32m 26[2mms[22m[39m
@baci/mobile-storefront:test: PASS lib/validation/page-config-schema.test.ts
baci-mobile-admin:test:  [32m✓[39m lib/baci-deep-link.test.ts [2m([22m[2m5 tests[22m[2m)[22m[32m 24[2mms[22m[39m
baci-mobile-admin:test:  [32m✓[39m hooks/usePayouts.test.tsx [2m([22m[2m1 test[22m[2m)[22m[32m 108[2mms[22m[39m
@baci/mobile-storefront:test: PASS lib/wallet-top-up.confirm.test.ts
@baci/mobile-storefront:test: PASS components/compare/CompareView.test.tsx
@baci/mobile-storefront:test: PASS ./metro.config.test.ts
baci-mobile-admin:test:  [32m✓[39m lib/transaction-reconciliation.test.ts [2m([22m[2m2 tests[22m[2m)[22m[32m 18[2mms[22m[39m
@baci/mobile-storefront:test: PASS components/storefront/StorefrontScreenShell.test.tsx
@baci/web:test:  [32m✓[39m src/app/dashboard/orders/actions.jumia-dashboard.test.ts [2m([22m[2m9 tests[22m[2m)[22m[32m 123[2mms[22m[39m
@baci/mobile-storefront:test: PASS components/addresses/load-addresses.test.ts
baci-mobile-admin:test:  [32m✓[39m hooks/useNewOrderUiState.test.ts [2m([22m[2m4 tests[22m[2m)[22m[32m 120[2mms[22m[39m
baci-mobile-admin:test:  [32m✓[39m lib/order-product-picker.test.ts [2m([22m[2m4 tests[22m[2m)[22m[32m 47[2mms[22m[39m
@baci/web:test:  [32m✓[39m src/app/(storefront)/[slug]/(catalog)/(listing)/search/search-page-content.test.tsx [2m([22m[2m5 tests[22m[2m)[22m[33m 938[2mms[22m[39m
@baci/web:test:      [33m[2m✓[22m[39m shows the first slice of capped results and request-scoped schema URLs [33m 656[2mms[22m[39m
@baci/mobile-storefront:test: PASS components/orders/OrdersListItem.test.tsx
@baci/mobile-storefront:test: PASS lib/query-client.test.ts
baci-mobile-admin:test:  [32m✓[39m scripts/expo-router-app-tree.test.ts [2m([22m[2m2 tests[22m[2m)[22m[32m 33[2mms[22m[39m
baci-mobile-admin:test:  [32m✓[39m config/runtime-platform.test.ts [2m([22m[2m5 tests[22m[2m)[22m[32m 37[2mms[22m[39m
@baci/mobile-storefront:test: PASS components/faq/FAQView.test.tsx
@baci/mobile-storefront:test: PASS config/withAndroidGradleFixes.test.js
baci-mobile-admin:test:  [32m✓[39m lib/branch-scope-query.test.ts [2m([22m[2m4 tests[22m[2m)[22m[32m 37[2mms[22m[39m
@baci/mobile-storefront:test: PASS components/cart/NegotiationWarningModal.test.tsx
baci-mobile-admin:test:  [32m✓[39m components/shipping/shipping-types.test.ts [2m([22m[2m3 tests[22m[2m)[22m[32m 36[2mms[22m[39m
@baci/web:test:  [32m✓[39m src/app/api/agentic/checkout_sessions/[id]/complete/route-payment-state.test.ts [2m([22m[2m6 tests[22m[2m)[22m[33m 611[2mms[22m[39m
@baci/web:test:      [33m[2m✓[22m[39m returns 400 when the session id route param is invalid [33m 518[2mms[22m[39m
@baci/mobile-storefront:test: PASS __tests__/app/crypto-payment/index.test.tsx
baci-mobile-admin:test:  [32m✓[39m lib/jumia-deep-link.test.ts [2m([22m[2m5 tests[22m[2m)[22m[32m 22[2mms[22m[39m
@baci/mobile-storefront:test: PASS components/checkout/checkout-step-helpers.test.ts
baci-mobile-admin:test:  [32m✓[39m components/paywall/PaywallFeatureList.test.tsx [2m([22m[2m1 test[22m[2m)[22m[32m 232[2mms[22m[39m
@baci/mobile-storefront:test: PASS components/wallet/savings/StartSavingsForm.test.tsx
baci-mobile-admin:test:  [32m✓[39m lib/orders.test.ts [2m([22m[2m4 tests[22m[2m)[22m[32m 7[2mms[22m[39m
@baci/mobile-storefront:test: PASS components/search/SearchScreenView.test.tsx
@baci/web:test:  [32m✓[39m src/components/blog/novel-features/selectors/editor-toolbar.test.tsx [2m([22m[2m7 tests[22m[2m)[22m[33m 6576[2mms[22m[39m
@baci/web:test:      [33m[2m✓[22m[39m runs undo/redo with chain focus command parity [33m 747[2mms[22m[39m
@baci/web:test:      [33m[2m✓[22m[39m inserts image from URL with caption stored in image title [33m 2236[2mms[22m[39m
@baci/web:test:      [33m[2m✓[22m[39m prevents default Enter behavior when inserting an image URL [33m 1256[2mms[22m[39m
@baci/web:test:      [33m[2m✓[22m[39m updates selected image caption through updateAttributes [33m 1114[2mms[22m[39m
@baci/web:test:      [33m[2m✓[22m[39m prevents default Enter behavior when updating selected image captions [33m 686[2mms[22m[39m
@baci/web:test:      [33m[2m✓[22m[39m maps empty edited caption to null to avoid blank title attributes [33m 438[2mms[22m[39m
baci-mobile-admin:test:  [32m✓[39m hooks/analyticsDetailBuckets.test.ts [2m([22m[2m4 tests[22m[2m)[22m[32m 58[2mms[22m[39m
@baci/web:test: [90mstderr[2m | src/app/dashboard/blog/[id]/edit/page.test.tsx[2m > [22m[2mEditBlogPostPage Discover image upload metadata[2m > [22m[2mhydrates image metadata and persists it on save
@baci/web:test: [22m[39mReceived `true` for a non-boolean attribute `fill`.
@baci/web:test:
@baci/web:test: If you want to write it to the DOM, pass a string instead: fill="true" or fill={value.toString()}.
@baci/web:test: Received `true` for a non-boolean attribute `unoptimized`.
@baci/web:test:
@baci/web:test: If you want to write it to the DOM, pass a string instead: unoptimized="true" or unoptimized={value.toString()}.
@baci/web:test:
@baci/mobile-storefront:test: PASS components/cart/CartLoadedView.test.tsx
@baci/mobile-storefront:test: PASS lib/customer-savings.authorization.test.ts
@baci/mobile-storefront:test: PASS lib/checkout-saved-address.test.ts
@baci/web:test: [90mstderr[2m | src/app/dashboard/blog/[id]/edit/page.test.tsx[2m > [22m[2mEditBlogPostPage Discover image upload metadata[2m > [22m[2mreports non-JSON featured image delete failures with status context
@baci/web:test: [22m[39mError deleting uploaded image: Error: Failed to delete image (500): <html>bad gateway</html>
@baci/web:test:     at deleteUploadedFeaturedImage [90m(/app/apps/web/[39msrc/app/dashboard/blog/[id]/edit/page.tsx:454:13[90m)[39m
@baci/web:test:     at handleRemoveFeaturedImage [90m(/app/apps/web/[39msrc/app/dashboard/blog/[id]/edit/page.tsx:607:7[90m)[39m
@baci/web:test:
@baci/mobile-storefront:test: PASS components/saved/SavedItemsView.test.tsx
baci-mobile-admin:test:  [32m✓[39m lib/single-flight.test.ts [2m([22m[2m2 tests[22m[2m)[22m[32m 10[2mms[22m[39m
@baci/web:test: [90mstderr[2m | src/app/dashboard/blog/[id]/edit/page.test.tsx[2m > [22m[2mEditBlogPostPage Discover image upload metadata[2m > [22m[2mdeletes the previous session upload before tracking a replacement featured image
@baci/web:test: [22m[39mAn update to EditBlogPostPage inside a test was not wrapped in act(...).
@baci/web:test:
@baci/web:test: When testing, code that causes React state updates should be wrapped into act(...):
@baci/web:test:
@baci/web:test: act(() => {
@baci/web:test:   /* fire events that update state */
@baci/web:test: });
@baci/web:test: /* assert on the output */
@baci/web:test:
@baci/web:test: This ensures that you're testing the behavior the user would see in the browser. Learn more at https://react.dev/link/wrap-tests-with-act
@baci/web:test:
@baci/web:test: [90mstderr[2m | src/app/dashboard/blog/[id]/edit/page.test.tsx[2m > [22m[2mEditBlogPostPage Discover image upload metadata[2m > [22m[2mdeletes the previous session upload before tracking a replacement featured image
@baci/web:test: [22m[39mAn update to EditBlogPostPage inside a test was not wrapped in act(...).
@baci/web:test:
@baci/web:test: When testing, code that causes React state updates should be wrapped into act(...):
@baci/web:test:
@baci/web:test: act(() => {
@baci/web:test:   /* fire events that update state */
@baci/web:test: });
@baci/web:test: /* assert on the output */
@baci/web:test:
@baci/web:test: This ensures that you're testing the behavior the user would see in the browser. Learn more at https://react.dev/link/wrap-tests-with-act
@baci/web:test: An update to EditBlogPostPage inside a test was not wrapped in act(...).
@baci/web:test:
@baci/web:test: When testing, code that causes React state updates should be wrapped into act(...):
@baci/web:test:
@baci/web:test: act(() => {
@baci/web:test:   /* fire events that update state */
@baci/web:test: });
@baci/web:test: /* assert on the output */
@baci/web:test:
@baci/web:test: This ensures that you're testing the behavior the user would see in the browser. Learn more at https://react.dev/link/wrap-tests-with-act
@baci/web:test: An update to EditBlogPostPage inside a test was not wrapped in act(...).
@baci/web:test:
@baci/web:test: When testing, code that causes React state updates should be wrapped into act(...):
@baci/web:test:
@baci/web:test: act(() => {
@baci/web:test:   /* fire events that update state */
@baci/web:test: });
@baci/web:test: /* assert on the output */
@baci/web:test:
@baci/web:test: This ensures that you're testing the behavior the user would see in the browser. Learn more at https://react.dev/link/wrap-tests-with-act
@baci/web:test:
@baci/web:test: [90mstderr[2m | src/app/dashboard/blog/[id]/edit/page.test.tsx[2m > [22m[2mEditBlogPostPage Discover image upload metadata[2m > [22m[2mdeletes the previous session upload before tracking a replacement featured image
@baci/web:test: [22m[39mAn update to EditBlogPostPage inside a test was not wrapped in act(...).
@baci/web:test:
@baci/web:test: When testing, code that causes React state updates should be wrapped into act(...):
@baci/web:test:
@baci/web:test: act(() => {
@baci/web:test:   /* fire events that update state */
@baci/web:test: });
@baci/web:test: /* assert on the output */
@baci/web:test:
@baci/web:test: This ensures that you're testing the behavior the user would see in the browser. Learn more at https://react.dev/link/wrap-tests-with-act
@baci/web:test:
@baci/web:test: [90mstderr[2m | src/app/dashboard/blog/[id]/edit/page.test.tsx[2m > [22m[2mEditBlogPostPage Discover image upload metadata[2m > [22m[2mdeletes the previous session upload before tracking a replacement featured image
@baci/web:test: [22m[39mAn update to EditBlogPostPage inside a test was not wrapped in act(...).
@baci/web:test:
@baci/web:test: When testing, code that causes React state updates should be wrapped into act(...):
@baci/web:test:
@baci/web:test: act(() => {
@baci/web:test:   /* fire events that update state */
@baci/web:test: });
@baci/web:test: /* assert on the output */
@baci/web:test:
@baci/web:test: This ensures that you're testing the behavior the user would see in the browser. Learn more at https://react.dev/link/wrap-tests-with-act
@baci/web:test: An update to EditBlogPostPage inside a test was not wrapped in act(...).
@baci/web:test:
@baci/web:test: When testing, code that causes React state updates should be wrapped into act(...):
@baci/web:test:
@baci/web:test: act(() => {
@baci/web:test:   /* fire events that update state */
@baci/web:test: });
@baci/web:test: /* assert on the output */
@baci/web:test:
@baci/web:test: This ensures that you're testing the behavior the user would see in the browser. Learn more at https://react.dev/link/wrap-tests-with-act
@baci/web:test: An update to EditBlogPostPage inside a test was not wrapped in act(...).
@baci/web:test:
@baci/web:test: When testing, code that causes React state updates should be wrapped into act(...):
@baci/web:test:
@baci/web:test: act(() => {
@baci/web:test:   /* fire events that update state */
@baci/web:test: });
@baci/web:test: /* assert on the output */
@baci/web:test:
@baci/web:test: This ensures that you're testing the behavior the user would see in the browser. Learn more at https://react.dev/link/wrap-tests-with-act
@baci/web:test:
@baci/web:test:  [32m✓[39m src/app/dashboard/blog/[id]/edit/page.test.tsx [2m([22m[2m4 tests[22m[2m)[22m[33m 3361[2mms[22m[39m
@baci/web:test:      [33m[2m✓[22m[39m hydrates image metadata and persists it on save [33m 1479[2mms[22m[39m
@baci/web:test:      [33m[2m✓[22m[39m uploads editor images with purpose=inline [33m 614[2mms[22m[39m
@baci/web:test:      [33m[2m✓[22m[39m reports non-JSON featured image delete failures with status context [33m 785[2mms[22m[39m
@baci/web:test:      [33m[2m✓[22m[39m deletes the previous session upload before tracking a replacement featured image [33m 480[2mms[22m[39m
@baci/mobile-storefront:test: PASS hooks/use-copy-to-clipboard.test.ts
baci-mobile-admin:test:  [32m✓[39m config/android-google-services-file.test.ts [2m([22m[2m2 tests[22m[2m)[22m[32m 10[2mms[22m[39m
@baci/web:test:  [32m✓[39m src/app/api/push-tokens/register/route.test.ts [2m([22m[2m15 tests[22m[2m)[22m[32m 90[2mms[22m[39m
baci-mobile-admin:test:  [32m✓[39m lib/format-variant-attributes.test.ts [2m([22m[2m4 tests[22m[2m)[22m[32m 22[2mms[22m[39m
@baci/web:test: [90mstderr[2m | src/lib/agentic/merchant-context.test.ts[2m > [22m[2mresolveAgenticMerchantContext[2m > [22m[2mfails closed for agentic checkout when feature settings cannot be read
@baci/web:test: [22m[39m[2026-05-28T16:56:24.699Z] [ERROR] Agentic merchant feature settings lookup failed {
@baci/web:test:   error: [32m'{"message":"settings unavailable"}'[39m,
@baci/web:test:   merchantId: [32m'merchant-2'[39m,
@baci/web:test:   message: [32m'Agentic merchant feature settings lookup failed'[39m
@baci/web:test: }
@baci/web:test:
@baci/web:test: [90mstderr[2m | src/lib/agentic/merchant-context.test.ts[2m > [22m[2misAgenticCheckoutRuntimeConfigured[2m > [22m[2mdoes not advertise checkout when SUPABASE_AGENTIC_JWT_PRIVATE_JWK is missing
@baci/web:test: [22m[39m[2026-05-28T16:56:24.891Z] [WARN] Agentic JWT signing material is unavailable {
@baci/web:test:   error: [32m'{"message":"SUPABASE_JWT_SECRET is not defined","name":"Error"}'[39m,
@baci/web:test:   message: [32m'Agentic JWT signing material is unavailable'[39m
@baci/web:test: }
@baci/web:test:
@baci/web:test: [90mstderr[2m | src/lib/agentic/merchant-context.test.ts[2m > [22m[2misAgenticCheckoutRuntimeConfigured[2m > [22m[2madvertises checkout when an invalid configured JWK can fall back to the legacy JWT secret
@baci/web:test: [22m[39m[2026-05-28T16:56:24.963Z] [WARN] Agentic JWT private JWK is invalid; falling back to legacy JWT secret {
@baci/web:test:   error: [32m'{"message":"Invalid JWK EC key","name":"TypeError"}'[39m,
@baci/web:test:   message: [32m'Agentic JWT private JWK is invalid; falling back to legacy JWT secret'[39m
@baci/web:test: }
@baci/web:test:
@baci/web:test: [90mstderr[2m | src/lib/agentic/merchant-context.test.ts[2m > [22m[2misAgenticCheckoutRuntimeConfigured[2m > [22m[2mdoes not advertise checkout when the configured JWK cannot be imported and no legacy JWT secret exists
@baci/web:test: [22m[39m[2026-05-28T16:56:24.986Z] [WARN] Agentic JWT private JWK is invalid; falling back to legacy JWT secret {
@baci/web:test:   error: [32m'{"message":"Invalid JWK EC key","name":"TypeError"}'[39m,
@baci/web:test:   message: [32m'Agentic JWT private JWK is invalid; falling back to legacy JWT secret'[39m
@baci/web:test: }
@baci/web:test: [2026-05-28T16:56:24.986Z] [WARN] Agentic JWT signing material is unavailable {
@baci/web:test:   error: [32m'{"message":"SUPABASE_JWT_SECRET is not defined","name":"Error"}'[39m,
@baci/web:test:   message: [32m'Agentic JWT signing material is unavailable'[39m
@baci/web:test: }
@baci/web:test:
@baci/web:test:  [32m✓[39m src/lib/agentic/merchant-context.test.ts [2m([22m[2m15 tests[22m[2m)[22m[33m 501[2mms[22m[39m
@baci/web:test:  [32m✓[39m src/app/dashboard/settings/trust/trust-settings-client.test.tsx [2m([22m[2m5 tests[22m[2m)[22m[33m 2292[2mms[22m[39m
@baci/web:test:      [33m[2m✓[22m[39m loads the existing trust profile values into the form [33m 511[2mms[22m[39m
@baci/web:test:      [33m[2m✓[22m[39m submits sanitized trust_profile data through updateMerchant [33m 979[2mms[22m[39m
baci-mobile-admin:test:  [32m✓[39m components/orders/order-details.formatters.test.ts [2m([22m[2m4 tests[22m[2m)[22m[32m 73[2mms[22m[39m
@baci/web:test: [90mstdout[2m | src/lib/cached-data.merchant-safe.test.ts[2m > [22m[2mcached-data merchant safety helpers[2m > [22m[2mgetMerchantSafe[2m > [22m[2mreturns merchant data on successful lookup
@baci/web:test: [22m[39mSuccessfully fetched merchant: test-store merchant-123
@baci/web:test:
@baci/web:test: [90mstderr[2m | src/lib/cached-data.merchant-safe.test.ts[2m > [22m[2mcached-data merchant safety helpers[2m > [22m[2mgetMerchantSafe[2m > [22m[2mreturns null after both attempts fail
@baci/web:test: [90mstdout[2m | src/lib/cached-data.merchant-safe.test.ts[2m > [22m[2mcached-data merchant safety helpers[2m > [22m[2mgetMerchantSafe[2m > [22m[2mretries once on first failure and returns data on retry success
@baci/web:test: [22m[39mSuccessfully fetched merchant: test-store merchant-123
@baci/web:test:
@baci/web:test: [22m[39mMerchant fetch failed after retry: test-store
@baci/web:test:
@baci/web:test: [90mstderr[2m | src/lib/cached-data.merchant-safe.test.ts[2m > [22m[2mcached-data merchant safety helpers[2m > [22m[2mgetMerchantSafe[2m > [22m[2mdoes not throw errors even when lookup fails twice
@baci/web:test: [22m[39mMerchant fetch failed after retry: test-store
@baci/web:test:
@baci/web:test: [90mstdout[2m | src/lib/cached-data.merchant-safe.test.ts[2m > [22m[2mcached-data merchant safety helpers[2m > [22m[2mgetMerchantSafe[2m > [22m[2mredacts trust and legal fields for unpublished merchants
@baci/web:test: [22m[39mSuccessfully fetched merchant: test-store merchant-123
@baci/web:test:
@baci/web:test: [90mstdout[2m | src/lib/cached-data.merchant-safe.test.ts[2m > [22m[2mcached-data merchant safety helpers[2m > [22m[2mgetRequestScopedMerchant[2m > [22m[2mdelegates to getMerchantSafe
@baci/web:test: [22m[39mSuccessfully fetched merchant: test-store merchant-123
@baci/web:test:
@baci/web:test: [90mstderr[2m | src/lib/cached-data.merchant-safe.test.ts[2m > [22m[2mcached-data merchant safety helpers[2m > [22m[2mgetRequestScopedMerchant[2m > [22m[2mreturns null when getMerchantSafe returns null
@baci/web:test: [22m[39mMerchant fetch failed after retry: test-store
@baci/web:test:
@baci/web:test: [90mstdout[2m | src/lib/cached-data.merchant-safe.test.ts[2m > [22m[2mcached-data merchant safety helpers[2m > [22m[2mgetRequestScopedMerchant[2m > [22m[2mpasses identifier to getMerchantSafe correctly
@baci/web:test: [22m[39mSuccessfully fetched merchant by domain {
@baci/web:test:   domain: [32m'shop.example.com'[39m,
@baci/web:test:   slug: [32m'test-store'[39m,
@baci/web:test:   merchantId: [32m'merchant-123'[39m
@baci/web:test: }
@baci/web:test:
@baci/web:test:  [32m✓[39m src/lib/cached-data.merchant-safe.test.ts [2m([22m[2m14 tests[22m[2m)[22m[32m 60[2mms[22m[39m
baci-mobile-admin:test:  [32m✓[39m utils/order-export/buildOrdersCsv.test.ts [2m([22m[2m2 tests[22m[2m)[22m[32m 16[2mms[22m[39m
baci-mobile-admin:test:  [32m✓[39m lib/product-condition.test.ts [2m([22m[2m3 tests[22m[2m)[22m[32m 17[2mms[22m[39m
baci-mobile-admin:test:  [32m✓[39m hooks/orders/response-utils.test.ts [2m([22m[2m5 tests[22m[2m)[22m[32m 25[2mms[22m[39m
@baci/mobile-storefront:test: PASS components/storefront/SearchOverlay.test.tsx
@baci/mobile-storefront:test: PASS components/wallet/savings/start-savings-modal-parts.test.tsx
@baci/web:test:  [32m✓[39m src/app/api/builder/route.test.ts [2m([22m[2m12 tests[22m[2m)[22m[32m 195[2mms[22m[39m
@baci/mobile-storefront:test: PASS components/utilities/RecentUtilityRecipients.test.tsx
@baci/mobile-storefront:test: PASS components/navigation/RootStackScreens.test.tsx
@baci/web:test:  [32m✓[39m src/components/analytics/deferred-google-store-widget.test.tsx [2m([22m[2m10 tests[22m[2m)[22m[33m 428[2mms[22m[39m
@baci/web:test:  [32m✓[39m src/lib/agentic/paystack.test.ts [2m([22m[2m10 tests[22m[2m)[22m[32m 43[2mms[22m[39m
@baci/mobile-storefront:test: PASS __tests__/config/sdk56-compliance.test.ts
baci-mobile-admin:test:  [32m✓[39m schemas/product-route-params.test.ts [2m([22m[2m4 tests[22m[2m)[22m[32m 18[2mms[22m[39m
baci-mobile-admin:test:  [32m✓[39m utils/export-orders.test.ts [2m([22m[2m1 test[22m[2m)[22m[32m 18[2mms[22m[39m
baci-mobile-admin:test:  [32m✓[39m utils/colors/withTwentyPercentAlpha.test.ts [2m([22m[2m4 tests[22m[2m)[22m[32m 15[2mms[22m[39m
@baci/mobile-storefront:test: PASS components/chat/use-proactive-nudge.test.ts
@baci/mobile-storefront:test:   ● Console
@baci/mobile-storefront:test:
@baci/mobile-storefront:test:     console.error
@baci/mobile-storefront:test:       An update to HookContainer inside a test was not wrapped in act(...).
@baci/mobile-storefront:test:
@baci/mobile-storefront:test:       When testing, code that causes React state updates should be wrapped into act(...):
@baci/mobile-storefront:test:
@baci/mobile-storefront:test:       act(() => {
@baci/mobile-storefront:test:         /* fire events that update state */
@baci/mobile-storefront:test:       });
@baci/mobile-storefront:test:       /* assert on the output */
@baci/mobile-storefront:test:
@baci/mobile-storefront:test:       This ensures that you're testing the behavior the user would see in the browser. Learn more at https://react.dev/link/wrap-tests-with-act
@baci/mobile-storefront:test:
@baci/mobile-storefront:test:       24 |     );
@baci/mobile-storefront:test:       25 |     AccessibilityInfo.isReduceMotionEnabled().then((value) => {
@baci/mobile-storefront:test:     > 26 |       if (mounted) setReducedMotion(value);
@baci/mobile-storefront:test:          |                    ^
@baci/mobile-storefront:test:       27 |     });
@baci/mobile-storefront:test:       28 |     return () => {
@baci/mobile-storefront:test:       29 |       mounted = false;
@baci/mobile-storefront:test:
@baci/mobile-storefront:test:       at ../../node_modules/react-test-renderer/cjs/react-test-renderer.development.js:14402:19
@baci/mobile-storefront:test:       at runWithFiberInDEV (../../node_modules/react-test-renderer/cjs/react-test-renderer.development.js:2315:13)
@baci/mobile-storefront:test:       at warnIfUpdatesNotWrappedWithActDEV (../../node_modules/react-test-renderer/cjs/react-test-renderer.development.js:14401:9)
@baci/mobile-storefront:test:       at scheduleUpdateOnFiber (../../node_modules/react-test-renderer/cjs/react-test-renderer.development.js:12086:9)
@baci/mobile-storefront:test:       at dispatchSetStateInternal (../../node_modules/react-test-renderer/cjs/react-test-renderer.development.js:6208:13)
@baci/mobile-storefront:test:       at dispatchSetState (../../node_modules/react-test-renderer/cjs/react-test-renderer.development.js:6165:7)
@baci/mobile-storefront:test:       at setReducedMotion (components/chat/use-proactive-nudge.ts:26:20)
@baci/mobile-storefront:test:
@baci/mobile-storefront:test:     console.error
@baci/mobile-storefront:test:       An update to HookContainer inside a test was not wrapped in act(...).
@baci/mobile-storefront:test:
@baci/mobile-storefront:test:       When testing, code that causes React state updates should be wrapped into act(...):
@baci/mobile-storefront:test:
@baci/mobile-storefront:test:       act(() => {
@baci/mobile-storefront:test:         /* fire events that update state */
@baci/mobile-storefront:test:       });
@baci/mobile-storefront:test:       /* assert on the output */
@baci/mobile-storefront:test:
@baci/mobile-storefront:test:       This ensures that you're testing the behavior the user would see in the browser. Learn more at https://react.dev/link/wrap-tests-with-act
@baci/mobile-storefront:test:
@baci/mobile-storefront:test:       24 |     );
@baci/mobile-storefront:test:       25 |     AccessibilityInfo.isReduceMotionEnabled().then((value) => {
@baci/mobile-storefront:test:     > 26 |       if (mounted) setReducedMotion(value);
@baci/mobile-storefront:test:          |                    ^
@baci/mobile-storefront:test:       27 |     });
@baci/mobile-storefront:test:       28 |     return () => {
@baci/mobile-storefront:test:       29 |       mounted = false;
@baci/mobile-storefront:test:
@baci/mobile-storefront:test:       at ../../node_modules/react-test-renderer/cjs/react-test-renderer.development.js:14402:19
@baci/mobile-storefront:test:       at runWithFiberInDEV (../../node_modules/react-test-renderer/cjs/react-test-renderer.development.js:2315:13)
@baci/mobile-storefront:test:       at warnIfUpdatesNotWrappedWithActDEV (../../node_modules/react-test-renderer/cjs/react-test-renderer.development.js:14401:9)
@baci/mobile-storefront:test:       at scheduleUpdateOnFiber (../../node_modules/react-test-renderer/cjs/react-test-renderer.development.js:12086:9)
@baci/mobile-storefront:test:       at dispatchSetStateInternal (../../node_modules/react-test-renderer/cjs/react-test-renderer.development.js:6208:13)
@baci/mobile-storefront:test:       at dispatchSetState (../../node_modules/react-test-renderer/cjs/react-test-renderer.development.js:6165:7)
@baci/mobile-storefront:test:       at setReducedMotion (components/chat/use-proactive-nudge.ts:26:20)
@baci/mobile-storefront:test:
@baci/mobile-storefront:test:     console.error
@baci/mobile-storefront:test:       An update to HookContainer inside a test was not wrapped in act(...).
@baci/mobile-storefront:test:
@baci/mobile-storefront:test:       When testing, code that causes React state updates should be wrapped into act(...):
@baci/mobile-storefront:test:
@baci/mobile-storefront:test:       act(() => {
@baci/mobile-storefront:test:         /* fire events that update state */
@baci/mobile-storefront:test:       });
@baci/mobile-storefront:test:       /* assert on the output */
@baci/mobile-storefront:test:
@baci/mobile-storefront:test:       This ensures that you're testing the behavior the user would see in the browser. Learn more at https://react.dev/link/wrap-tests-with-act
@baci/mobile-storefront:test:
@baci/mobile-storefront:test:       24 |     );
@baci/mobile-storefront:test:       25 |     AccessibilityInfo.isReduceMotionEnabled().then((value) => {
@baci/mobile-storefront:test:     > 26 |       if (mounted) setReducedMotion(value);
@baci/mobile-storefront:test:          |                    ^
@baci/mobile-storefront:test:       27 |     });
@baci/mobile-storefront:test:       28 |     return () => {
@baci/mobile-storefront:test:       29 |       mounted = false;
@baci/mobile-storefront:test:
@baci/mobile-storefront:test:       at ../../node_modules/react-test-renderer/cjs/react-test-renderer.development.js:14402:19
@baci/mobile-storefront:test:       at runWithFiberInDEV (../../node_modules/react-test-renderer/cjs/react-test-renderer.development.js:2315:13)
@baci/mobile-storefront:test:       at warnIfUpdatesNotWrappedWithActDEV (../../node_modules/react-test-renderer/cjs/react-test-renderer.development.js:14401:9)
@baci/mobile-storefront:test:       at scheduleUpdateOnFiber (../../node_modules/react-test-renderer/cjs/react-test-renderer.development.js:12086:9)
@baci/mobile-storefront:test:       at dispatchSetStateInternal (../../node_modules/react-test-renderer/cjs/react-test-renderer.development.js:6208:13)
@baci/mobile-storefront:test:       at dispatchSetState (../../node_modules/react-test-renderer/cjs/react-test-renderer.development.js:6165:7)
@baci/mobile-storefront:test:       at setReducedMotion (components/chat/use-proactive-nudge.ts:26:20)
@baci/mobile-storefront:test:
@baci/mobile-storefront:test: PASS components/chat/constants.test.ts
baci-mobile-admin:test:  [32m✓[39m components/customize/build-preview-url.test.ts [2m([22m[2m4 tests[22m[2m)[22m[32m 14[2mms[22m[39m
@baci/mobile-storefront:test: PASS components/addresses/AddressCard.test.tsx
@baci/mobile-storefront:test: PASS components/wallet/savings/start-savings-controller.utils.test.ts
@baci/web:test:  [32m✓[39m src/components/analytics/google-store-widget.test.tsx [2m([22m[2m15 tests[22m[2m)[22m[33m 547[2mms[22m[39m
@baci/mobile-storefront:test: PASS components/product/ProductDetailsBody.test.tsx
@baci/web:test: [90mstderr[2m | src/app/api/admin/settings/route.test.ts[2m > [22m[2m/api/admin/settings[2m > [22m[2mreturns 500 when fetching platform settings fails
@baci/web:test: [22m[39mFailed to fetch platform settings: { message: [32m'fetch failed'[39m }
@baci/web:test:
@baci/web:test: [90mstderr[2m | src/app/api/admin/settings/route.test.ts[2m > [22m[2m/api/admin/settings[2m > [22m[2mreturns 500 when updating platform settings fails
@baci/web:test: [22m[39mFailed to update platform settings: { message: [32m'update failed'[39m }
@baci/web:test:
baci-mobile-admin:test:  [32m✓[39m components/customize/get-transparent-primary-color.test.ts [2m([22m[2m4 tests[22m[2m)[22m[32m 8[2mms[22m[39m
@baci/web:test:  [32m✓[39m src/app/api/admin/settings/route.test.ts [2m([22m[2m7 tests[22m[2m)[22m[32m 73[2mms[22m[39m
@baci/web:test:  [32m✓[39m src/components/dashboard/integrations/agent-commerce-trust-readiness-card-helpers.test.ts [2m([22m[2m8 tests[22m[2m)[22m[32m 15[2mms[22m[39m
@baci/mobile-storefront:test: PASS hooks/use-push-notifications.unresolvable.test.ts
baci-mobile-admin:test:  [32m✓[39m lib/validators/product-variant-color.test.ts [2m([22m[2m14 tests[22m[2m)[22m[32m 23[2mms[22m[39m
@baci/mobile-storefront:test: PASS hooks/use-storefront-insets.test.ts
@baci/mobile-storefront:test: PASS ./app.config.test.ts
baci-mobile-admin:test:  [32m✓[39m hooks/useAnalyticsDetail.types.test.ts [2m([22m[2m4 tests[22m[2m)[22m[32m 20[2mms[22m[39m
baci-mobile-admin:test:  [32m✓[39m components/ui/virtualized-list-props.test.ts [2m([22m[2m3 tests[22m[2m)[22m[32m 19[2mms[22m[39m
@baci/mobile-storefront:test: PASS components/imei-check/imei-check-service-selector.test.tsx
@baci/web:test:  [32m✓[39m src/hooks/merchant/queries.test.ts [2m([22m[2m15 tests[22m[2m)[22m[32m 31[2mms[22m[39m
@baci/mobile-storefront:test: PASS lib/optional-gesture-handler.test.tsx
@baci/mobile-storefront:test: PASS components/payment-gateway/PaymentErrorView.test.tsx
baci-mobile-admin:test:  [32m✓[39m components/customize/is-valid-preview-url.test.ts [2m([22m[2m2 tests[22m[2m)[22m[32m 32[2mms[22m[39m
@baci/web:test:  [32m✓[39m src/app/api/cron/agentic-commerce-health/route-manifest-health.test.ts [2m([22m[2m3 tests[22m[2m)[22m[32m 78[2mms[22m[39m
baci-mobile-admin:test:  [32m✓[39m components/auth/GoogleLogo.test.tsx [2m([22m[2m1 test[22m[2m)[22m[32m 122[2mms[22m[39m
@baci/mobile-storefront:test: PASS components/wallet/WalletHeroSection.test.tsx
@baci/mobile-storefront:test: PASS lib/customer-savings-api.test.ts
@baci/web:test:  [32m✓[39m src/app/dashboard/migrations/migration-preview-row-display.test.ts [2m([22m[2m5 tests[22m[2m)[22m[32m 8[2mms[22m[39m
@baci/mobile-storefront:test: PASS hooks/use-cart.test.tsx
@baci/mobile-storefront:test: PASS schemas/utility-purchase.test.ts
@baci/web:test:  [32m✓[39m src/components/storefront/ogabassey/pages/category-page.test.tsx [2m([22m[2m8 tests[22m[2m)[22m[33m 1269[2mms[22m[39m
@baci/web:test:      [33m[2m✓[22m[39m renders the category banner region on desktop [33m 311[2mms[22m[39m
@baci/web:test:      [33m[2m✓[22m[39m renders crawlable pagination links for category results [33m 387[2mms[22m[39m
baci-mobile-admin:test:  [32m✓[39m components/domains/connect.styles.test.ts [2m([22m[2m1 test[22m[2m)[22m[32m 5[2mms[22m[39m
baci-mobile-admin:test:
baci-mobile-admin:test: [2m Test Files [22m [1m[32m317 passed[39m[22m[90m (317)[39m
baci-mobile-admin:test: [2m      Tests [22m [1m[32m1437 passed[39m[22m[90m (1437)[39m
baci-mobile-admin:test: [2m   Start at [22m 16:50:31
baci-mobile-admin:test: [2m   Duration [22m 365.89s[2m (transform 25.99s, setup 0ms, import 237.84s, tests 167.16s, environment 880.51s)[22m
baci-mobile-admin:test:
@baci/mobile-storefront:test: PASS components/storefront/use-product-grid-pagination.test.ts
@baci/web:test:  [32m✓[39m src/lib/agentic/checkout-pay-on-delivery-finalize.test.ts [2m([22m[2m7 tests[22m[2m)[22m[32m 15[2mms[22m[39m
@baci/web:test:  [32m✓[39m src/lib/storefront-canonical-url.test.ts [2m([22m[2m29 tests[22m[2m)[22m[32m 10[2mms[22m[39m
@baci/mobile-storefront:test: PASS components/wallet/savings/StartSavingsScreen.errors.test.tsx
@baci/mobile-storefront:test: PASS schemas/wallet-funding-account.test.ts
@baci/mobile-storefront:test: PASS __tests__/app/bank-transfer/index.test.tsx
@baci/web:test:  [32m✓[39m src/app/.well-known/ucp/route.test.ts [2m([22m[2m5 tests[22m[2m)[22m[33m 345[2mms[22m[39m
@baci/mobile-storefront:test: PASS lib/validation/auth-schemas.test.ts
@baci/web:test:  [32m✓[39m src/app/api/paystack/virtual-terminal/route.test.ts [2m([22m[2m7 tests[22m[2m)[22m[32m 27[2mms[22m[39m
@baci/web:test:  [32m✓[39m src/lib/storefront-product-lcp-image.test.ts [2m([22m[2m11 tests[22m[2m)[22m[32m 22[2mms[22m[39m
@baci/mobile-storefront:test: PASS components/crypto-payment/CryptoPaymentView.test.tsx
@baci/mobile-storefront:test: PASS components/utilities/ReceiptShareButton.test.tsx
@baci/mobile-storefront:test: PASS components/utilities/BillPaymentSection.test.tsx
@baci/mobile-storefront:test: PASS lib/klump-checkout.test.ts
@baci/mobile-storefront:test: PASS components/addresses/AddressFormFields.test.tsx
@baci/web:test:  [32m✓[39m src/scripts/reconcile-paystack-dva-executors.test.ts [2m([22m[2m13 tests[22m[2m)[22m[32m 19[2mms[22m[39m
@baci/web:test:  [32m✓[39m src/lib/ai-storefront/normalize-ai-storefront-layout.test.ts [2m([22m[2m9 tests[22m[2m)[22m[32m 25[2mms[22m[39m
@baci/mobile-storefront:test: PASS components/product/CompareButton.test.tsx
@baci/mobile-storefront:test: PASS components/orders/OrderDetailsSummaryCard.test.tsx
@baci/web:test:  [32m✓[39m src/scripts/verify-quiz-assets.test.ts [2m([22m[2m10 tests[22m[2m)[22m[32m 246[2mms[22m[39m
@baci/mobile-storefront:test: PASS components/product/ProductDetailRouteState.test.tsx
@baci/mobile-storefront:test: PASS components/utilities/bill-item-matching.test.ts
@baci/mobile-storefront:test: PASS components/quiz/QuizScreen.utils.test.ts
@baci/mobile-storefront:test: PASS components/profile/ProfileEditView.test.tsx
@baci/mobile-storefront:test: PASS lib/product-query-cache.test.ts
@baci/mobile-storefront:test:   ● Console
@baci/mobile-storefront:test:
@baci/mobile-storefront:test:     console.debug
@baci/mobile-storefront:test:       [product-query-cache] Unexpected products cache shape {
@baci/mobile-storefront:test:         keys: [ 'foo' ],
@baci/mobile-storefront:test:         pagesIsArray: false,
@baci/mobile-storefront:test:         pageParamsIsArray: false,
@baci/mobile-storefront:test:         firstPageHasProductsArray: false,
@baci/mobile-storefront:test:         firstPageProductCount: null
@baci/mobile-storefront:test:       }
@baci/mobile-storefront:test:
@baci/mobile-storefront:test:       at debug (lib/product-query-cache.ts:82:15)
@baci/mobile-storefront:test:
@baci/mobile-storefront:test: PASS lib/shipping-quotes.test.ts
@baci/web:test:  [32m✓[39m src/app/(storefront)/[slug]/seo-helpers.test.ts [2m([22m[2m40 tests[22m[2m)[22m[32m 12[2mms[22m[39m
@baci/mobile-storefront:test: PASS components/cart/CartCheckoutFooter.test.tsx
@baci/mobile-storefront:test: PASS components/payment-gateway/PaymentSuccessView.test.tsx
@baci/mobile-storefront:test: PASS components/checkout/ShippingQuotesCard.test.tsx
@baci/mobile-storefront:test:   ● Console
@baci/mobile-storefront:test:
@baci/mobile-storefront:test:     console.log
@baci/mobile-storefront:test:       [DEBUG] [16:56:42.001] [Storage] Initializing with keys: [
@baci/mobile-storefront:test:         'cart-storage',
@baci/mobile-storefront:test:         'saved-storage',
@baci/mobile-storefront:test:         'comparison-storage',
@baci/mobile-storefront:test:         'search_history'
@baci/mobile-storefront:test:       ]
@baci/mobile-storefront:test:
@baci/mobile-storefront:test:       at Object.log [as debug] (lib/logger.ts:73:15)
@baci/mobile-storefront:test:
@baci/mobile-storefront:test:     console.log
@baci/mobile-storefront:test:       [DEBUG] [16:56:42.012] [Storage] Initialization complete
@baci/mobile-storefront:test:
@baci/mobile-storefront:test:       at Object.log [as debug] (lib/logger.ts:73:15)
@baci/mobile-storefront:test:
@baci/mobile-storefront:test: PASS __tests__/app/faq/index.test.tsx
@baci/mobile-storefront:test: PASS components/orders/OrderDetailsActionsCard.test.tsx
@baci/web:test:  [32m✓[39m src/components/jumia/consignment/create-consignment-form.test.tsx [2m([22m[2m8 tests[22m[2m)[22m[33m 553[2mms[22m[39m
@baci/web:test:  [32m✓[39m src/components/storefront/ogabassey/pages/checkout/components/CryptoPaymentModal.test.tsx [2m([22m[2m27 tests[22m[2m)[22m[33m 1237[2mms[22m[39m
@baci/web:test: [90mstderr[2m | src/app/api/staff/route.test.ts[2m > [22m[2mPOST /api/staff[2m > [22m[2muses the requested merchant context and redacts failed email delivery details
@baci/web:test: [22m[39mStaff invitation email error: Provider timeout
@baci/web:test:
@baci/web:test: [90mstderr[2m | src/app/api/staff/route.test.ts[2m > [22m[2mPOST /api/staff[2m > [22m[2mscopes removed-staff reactivation updates to the merchant
@baci/web:test: [22m[39mStaff invitation email error: Provider timeout
@baci/web:test:
@baci/web:test:  [32m✓[39m src/app/api/staff/route.test.ts [2m([22m[2m7 tests[22m[2m)[22m[33m 351[2mms[22m[39m
@baci/web:test: [90mstderr[2m | src/lib/zeptomail.test.ts[2m > [22m[2mzeptomail audit logging[2m > [22m[2mreturns failure when ZEPTOMAIL_TOKEN is whitespace-only
@baci/web:test: [22m[39mZeptoMail email error: {"message":"ZEPTOMAIL_TOKEN environment variable is not configured"}
@baci/web:test:
@baci/web:test: [90mstderr[2m | src/lib/zeptomail.test.ts[2m > [22m[2mzeptomail audit logging[2m > [22m[2mrecords failed status after all retries are exhausted
@baci/web:test: [22m[39mZeptoMail retry 1/3 after 1000ms: Server overloaded
@baci/web:test:
@baci/web:test: [90mstderr[2m | src/lib/zeptomail.test.ts[2m > [22m[2mzeptomail audit logging[2m > [22m[2mrecords failed status after all retries are exhausted
@baci/web:test: [22m[39mZeptoMail retry 2/3 after 2000ms: Server overloaded
@baci/web:test:
@baci/web:test: [90mstderr[2m | src/lib/zeptomail.test.ts[2m > [22m[2mzeptomail audit logging[2m > [22m[2mrecords failed status after all retries are exhausted
@baci/web:test: [22m[39mZeptoMail retry 3/3 after 4000ms: Server overloaded
@baci/web:test:
@baci/web:test: [90mstderr[2m | src/lib/zeptomail.test.ts[2m > [22m[2mzeptomail audit logging[2m > [22m[2mrecords failed status after all retries are exhausted
@baci/web:test: [22m[39mZeptoMail email error: {"message":"Server overloaded","code":"TM_5001","details":null}
@baci/web:test:
@baci/web:test:  [32m✓[39m src/lib/zeptomail.test.ts [2m([22m[2m8 tests[22m[2m)[22m[32m 50[2mms[22m[39m
@baci/mobile-storefront:test: PASS lib/wallet-top-up.polling.test.ts
@baci/web:test:  [32m✓[39m src/app/api/marketplace/jumia/products/import/route.test.ts [2m([22m[2m11 tests[22m[2m)[22m[32m 32[2mms[22m[39m
@baci/mobile-storefront:test: PASS components/utilities/bill-item-selection.test.ts
@baci/web:test:  [32m✓[39m src/app/api/ai-jobs/[id]/apply/route.test.ts [2m([22m[2m11 tests[22m[2m)[22m[32m 33[2mms[22m[39m
@baci/mobile-storefront:test: PASS lib/storage.ssr.test.ts
@baci/mobile-storefront:test: PASS components/checkout/DeliveryMethodCard.test.tsx
@baci/mobile-storefront:test:   ● Console
@baci/mobile-storefront:test:
@baci/mobile-storefront:test:     console.log
@baci/mobile-storefront:test:       [DEBUG] [16:56:44.857] [Storage] Initializing with keys: [
@baci/mobile-storefront:test:         'cart-storage',
@baci/mobile-storefront:test:         'saved-storage',
@baci/mobile-storefront:test:         'comparison-storage',
@baci/mobile-storefront:test:         'search_history'
@baci/mobile-storefront:test:       ]
@baci/mobile-storefront:test:
@baci/mobile-storefront:test:       at Object.log [as debug] (lib/logger.ts:73:15)
@baci/mobile-storefront:test:
@baci/mobile-storefront:test:     console.log
@baci/mobile-storefront:test:       [DEBUG] [16:56:44.866] [Storage] Initialization complete
@baci/mobile-storefront:test:
@baci/mobile-storefront:test:       at Object.log [as debug] (lib/logger.ts:73:15)
@baci/mobile-storefront:test:
@baci/mobile-storefront:test: PASS lib/order-summary.test.ts
@baci/web:test: [90mstderr[2m | src/lib/platform-blog.test.ts[2m > [22m[2mplatform-blog query helpers[2m > [22m[2mre-throws RPC errors when view increment fails
@baci/web:test: [22m[39mFailed to increment platform blog post views { error: { message: [32m'rpc failed'[39m }, postId: [32m'post-1'[39m }
@baci/web:test:
@baci/web:test:  [32m✓[39m src/lib/platform-blog.test.ts [2m([22m[2m10 tests[22m[2m)[22m[32m 21[2mms[22m[39m
@baci/mobile-storefront:test: PASS lib/customer-order-status.test.ts
@baci/web:test: [90mstderr[2m | src/app/api/payments/credit-direct/sign/route.test.ts[2m > [22m[2mPOST /api/payments/credit-direct/sign[2m > [22m[2mreturns 403 before signing when Credit Direct is disabled
@baci/web:test: [22m[39mCredit Direct Sign Blocked: Feature disabled {
@baci/web:test:   merchant: [32m'ogabassey'[39m,
@baci/web:test:   merchantId: [32m'123e4567-e89b-12d3-a456-426614174000'[39m
@baci/web:test: }
@baci/web:test:
@baci/web:test: [90mstderr[2m | src/app/api/payments/credit-direct/sign/route.test.ts[2m > [22m[2mPOST /api/payments/credit-direct/sign[2m > [22m[2mreturns 500 when the signed session cannot be linked
@baci/web:test: [22m[39mFailed to link Credit Direct session: { message: [32m'rpc failed'[39m }
@baci/web:test:
@baci/web:test:  [32m✓[39m src/app/api/payments/credit-direct/sign/route.test.ts [2m([22m[2m13 tests[22m[2m)[22m[32m 45[2mms[22m[39m
@baci/mobile-storefront:test: PASS components/storefront/HomeServiceCards.test.tsx
@baci/web:test:  [32m✓[39m src/lib/jumia/order-sync-operations.test.ts [2m([22m[2m18 tests[22m[2m)[22m[32m 64[2mms[22m[39m
@baci/mobile-storefront:test: PASS __tests__/app/repairs/index.test.tsx
@baci/mobile-storefront:test: PASS components/checkout/CheckoutSavingsRetryCard.test.tsx
@baci/mobile-storefront:test: PASS components/product/NegotiationModal.test.tsx
@baci/mobile-storefront:test: PASS lib/checkout-identity.test.ts
@baci/web:test: [90mstderr[2m | src/app/api/agentic/checkout_sessions/[id]/complete/route-db-error.test.ts[2m > [22m[2mPOST /api/agentic/checkout_sessions/[id]/complete database errors[2m > [22m[2mreturns 500 when the session read fails
@baci/web:test: [22m[39m[2026-05-28T16:56:46.970Z] [ERROR] Agentic checkout session read failed {
@baci/web:test:   message: [32m'Agentic checkout session read failed'[39m,
@baci/web:test:   error: [32m'{"message":"database unavailable"}'[39m,
@baci/web:test:   sessionId: [32m'agentic_session_1'[39m
@baci/web:test: }
@baci/web:test:
@baci/web:test: [90mstderr[2m | src/app/api/agentic/checkout_sessions/[id]/complete/route-db-error.test.ts[2m > [22m[2mPOST /api/agentic/checkout_sessions/[id]/complete database errors[2m > [22m[2mreturns 500 when the stored cart items are malformed
@baci/web:test: [22m[39m[2026-05-28T16:56:46.985Z] [ERROR] Agentic checkout session has invalid cart items {
@baci/web:test:   message: [32m'Agentic checkout session has invalid cart items'[39m,
@baci/web:test:   error: [32m'{"formErrors":[],"fieldErrors":{"0":["Item id is required","Quantity must be a positive integer"]}}'[39m,
@baci/web:test:   sessionId: [32m'agentic_session_1'[39m
@baci/web:test: }
@baci/web:test:
@baci/web:test:  [32m✓[39m src/app/api/agentic/checkout_sessions/[id]/complete/route-db-error.test.ts [2m([22m[2m3 tests[22m[2m)[22m[32m 31[2mms[22m[39m
@baci/mobile-storefront:test: PASS components/checkout/CheckoutReviewStep.test.tsx
@baci/mobile-storefront:test:   ● Console
@baci/mobile-storefront:test:
@baci/mobile-storefront:test:     console.log
@baci/mobile-storefront:test:       [DEBUG] [16:56:46.998] [Storage] Initializing with keys: [
@baci/mobile-storefront:test:         'cart-storage',
@baci/mobile-storefront:test:         'saved-storage',
@baci/mobile-storefront:test:         'comparison-storage',
@baci/mobile-storefront:test:         'search_history'
@baci/mobile-storefront:test:       ]
@baci/mobile-storefront:test:
@baci/mobile-storefront:test:       at Object.log [as debug] (lib/logger.ts:73:15)
@baci/mobile-storefront:test:
@baci/mobile-storefront:test:     console.log
@baci/mobile-storefront:test:       [DEBUG] [16:56:47.006] [Storage] Initialization complete
@baci/mobile-storefront:test:
@baci/mobile-storefront:test:       at Object.log [as debug] (lib/logger.ts:73:15)
@baci/mobile-storefront:test:
@baci/mobile-storefront:test: PASS components/storefront/FilterSheet.test.tsx
@baci/mobile-storefront:test: PASS lib/product-internal-selection-axes.test.ts
@baci/mobile-storefront:test: PASS components/imei-check/imei-check-input-section.test.tsx
@baci/mobile-storefront:test: PASS services/tiktok-commerce-event-data.test.ts
@baci/web:test:  [32m✓[39m src/app/(storefront)/[slug]/(home)/page.test.tsx [2m([22m[2m5 tests[22m[2m)[22m[32m 93[2mms[22m[39m
@baci/mobile-storefront:test: PASS lib/resolve-home-blocks.test.ts
@baci/mobile-storefront:test: PASS components/payment-gateway/payment-gateway.helpers.test.ts
@baci/web:test:  [32m✓[39m src/app/api/quiz/attempts/[attemptId]/finalize-awards/route.test.ts [2m([22m[2m9 tests[22m[2m)[22m[32m 98[2mms[22m[39m
@baci/mobile-storefront:test: PASS ./env.test.ts
@baci/mobile-storefront:test: PASS components/wallet/use-wallet-balance-contract-warning.test.tsx
@baci/mobile-storefront:test: PASS components/bank-transfer/BankTransferView.test.tsx
@baci/mobile-storefront:test: PASS lib/bnpl-url.test.ts
@baci/mobile-storefront:test: PASS components/quiz/QuizScreen.styles.test.ts
@baci/web:test: [90mstderr[2m | src/app/api/marketplace/jumia/connect/exchange/route.test.ts[2m > [22m[2mPOST /api/marketplace/jumia/connect/exchange[2m > [22m[2mreturns 500 when Jumia token exchange fails
@baci/web:test: [22m[39m[Jumia Exchange] Unexpected error: Error: Token exchange failed
@baci/web:test:     at [90m/app/apps/web/[39msrc/app/api/marketplace/jumia/connect/exchange/route.test.ts:304:45
@baci/web:test:     at [90mfile:///app/apps/web/[39mnode_modules/[4m@vitest/runner[24m/dist/index.js:145:11
@baci/web:test:     at [90mfile:///app/apps/web/[39mnode_modules/[4m@vitest/runner[24m/dist/index.js:915:26
@baci/web:test:     at [90mfile:///app/apps/web/[39mnode_modules/[4m@vitest/runner[24m/dist/index.js:1243:20
@baci/web:test:     at new Promise (<anonymous>)
@baci/web:test:     at runWithTimeout [90m(file:///app/apps/web/[39mnode_modules/[4m@vitest/runner[24m/dist/index.js:1209:10[90m)[39m
@baci/web:test:     at [90mfile:///app/apps/web/[39mnode_modules/[4m@vitest/runner[24m/dist/index.js:1653:37
@baci/web:test:     at Traces.$ [90m(file:///app/apps/web/[39mnode_modules/[4mvitest[24m/dist/chunks/traces.CCmnQaNT.js:142:27[90m)[39m
@baci/web:test:     at trace [90m(file:///app/apps/web/[39mnode_modules/[4mvitest[24m/dist/chunks/test.B8ej_ZHS.js:239:21[90m)[39m
@baci/web:test:     at runTest [90m(file:///app/apps/web/[39mnode_modules/[4m@vitest/runner[24m/dist/index.js:1653:12[90m)[39m
@baci/web:test:
@baci/web:test:  [32m✓[39m src/app/api/marketplace/jumia/connect/exchange/route.test.ts [2m([22m[2m12 tests[22m[2m)[22m[32m 62[2mms[22m[39m
@baci/mobile-storefront:test: PASS components/ui/ModalSheet.test.tsx
@baci/web:test: [90mstderr[2m | src/app/api/products/bulk-update/route.test.ts[2m > [22m[2mPOST /api/products/bulk-update[2m > [22m[2mhandles update errors gracefully
@baci/web:test: [22m[39mError processing change for: Bad Update { message: [32m'Constraint violation'[39m }
@baci/web:test:
@baci/mobile-storefront:test: PASS components/checkout/CheckoutStepper.test.tsx
@baci/web:test:  [32m✓[39m src/app/api/products/bulk-update/route.test.ts [2m([22m[2m9 tests[22m[2m)[22m[32m 274[2mms[22m[39m
@baci/mobile-storefront:test: PASS components/utilities/PurchaseVoucherCard.test.tsx
@baci/mobile-storefront:test: PASS components/orders/OrdersListHeader.test.tsx
@baci/mobile-storefront:test: PASS components/bnpl-checkout/BNPLCheckoutStatusView.test.tsx
@baci/web:test:  [32m✓[39m src/lib/rate-limit.test.tsx [2m([22m[2m17 tests[22m[2m)[22m[32m 52[2mms[22m[39m
@baci/mobile-storefront:test: PASS components/storefront/FilterBar.shadows.test.ts
@baci/mobile-storefront:test: PASS components/orders/OrderDetailsInsuranceCard.test.tsx
@baci/web:test:  [32m✓[39m src/app/api/analytics/crawler-log/route.test.ts [2m([22m[2m9 tests[22m[2m)[22m[32m 51[2mms[22m[39m
@baci/mobile-storefront:test: PASS components/chat/use-draggable-fab.test.ts
@baci/mobile-storefront:test: PASS components/checkout/CheckoutDeliveryLocationPicker.test.tsx
@baci/mobile-storefront:test: PASS hooks/use-permission-booster.test.tsx
@baci/mobile-storefront:test: PASS constants/withAlpha.test.ts
@baci/web:test:  [32m✓[39m src/app/api/negotiations/notify/route.test.ts [2m([22m[2m11 tests[22m[2m)[22m[32m 40[2mms[22m[39m
@baci/mobile-storefront:test: PASS __tests__/app/(tabs)/index.test.tsx
@baci/mobile-storefront:test: PASS constants/Colors.shadows.test.ts
@baci/web:test:  [32m✓[39m src/lib/api-client.test.ts [2m([22m[2m15 tests[22m[2m)[22m[32m 42[2mms[22m[39m
@baci/web:test:  [32m✓[39m src/app/dashboard/products/add/add-product-form.test.tsx [2m([22m[2m5 tests[22m[2m)[22m[33m 5423[2mms[22m[39m
@baci/web:test:      [33m[2m✓[22m[39m shows the unlimited stock setting for variant products and passes it to variant stock controls [33m 948[2mms[22m[39m
@baci/web:test:      [33m[2m✓[22m[39m keeps the auto-generated slug in sync while typing a product name [33m 1566[2mms[22m[39m
@baci/web:test:      [33m[2m✓[22m[39m stops auto-syncing the slug once the user manually edits it [33m 2659[2mms[22m[39m
@baci/mobile-storefront:test: PASS components/orders/OrderDetailsTimelineCard.test.tsx
@baci/mobile-storefront:test: PASS components/navigation/DrawerMenuItems.test.tsx
@baci/mobile-storefront:test: PASS lib/category-utils.test.ts
@baci/web:test:  [32m✓[39m src/lib/payments/confirm-paystack-wallet-dva-top-up.test.ts [2m([22m[2m7 tests[22m[2m)[22m[32m 25[2mms[22m[39m
@baci/mobile-storefront:test: PASS lib/tracking-transparency.test.ts
@baci/mobile-storefront:test: PASS components/wallet/WalletLoyaltyRewardsCard.test.tsx
@baci/mobile-storefront:test: PASS components/checkout/CheckoutGuestSaveDetails.test.tsx
@baci/mobile-storefront:test: PASS lib/cart-display.test.ts
@baci/web:test: [90mstderr[2m | src/components/storefront/ogabassey/pages/checkout/hooks/use-dva-payment.test.ts[2m > [22m[2museDvaPayment[2m > [22m[2mhandleBankTransfer[2m > [22m[2mhandles non-ok response with error message
@baci/web:test: [22m[39mDVA initialization error: Error: Payment gateway unavailable
@baci/web:test:     at Object.handleBankTransfer [90m(/app/apps/web/[39msrc/components/storefront/ogabassey/pages/checkout/hooks/use-dva-payment.ts:57:15[90m)[39m
@baci/web:test:     at [90m/app/apps/web/[39msrc/components/storefront/ogabassey/pages/checkout/hooks/use-dva-payment.test.ts:169:9
@baci/web:test:
@baci/web:test: [90mstderr[2m | src/components/storefront/ogabassey/pages/checkout/hooks/use-dva-payment.test.ts[2m > [22m[2museDvaPayment[2m > [22m[2mhandleBankTransfer[2m > [22m[2mhandles non-ok response without error message
@baci/web:test: [22m[39mDVA initialization error: Error: Failed to initialize bank transfer
@baci/web:test:     at Object.handleBankTransfer [90m(/app/apps/web/[39msrc/components/storefront/ogabassey/pages/checkout/hooks/use-dva-payment.ts:57:15[90m)[39m
@baci/web:test:     at [90m/app/apps/web/[39msrc/components/storefront/ogabassey/pages/checkout/hooks/use-dva-payment.test.ts:200:9
@baci/web:test:
@baci/web:test: [90mstderr[2m | src/components/storefront/ogabassey/pages/checkout/hooks/use-dva-payment.test.ts[2m > [22m[2museDvaPayment[2m > [22m[2mhandleBankTransfer[2m > [22m[2mhandles network error
@baci/web:test: [22m[39mDVA initialization error: Error: Network error
@baci/web:test:     at [90m/app/apps/web/[39msrc/components/storefront/ogabassey/pages/checkout/hooks/use-dva-payment.test.ts:217:9
@baci/web:test:     at [90mfile:///app/apps/web/[39mnode_modules/[4m@vitest/runner[24m/dist/index.js:145:11
@baci/web:test:     at [90mfile:///app/apps/web/[39mnode_modules/[4m@vitest/runner[24m/dist/index.js:915:26
@baci/web:test:     at [90mfile:///app/apps/web/[39mnode_modules/[4m@vitest/runner[24m/dist/index.js:1243:20
@baci/web:test:     at new Promise (<anonymous>)
@baci/web:test:     at runWithTimeout [90m(file:///app/apps/web/[39mnode_modules/[4m@vitest/runner[24m/dist/index.js:1209:10[90m)[39m
@baci/web:test:     at [90mfile:///app/apps/web/[39mnode_modules/[4m@vitest/runner[24m/dist/index.js:1653:37
@baci/web:test:     at Traces.$ [90m(file:///app/apps/web/[39mnode_modules/[4mvitest[24m/dist/chunks/traces.CCmnQaNT.js:142:27[90m)[39m
@baci/web:test:     at trace [90m(file:///app/apps/web/[39mnode_modules/[4mvitest[24m/dist/chunks/test.B8ej_ZHS.js:239:21[90m)[39m
@baci/web:test:     at runTest [90m(file:///app/apps/web/[39mnode_modules/[4m@vitest/runner[24m/dist/index.js:1653:12[90m)[39m
@baci/web:test:
@baci/web:test: [90mstderr[2m | src/components/storefront/ogabassey/pages/checkout/hooks/use-dva-payment.test.ts[2m > [22m[2museDvaPayment[2m > [22m[2mhandleBankTransfer[2m > [22m[2mhandles missing DVA in response
@baci/web:test: [22m[39mDVA initialization error: Error: DVA not returned by the gateway
@baci/web:test:     at Object.handleBankTransfer [90m(/app/apps/web/[39msrc/components/storefront/ogabassey/pages/checkout/hooks/use-dva-payment.ts:72:15[90m)[39m
@baci/web:test:     at [90m/app/apps/web/[39msrc/components/storefront/ogabassey/pages/checkout/hooks/use-dva-payment.test.ts:254:9
@baci/web:test:
@baci/mobile-storefront:test: PASS components/product/hooks/get-fallback-variant-selections.test.ts
@baci/web:test: [90mstderr[2m | src/components/storefront/ogabassey/pages/checkout/hooks/use-dva-payment.test.ts[2m > [22m[2museDvaPayment[2m > [22m[2mhandleBankTransfer[2m > [22m[2malways calls setIsProcessing(false) in finally block
@baci/web:test: [22m[39mDVA initialization error: Error: Test error
@baci/web:test:     at [90m/app/apps/web/[39msrc/components/storefront/ogabassey/pages/checkout/hooks/use-dva-payment.test.ts:273:9
@baci/web:test:     at [90mfile:///app/apps/web/[39mnode_modules/[4m@vitest/runner[24m/dist/index.js:145:11
@baci/web:test:     at [90mfile:///app/apps/web/[39mnode_modules/[4m@vitest/runner[24m/dist/index.js:915:26
@baci/web:test:     at [90mfile:///app/apps/web/[39mnode_modules/[4m@vitest/runner[24m/dist/index.js:1243:20
@baci/web:test:     at new Promise (<anonymous>)
@baci/web:test:     at runWithTimeout [90m(file:///app/apps/web/[39mnode_modules/[4m@vitest/runner[24m/dist/index.js:1209:10[90m)[39m
@baci/web:test:     at [90mfile:///app/apps/web/[39mnode_modules/[4m@vitest/runner[24m/dist/index.js:1653:37
@baci/web:test:     at Traces.$ [90m(file:///app/apps/web/[39mnode_modules/[4mvitest[24m/dist/chunks/traces.CCmnQaNT.js:142:27[90m)[39m
@baci/web:test:     at trace [90m(file:///app/apps/web/[39mnode_modules/[4mvitest[24m/dist/chunks/test.B8ej_ZHS.js:239:21[90m)[39m
@baci/web:test:     at runTest [90m(file:///app/apps/web/[39mnode_modules/[4m@vitest/runner[24m/dist/index.js:1653:12[90m)[39m
@baci/web:test:
@baci/web:test:  [32m✓[39m src/components/storefront/ogabassey/pages/checkout/hooks/use-dva-payment.test.ts [2m([22m[2m10 tests[22m[2m)[22m[32m 121[2mms[22m[39m
@baci/mobile-storefront:test: PASS components/product/hooks/get-selection-sync-signature.test.ts
@baci/web:test:  [32m✓[39m src/lib/agentic/agent-commerce-public-product-parity-contract.test.ts [2m([22m[2m13 tests[22m[2m)[22m[32m 47[2mms[22m[39m
@baci/mobile-storefront:test: PASS components/useColorScheme.test.ts
@baci/mobile-storefront:test: PASS lib/validation/commerce-schemas.ai-grade.test.ts
@baci/mobile-storefront:test: PASS components/storefront/BlockRenderer.test.tsx
@baci/mobile-storefront:test: PASS types/product.test.ts
@baci/web:test:  [32m✓[39m src/hooks/use-merchant-client.test.tsx [2m([22m[2m11 tests[22m[2m)[22m[32m 127[2mms[22m[39m
@baci/mobile-storefront:test: PASS components/checkout/CheckoutDeliverySummary.test.tsx
@baci/mobile-storefront:test: PASS __tests__/app/bootstrap-safety.test.ts
@baci/mobile-storefront:test: PASS components/cart/CartQuantityInput.test.tsx
@baci/web:test:  [32m✓[39m src/app/api/quiz/prizes/grand/claim/route.test.ts [2m([22m[2m9 tests[22m[2m)[22m[32m 121[2mms[22m[39m
@baci/web:test: [90mstderr[2m | src/app/api/storefront/customer/savings/auto-debit/authorize/route.test.ts[2m > [22m[2m/api/storefront/customer/savings/auto-debit/authorize[2m > [22m[2mreturns 500 when Paystack initialization fails
@baci/web:test: [22m[39mFailed to initialize savings auto-debit authorization Error: paystack unavailable
@baci/web:test:     at [90m/app/apps/web/[39msrc/app/api/storefront/customer/savings/auto-debit/authorize/route.test.ts:161:7
@baci/web:test:     at [90mfile:///app/apps/web/[39mnode_modules/[4m@vitest/runner[24m/dist/index.js:145:11
@baci/web:test:     at [90mfile:///app/apps/web/[39mnode_modules/[4m@vitest/runner[24m/dist/index.js:915:26
@baci/web:test:     at [90mfile:///app/apps/web/[39mnode_modules/[4m@vitest/runner[24m/dist/index.js:1243:20
@baci/web:test:     at new Promise (<anonymous>)
@baci/web:test:     at runWithTimeout [90m(file:///app/apps/web/[39mnode_modules/[4m@vitest/runner[24m/dist/index.js:1209:10[90m)[39m
@baci/web:test:     at [90mfile:///app/apps/web/[39mnode_modules/[4m@vitest/runner[24m/dist/index.js:1653:37
@baci/web:test:     at Traces.$ [90m(file:///app/apps/web/[39mnode_modules/[4mvitest[24m/dist/chunks/traces.CCmnQaNT.js:142:27[90m)[39m
@baci/web:test:     at trace [90m(file:///app/apps/web/[39mnode_modules/[4mvitest[24m/dist/chunks/test.B8ej_ZHS.js:239:21[90m)[39m
@baci/web:test:     at runTest [90m(file:///app/apps/web/[39mnode_modules/[4m@vitest/runner[24m/dist/index.js:1653:12[90m)[39m
@baci/web:test:
@baci/web:test: [90mstderr[2m | src/app/api/storefront/customer/savings/auto-debit/authorize/route.test.ts[2m > [22m[2m/api/storefront/customer/savings/auto-debit/authorize[2m > [22m[2mreturns 500 when the pending authorization transaction cannot be inserted
@baci/web:test: [22m[39mFailed to insert savings authorization transaction {
@baci/web:test:   error: { message: [32m'insert failed'[39m },
@baci/web:test:   merchantId: [32m'merchant-1'[39m,
@baci/web:test:   reference: [32m'SAV-AUTH-77VIBLTN1D9S'[39m
@baci/web:test: }
@baci/web:test:
@baci/web:test:  [32m✓[39m src/app/api/storefront/customer/savings/auto-debit/authorize/route.test.ts [2m([22m[2m8 tests[22m[2m)[22m[32m 64[2mms[22m[39m
@baci/mobile-storefront:test: PASS components/wallet/WalletTransactionHistory.test.tsx
@baci/mobile-storefront:test: PASS components/utilities/UtilityHistoryEmptyState.test.tsx
@baci/mobile-storefront:test: PASS components/utilities/BillerInitial.test.tsx
@baci/mobile-storefront:test: PASS lib/order-list-search.test.ts
@baci/web:test:  [32m✓[39m src/lib/agentic/agent-commerce-public-product-parity-health.test.ts [2m([22m[2m8 tests[22m[2m)[22m[32m 106[2mms[22m[39m
@baci/mobile-storefront:test: PASS components/product/VariantSelector.test.tsx
@baci/mobile-storefront:test: PASS constants/themes.test.ts
@baci/mobile-storefront:test: PASS components/wallet/WalletActionsRow.test.tsx
@baci/mobile-storefront:test: PASS components/negotiation/negotiation-validators.test.ts
@baci/mobile-storefront:test: PASS components/cart/CartStateView.test.tsx
@baci/mobile-storefront:test: PASS components/storefront/use-product-grid-filters.test.ts
@baci/mobile-storefront:test: PASS services/quiz-service-utils.test.ts
@baci/web:test: [90mstderr[2m | src/app/(storefront)/[slug]/route-groups.test.ts[2m > [22m[2mstorefront route groups[2m > [22m[2massigns first paint to the route-family loading boundary for '/checkout'
@baci/web:test: [22m[39mA suspended resource finished loading inside a test, but the event was not wrapped in act(...).
@baci/web:test:
@baci/web:test: When testing, code that resolves suspended data should be wrapped into act(...):
@baci/web:test:
@baci/web:test: act(() => {
@baci/web:test:   /* finish loading suspended data */
@baci/web:test: });
@baci/web:test: /* assert on the output */
@baci/web:test:
@baci/web:test: This ensures that you're testing the behavior the user would see in the browser. Learn more at https://react.dev/link/wrap-tests-with-act
@baci/web:test: A suspended resource finished loading inside a test, but the event was not wrapped in act(...).
@baci/web:test:
@baci/web:test: When testing, code that resolves suspended data should be wrapped into act(...):
@baci/web:test:
@baci/web:test: act(() => {
@baci/web:test:   /* finish loading suspended data */
@baci/web:test: });
@baci/web:test: /* assert on the output */
@baci/web:test:
@baci/web:test: This ensures that you're testing the behavior the user would see in the browser. Learn more at https://react.dev/link/wrap-tests-with-act
@baci/web:test:
@baci/mobile-storefront:test: PASS components/repairs/repairs-content.test.ts
@baci/web:test:  [32m✓[39m src/lib/customer-savings-auto-debit.processing.test.ts [2m([22m[2m2 tests[22m[2m)[22m[32m 45[2mms[22m[39m
@baci/mobile-storefront:test: PASS services/tiktok-event-data.test.ts
@baci/web:test:  [32m✓[39m src/components/storefront/ogabassey/components/BlogSnippet.test.tsx [2m([22m[2m6 tests[22m[2m)[22m[33m 879[2mms[22m[39m
@baci/web:test:      [33m[2m✓[22m[39m renders the related blog snippet when a published post is found [33m 448[2mms[22m[39m
@baci/mobile-storefront:test: PASS lib/commerce.test.ts
@baci/mobile-storefront:test: PASS schemas/profile-edit.test.ts
@baci/mobile-storefront:test: PASS components/payment-gateway/PaymentProcessingView.test.tsx
@baci/web:test:  [32m✓[39m src/app/(storefront)/[slug]/route-groups.test.ts [2m([22m[2m16 tests[22m[2m)[22m[33m 1742[2mms[22m[39m
@baci/web:test:      [33m[2m✓[22m[39m assigns first paint to the route-family loading boundary for '/blog' [33m 335[2mms[22m[39m
@baci/web:test:      [33m[2m✓[22m[39m assigns first paint to the route-family loading boundary for '/checkout' [33m 303[2mms[22m[39m
@baci/mobile-storefront:test: PASS lib/product-condition-offers.test.ts
@baci/mobile-storefront:test: PASS components/settings/SettingsNotificationSection.test.tsx
@baci/mobile-storefront:test: PASS components/wallet/card-formatting.helpers.test.ts
@baci/mobile-storefront:test: PASS lib/store-credit-compatible-payment.test.ts
@baci/web:test:  [32m✓[39m src/schemas/customer-savings.test.ts [2m([22m[2m14 tests[22m[2m)[22m[32m 20[2mms[22m[39m
@baci/mobile-storefront:test: PASS components/ui/AppKeyboardAwareScrollView.test.tsx
@baci/web:test: [90mstderr[2m | src/lib/agentic/checkout-payment-setup.test.ts[2m > [22m[2mprepareAgenticCheckoutPayment[2m > [22m[2mreturns a database error when the payment setup claim write fails
@baci/web:test: [22m[39m[2026-05-28T16:57:01.565Z] [ERROR] Checkout payment setup claim failed {
@baci/web:test:   message: [32m'Checkout payment setup claim failed'[39m,
@baci/web:test:   error: [32m'{"code":"PGRST000","details":"","hint":"","message":"claim write failed","name":"PostgrestError"}'[39m,
@baci/web:test:   sessionId: [32m'agentic_session_1'[39m
@baci/web:test: }
@baci/web:test:
@baci/web:test: [90mstderr[2m | src/lib/agentic/checkout-payment-setup.test.ts[2m > [22m[2mprepareAgenticCheckoutPayment[2m > [22m[2mreleases the claim when payment account creation fails
@baci/web:test: [22m[39m[2026-05-28T16:57:01.569Z] [ERROR] DVA Creation Failed {
@baci/web:test:   message: [32m'DVA Creation Failed'[39m,
@baci/web:test:   error: [32m'{}'[39m,
@baci/web:test:   sessionId: [32m'agentic_session_1'[39m
@baci/web:test: }
@baci/web:test:
@baci/web:test: [90mstderr[2m | src/lib/agentic/checkout-payment-setup.test.ts[2m > [22m[2mprepareAgenticCheckoutPayment[2m > [22m[2mkeeps the original payment error when claim release fails
@baci/web:test: [22m[39m[2026-05-28T16:57:01.572Z] [ERROR] DVA Creation Failed {
@baci/web:test:   message: [32m'DVA Creation Failed'[39m,
@baci/web:test:   error: [32m'{}'[39m,
@baci/web:test:   sessionId: [32m'agentic_session_1'[39m
@baci/web:test: }
@baci/web:test:
@baci/web:test: [90mstderr[2m | src/lib/agentic/checkout-payment-setup.test.ts[2m > [22m[2mprepareAgenticCheckoutPayment[2m > [22m[2mkeeps the original payment error when claim release fails
@baci/web:test: [22m[39m[2026-05-28T16:57:01.572Z] [ERROR] Checkout payment claim release failed {
@baci/web:test:   message: [32m'Checkout payment claim release failed'[39m,
@baci/web:test:   error: {
@baci/web:test:     name: [32m'Error'[39m,
@baci/web:test:     message: [32m'release failed'[39m,
@baci/web:test:     stack: [32m'Error: release failed     at /app/apps/web/src/lib/agentic/checkout-payment-setup.test.ts:258:7     at file:///app/apps/web/node_modules/@vitest/runner/dist/index.js:145:11     at file:///app/apps/web/node_modules/@vitest/runner/dist/index.js:915:26     at file:///app/apps/web/node_modules/@vitest/runner/dist/index.js:1243:20     at new Promise (<anonymous>)     at runWithTimeout (file:///app/apps/web/node_modules/@vitest/runner/dist/index.js:1209:10)     at file:///app/apps/web/node_modules/@vitest/runner/dist/index.js:1653:37     at Traces.$ (file:///app/apps/web/node_modules/vitest/dist/chunks/traces.CCmnQaNT.js:142:27)     at trace (file:///app/apps/web/node_modules/vitest/dist/chunks/test.B8ej_ZHS.js:239:21)     at runTest (file:///app/apps/web/node_modules/@vitest/runner/dist/index.js:1653:12)'[39m
@baci/web:test:   },
@baci/web:test:   sessionId: [32m'agentic_session_1'[39m
@baci/web:test: }
@baci/web:test:
@baci/web:test: [90mstderr[2m | src/lib/agentic/checkout-payment-setup.test.ts[2m > [22m[2mprepareAgenticCheckoutPayment[2m > [22m[2mdoes not persist a raw payment account number when marking ready fails
@baci/web:test: [22m[39m[2026-05-28T16:57:01.581Z] [ERROR] Checkout payment account state update failed {
@baci/web:test:   message: [32m'Checkout payment account state update failed'[39m,
@baci/web:test:   error: [32m'{"code":"PGRST000","details":"","hint":"","message":"database leaked 1234567890","name":"PostgrestError"}'[39m,
@baci/web:test:   paymentAccount: [32m'******7890'[39m,
@baci/web:test:   sessionId: [32m'agentic_session_1'[39m
@baci/web:test: }
@baci/web:test:
@baci/web:test:  [32m✓[39m src/lib/agentic/checkout-payment-setup.test.ts [2m([22m[2m6 tests[22m[2m)[22m[32m 30[2mms[22m[39m
@baci/mobile-storefront:test: PASS __tests__/app/checkout.fetch-test-utils.test.ts
@baci/mobile-storefront:test: PASS components/profile/account-menu.test.ts
@baci/mobile-storefront:test: PASS components/settings/SettingsSectionRow.test.tsx
@baci/web:test:  [32m✓[39m src/lib/agentic/checkout-authorization.test.ts [2m([22m[2m14 tests[22m[2m)[22m[32m 17[2mms[22m[39m
@baci/mobile-storefront:test: PASS lib/swap-utils.test.ts
@baci/mobile-storefront:test: PASS components/storefront/ProductGrid.test-utils.test.tsx
@baci/mobile-storefront:test: PASS lib/hex-to-rgba.test.ts
@baci/mobile-storefront:test: PASS components/cart/AssuranceToggle.test.tsx
@baci/mobile-storefront:test: PASS components/product/hooks/get-first-image-index-for-color.test.ts
@baci/web:test:  [32m✓[39m src/app/api/merchant/quiz/generate/route.test.ts [2m([22m[2m4 tests[22m[2m)[22m[32m 35[2mms[22m[39m
@baci/mobile-storefront:test: PASS components/imei-check/get-verdict-colors.test.ts
@baci/web:test:  [32m✓[39m src/app/api/storefront/account/orders/[id]/receipt/route.test.ts [2m([22m[2m9 tests[22m[2m)[22m[32m 73[2mms[22m[39m
@baci/mobile-storefront:test: PASS components/ui/AppKeyboardContainer.test.tsx
@baci/mobile-storefront:test: PASS components/utilities/PurchaseUpsellCard.test.tsx
@baci/web:test:  [32m✓[39m src/app/api/storefront/features/route.test.ts [2m([22m[2m8 tests[22m[2m)[22m[32m 26[2mms[22m[39m
@baci/mobile-storefront:test: PASS components/cart/NegotiationButton.test.tsx
@baci/mobile-storefront:test: PASS services/quiz-types.test.ts
@baci/mobile-storefront:test: PASS components/storefront/sanitizeDescriptionPlainText.test.ts
@baci/mobile-storefront:test: PASS components/orders/OrderDetailsClosedStateCard.test.tsx
@baci/web:test:  [32m✓[39m src/schemas/onboarding.test.ts [2m([22m[2m32 tests[22m[2m)[22m[32m 38[2mms[22m[39m
@baci/mobile-storefront:test: PASS components/utilities/bill-form.helpers.test.ts
@baci/mobile-storefront:test: PASS hooks/wallet-query.test.ts
@baci/web:test:  [32m✓[39m src/app/dashboard/migrations/migration-job-api.test.ts [2m([22m[2m11 tests[22m[2m)[22m[32m 27[2mms[22m[39m
@baci/mobile-storefront:test: PASS components/checkout/checkout-form-field.helpers.test.ts
@baci/web:test: [90mstderr[2m | src/lib/agentic/checkout-pay-on-delivery-claim.test.ts[2m > [22m[2mpay-on-delivery finalization claim helpers[2m > [22m[2mreports release failure (and logs internally) when no row matched the conditional update
@baci/web:test: [22m[39m[2026-05-28T16:57:05.479Z] [ERROR] Pay-on-delivery finalization claim release failed {
@baci/web:test:   error: [32m'No checkout session row matched'[39m,
@baci/web:test:   message: [32m'Pay-on-delivery finalization claim release failed'[39m,
@baci/web:test:   sessionId: [32m'agentic_session_1'[39m
@baci/web:test: }
@baci/web:test:
@baci/web:test:  [32m✓[39m src/lib/agentic/checkout-pay-on-delivery-claim.test.ts [2m([22m[2m10 tests[22m[2m)[22m[32m 20[2mms[22m[39m
@baci/mobile-storefront:test: PASS constants/typography.test.ts
@baci/mobile-storefront:test: PASS components/utilities/InvalidUtilityServiceView.test.tsx
@baci/mobile-storefront:test: PASS components/checkout/ShippingQuotesRetryCard.test.tsx
@baci/mobile-storefront:test: PASS schemas/env.test.ts
@baci/mobile-storefront:test: PASS components/checkout/CheckoutDeliveryDefaultCheckbox.test.tsx
@baci/web:test: [90mstderr[2m | src/app/api/customers/[id]/route.test.ts[2m > [22m[2mGET /api/customers/[id][2m > [22m[2mreturns 500 when the customer lookup fails
@baci/web:test: [22m[39mCustomer lookup failed: { message: [32m'database is unavailable'[39m }
@baci/web:test:
@baci/web:test:  [32m✓[39m src/app/api/customers/[id]/route.test.ts [2m([22m[2m10 tests[22m[2m)[22m[32m 42[2mms[22m[39m
@baci/web:test:  [32m✓[39m src/lib/storefront-compare/compare-eligibility.test.ts [2m([22m[2m9 tests[22m[2m)[22m[32m 25[2mms[22m[39m
@baci/mobile-storefront:test: PASS components/imei-check/imei-insufficient-balance-cta.test.tsx
@baci/mobile-storefront:test: PASS components/orders/OrderDetailsShippingAddressCard.test.tsx
@baci/web:test: [90mstderr[2m | src/app/api/paystack/resolve/route.test.ts[2m > [22m[2mPOST /api/paystack/resolve[2m > [22m[2mmaps configuration failures to 500
@baci/web:test: [22m[39mPaystack resolve configuration error: PAYSTACK_SECRET_KEY is not configured
@baci/web:test:
@baci/web:test: [90mstderr[2m | src/app/api/paystack/resolve/route.test.ts[2m > [22m[2mPOST /api/paystack/resolve[2m > [22m[2mreturns 500 when an unexpected error occurs
@baci/web:test: [22m[39mPaystack resolve error: Error: DB connection failed
@baci/web:test:     at [90m/app/apps/web/[39msrc/app/api/paystack/resolve/route.test.ts:284:7
@baci/web:test:     at [90mfile:///app/apps/web/[39mnode_modules/[4m@vitest/runner[24m/dist/index.js:145:11
@baci/web:test:     at [90mfile:///app/apps/web/[39mnode_modules/[4m@vitest/runner[24m/dist/index.js:915:26
@baci/web:test:     at [90mfile:///app/apps/web/[39mnode_modules/[4m@vitest/runner[24m/dist/index.js:1243:20
@baci/web:test:     at new Promise (<anonymous>)
@baci/web:test:     at runWithTimeout [90m(file:///app/apps/web/[39mnode_modules/[4m@vitest/runner[24m/dist/index.js:1209:10[90m)[39m
@baci/web:test:     at [90mfile:///app/apps/web/[39mnode_modules/[4m@vitest/runner[24m/dist/index.js:1653:37
@baci/web:test:     at Traces.$ [90m(file:///app/apps/web/[39mnode_modules/[4mvitest[24m/dist/chunks/traces.CCmnQaNT.js:142:27[90m)[39m
@baci/web:test:     at trace [90m(file:///app/apps/web/[39mnode_modules/[4mvitest[24m/dist/chunks/test.B8ej_ZHS.js:239:21[90m)[39m
@baci/web:test:     at runTest [90m(file:///app/apps/web/[39mnode_modules/[4m@vitest/runner[24m/dist/index.js:1653:12[90m)[39m
@baci/web:test:
@baci/web:test:  [32m✓[39m src/app/api/paystack/resolve/route.test.ts [2m([22m[2m13 tests[22m[2m)[22m[32m 44[2mms[22m[39m
@baci/mobile-storefront:test: PASS components/utilities/UtilityHeader.test.tsx
@baci/mobile-storefront:test: PASS components/storefront/HomeServiceCardBorderRunner.test.tsx
@baci/mobile-storefront:test: PASS components/chat/types.test.ts
@baci/mobile-storefront:test: PASS components/utilities/DataPlanSelectionSection.test.tsx
@baci/mobile-storefront:test: PASS components/storefront/FilterBar.styles.test.ts
@baci/web:test:  [32m✓[39m src/lib/agentic/checkout-payment-claim.test.ts [2m([22m[2m8 tests[22m[2m)[22m[32m 26[2mms[22m[39m
@baci/mobile-storefront:test: PASS components/storefront/FilterSheetPresets.test.tsx
@baci/web:test:  [32m✓[39m src/contexts/product-context.test.tsx [2m([22m[2m6 tests[22m[2m)[22m[32m 159[2mms[22m[39m
@baci/mobile-storefront:test: PASS components/settings/SettingsCardSection.test.tsx
@baci/mobile-storefront:test: PASS hooks/loyalty-redemption-utils.test.ts
@baci/web:test:  [32m✓[39m src/lib/jumia/order-sync-notifications.test.ts [2m([22m[2m8 tests[22m[2m)[22m[32m 110[2mms[22m[39m
@baci/mobile-storefront:test: PASS lib/pick-merchant-id.test.ts
@baci/mobile-storefront:test: PASS components/ui/PhoneInput.test.tsx
@baci/mobile-storefront:test: PASS components/product/VariantSelector.options.test.ts
@baci/mobile-storefront:test: PASS components/track-order/TrackOrderTimelineCard.test.tsx
@baci/web:test: [90mstderr[2m | src/app/api/storefront/customer/wallet/funding-account/route.test.ts[2m > [22m[2m/api/storefront/customer/wallet/funding-account[2m > [22m[2mreturns 500 when funding account lookup throws unexpectedly
@baci/web:test: [22m[39mFailed to fetch wallet funding account Error: account lookup unavailable
@baci/web:test:     at [90m/app/apps/web/[39msrc/app/api/storefront/customer/wallet/funding-account/route.test.ts:135:7
@baci/web:test:     at [90mfile:///app/apps/web/[39mnode_modules/[4m@vitest/runner[24m/dist/index.js:145:11
@baci/web:test:     at [90mfile:///app/apps/web/[39mnode_modules/[4m@vitest/runner[24m/dist/index.js:915:26
@baci/web:test:     at [90mfile:///app/apps/web/[39mnode_modules/[4m@vitest/runner[24m/dist/index.js:1243:20
@baci/web:test:     at new Promise (<anonymous>)
@baci/web:test:     at runWithTimeout [90m(file:///app/apps/web/[39mnode_modules/[4m@vitest/runner[24m/dist/index.js:1209:10[90m)[39m
@baci/web:test:     at [90mfile:///app/apps/web/[39mnode_modules/[4m@vitest/runner[24m/dist/index.js:1653:37
@baci/web:test:     at Traces.$ [90m(file:///app/apps/web/[39mnode_modules/[4mvitest[24m/dist/chunks/traces.CCmnQaNT.js:142:27[90m)[39m
@baci/web:test:     at trace [90m(file:///app/apps/web/[39mnode_modules/[4mvitest[24m/dist/chunks/test.B8ej_ZHS.js:239:21[90m)[39m
@baci/web:test:     at runTest [90m(file:///app/apps/web/[39mnode_modules/[4m@vitest/runner[24m/dist/index.js:1653:12[90m)[39m
@baci/web:test:
@baci/web:test: [90mstderr[2m | src/app/api/storefront/customer/wallet/funding-account/route.test.ts[2m > [22m[2m/api/storefront/customer/wallet/funding-account[2m > [22m[2mreturns 500 when POST DVA creation fails unexpectedly
@baci/web:test: [22m[39mFailed to create wallet funding account Error: boom
@baci/web:test:     at [90m/app/apps/web/[39msrc/app/api/storefront/customer/wallet/funding-account/route.test.ts:261:62
@baci/web:test:     at [90mfile:///app/apps/web/[39mnode_modules/[4m@vitest/runner[24m/dist/index.js:145:11
@baci/web:test:     at [90mfile:///app/apps/web/[39mnode_modules/[4m@vitest/runner[24m/dist/index.js:915:26
@baci/web:test:     at [90mfile:///app/apps/web/[39mnode_modules/[4m@vitest/runner[24m/dist/index.js:1243:20
@baci/web:test:     at new Promise (<anonymous>)
@baci/web:test:     at runWithTimeout [90m(file:///app/apps/web/[39mnode_modules/[4m@vitest/runner[24m/dist/index.js:1209:10[90m)[39m
@baci/web:test:     at [90mfile:///app/apps/web/[39mnode_modules/[4m@vitest/runner[24m/dist/index.js:1653:37
@baci/web:test:     at Traces.$ [90m(file:///app/apps/web/[39mnode_modules/[4mvitest[24m/dist/chunks/traces.CCmnQaNT.js:142:27[90m)[39m
@baci/web:test:     at trace [90m(file:///app/apps/web/[39mnode_modules/[4mvitest[24m/dist/chunks/test.B8ej_ZHS.js:239:21[90m)[39m
@baci/web:test:     at runTest [90m(file:///app/apps/web/[39mnode_modules/[4m@vitest/runner[24m/dist/index.js:1653:12[90m)[39m
@baci/web:test:
@baci/web:test:  [32m✓[39m src/app/api/storefront/customer/wallet/funding-account/route.test.ts [2m([22m[2m11 tests[22m[2m)[22m[32m 53[2mms[22m[39m
@baci/mobile-storefront:test: PASS lib/scroll-header-visibility.test.ts
@baci/mobile-storefront:test: PASS constants/wcagContrast.test.ts
@baci/mobile-storefront:test: PASS components/ui/show-app-alert.test.ts
@baci/mobile-storefront:test: PASS components/storefront/UtilityPanelCategoryItem.test.tsx
@baci/web:test: (node:88221) [DEP0040] DeprecationWarning: The `punycode` module is deprecated. Please use a userland alternative instead.
@baci/web:test: (Use `node --trace-deprecation ...` to show where the warning was created)
@baci/web:test: [90mstdout[2m | src/scripts/reconcile-paystack-dva.test.ts[2m > [22m[2mrunReconcilePaystackDvaCli — happy path (incident shape)[2m > [22m[2mverifies, calls the atomic RPC, and runs the outbox helper with the incident cancel list
@baci/web:test: [22m[39m{
@baci/web:test:   "stage": "claim_paystack_paid_atomic",
@baci/web:test:   "report": {
@baci/web:test:     "canonical_order_id": "211bcf0e-0795-488f-aeeb-52c5b7a8b9ae",
@baci/web:test:     "reconciled_at": "2026-05-10T18:00:00Z",
@baci/web:test:     "already_completed": false,
@baci/web:test:     "order_already_paid": false,
@baci/web:test:     "txn_rows_updated": 1,
@baci/web:test:     "order_rows_updated": 1,
@baci/web:test:     "dup_orders_cancelled": 3,
@baci/web:test:     "dup_txns_cancelled": 3
@baci/web:test:   }
@baci/web:test: }
@baci/web:test:
@baci/web:test: [90mstdout[2m | src/scripts/reconcile-paystack-dva.test.ts[2m > [22m[2mrunReconcilePaystackDvaCli — happy path (incident shape)[2m > [22m[2mverifies, calls the atomic RPC, and runs the outbox helper with the incident cancel list
@baci/web:test: [22m[39m{
@baci/web:test:   "stage": "apply_paid_order_side_effects",
@baci/web:test:   "result": {
@baci/web:test:     "ranSteps": [
@baci/web:test:       "paid_email",
@baci/web:test:       "ad_tracking_conversion",
@baci/web:test:       "merchant_settlement"
@baci/web:test:     ],
@baci/web:test:     "skippedSteps": [],
@baci/web:test:     "failedSteps": [
@baci/web:test:       {
@baci/web:test:         "step": "firs_invoice",
@baci/web:test:         "error": "financial_totals_inconsistent"
@baci/web:test:       },
@baci/web:test:       {
@baci/web:test:         "step": "loyalty_points",
@baci/web:test:         "error": "financial_totals_inconsistent"
@baci/web:test:       }
@baci/web:test:     ],
@baci/web:test:     "concurrentTakeoverSteps": []
@baci/web:test:   }
@baci/web:test: }
@baci/web:test:
@baci/web:test: [90mstdout[2m | src/scripts/reconcile-paystack-dva.test.ts[2m > [22m[2mrunReconcilePaystackDvaCli — happy path (incident shape)[2m > [22m[2mforwards cancel-orders to the RPC unmodified and surfaces RPC-reported counts
@baci/web:test: [22m[39m{
@baci/web:test:   "stage": "claim_paystack_paid_atomic",
@baci/web:test:   "report": {
@baci/web:test:     "canonical_order_id": "211bcf0e-0795-488f-aeeb-52c5b7a8b9ae",
@baci/web:test:     "reconciled_at": "2026-05-10T19:00:00Z",
@baci/web:test:     "already_completed": false,
@baci/web:test:     "order_already_paid": false,
@baci/web:test:     "txn_rows_updated": 1,
@baci/web:test:     "order_rows_updated": 1,
@baci/web:test:     "dup_orders_cancelled": 2,
@baci/web:test:     "dup_txns_cancelled": 2
@baci/web:test:   }
@baci/web:test: }
@baci/web:test:
@baci/web:test: [90mstdout[2m | src/scripts/reconcile-paystack-dva.test.ts[2m > [22m[2mrunReconcilePaystackDvaCli — happy path (incident shape)[2m > [22m[2mforwards cancel-orders to the RPC unmodified and surfaces RPC-reported counts
@baci/web:test: [22m[39m{
@baci/web:test:   "stage": "apply_paid_order_side_effects",
@baci/web:test:   "result": {
@baci/web:test:     "ranSteps": [
@baci/web:test:       "paid_email",
@baci/web:test:       "ad_tracking_conversion",
@baci/web:test:       "merchant_settlement"
@baci/web:test:     ],
@baci/web:test:     "skippedSteps": [],
@baci/web:test:     "failedSteps": [],
@baci/web:test:     "concurrentTakeoverSteps": []
@baci/web:test:   }
@baci/web:test: }
@baci/web:test:
@baci/web:test: [90mstderr[2m | src/scripts/reconcile-paystack-dva.test.ts[2m > [22m[2mrunReconcilePaystackDvaCli — Paystack guards[2m > [22m[2mexits non-zero and skips the RPC when Paystack verify fails
@baci/web:test: [22m[39m[2026-05-28T16:57:10.591Z] [ERROR] reconcile-paystack-dva: paystack verify failed {
@baci/web:test:   message: [32m'reconcile-paystack-dva: paystack verify failed'[39m,
@baci/web:test:   paystackReference: [32m'100026260509110323000058369193'[39m,
@baci/web:test:   error: [32m'Paystack down'[39m
@baci/web:test: }
@baci/web:test:
@baci/web:test: [90mstderr[2m | src/scripts/reconcile-paystack-dva.test.ts[2m > [22m[2mrunReconcilePaystackDvaCli — Paystack guards[2m > [22m[2mexits non-zero when Paystack reports a non-success status
@baci/web:test: [22m[39m[2026-05-28T16:57:10.596Z] [ERROR] reconcile-paystack-dva: paystack reports non-success status {
@baci/web:test:   message: [32m'reconcile-paystack-dva: paystack reports non-success status'[39m,
@baci/web:test:   paystackReference: [32m'100026260509110323000058369193'[39m,
@baci/web:test:   status: [32m'failed'[39m
@baci/web:test: }
@baci/web:test:
@baci/web:test: [90mstderr[2m | src/scripts/reconcile-paystack-dva.test.ts[2m > [22m[2mrunReconcilePaystackDvaCli — Paystack guards[2m > [22m[2mexits non-zero when verified amount does not match on-record txn
@baci/web:test: [22m[39m[2026-05-28T16:57:10.603Z] [ERROR] reconcile-paystack-dva: amount mismatch {
@baci/web:test:   message: [32m'reconcile-paystack-dva: amount mismatch'[39m,
@baci/web:test:   transactionId: [32m'427ec4ea-b41d-4058-aaf9-3de57ee5fa35'[39m,
@baci/web:test:   verifiedAmountNgn: [33m1[39m,
@baci/web:test:   onRecordAmount: [33m835000[39m
@baci/web:test: }
@baci/web:test:
@baci/web:test: [90mstderr[2m | src/scripts/reconcile-paystack-dva.test.ts[2m > [22m[2mrunReconcilePaystackDvaCli — RPC failure modes[2m > [22m[2mexits non-zero and skips the outbox when the atomic RPC errors
@baci/web:test: [22m[39m[2026-05-28T16:57:10.604Z] [ERROR] reconcile-paystack-dva: claim_paystack_paid_atomic raised {
@baci/web:test:   message: [32m'reconcile-paystack-dva: claim_paystack_paid_atomic raised'[39m,
@baci/web:test:   transactionId: [32m'427ec4ea-b41d-4058-aaf9-3de57ee5fa35'[39m,
@baci/web:test:   canonicalOrderId: [32m'211bcf0e-0795-488f-aeeb-52c5b7a8b9ae'[39m,
@baci/web:test:   error: [32m'transaction_order_link_mismatch: txn X is for order Y, got Z'[39m
@baci/web:test: }
@baci/web:test:
@baci/web:test: [90mstdout[2m | src/scripts/reconcile-paystack-dva.test.ts[2m > [22m[2mrunReconcilePaystackDvaCli — RPC failure modes[2m > [22m[2midempotent replay: returns exit 0 when already_completed=true
@baci/web:test: [22m[39m{
@baci/web:test:   "stage": "claim_paystack_paid_atomic",
@baci/web:test:   "report": {
@baci/web:test:     "canonical_order_id": "211bcf0e-0795-488f-aeeb-52c5b7a8b9ae",
@baci/web:test:     "reconciled_at": "2026-05-10T18:30:00Z",
@baci/web:test:     "already_completed": true,
@baci/web:test:     "order_already_paid": true,
@baci/web:test:     "txn_rows_updated": 0,
@baci/web:test:     "order_rows_updated": 0,
@baci/web:test:     "dup_orders_cancelled": 0,
@baci/web:test:     "dup_txns_cancelled": 0
@baci/web:test:   }
@baci/web:test: }
@baci/web:test:
@baci/web:test: [90mstdout[2m | src/scripts/reconcile-paystack-dva.test.ts[2m > [22m[2mrunReconcilePaystackDvaCli — RPC failure modes[2m > [22m[2midempotent replay: returns exit 0 when already_completed=true
@baci/web:test: [22m[39m{
@baci/web:test:   "stage": "apply_paid_order_side_effects",
@baci/web:test:   "result": {
@baci/web:test:     "ranSteps": [],
@baci/web:test:     "skippedSteps": [
@baci/web:test:       "paid_email",
@baci/web:test:       "ad_tracking_conversion",
@baci/web:test:       "merchant_settlement"
@baci/web:test:     ],
@baci/web:test:     "failedSteps": [],
@baci/web:test:     "concurrentTakeoverSteps": []
@baci/web:test:   }
@baci/web:test: }
@baci/web:test:
@baci/web:test:  [32m✓[39m src/scripts/reconcile-paystack-dva.test.ts [2m([22m[2m7 tests[22m[2m)[22m[32m 35[2mms[22m[39m
@baci/mobile-storefront:test: PASS lib/product-slug-fallback.test.ts
@baci/web:test:  [32m✓[39m src/app/(storefront)/[slug]/(content)/returns/page.test.tsx [2m([22m[2m8 tests[22m[2m)[22m[33m 681[2mms[22m[39m
@baci/mobile-storefront:test: PASS components/orders/OrdersListEmptyState.test.tsx
@baci/mobile-storefront:test: PASS stores/quiz-store-reset.test.ts
@baci/web:test:  [32m✓[39m src/lib/vtu-cashback-summary.test.ts [2m([22m[2m16 tests[22m[2m)[22m[32m 49[2mms[22m[39m
@baci/mobile-storefront:test: PASS components/utilities/data-plan-selection.test.ts
@baci/mobile-storefront:test: PASS lib/order-list-filters.test.ts
@baci/mobile-storefront:test: PASS components/ui/address-autocomplete-layout.test.ts
@baci/mobile-storefront:test: PASS constants/palette.test.ts
@baci/web:test:  [32m✓[39m src/lib/agentic/checkout-pay-on-delivery-finalize-retry.test.ts [2m([22m[2m4 tests[22m[2m)[22m[32m 22[2mms[22m[39m
@baci/web:test:  [32m✓[39m src/lib/import-notifications/send-import-notification-campaign.test.ts [2m([22m[2m6 tests[22m[2m)[22m[32m 15[2mms[22m[39m
@baci/mobile-storefront:test: PASS __tests__/app/swap/index.test.tsx
@baci/web:test:  [32m✓[39m src/lib/llms-markdown-storefront.test.ts [2m([22m[2m12 tests[22m[2m)[22m[32m 14[2mms[22m[39m
@baci/mobile-storefront:test: PASS components/storefront/ProductCard.shadows.test.ts
@baci/mobile-storefront:test: PASS stores/saved-store.test.ts
@baci/mobile-storefront:test: PASS components/checkout/DeliveryNotesCard.test.tsx
@baci/mobile-storefront:test: PASS components/orders/OrderDetailsHeaderCard.test.tsx
@baci/mobile-storefront:test: PASS components/utilities/DataFormFooter.test.tsx
@baci/web:test:  [32m✓[39m src/lib/agentic/agent-native-commerce-proof.test.ts [2m([22m[2m6 tests[22m[2m)[22m[32m 14[2mms[22m[39m
@baci/mobile-storefront:test: PASS components/utilities/DataAmountInput.test.tsx
@baci/mobile-storefront:test: PASS components/payment-gateway/InvalidCheckoutView.test.tsx
@baci/web:test:  [32m✓[39m src/app/api/agentic/carts/[id]/route.test.ts [2m([22m[2m5 tests[22m[2m)[22m[33m 314[2mms[22m[39m
@baci/mobile-storefront:test: PASS lib/fetch-with-timeout.test.ts
@baci/mobile-storefront:test: PASS components/storefront/header-layout.test.ts
@baci/web:test: [90mstderr[2m | src/app/api/admin/merchants/[merchantId]/users/route.test.ts[2m > [22m[2m/api/admin/merchants/[merchantId]/users[2m > [22m[2mreturns 500 when the merchant directory fetch fails
@baci/web:test: [22m[39mAdmin merchant users query error: { message: [32m'database unavailable'[39m }
@baci/web:test:
@baci/web:test:  [32m✓[39m src/app/api/admin/merchants/[merchantId]/users/route.test.ts [2m([22m[2m8 tests[22m[2m)[22m[32m 36[2mms[22m[39m
@baci/mobile-storefront:test: PASS lib/sanitize-wallet-return-to.test.ts
@baci/mobile-storefront:test: PASS components/checkout/CheckoutDeliveryNewAddressIntro.test.tsx
@baci/mobile-storefront:test: PASS lib/api-url.test.ts
@baci/mobile-storefront:test: PASS lib/normalize-wallet-fund-amount-param.test.ts
@baci/mobile-storefront:test: PASS constants/layout.test.ts
@baci/mobile-storefront:test: PASS lib/sanitize-plain-text.test.ts
@baci/mobile-storefront:test: PASS components/addresses/styles.shadows.test.ts
@baci/mobile-storefront:test: PASS lib/vtu-purchase-url.test.ts
@baci/web:test:  [32m✓[39m src/lib/storefront-compare/build-commercial-support-links.test.ts [2m([22m[2m3 tests[22m[2m)[22m[32m 22[2mms[22m[39m
@baci/mobile-storefront:test: PASS lib/normalize-checkout-phone.test.ts
@baci/mobile-storefront:test: PASS components/product/hooks/product-condition-selection.test.ts
@baci/mobile-storefront:test: PASS components/navigation/DrawerMenu.shadows.test.ts
@baci/web:test:  [32m✓[39m src/app/dashboard/dashboard-data.test.tsx [2m([22m[2m6 tests[22m[2m)[22m[32m 200[2mms[22m[39m
@baci/mobile-storefront:test: PASS components/checkout/PickupStationCard.test.tsx
@baci/web:test: [90mstderr[2m | src/components/products/product-catalog.test.tsx[2m > [22m[2mProductCatalog[2m > [22m[2mshows a destructive toast when an autosave fails
@baci/web:test: [22m[39mFailed to save products [ [32m'product-1'[39m ]
@baci/web:test:
@baci/web:test: [90mstderr[2m | src/components/products/product-catalog.test.tsx[2m > [22m[2mProductCatalog[2m > [22m[2mshows a destructive toast when a queued follow-up autosave fails
@baci/web:test: [22m[39mFailed to save products [ [32m'product-1'[39m ]
@baci/web:test:
@baci/mobile-storefront:test: PASS hooks/useMerchantPaymentSettings.test.ts
@baci/web:test: [90mstderr[2m | src/components/products/product-catalog.test.tsx[2m > [22m[2mProductCatalog[2m > [22m[2mshows a partial-save toast when one autosave batch has mixed outcomes
@baci/web:test: [22m[39mFailed to save products [ [32m'product-2'[39m ]
@baci/web:test:
@baci/web:test: [90mstderr[2m | src/components/products/product-catalog.test.tsx[2m > [22m[2mProductCatalog[2m > [22m[2mshows a partial-save toast when one autosave batch has mixed outcomes
@baci/web:test: [22m[39mFailed to save products [ [32m'product-2'[39m ]
@baci/web:test:
@baci/web:test:  [32m✓[39m src/components/products/product-catalog.test.tsx [2m([22m[2m4 tests[22m[2m)[22m[33m 776[2mms[22m[39m
@baci/web:test:      [33m[2m✓[22m[39m queues a follow-up autosave when edits land while a save is in flight [33m 460[2mms[22m[39m
@baci/mobile-storefront:test: PASS constants/network-providers.test.ts
@baci/mobile-storefront:test: PASS components/checkout/WalletStatusRow.test.tsx
@baci/web:test:  [32m✓[39m src/app/(storefront)/[slug]/(blog)/blog/[postSlug]/opengraph-image-data.test.ts [2m([22m[2m7 tests[22m[2m)[22m[32m 41[2mms[22m[39m
@baci/mobile-storefront:test: PASS __tests__/app/(tabs)/wallet.test.tsx
@baci/mobile-storefront:test: PASS components/imei-check/format-service-price.test.ts
@baci/mobile-storefront:test: PASS lib/product-route/normalize-route-condition.test.ts
@baci/mobile-storefront:test: PASS components/utilities/utility-amount-sanitize.test.ts
@baci/mobile-storefront:test: PASS lib/saved-addresses.test.ts
@baci/web:test: [90mstderr[2m | src/app/api/import-jobs/[jobId]/notify-customers/route.test.ts[2m > [22m[2mPOST /api/import-jobs/[jobId]/notify-customers[2m > [22m[2mreturns 202 even when post-response kickoff rejects
@baci/web:test: [22m[39m[2026-05-28T16:57:17.932Z] [ERROR] Background kickoff failed {
@baci/web:test:   message: [32m'Background kickoff failed'[39m,
@baci/web:test:   jobId: [32m'00000000-0000-4000-8000-000000000001'[39m,
@baci/web:test:   origin: [32m'http://localhost'[39m,
@baci/web:test:   error: {
@baci/web:test:     name: [32m'Error'[39m,
@baci/web:test:     message: [32m'boom'[39m,
@baci/web:test:     stack: [32m'Error: boom     at /app/apps/web/src/app/api/import-jobs/[jobId]/notify-customers/route.test.ts:247:49     at file:///app/apps/web/node_modules/@vitest/runner/dist/index.js:145:11     at file:///app/apps/web/node_modules/@vitest/runner/dist/index.js:915:26     at file:///app/apps/web/node_modules/@vitest/runner/dist/index.js:1243:20     at new Promise (<anonymous>)     at runWithTimeout (file:///app/apps/web/node_modules/@vitest/runner/dist/index.js:1209:10)     at file:///app/apps/web/node_modules/@vitest/runner/dist/index.js:1653:37     at Traces.$ (file:///app/apps/web/node_modules/vitest/dist/chunks/traces.CCmnQaNT.js:142:27)     at trace (file:///app/apps/web/node_modules/vitest/dist/chunks/test.B8ej_ZHS.js:239:21)     at runTest (file:///app/apps/web/node_modules/@vitest/runner/dist/index.js:1653:12)'[39m
@baci/web:test:   }
@baci/web:test: }
@baci/web:test:
@baci/web:test:  [32m✓[39m src/app/api/import-jobs/[jobId]/notify-customers/route.test.ts [2m([22m[2m9 tests[22m[2m)[22m[32m 50[2mms[22m[39m
@baci/mobile-storefront:test: PASS stores/quiz-store-retry.test.ts
@baci/mobile-storefront:test: PASS components/addresses/get-address-label-icon.test.ts
@baci/mobile-storefront:test: PASS components/utilities/UtilityHistoryFilters.test.tsx
@baci/mobile-storefront:test: PASS components/utilities/get-utility-footer-offset.test.ts
@baci/mobile-storefront:test: PASS components/utilities/UtilityPaystackTrustBadge.test.tsx
@baci/mobile-storefront:test: PASS lib/vtu-schemas.test.ts
@baci/mobile-storefront:test: PASS components/addresses/AddressEmptyState.test.tsx
@baci/mobile-storefront:test: PASS stores/settings-store.test.ts
@baci/mobile-storefront:test: PASS components/imei-check/imei-check-hero-card.test.tsx
@baci/web:test:  [32m✓[39m src/app/api/merchant/readiness/route.test.ts [2m([22m[2m6 tests[22m[2m)[22m[32m 136[2mms[22m[39m
@baci/mobile-storefront:test: PASS components/chat/TypingIndicator.test.tsx
@baci/web:test: [90mstderr[2m | src/components/products/jumia-product-overrides.test.tsx[2m > [22m[2mJumiaProductOverrides[2m > [22m[2mrenders nothing when fetch fails with a network error
@baci/web:test: [22m[39mFailed to fetch Jumia mapping: Error: Network error
@baci/web:test:     at [90m/app/apps/web/[39msrc/components/products/jumia-product-overrides.test.tsx:310:50
@baci/web:test:     at [90mfile:///app/apps/web/[39mnode_modules/[4m@vitest/runner[24m/dist/index.js:145:11
@baci/web:test:     at [90mfile:///app/apps/web/[39mnode_modules/[4m@vitest/runner[24m/dist/index.js:915:26
@baci/web:test:     at [90mfile:///app/apps/web/[39mnode_modules/[4m@vitest/runner[24m/dist/index.js:1243:20
@baci/web:test:     at new Promise (<anonymous>)
@baci/web:test:     at runWithTimeout [90m(file:///app/apps/web/[39mnode_modules/[4m@vitest/runner[24m/dist/index.js:1209:10[90m)[39m
@baci/web:test:     at [90mfile:///app/apps/web/[39mnode_modules/[4m@vitest/runner[24m/dist/index.js:1653:37
@baci/web:test:     at Traces.$ [90m(file:///app/apps/web/[39mnode_modules/[4mvitest[24m/dist/chunks/traces.CCmnQaNT.js:142:27[90m)[39m
@baci/web:test:     at trace [90m(file:///app/apps/web/[39mnode_modules/[4mvitest[24m/dist/chunks/test.B8ej_ZHS.js:239:21[90m)[39m
@baci/web:test:     at runTest [90m(file:///app/apps/web/[39mnode_modules/[4m@vitest/runner[24m/dist/index.js:1653:12[90m)[39m
@baci/web:test:
@baci/web:test:  [32m✓[39m src/components/products/jumia-product-overrides.test.tsx [2m([22m[2m7 tests[22m[2m)[22m[33m 652[2mms[22m[39m
@baci/mobile-storefront:test: PASS components/ui/AppKeyboardProvider.test.tsx
@baci/mobile-storefront:test: PASS components/chat/TypingIndicator.shadows.test.ts
@baci/web:test:  [32m✓[39m src/components/storefront/ogabassey/layout/OgabasseyNavbar.test.tsx [2m([22m[2m9 tests[22m[2m)[22m[33m 2013[2mms[22m[39m
@baci/web:test:      [33m[2m✓[22m[39m keeps rendered links under the store slug when the slug includes a leading slash [33m 655[2mms[22m[39m
@baci/mobile-storefront:test: PASS components/ConnectivityBanner.shadows.test.ts
@baci/mobile-storefront:test: PASS components/storefront/UtilityPanel.shadows.test.ts
@baci/mobile-storefront:test: PASS components/orders/OrdersListItem.shadows.test.ts
@baci/mobile-storefront:test: PASS components/ui/SnowEffect.shadows.test.ts
@baci/mobile-storefront:test: PASS components/product/VariantSelector.shadows.test.ts
@baci/web:test:  [32m✓[39m src/app/(storefront)/[slug]/(blog)/blog/[postSlug]/opengraph-image-renderer.test.tsx [2m([22m[2m7 tests[22m[2m)[22m[32m 32[2mms[22m[39m
@baci/mobile-storefront:test: PASS components/storefront/Hero.shadows.test.ts
@baci/mobile-storefront:test: PASS components/chat/read-chat-response.test.ts
@baci/mobile-storefront:test: PASS components/imei-check/is-status-clean.test.ts
@baci/mobile-storefront:test: PASS components/navigation/TabBar.shadows.test.ts
@baci/mobile-storefront:test: PASS lib/format-ngn-currency.test.ts
@baci/web:test:  [32m✓[39m src/app/api/quiz/route-contracts.test.ts [2m([22m[2m6 tests[22m[2m)[22m[32m 237[2mms[22m[39m
@baci/mobile-storefront:test: PASS components/__tests__/StyledText-test.js
@baci/mobile-storefront:test:
@baci/mobile-storefront:test: Test Suites: 419 passed, 419 total
@baci/mobile-storefront:test: Tests:       2687 passed, 2687 total
@baci/mobile-storefront:test: Snapshots:   1 passed, 1 total
@baci/mobile-storefront:test: Time:        410.853 s
@baci/mobile-storefront:test: Ran all test suites.
@baci/web:test:  [32m✓[39m src/hooks/use-cart.test.tsx [2m([22m[2m5 tests[22m[2m)[22m[33m 617[2mms[22m[39m
@baci/web:test:      [33m[2m✓[22m[39m removes ghost products and updates prices [33m 547[2mms[22m[39m
@baci/web:test:  [32m✓[39m src/lib/quiz/gemma-question-generator.test.ts [2m([22m[2m6 tests[22m[2m)[22m[32m 49[2mms[22m[39m
@baci/web:test:  [32m✓[39m tools/seo/run-search-console-readiness.failures.test.ts [2m([22m[2m5 tests[22m[2m)[22m[32m 31[2mms[22m[39m
@baci/web:test:  [32m✓[39m src/components/storefront/ogabassey/components/ReceiptModal.test.tsx [2m([22m[2m16 tests[22m[2m)[22m[33m 1090[2mms[22m[39m
@baci/web:test:  [32m✓[39m src/components/blog/novel-editor.test.tsx [2m([22m[2m11 tests[22m[2m)[22m[33m 534[2mms[22m[39m
@baci/web:test:  [32m✓[39m src/components/storefront/ogabassey/components/AdUnit.test.tsx [2m([22m[2m6 tests[22m[2m)[22m[32m 180[2mms[22m[39m
@baci/web:test:  [32m✓[39m src/components/onboarding-form.test.tsx [2m([22m[2m10 tests[22m[2m)[22m[33m 1317[2mms[22m[39m
@baci/web:test:      [33m[2m✓[22m[39m renders the welcome heading [33m 306[2mms[22m[39m
@baci/web:test:      [33m[2m✓[22m[39m clears step 1 validation errors when the user fixes the inputs [33m 552[2mms[22m[39m
@baci/web:test:  [32m✓[39m src/app/api/quiz/_shared/route-helpers-guards.test.ts [2m([22m[2m12 tests[22m[2m)[22m[32m 21[2mms[22m[39m
@baci/web:test: [90mstderr[2m | src/app/api/import-jobs/[jobId]/commit/route.test.ts[2m > [22m[2mPOST /api/import-jobs/[jobId]/commit[2m > [22m[2mreturns 202 even when post-response kickoff rejects
@baci/web:test: [22m[39m[2026-05-28T16:57:27.988Z] [ERROR] Background kickoff failed {
@baci/web:test:   message: [32m'Background kickoff failed'[39m,
@baci/web:test:   jobId: [32m'00000000-0000-4000-8000-000000000001'[39m,
@baci/web:test:   origin: [32m'http://localhost'[39m,
@baci/web:test:   error: {
@baci/web:test:     name: [32m'Error'[39m,
@baci/web:test:     message: [32m'boom'[39m,
@baci/web:test:     stack: [32m'Error: boom     at /app/apps/web/src/app/api/import-jobs/[jobId]/commit/route.test.ts:210:49     at file:///app/apps/web/node_modules/@vitest/runner/dist/index.js:145:11     at file:///app/apps/web/node_modules/@vitest/runner/dist/index.js:915:26     at file:///app/apps/web/node_modules/@vitest/runner/dist/index.js:1243:20     at new Promise (<anonymous>)     at runWithTimeout (file:///app/apps/web/node_modules/@vitest/runner/dist/index.js:1209:10)     at file:///app/apps/web/node_modules/@vitest/runner/dist/index.js:1653:37     at Traces.$ (file:///app/apps/web/node_modules/vitest/dist/chunks/traces.CCmnQaNT.js:142:27)     at trace (file:///app/apps/web/node_modules/vitest/dist/chunks/test.B8ej_ZHS.js:239:21)     at runTest (file:///app/apps/web/node_modules/@vitest/runner/dist/index.js:1653:12)'[39m
@baci/web:test:   }
@baci/web:test: }
@baci/web:test:
@baci/web:test:  [32m✓[39m src/app/api/import-jobs/[jobId]/commit/route.test.ts [2m([22m[2m8 tests[22m[2m)[22m[32m 37[2mms[22m[39m
@baci/web:test:  [32m✓[39m src/lib/storefront-product/build-product-semantic-model.test.ts [2m([22m[2m3 tests[22m[2m)[22m[32m 13[2mms[22m[39m
@baci/web:test:  [32m✓[39m src/lib/llms-markdown.test.ts [2m([22m[2m13 tests[22m[2m)[22m[32m 12[2mms[22m[39m
@baci/web:test:  [32m✓[39m src/components/storefront/sticky-add-to-cart.test.tsx [2m([22m[2m5 tests[22m[2m)[22m[33m 456[2mms[22m[39m
@baci/web:test:  [32m✓[39m src/app/(storefront)/[slug]/storefront-shell-snapshot.test.ts [2m([22m[2m9 tests[22m[2m)[22m[32m 14[2mms[22m[39m
@baci/web:test:  [32m✓[39m src/app/api/products/bulk-import/route.test.ts [2m([22m[2m8 tests[22m[2m)[22m[32m 223[2mms[22m[39m
@baci/web:test:  [32m✓[39m src/app/api/quiz/awards/cash/claim/route.test.ts [2m([22m[2m8 tests[22m[2m)[22m[32m 81[2mms[22m[39m
@baci/web:test:  [32m✓[39m src/app/api/vtu/checkout/initialize/route.test.ts [2m([22m[2m7 tests[22m[2m)[22m[32m 37[2mms[22m[39m
@baci/web:test:  [32m✓[39m src/lib/customer-savings-auto-debit.test.ts [2m([22m[2m8 tests[22m[2m)[22m[32m 51[2mms[22m[39m
@baci/web:test: [90mstderr[2m | src/app/api/storefront/customer/wallet/route.test.ts[2m > [22m[2mGET /api/storefront/customer/wallet[2m > [22m[2mreturns 500 when an unexpected database error escapes the wallet fetch
@baci/web:test: [22m[39mCustomer wallet fetch error: Error: database unavailable
@baci/web:test:     at Object.<anonymous> [90m(/app/apps/web/[39msrc/app/api/storefront/customer/wallet/route.test.ts:103:13[90m)[39m
@baci/web:test:     at Object.Mock [90m(file:///app/apps/web/[39mnode_modules/[4m@vitest/spy[24m/dist/index.js:285:34[90m)[39m
@baci/web:test:     at Module.GET [90m(/app/apps/web/[39msrc/app/api/storefront/customer/wallet/route.ts:161:8[90m)[39m
@baci/web:test: [90m    at processTicksAndRejections (node:internal/process/task_queues:103:5)[39m
@baci/web:test:     at [90m/app/apps/web/[39msrc/app/api/storefront/customer/wallet/route.test.ts:106:22
@baci/web:test:     at [90mfile:///app/apps/web/[39mnode_modules/[4m@vitest/runner[24m/dist/index.js:915:20
@baci/web:test:
@baci/web:test:  [32m✓[39m src/app/api/storefront/customer/wallet/route.test.ts [2m([22m[2m7 tests[22m[2m)[22m[32m 34[2mms[22m[39m
@baci/web:test:  [32m✓[39m src/app/api/marketplace/jumia/products/export/route.test.ts [2m([22m[2m10 tests[22m[2m)[22m[32m 35[2mms[22m[39m
@baci/web:test:  [32m✓[39m src/components/storefront/ogabassey/components/deferred-cart-sidebar.test.tsx [2m([22m[2m11 tests[22m[2m)[22m[33m 502[2mms[22m[39m
@baci/web:test:  [32m✓[39m src/components/storefront/related-products.test.tsx [2m([22m[2m6 tests[22m[2m)[22m[33m 463[2mms[22m[39m
@baci/web:test:  [32m✓[39m src/lib/receipt-pdf-generator.test.ts [2m([22m[2m8 tests[22m[2m)[22m[32m 144[2mms[22m[39m
@baci/web:test:  [32m✓[39m src/app/api/quiz/_shared/route-helpers.test.ts [2m([22m[2m13 tests[22m[2m)[22m[32m 47[2mms[22m[39m
@baci/web:test:  [32m✓[39m src/components/merchant-bank-form.test.tsx [2m([22m[2m5 tests[22m[2m)[22m[33m 729[2mms[22m[39m
@baci/web:test:      [33m[2m✓[22m[39m omits auto payout settings when they were not hydrated into the form [33m 370[2mms[22m[39m
@baci/web:test:  [32m✓[39m src/components/storefront/santa-chat/chat-message.test.tsx [2m([22m[2m17 tests[22m[2m)[22m[33m 309[2mms[22m[39m
@baci/web:test:  [32m✓[39m src/lib/import-jobs/create-preview-progress-reporter.test.ts [2m([22m[2m6 tests[22m[2m)[22m[32m 19[2mms[22m[39m
@baci/web:test:  [32m✓[39m src/lib/agentic/agent-commerce-feed-health.test.ts [2m([22m[2m8 tests[22m[2m)[22m[32m 16[2mms[22m[39m
@baci/web:test: [90mstderr[2m | src/app/api/media/route.test.ts[2m > [22m[2mDELETE /api/media[2m > [22m[2mreturns 500 when storage removal fails
@baci/web:test: [22m[39mDelete error: { message: [32m'Storage error'[39m }
@baci/web:test:
@baci/web:test:  [32m✓[39m src/app/api/media/route.test.ts [2m([22m[2m10 tests[22m[2m)[22m[32m 29[2mms[22m[39m
@baci/web:test:  [32m✓[39m src/lib/get-merchant-blog-cache-identifiers.test.ts [2m([22m[2m10 tests[22m[2m)[22m[32m 20[2mms[22m[39m
@baci/web:test:  [32m✓[39m src/lib/initial-template-generator.test.ts [2m([22m[2m20 tests[22m[2m)[22m[32m 16[2mms[22m[39m
@baci/web:test:  [32m✓[39m src/app/(storefront)/[slug]/(blog)/blog/sitemap.test.ts [2m([22m[2m6 tests[22m[2m)[22m[32m 262[2mms[22m[39m
@baci/web:test:  [32m✓[39m src/app/api/feed/facebook/feed-builder.test.ts [2m([22m[2m11 tests[22m[2m)[22m[32m 12[2mms[22m[39m
@baci/web:test:  [32m✓[39m src/app/api/builder/gemini/route.test.ts [2m([22m[2m6 tests[22m[2m)[22m[32m 104[2mms[22m[39m
@baci/web:test:  [32m✓[39m src/schemas/verification.test.ts [2m([22m[2m37 tests[22m[2m)[22m[32m 18[2mms[22m[39m
@baci/web:test:  [32m✓[39m src/components/storefront/ogabassey/storefront-layout.test.tsx [2m([22m[2m6 tests[22m[2m)[22m[32m 291[2mms[22m[39m
@baci/web:test:  [32m✓[39m src/app/(storefront)/[slug]/(catalog)/(pdp)/products/[productSlug]/detailed-product-mapper.test.ts [2m([22m[2m5 tests[22m[2m)[22m[32m 10[2mms[22m[39m
@baci/web:test:  [32m✓[39m src/lib/jumia/orders.test.ts [2m([22m[2m13 tests[22m[2m)[22m[32m 25[2mms[22m[39m
@baci/web:test:  [32m✓[39m src/components/storefront/ogabassey/pages/checkout/utils.test.ts [2m([22m[2m29 tests[22m[2m)[22m[32m 41[2mms[22m[39m
@baci/web:test:  [32m✓[39m src/hooks/cart/storefront-cart-validation.test.ts [2m([22m[2m9 tests[22m[2m)[22m[32m 14[2mms[22m[39m
@baci/web:test:  [32m✓[39m src/components/storefront/ogabassey/layout/navbar.test.tsx [2m([22m[2m8 tests[22m[2m)[22m[33m 1221[2mms[22m[39m
@baci/web:test:      [33m[2m✓[22m[39m keeps rendered links under the store slug when the slug includes a leading slash [33m 488[2mms[22m[39m
@baci/web:test:  [32m✓[39m src/app/dashboard/migrations/migration-job-summary.test.tsx [2m([22m[2m6 tests[22m[2m)[22m[33m 605[2mms[22m[39m
@baci/web:test:      [33m[2m✓[22m[39m renders selected job metrics and action buttons [33m 353[2mms[22m[39m
@baci/web:test:  [32m✓[39m src/app/api/admin/notifications/[id]/route.test.ts [2m([22m[2m5 tests[22m[2m)[22m[32m 25[2mms[22m[39m
@baci/web:test:  [32m✓[39m src/lib/storefront-merchant.test.ts [2m([22m[2m8 tests[22m[2m)[22m[32m 112[2mms[22m[39m
@baci/web:test:  [32m✓[39m src/scripts/check-quiz-production-approval.test.ts [2m([22m[2m11 tests[22m[2m)[22m[32m 51[2mms[22m[39m
@baci/web:test:  [32m✓[39m mcp-server/agentic-checkout-client.complete.test.ts [2m([22m[2m5 tests[22m[2m)[22m[32m 23[2mms[22m[39m
@baci/web:test:  [32m✓[39m src/app/api/orders/[id]/ship-on-credit/route.test.ts [2m([22m[2m3 tests[22m[2m)[22m[32m 23[2mms[22m[39m
@baci/web:test:  [32m✓[39m src/app/api/feed/google-merchant/route.test.ts [2m([22m[2m9 tests[22m[2m)[22m[32m 214[2mms[22m[39m
@baci/web:test:  [32m✓[39m src/lib/gmc-feed-images.test.ts [2m([22m[2m19 tests[22m[2m)[22m[32m 11[2mms[22m[39m
@baci/web:test:  [32m✓[39m src/lib/agentic/agent-commerce-manifest.test.ts [2m([22m[2m9 tests[22m[2m)[22m[32m 232[2mms[22m[39m
@baci/web:test:  [32m✓[39m src/lib/storefront-trust/agent-commerce-trust-health-signals.test.ts [2m([22m[2m8 tests[22m[2m)[22m[32m 12[2mms[22m[39m
@baci/web:test:  [32m✓[39m src/lib/validations/blog.test.ts [2m([22m[2m28 tests[22m[2m)[22m[32m 18[2mms[22m[39m
@baci/web:test:  [32m✓[39m src/lib/merchant-template-data.test.ts [2m([22m[2m10 tests[22m[2m)[22m[32m 11[2mms[22m[39m
@baci/web:test:  [32m✓[39m src/app/api/import-jobs/upload-init/route.test.ts [2m([22m[2m5 tests[22m[2m)[22m[32m 25[2mms[22m[39m
@baci/web:test: [90mstdout[2m | src/lib/cached-data.blog-listing.test.ts[2m > [22m[2mgetCachedBlogListing[2m > [22m[2mpushes public quality filters into the paginated posts query
@baci/web:test: [22m[39mSuccessfully fetched merchant: ogabassey merchant-1
@baci/web:test:
@baci/web:test: [90mstdout[2m | src/lib/cached-data.blog-listing.test.ts[2m > [22m[2mgetCachedBlogListing[2m > [22m[2mremoves known junk category values in the categories query
@baci/web:test: [22m[39mSuccessfully fetched merchant: ogabassey merchant-1
@baci/web:test:
@baci/web:test: [90mstdout[2m | src/lib/cached-data.blog-listing.test.ts[2m > [22m[2mgetCachedBlogListing[2m > [22m[2mnormalizes public posts and categories before returning the listing
@baci/web:test: [22m[39mSuccessfully fetched merchant: ogabassey merchant-1
@baci/web:test:
@baci/web:test:  [32m✓[39m src/lib/cached-data.blog-listing.test.ts [2m([22m[2m3 tests[22m[2m)[22m[32m 18[2mms[22m[39m
@baci/web:test: [90mstderr[2m | src/app/(storefront)/[slug]/(content)/faq/page.test.tsx[2m > [22m[2mFAQPage[2m > [22m[2mdoes not emit a duplicate wrapper h1 while content is suspended
@baci/web:test: [22m[39m<FAQJsonLd> is an async Client Component. Only Server Components can be async at the moment. This error is often caused by accidentally adding `'use client'` to a module that was originally written for the server.
@baci/web:test: <FAQContent> is an async Client Component. Only Server Components can be async at the moment. This error is often caused by accidentally adding `'use client'` to a module that was originally written for the server.
@baci/web:test:
@baci/web:test: [90mstderr[2m | src/app/(storefront)/[slug]/(content)/faq/page.test.tsx[2m > [22m[2mFAQPage[2m > [22m[2mdoes not emit a duplicate wrapper h1 while content is suspended
@baci/web:test: [22m[39mA component suspended inside an `act` scope, but the `act` call was not awaited. When testing React components that depend on asynchronous data, you must await the result:
@baci/web:test:
@baci/web:test: await act(() => ...)
@baci/web:test:
@baci/web:test: [90mstderr[2m | src/app/api/cart/validate/route.test.ts[2m > [22m[2mPOST /api/cart/validate[2m > [22m[2mreturns 500 when variant prices cannot be loaded
@baci/web:test: [22m[39mCart validation variant query error: { message: [32m'variant query failed'[39m }
@baci/web:test:
@baci/web:test:  [32m✓[39m src/app/api/cart/validate/route.test.ts [2m([22m[2m6 tests[22m[2m)[22m[32m 31[2mms[22m[39m
@baci/web:test: [90mstderr[2m | src/app/(storefront)/[slug]/(content)/faq/page.test.tsx[2m > [22m[2mFAQPage[2m > [22m[2mdoes not call notFound when merchant has FAQ items
@baci/web:test: [22m[39mA suspended resource finished loading inside a test, but the event was not wrapped in act(...).
@baci/web:test:
@baci/web:test: When testing, code that resolves suspended data should be wrapped into act(...):
@baci/web:test:
@baci/web:test: act(() => {
@baci/web:test:   /* finish loading suspended data */
@baci/web:test: });
@baci/web:test: /* assert on the output */
@baci/web:test:
@baci/web:test: This ensures that you're testing the behavior the user would see in the browser. Learn more at https://react.dev/link/wrap-tests-with-act
@baci/web:test: A suspended resource finished loading inside a test, but the event was not wrapped in act(...).
@baci/web:test:
@baci/web:test: When testing, code that resolves suspended data should be wrapped into act(...):
@baci/web:test:
@baci/web:test: act(() => {
@baci/web:test:   /* finish loading suspended data */
@baci/web:test: });
@baci/web:test: /* assert on the output */
@baci/web:test:
@baci/web:test: This ensures that you're testing the behavior the user would see in the browser. Learn more at https://react.dev/link/wrap-tests-with-act
@baci/web:test:
@baci/web:test: [90mstderr[2m | src/app/(storefront)/[slug]/(content)/faq/page.test.tsx[2m > [22m[2mFAQPage[2m > [22m[2mdoes not call notFound when merchant has FAQ items
@baci/web:test: [22m[39mA component was suspended by an uncached promise. Creating promises inside a Client Component or hook is not yet supported, except via a Suspense-compatible library or framework.
@baci/web:test:
@baci/web:test: [90mstderr[2m | src/app/(storefront)/[slug]/(content)/faq/page.test.tsx[2m > [22m[2mFAQPage[2m > [22m[2mdoes not call notFound when merchant has FAQ items
@baci/web:test: [22m[39mA component was suspended by an uncached promise. Creating promises inside a Client Component or hook is not yet supported, except via a Suspense-compatible library or framework.
@baci/web:test:
@baci/web:test: [90mstderr[2m | src/app/(storefront)/[slug]/(content)/faq/page.test.tsx[2m > [22m[2mFAQPage[2m > [22m[2mcalls notFound when merchant resolves to null
@baci/web:test: [22m[39mA suspended resource finished loading inside a test, but the event was not wrapped in act(...).
@baci/web:test:
@baci/web:test: When testing, code that resolves suspended data should be wrapped into act(...):
@baci/web:test:
@baci/web:test: act(() => {
@baci/web:test:   /* finish loading suspended data */
@baci/web:test: });
@baci/web:test: /* assert on the output */
@baci/web:test:
@baci/web:test: This ensures that you're testing the behavior the user would see in the browser. Learn more at https://react.dev/link/wrap-tests-with-act
@baci/web:test: A suspended resource finished loading inside a test, but the event was not wrapped in act(...).
@baci/web:test:
@baci/web:test: When testing, code that resolves suspended data should be wrapped into act(...):
@baci/web:test:
@baci/web:test: act(() => {
@baci/web:test:   /* finish loading suspended data */
@baci/web:test: });
@baci/web:test: /* assert on the output */
@baci/web:test:
@baci/web:test: This ensures that you're testing the behavior the user would see in the browser. Learn more at https://react.dev/link/wrap-tests-with-act
@baci/web:test:
@baci/web:test: [90mstderr[2m | src/app/(storefront)/[slug]/(content)/faq/page.test.tsx[2m > [22m[2mFAQPage[2m > [22m[2mcalls notFound when merchant resolves to null
@baci/web:test: [22m[39mA component was suspended by an uncached promise. Creating promises inside a Client Component or hook is not yet supported, except via a Suspense-compatible library or framework.
@baci/web:test:
@baci/web:test: [90mstderr[2m | src/app/(storefront)/[slug]/(content)/faq/page.test.tsx[2m > [22m[2mFAQPage[2m > [22m[2mcalls notFound when merchant resolves to null
@baci/web:test: [22m[39mA component was suspended by an uncached promise. Creating promises inside a Client Component or hook is not yet supported, except via a Suspense-compatible library or framework.
@baci/web:test:
@baci/web:test: [90mstderr[2m | src/app/(storefront)/[slug]/(content)/faq/page.test.tsx[2m > [22m[2mFAQPage[2m > [22m[2mcalls notFound when merchant resolves to null
@baci/web:test: [22m[39mA suspended resource finished loading inside a test, but the event was not wrapped in act(...).
@baci/web:test:
@baci/web:test: When testing, code that resolves suspended data should be wrapped into act(...):
@baci/web:test:
@baci/web:test: act(() => {
@baci/web:test:   /* finish loading suspended data */
@baci/web:test: });
@baci/web:test: /* assert on the output */
@baci/web:test:
@baci/web:test: This ensures that you're testing the behavior the user would see in the browser. Learn more at https://react.dev/link/wrap-tests-with-act
@baci/web:test: A suspended resource finished loading inside a test, but the event was not wrapped in act(...).
@baci/web:test:
@baci/web:test: When testing, code that resolves suspended data should be wrapped into act(...):
@baci/web:test:
@baci/web:test: act(() => {
@baci/web:test:   /* finish loading suspended data */
@baci/web:test: });
@baci/web:test: /* assert on the output */
@baci/web:test:
@baci/web:test: This ensures that you're testing the behavior the user would see in the browser. Learn more at https://react.dev/link/wrap-tests-with-act
@baci/web:test:
@baci/web:test: [90mstderr[2m | src/app/(storefront)/[slug]/(content)/faq/page.test.tsx[2m > [22m[2mFAQPage[2m > [22m[2mcalls notFound when merchant resolves to null
@baci/web:test: [22m[39mA component was suspended by an uncached promise. Creating promises inside a Client Component or hook is not yet supported, except via a Suspense-compatible library or framework.
@baci/web:test:
@baci/web:test: [90mstderr[2m | src/app/(storefront)/[slug]/(content)/faq/page.test.tsx[2m > [22m[2mFAQPage[2m > [22m[2mcalls notFound when merchant resolves to null
@baci/web:test: [22m[39mA component was suspended by an uncached promise. Creating promises inside a Client Component or hook is not yet supported, except via a Suspense-compatible library or framework.
@baci/web:test:
@baci/web:test:  [32m✓[39m src/app/(storefront)/[slug]/(content)/faq/page.test.tsx [2m([22m[2m10 tests[22m[2m)[22m[33m 438[2mms[22m[39m
@baci/web:test: [90mstderr[2m | src/app/api/storefront/customer/savings/contributions/manual/route.test.ts[2m > [22m[2m/api/storefront/customer/savings/contributions/manual[2m > [22m[2mreturns 500 when savings context resolution throws unexpectedly
@baci/web:test: [22m[39mFailed to add savings contribution Error: context unavailable
@baci/web:test:     at [90m/app/apps/web/[39msrc/app/api/storefront/customer/savings/contributions/manual/route.test.ts:133:7
@baci/web:test:     at [90mfile:///app/apps/web/[39mnode_modules/[4m@vitest/runner[24m/dist/index.js:145:11
@baci/web:test:     at [90mfile:///app/apps/web/[39mnode_modules/[4m@vitest/runner[24m/dist/index.js:915:26
@baci/web:test:     at [90mfile:///app/apps/web/[39mnode_modules/[4m@vitest/runner[24m/dist/index.js:1243:20
@baci/web:test:     at new Promise (<anonymous>)
@baci/web:test:     at runWithTimeout [90m(file:///app/apps/web/[39mnode_modules/[4m@vitest/runner[24m/dist/index.js:1209:10[90m)[39m
@baci/web:test:     at [90mfile:///app/apps/web/[39mnode_modules/[4m@vitest/runner[24m/dist/index.js:1653:37
@baci/web:test:     at Traces.$ [90m(file:///app/apps/web/[39mnode_modules/[4mvitest[24m/dist/chunks/traces.CCmnQaNT.js:142:27[90m)[39m
@baci/web:test:     at trace [90m(file:///app/apps/web/[39mnode_modules/[4mvitest[24m/dist/chunks/test.B8ej_ZHS.js:239:21[90m)[39m
@baci/web:test:     at runTest [90m(file:///app/apps/web/[39mnode_modules/[4m@vitest/runner[24m/dist/index.js:1653:12[90m)[39m
@baci/web:test:
@baci/web:test: [90mstderr[2m | src/app/api/storefront/customer/savings/contributions/manual/route.test.ts[2m > [22m[2m/api/storefront/customer/savings/contributions/manual[2m > [22m[2mreturns 500 when the allocation response has non-finite numeric fields
@baci/web:test: [22m[39mFailed to add savings contribution Error: Invalid savings contribution goal_current_amount
@baci/web:test:     at toNumber [90m(/app/apps/web/[39msrc/app/api/storefront/customer/savings/contributions/manual/route.ts:22:11[90m)[39m
@baci/web:test:     at Module.POST [90m(/app/apps/web/[39msrc/app/api/storefront/customer/savings/contributions/manual/route.ts:186:26[90m)[39m
@baci/web:test: [90m    at processTicksAndRejections (node:internal/process/task_queues:103:5)[39m
@baci/web:test:     at [90m/app/apps/web/[39msrc/app/api/storefront/customer/savings/contributions/manual/route.test.ts:226:22
@baci/web:test:     at [90mfile:///app/apps/web/[39mnode_modules/[4m@vitest/runner[24m/dist/index.js:915:20
@baci/web:test:
@baci/web:test:  [32m✓[39m src/app/api/storefront/customer/savings/contributions/manual/route.test.ts [2m([22m[2m8 tests[22m[2m)[22m[32m 42[2mms[22m[39m
@baci/web:test:  [32m✓[39m src/lib/agentic/agent-commerce-manifest-health.test.ts [2m([22m[2m14 tests[22m[2m)[22m[32m 23[2mms[22m[39m
@baci/web:test: [90mstdout[2m | src/app/api/vtu/checkout/confirm/route.test.ts[2m > [22m[2mPOST /api/vtu/checkout/confirm[2m > [22m[2mcontinues to VTU fulfillment when another process already claimed the payment
@baci/web:test: [22m[39mVTU confirm transaction was already claimed { gateway: [32m'paystack'[39m, paymentId: [32m'txn-1'[39m, reference: [32m'VTU-123'[39m }
@baci/web:test:
@baci/web:test:  [32m✓[39m src/app/api/vtu/checkout/confirm/route.test.ts [2m([22m[2m4 tests[22m[2m)[22m[32m 63[2mms[22m[39m
@baci/web:test: [90mstderr[2m | src/app/api/storefront/customer/savings/goals/goal-action-handler.test.ts[2m > [22m[2mexecuteSavingsGoalAction[2m > [22m[2mreturns 500 for unexpected action RPC errors
@baci/web:test: [22m[39mFailed to update savings goal { code: [32m'P0000'[39m, message: [32m'unexpected savings action failure'[39m }
@baci/web:test:
@baci/web:test: [90mstderr[2m | src/app/api/storefront/customer/savings/goals/goal-action-handler.test.ts[2m > [22m[2mexecuteSavingsGoalAction[2m > [22m[2mreturns 500 when the action RPC throws
@baci/web:test: [22m[39mFailed to update savings goal Error: database unavailable
@baci/web:test:     at [90m/app/apps/web/[39msrc/app/api/storefront/customer/savings/goals/goal-action-handler.test.ts:228:38
@baci/web:test:     at [90mfile:///app/apps/web/[39mnode_modules/[4m@vitest/runner[24m/dist/index.js:145:11
@baci/web:test:     at [90mfile:///app/apps/web/[39mnode_modules/[4m@vitest/runner[24m/dist/index.js:915:26
@baci/web:test:     at [90mfile:///app/apps/web/[39mnode_modules/[4m@vitest/runner[24m/dist/index.js:1243:20
@baci/web:test:     at new Promise (<anonymous>)
@baci/web:test:     at runWithTimeout [90m(file:///app/apps/web/[39mnode_modules/[4m@vitest/runner[24m/dist/index.js:1209:10[90m)[39m
@baci/web:test:     at [90mfile:///app/apps/web/[39mnode_modules/[4m@vitest/runner[24m/dist/index.js:1653:37
@baci/web:test:     at Traces.$ [90m(file:///app/apps/web/[39mnode_modules/[4mvitest[24m/dist/chunks/traces.CCmnQaNT.js:142:27[90m)[39m
@baci/web:test:     at trace [90m(file:///app/apps/web/[39mnode_modules/[4mvitest[24m/dist/chunks/test.B8ej_ZHS.js:239:21[90m)[39m
@baci/web:test:     at runTest [90m(file:///app/apps/web/[39mnode_modules/[4m@vitest/runner[24m/dist/index.js:1653:12[90m)[39m
@baci/web:test:
@baci/web:test:  [32m✓[39m src/app/api/storefront/customer/savings/goals/goal-action-handler.test.ts [2m([22m[2m8 tests[22m[2m)[22m[32m 44[2mms[22m[39m
@baci/web:test:  [32m✓[39m src/components/ui/tag-input.test.tsx [2m([22m[2m14 tests[22m[2m)[22m[33m 830[2mms[22m[39m
@baci/web:test: [90mstderr[2m | src/app/api/storefront/customer/savings/goals/route.test.ts[2m > [22m[2m/api/storefront/customer/savings/goals[2m > [22m[2mreturns 500 when savings goal creation RPC fails unexpectedly
@baci/web:test: [22m[39mFailed to create savings goal { code: [32m'XX000'[39m, message: [32m'database unavailable'[39m }
@baci/web:test:
@baci/web:test:  [32m✓[39m src/app/api/storefront/customer/savings/goals/route.test.ts [2m([22m[2m6 tests[22m[2m)[22m[32m 42[2mms[22m[39m
@baci/web:test:  [32m✓[39m src/app/admin/merchants/[merchantId]/page.test.tsx [2m([22m[2m5 tests[22m[2m)[22m[33m 803[2mms[22m[39m
@baci/web:test:      [33m[2m✓[22m[39m renders the merchant identity and users across web and app surfaces [33m 656[2mms[22m[39m
@baci/web:test: [90mstderr[2m | src/app/api/products/bulk-publish/route.test.ts[2m > [22m[2mPOST /api/products/bulk-publish[2m > [22m[2mreturns 500 when update fails
@baci/web:test: [22m[39mError publishing products: { message: [32m'DB error'[39m }
@baci/web:test:
@baci/web:test: [90mstderr[2m | src/app/api/products/bulk-publish/route.test.ts[2m > [22m[2mPOST /api/products/bulk-publish[2m > [22m[2mhandles delete error gracefully and continues
@baci/web:test: [22m[39mError deleting drafts: { message: [32m'Delete failed'[39m }
@baci/web:test:
@baci/web:test:  [32m✓[39m src/app/api/products/bulk-publish/route.test.ts [2m([22m[2m9 tests[22m[2m)[22m[32m 75[2mms[22m[39m
@baci/web:test:  [32m✓[39m src/lib/storefront-agent-urls.test.ts [2m([22m[2m21 tests[22m[2m)[22m[32m 14[2mms[22m[39m
@baci/web:test:  [32m✓[39m src/lib/storefront-compare/load-compare-page.test.ts [2m([22m[2m4 tests[22m[2m)[22m[32m 42[2mms[22m[39m
@baci/web:test:  [32m✓[39m src/app/api/insurance/policy/[orderId]/route.test.ts [2m([22m[2m9 tests[22m[2m)[22m[32m 23[2mms[22m[39m
@baci/web:test:  [32m✓[39m src/lib/llm-chat.test.ts [2m([22m[2m11 tests[22m[2m)[22m[32m 35[2mms[22m[39m
@baci/web:test:  [32m✓[39m src/app/(storefront)/[slug]/(content)/shipping/page.test.tsx [2m([22m[2m7 tests[22m[2m)[22m[33m 494[2mms[22m[39m
@baci/web:test: [90mstderr[2m | src/app/(platform)/staff/accept/page.test.tsx[2m > [22m[2mStaffAcceptPage[2m > [22m[2mrenders a local fallback while runtime invitation data is pending
@baci/web:test: [22m[39m<StaffAcceptPageContent> is an async Client Component. Only Server Components can be async at the moment. This error is often caused by accidentally adding `'use client'` to a module that was originally written for the server.
@baci/web:test:
@baci/web:test: [90mstderr[2m | src/app/(platform)/staff/accept/page.test.tsx[2m > [22m[2mStaffAcceptPage[2m > [22m[2mrenders a local fallback while runtime invitation data is pending
@baci/web:test: [22m[39mA component suspended inside an `act` scope, but the `act` call was not awaited. When testing React components that depend on asynchronous data, you must await the result:
@baci/web:test:
@baci/web:test: await act(() => ...)
@baci/web:test:
@baci/web:test:  [32m✓[39m src/lib/agentic/agent-commerce-trust-health.test.ts [2m([22m[2m9 tests[22m[2m)[22m[32m 24[2mms[22m[39m
@baci/web:test: [90mstderr[2m | src/app/(platform)/staff/accept/page.test.tsx[2m > [22m[2mStaffAcceptPage[2m > [22m[2mrenders invalid invitation state when preview RPC returns error
@baci/web:test: [22m[39m[Staff Accept] Error fetching invite preview: { message: [32m'Database error'[39m }
@baci/web:test:
@baci/web:test: [90mstderr[2m | src/app/(platform)/staff/accept/page.test.tsx[2m > [22m[2mStaffAcceptPage[2m > [22m[2mrenders invalid invitation state when preview RPC returns empty array
@baci/web:test: [22m[39m[Staff Accept] Error fetching invite preview: [1mnull[22m
@baci/web:test:
@baci/web:test: [90mstderr[2m | src/app/(platform)/staff/accept/page.test.tsx[2m > [22m[2mStaffAcceptPage[2m > [22m[2mrenders transient authentication error when auth getUser returns a non-401 error
@baci/web:test: [22m[39m[Staff Accept] Auth getUser error: {
@baci/web:test:   name: [32m'AuthInternalError'[39m,
@baci/web:test:   message: [32m'Database unreachable'[39m,
@baci/web:test:   status: [33m500[39m
@baci/web:test: }
@baci/web:test:
@baci/web:test:  [32m✓[39m src/lib/checkout/expected-total-discount.test.ts [2m([22m[2m31 tests[22m[2m)[22m[32m 15[2mms[22m[39m
@baci/web:test: [90mstderr[2m | src/app/(platform)/staff/accept/page.test.tsx[2m > [22m[2mStaffAcceptPage[2m > [22m[2mrenders expired invite error when accept RPC returns invite_expired
@baci/web:test: [22m[39m[Staff Accept] Error accepting invitation: { message: [32m'invite_expired'[39m }
@baci/web:test:
@baci/web:test: [90mstderr[2m | src/app/(platform)/staff/accept/page.test.tsx[2m > [22m[2mStaffAcceptPage[2m > [22m[2mrenders already accepted invite error when accept RPC returns invite_used
@baci/web:test: [22m[39m[Staff Accept] Error accepting invitation: { message: [32m'invite_used'[39m }
@baci/web:test:
@baci/web:test: [90mstderr[2m | src/app/(platform)/staff/accept/page.test.tsx[2m > [22m[2mStaffAcceptPage[2m > [22m[2mrenders generic accept error when accept RPC returns a generic error
@baci/web:test: [22m[39m[Staff Accept] Error accepting invitation: { message: [32m'db_failure'[39m }
@baci/web:test:
@baci/web:test:  [32m✓[39m src/app/(platform)/staff/accept/page.test.tsx [2m([22m[2m12 tests[22m[2m)[22m[33m 558[2mms[22m[39m
@baci/web:test: [90mstderr[2m | src/app/api/forms/submit/route.test.ts[2m > [22m[2mPOST /api/forms/submit[2m > [22m[2mreturns 500 when database insert fails
@baci/web:test: [22m[39mError saving form submission: { message: [32m'Insert failed'[39m, code: [32m'42P01'[39m }
@baci/web:test:
@baci/web:test:  [32m✓[39m src/app/api/forms/submit/route.test.ts [2m([22m[2m9 tests[22m[2m)[22m[32m 61[2mms[22m[39m
@baci/web:test:  [32m✓[39m src/lib/storefront-account-document-receipt.test.ts [2m([22m[2m4 tests[22m[2m)[22m[32m 9[2mms[22m[39m
@baci/web:test:  [32m✓[39m src/lib/import-jobs/run-claimed-import-job.test.ts [2m([22m[2m8 tests[22m[2m)[22m[32m 20[2mms[22m[39m
@baci/web:test:  [32m✓[39m src/app/api/storefront/account/orders/[id]/invoice/route.test.ts [2m([22m[2m7 tests[22m[2m)[22m[32m 40[2mms[22m[39m
@baci/web:test:  [32m✓[39m src/components/storefront/product-grid.test.tsx [2m([22m[2m4 tests[22m[2m)[22m[32m 136[2mms[22m[39m
@baci/web:test: [90mstderr[2m | src/components/ui/file-uploader.test.tsx[2m > [22m[2mFileUploader[2m > [22m[2mrenders initial files correctly
@baci/web:test: [22m[39mReceived `true` for a non-boolean attribute `fill`.
@baci/web:test:
@baci/web:test: If you want to write it to the DOM, pass a string instead: fill="true" or fill={value.toString()}.
@baci/web:test: Received `true` for a non-boolean attribute `unoptimized`.
@baci/web:test:
@baci/web:test: If you want to write it to the DOM, pass a string instead: unoptimized="true" or unoptimized={value.toString()}.
@baci/web:test:
@baci/web:test: [90mstderr[2m | src/components/ui/file-uploader.test.tsx[2m > [22m[2mFileUploader[2m > [22m[2mdisplays error message for oversized files
@baci/web:test: [22m[39mAn update to FileUploader inside a test was not wrapped in act(...).
@baci/web:test:
@baci/web:test: When testing, code that causes React state updates should be wrapped into act(...):
@baci/web:test:
@baci/web:test: act(() => {
@baci/web:test:   /* fire events that update state */
@baci/web:test: });
@baci/web:test: /* assert on the output */
@baci/web:test:
@baci/web:test: This ensures that you're testing the behavior the user would see in the browser. Learn more at https://react.dev/link/wrap-tests-with-act
@baci/web:test: An update to FileUploader inside a test was not wrapped in act(...).
@baci/web:test:
@baci/web:test: When testing, code that causes React state updates should be wrapped into act(...):
@baci/web:test:
@baci/web:test: act(() => {
@baci/web:test:   /* fire events that update state */
@baci/web:test: });
@baci/web:test: /* assert on the output */
@baci/web:test:
@baci/web:test: This ensures that you're testing the behavior the user would see in the browser. Learn more at https://react.dev/link/wrap-tests-with-act
@baci/web:test:
@baci/web:test:  [32m✓[39m src/components/ui/file-uploader.test.tsx [2m([22m[2m9 tests[22m[2m)[22m[33m 747[2mms[22m[39m
@baci/web:test:      [33m[2m✓[22m[39m renders initial files correctly [33m 327[2mms[22m[39m
@baci/web:test:  [32m✓[39m src/app/api/cron/push-receipts/route.test.ts [2m([22m[2m9 tests[22m[2m)[22m[32m 40[2mms[22m[39m
@baci/web:test:  [32m✓[39m src/components/storefront/ogabassey/pages/checkout/pending-checkout-order.test.ts [2m([22m[2m6 tests[22m[2m)[22m[32m 23[2mms[22m[39m
@baci/web:test:  [32m✓[39m src/components/storefront/recently-viewed.test.tsx [2m([22m[2m6 tests[22m[2m)[22m[33m 426[2mms[22m[39m
@baci/web:test:  [32m✓[39m src/app/api/merchant/verify-tax-id/route.test.ts [2m([22m[2m8 tests[22m[2m)[22m[32m 31[2mms[22m[39m
@baci/web:test: [90mstderr[2m | src/components/dashboard/store-build-status-card.test.tsx[2m > [22m[2mStoreBuildStatusCard[2m > [22m[2mrenders nothing when the readiness fetch fails
@baci/web:test: [22m[39mFailed to load store build status: Error: Failed to load store build status
@baci/web:test:     at loadStatus [90m(/app/apps/web/[39msrc/components/dashboard/store-build-status-card.tsx:59:17[90m)[39m
@baci/web:test:
@baci/web:test: [90mstdout[2m | src/lib/paystack.test.ts[2m > [22m[2mpaystack helpers[2m > [22m[2mresolveAccountNumber accepts alphanumeric bank codes and calls fetch
@baci/web:test: [22m[39m[2026-05-28T16:58:05.183Z] [INFO] Paystack API Response {
@baci/web:test:   message: [32m'Paystack API Response'[39m,
@baci/web:test:   endpoint: [32m'/bank/resolve?account_number=1234567890&bank_code=035A'[39m,
@baci/web:test:   status: [90mundefined[39m,
@baci/web:test:   success: [33mtrue[39m
@baci/web:test: }
@baci/web:test:
@baci/web:test: [90mstdout[2m | src/lib/paystack.test.ts[2m > [22m[2mpaystack helpers[2m > [22m[2mincludes authorization details in verifyTransaction responses
@baci/web:test: [22m[39m[2026-05-28T16:58:05.197Z] [INFO] Paystack API Response {
@baci/web:test:   message: [32m'Paystack API Response'[39m,
@baci/web:test:   endpoint: [32m'/transaction/verify/REF123'[39m,
@baci/web:test:   status: [90mundefined[39m,
@baci/web:test:   success: [33mtrue[39m
@baci/web:test: }
@baci/web:test:
@baci/web:test: [90mstderr[2m | src/components/dashboard/store-build-status-card.test.tsx[2m > [22m[2mStoreBuildStatusCard[2m > [22m[2mshows an apply error toast on network failure
@baci/web:test: [22m[39mFailed to apply AI storefront draft: Error: offline
@baci/web:test:     at __vite_ssr_import_0__.it.each.Promise.resolve.ok [90m(/app/apps/web/[39msrc/components/dashboard/store-build-status-card.test.tsx:126:46[90m)[39m
@baci/web:test:     at Mock [90m(file:///app/apps/web/[39mnode_modules/[4m@vitest/spy[24m/dist/index.js:285:34[90m)[39m
@baci/web:test:     at applyDraft [90m(/app/apps/web/[39msrc/components/dashboard/store-build-status-card.tsx:94:30[90m)[39m
@baci/web:test:     at onClick [90m(/app/apps/web/[39msrc/components/dashboard/store-build-status-card.tsx:208:36[90m)[39m
@baci/web:test:     at executeDispatch (/app/node_modules/[4mreact-dom[24m/cjs/react-dom-client.development.js:19116:9)
@baci/web:test:     at runWithFiberInDEV (/app/node_modules/[4mreact-dom[24m/cjs/react-dom-client.development.js:874:13)
@baci/web:test:     at processDispatchQueue (/app/node_modules/[4mreact-dom[24m/cjs/react-dom-client.development.js:19166:19)
@baci/web:test:     at /app/node_modules/[4mreact-dom[24m/cjs/react-dom-client.development.js:19767:9
@baci/web:test:     at batchedUpdates$1 (/app/node_modules/[4mreact-dom[24m/cjs/react-dom-client.development.js:3255:40)
@baci/web:test:     at dispatchEventForPluginEventSystem (/app/node_modules/[4mreact-dom[24m/cjs/react-dom-client.development.js:19320:7)
@baci/web:test:
@baci/web:test: [90mstdout[2m | src/lib/paystack.test.ts[2m > [22m[2mpaystack helpers[2m > [22m[2mcreates wallet DVAs with merchant subaccount and explicit test-bank flag
@baci/web:test: [22m[39m[2026-05-28T16:58:05.201Z] [INFO] Paystack API Response {
@baci/web:test:   message: [32m'Paystack API Response'[39m,
@baci/web:test:   endpoint: [32m'/dedicated_account'[39m,
@baci/web:test:   status: [90mundefined[39m,
@baci/web:test:   success: [33mtrue[39m
@baci/web:test: }
@baci/web:test:
@baci/web:test: [90mstdout[2m | src/lib/paystack.test.ts[2m > [22m[2mpaystack helpers[2m > [22m[2mrejects wallet DVA responses that do not include a 10-digit account number
@baci/web:test: [22m[39m[2026-05-28T16:58:05.204Z] [INFO] Paystack API Response {
@baci/web:test:   message: [32m'Paystack API Response'[39m,
@baci/web:test:   endpoint: [32m'/dedicated_account'[39m,
@baci/web:test:   status: [90mundefined[39m,
@baci/web:test:   success: [33mtrue[39m
@baci/web:test: }
@baci/web:test:
@baci/web:test: [90mstderr[2m | src/lib/paystack.test.ts[2m > [22m[2mpaystack helpers[2m > [22m[2mrejects wallet DVA responses that do not include a 10-digit account number
@baci/web:test: [22m[39m[2026-05-28T16:58:05.206Z] [WARN] Wallet DVA response validation failed {
@baci/web:test:   message: [32m'Wallet DVA response validation failed'[39m,
@baci/web:test:   issues: [
@baci/web:test:     {
@baci/web:test:       validation: [32m'regex'[39m,
@baci/web:test:       code: [32m'invalid_string'[39m,
@baci/web:test:       message: [32m'Invalid'[39m,
@baci/web:test:       path: [36m[Array][39m
@baci/web:test:     }
@baci/web:test:   ]
@baci/web:test: }
@baci/web:test:
@baci/web:test:  [32m✓[39m src/lib/paystack.test.ts [2m([22m[2m7 tests[22m[2m)[22m[32m 80[2mms[22m[39m
@baci/web:test: [90mstderr[2m | src/components/dashboard/store-build-status-card.test.tsx[2m > [22m[2mStoreBuildStatusCard[2m > [22m[2mshows an apply error toast on server failure
@baci/web:test: [22m[39mFailed to apply AI storefront draft: Error: server unavailable
@baci/web:test:     at applyDraft [90m(/app/apps/web/[39msrc/components/dashboard/store-build-status-card.tsx:114:15[90m)[39m
@baci/web:test:
@baci/web:test:  [32m✓[39m src/app/dashboard/settings/components/hero-carousel-card.test.tsx [2m([22m[2m11 tests[22m[2m)[22m[33m 504[2mms[22m[39m
@baci/web:test:  [32m✓[39m src/components/dashboard/store-build-status-card.test.tsx [2m([22m[2m7 tests[22m[2m)[22m[33m 823[2mms[22m[39m
@baci/web:test:  [32m✓[39m src/lib/api-auth.test.ts [2m([22m[2m16 tests[22m[2m)[22m[32m 20[2mms[22m[39m
@baci/web:test:  [32m✓[39m src/lib/storefront-link-normalization.test.ts [2m([22m[2m20 tests[22m[2m)[22m[32m 13[2mms[22m[39m
@baci/web:test: [90mstderr[2m | src/app/(storefront)/[slug]/(content)/about/page.test.tsx[2m > [22m[2mAboutPage[2m > [22m[2mdoes not emit a duplicate wrapper h1 while content is suspended
@baci/web:test: [22m[39m<AboutJsonLd> is an async Client Component. Only Server Components can be async at the moment. This error is often caused by accidentally adding `'use client'` to a module that was originally written for the server.
@baci/web:test: <AboutContent> is an async Client Component. Only Server Components can be async at the moment. This error is often caused by accidentally adding `'use client'` to a module that was originally written for the server.
@baci/web:test:
@baci/web:test: [90mstderr[2m | src/app/(storefront)/[slug]/(content)/about/page.test.tsx[2m > [22m[2mAboutPage[2m > [22m[2mdoes not emit a duplicate wrapper h1 while content is suspended
@baci/web:test: [22m[39mA component suspended inside an `act` scope, but the `act` call was not awaited. When testing React components that depend on asynchronous data, you must await the result:
@baci/web:test:
@baci/web:test: await act(() => ...)
@baci/web:test:
@baci/web:test:  [32m✓[39m src/app/(storefront)/[slug]/(content)/about/page.test.tsx [2m([22m[2m7 tests[22m[2m)[22m[32m 88[2mms[22m[39m
@baci/web:test:  [32m✓[39m src/lib/jumia/order-sync-mappers.test.ts [2m([22m[2m13 tests[22m[2m)[22m[32m 15[2mms[22m[39m
@baci/web:test: [90mstderr[2m | src/lib/csrf-utils.test.ts[2m > [22m[2mCSRF utility coverage[2m > [22m[2mcheckCsrfProtection[2m > [22m[2mreturns 403 response when csrf validation fails
@baci/web:test: [22m[39mCSRF: No token in header
@baci/web:test:
@baci/web:test:  [32m✓[39m src/lib/csrf-utils.test.ts [2m([22m[2m13 tests[22m[2m)[22m[32m 47[2mms[22m[39m
@baci/web:test:  [32m✓[39m src/lib/cached-storefront-product-index.test.ts [2m([22m[2m14 tests[22m[2m)[22m[32m 20[2mms[22m[39m
@baci/web:test:  [32m✓[39m src/schemas/quiz-schemas-input.test.ts [2m([22m[2m4 tests[22m[2m)[22m[32m 21[2mms[22m[39m
@baci/web:test:  [32m✓[39m src/app/api/google-places/reviews/route.test.ts [2m([22m[2m7 tests[22m[2m)[22m[32m 162[2mms[22m[39m
@baci/web:test: [90mstderr[2m | src/app/api/vtu/verify/route.test.ts[2m > [22m[2mPOST /api/vtu/verify[2m > [22m[2mreturns 500 when verifyBillCustomer throws
@baci/web:test: [22m[39mCustomer verification failed: Error: Kuda API unavailable
@baci/web:test:     at [90m/app/apps/web/[39msrc/app/api/vtu/verify/route.test.ts:170:46
@baci/web:test: [90m    at processTicksAndRejections (node:internal/process/task_queues:103:5)[39m
@baci/web:test:     at [90mfile:///app/apps/web/[39mnode_modules/[4m@vitest/runner[24m/dist/index.js:915:20
@baci/web:test:
@baci/web:test: [90mstderr[2m | src/app/api/vtu/verify/route.test.ts[2m > [22m[2mPOST /api/vtu/verify[2m > [22m[2mhandles network error gracefully
@baci/web:test: [22m[39mCustomer verification failed: Error: Network timeout
@baci/web:test:     at [90m/app/apps/web/[39msrc/app/api/vtu/verify/route.test.ts:202:46
@baci/web:test: [90m    at processTicksAndRejections (node:internal/process/task_queues:103:5)[39m
@baci/web:test:     at [90mfile:///app/apps/web/[39mnode_modules/[4m@vitest/runner[24m/dist/index.js:915:20
@baci/web:test:
@baci/web:test:  [32m✓[39m src/app/api/vtu/verify/route.test.ts [2m([22m[2m11 tests[22m[2m)[22m[32m 116[2mms[22m[39m
@baci/web:test:  [32m✓[39m src/lib/quiz-proof.test.ts [2m([22m[2m8 tests[22m[2m)[22m[32m 14[2mms[22m[39m
@baci/web:test:  [32m✓[39m src/components/storefront/ogabassey/pdp/critical-commerce.test.tsx [2m([22m[2m9 tests[22m[2m)[22m[33m 515[2mms[22m[39m
@baci/web:test:  [32m✓[39m src/lib/image-loader.test.ts [2m([22m[2m27 tests[22m[2m)[22m[32m 11[2mms[22m[39m
@baci/web:test:  [32m✓[39m src/app/dashboard/agentic/client-page.test.tsx [2m([22m[2m5 tests[22m[2m)[22m[33m 735[2mms[22m[39m
@baci/web:test:      [33m[2m✓[22m[39m renders action, trust, and crawler center tabs for published stores [33m 616[2mms[22m[39m
@baci/web:test:  [32m✓[39m src/lib/agentic/action-health-admin-records.test.ts [2m([22m[2m5 tests[22m[2m)[22m[32m 18[2mms[22m[39m
@baci/web:test:  [32m✓[39m src/app/api/storefront/products/product-response.test.ts [2m([22m[2m8 tests[22m[2m)[22m[32m 11[2mms[22m[39m
@baci/web:test:  [32m✓[39m src/lib/agentic/scoped-supabase.test.ts [2m([22m[2m11 tests[22m[2m)[22m[32m 26[2mms[22m[39m
@baci/web:test:  [32m✓[39m src/app/api/admin/blog/upload/route.test.ts [2m([22m[2m8 tests[22m[2m)[22m[32m 43[2mms[22m[39m
@baci/web:test: [90mstderr[2m | src/app/dashboard/blog/new/page.test.tsx[2m > [22m[2mNewBlogPostPage Discover image upload metadata[2m > [22m[2muploads featured images with purpose=featured and persists returned metadata
@baci/web:test: [22m[39mReceived `true` for a non-boolean attribute `fill`.
@baci/web:test:
@baci/web:test: If you want to write it to the DOM, pass a string instead: fill="true" or fill={value.toString()}.
@baci/web:test: Received `true` for a non-boolean attribute `unoptimized`.
@baci/web:test:
@baci/web:test: If you want to write it to the DOM, pass a string instead: unoptimized="true" or unoptimized={value.toString()}.
@baci/web:test:
@baci/web:test:  [32m✓[39m src/app/dashboard/blog/new/page.test.tsx [2m([22m[2m3 tests[22m[2m)[22m[33m 1628[2mms[22m[39m
@baci/web:test:      [33m[2m✓[22m[39m uploads featured images with purpose=featured and persists returned metadata [33m 1342[2mms[22m[39m
@baci/web:test:  [32m✓[39m src/app/api/storefront/account/orders/[id]/route.test.ts [2m([22m[2m7 tests[22m[2m)[22m[32m 32[2mms[22m[39m
@baci/web:test:  [32m✓[39m src/lib/agentic/agent-commerce-health-monitor.test.ts [2m([22m[2m13 tests[22m[2m)[22m[32m 21[2mms[22m[39m
@baci/web:test:  [32m✓[39m src/lib/ai-storefront/ollama-storefront-client.test.ts [2m([22m[2m7 tests[22m[2m)[22m[32m 27[2mms[22m[39m
@baci/web:test: [90mstderr[2m | src/app/api/feed/openai/route.host-inference.test.ts[2m > [22m[2mGET /api/feed/openai host-scoped merchant inference[2m > [22m[2mreturns 404 when the host-inferred merchant is unpublished
@baci/web:test: [22m[39mOPENAI_FEED_GENERATION_ERROR: _MerchantNotFoundError: Merchant not found: 11111111-1111-4111-8111-111111111111
@baci/web:test:     at [90m/app/apps/web/[39msrc/app/api/feed/openai/route.host-inference.test.ts:131:7
@baci/web:test:     at [90mfile:///app/apps/web/[39mnode_modules/[4m@vitest/runner[24m/dist/index.js:145:11
@baci/web:test:     at [90mfile:///app/apps/web/[39mnode_modules/[4m@vitest/runner[24m/dist/index.js:915:26
@baci/web:test:     at [90mfile:///app/apps/web/[39mnode_modules/[4m@vitest/runner[24m/dist/index.js:1243:20
@baci/web:test:     at new Promise (<anonymous>)
@baci/web:test:     at runWithTimeout [90m(file:///app/apps/web/[39mnode_modules/[4m@vitest/runner[24m/dist/index.js:1209:10[90m)[39m
@baci/web:test:     at [90mfile:///app/apps/web/[39mnode_modules/[4m@vitest/runner[24m/dist/index.js:1653:37
@baci/web:test:     at Traces.$ [90m(file:///app/apps/web/[39mnode_modules/[4mvitest[24m/dist/chunks/traces.CCmnQaNT.js:142:27[90m)[39m
@baci/web:test:     at trace [90m(file:///app/apps/web/[39mnode_modules/[4mvitest[24m/dist/chunks/test.B8ej_ZHS.js:239:21[90m)[39m
@baci/web:test:     at runTest [90m(file:///app/apps/web/[39mnode_modules/[4m@vitest/runner[24m/dist/index.js:1653:12[90m)[39m
@baci/web:test:
@baci/web:test: [90mstderr[2m | src/app/api/feed/openai/route.host-inference.test.ts[2m > [22m[2mGET /api/feed/openai host-scoped merchant inference[2m > [22m[2mreturns 404 when explicit platform merchant lookup misses
@baci/web:test: [22m[39mOPENAI_FEED_GENERATION_ERROR: _MerchantNotFoundError: Merchant not found: missing
@baci/web:test:     at [90m/app/apps/web/[39msrc/app/api/feed/openai/route.host-inference.test.ts:167:7
@baci/web:test:     at [90mfile:///app/apps/web/[39mnode_modules/[4m@vitest/runner[24m/dist/index.js:145:11
@baci/web:test:     at [90mfile:///app/apps/web/[39mnode_modules/[4m@vitest/runner[24m/dist/index.js:915:26
@baci/web:test:     at [90mfile:///app/apps/web/[39mnode_modules/[4m@vitest/runner[24m/dist/index.js:1243:20
@baci/web:test:     at new Promise (<anonymous>)
@baci/web:test:     at runWithTimeout [90m(file:///app/apps/web/[39mnode_modules/[4m@vitest/runner[24m/dist/index.js:1209:10[90m)[39m
@baci/web:test:     at [90mfile:///app/apps/web/[39mnode_modules/[4m@vitest/runner[24m/dist/index.js:1653:37
@baci/web:test:     at Traces.$ [90m(file:///app/apps/web/[39mnode_modules/[4mvitest[24m/dist/chunks/traces.CCmnQaNT.js:142:27[90m)[39m
@baci/web:test:     at trace [90m(file:///app/apps/web/[39mnode_modules/[4mvitest[24m/dist/chunks/test.B8ej_ZHS.js:239:21[90m)[39m
@baci/web:test:     at runTest [90m(file:///app/apps/web/[39mnode_modules/[4m@vitest/runner[24m/dist/index.js:1653:12[90m)[39m
@baci/web:test:
@baci/web:test: [90mstderr[2m | src/app/api/feed/openai/route.host-inference.test.ts[2m > [22m[2mGET /api/feed/openai host-scoped merchant inference[2m > [22m[2mreturns 500 when host-scoped merchant inference throws
@baci/web:test: [22m[39mOPENAI_FEED_GENERATION_ERROR: Error: lookup failed
@baci/web:test:     at [90m/app/apps/web/[39msrc/app/api/feed/openai/route.host-inference.test.ts:200:51
@baci/web:test:     at [90mfile:///app/apps/web/[39mnode_modules/[4m@vitest/runner[24m/dist/index.js:145:11
@baci/web:test:     at [90mfile:///app/apps/web/[39mnode_modules/[4m@vitest/runner[24m/dist/index.js:915:26
@baci/web:test:     at [90mfile:///app/apps/web/[39mnode_modules/[4m@vitest/runner[24m/dist/index.js:1243:20
@baci/web:test:     at new Promise (<anonymous>)
@baci/web:test:     at runWithTimeout [90m(file:///app/apps/web/[39mnode_modules/[4m@vitest/runner[24m/dist/index.js:1209:10[90m)[39m
@baci/web:test:     at [90mfile:///app/apps/web/[39mnode_modules/[4m@vitest/runner[24m/dist/index.js:1653:37
@baci/web:test:     at Traces.$ [90m(file:///app/apps/web/[39mnode_modules/[4mvitest[24m/dist/chunks/traces.CCmnQaNT.js:142:27[90m)[39m
@baci/web:test:     at trace [90m(file:///app/apps/web/[39mnode_modules/[4mvitest[24m/dist/chunks/test.B8ej_ZHS.js:239:21[90m)[39m
@baci/web:test:     at runTest [90m(file:///app/apps/web/[39mnode_modules/[4m@vitest/runner[24m/dist/index.js:1653:12[90m)[39m
@baci/web:test:
@baci/web:test:  [32m✓[39m src/app/api/feed/openai/route.host-inference.test.ts [2m([22m[2m6 tests[22m[2m)[22m[32m 248[2mms[22m[39m
@baci/web:test:  [32m✓[39m src/components/storefront/ogabassey/components/UtilityModal.checkout.test.tsx [2m([22m[2m9 tests[22m[2m)[22m[33m 353[2mms[22m[39m
@baci/web:test:  [32m✓[39m tools/seo/run-search-console-readiness.test.ts [2m([22m[2m3 tests[22m[2m)[22m[32m 22[2mms[22m[39m
@baci/web:test:  [32m✓[39m src/app/(storefront)/[slug]/(catalog)/(listing)/[category]/category-page-content.test.tsx [2m([22m[2m4 tests[22m[2m)[22m[32m 55[2mms[22m[39m
@baci/web:test:  [32m✓[39m src/lib/email-templates.test.ts [2m([22m[2m13 tests[22m[2m)[22m[32m 40[2mms[22m[39m
@baci/web:test:  [32m✓[39m src/lib/storefront-compare/load-price-band-page.test.ts [2m([22m[2m6 tests[22m[2m)[22m[32m 42[2mms[22m[39m
@baci/web:test:  [32m✓[39m src/components/builder/floating-controls.test.tsx [2m([22m[2m8 tests[22m[2m)[22m[33m 315[2mms[22m[39m
@baci/web:test: [90mstderr[2m | src/app/api/feed/google-merchant/revalidate/route.test.ts[2m > [22m[2mPOST /api/feed/google-merchant/revalidate[2m > [22m[2mreturns 404 when slug resolution fails
@baci/web:test: [22m[39mFEED_REVALIDATE_ERROR: _MerchantNotFoundError: Merchant not found: nonexistent
@baci/web:test:     at [90m/app/apps/web/[39msrc/app/api/feed/google-merchant/revalidate/route.test.ts:185:7
@baci/web:test:     at [90mfile:///app/apps/web/[39mnode_modules/[4m@vitest/runner[24m/dist/index.js:145:11
@baci/web:test:     at [90mfile:///app/apps/web/[39mnode_modules/[4m@vitest/runner[24m/dist/index.js:915:26
@baci/web:test:     at [90mfile:///app/apps/web/[39mnode_modules/[4m@vitest/runner[24m/dist/index.js:1243:20
@baci/web:test:     at new Promise (<anonymous>)
@baci/web:test:     at runWithTimeout [90m(file:///app/apps/web/[39mnode_modules/[4m@vitest/runner[24m/dist/index.js:1209:10[90m)[39m
@baci/web:test:     at [90mfile:///app/apps/web/[39mnode_modules/[4m@vitest/runner[24m/dist/index.js:1653:37
@baci/web:test:     at Traces.$ [90m(file:///app/apps/web/[39mnode_modules/[4mvitest[24m/dist/chunks/traces.CCmnQaNT.js:142:27[90m)[39m
@baci/web:test:     at trace [90m(file:///app/apps/web/[39mnode_modules/[4mvitest[24m/dist/chunks/test.B8ej_ZHS.js:239:21[90m)[39m
@baci/web:test:     at runTest [90m(file:///app/apps/web/[39mnode_modules/[4m@vitest/runner[24m/dist/index.js:1653:12[90m)[39m
@baci/web:test:
@baci/web:test: [90mstderr[2m | src/app/api/feed/google-merchant/revalidate/route.test.ts[2m > [22m[2mPOST /api/feed/google-merchant/revalidate[2m > [22m[2mreturns 500 when revalidation throws
@baci/web:test: [22m[39mFEED_REVALIDATE_ERROR: Error: cache busted poorly
@baci/web:test:     at [90m/app/apps/web/[39msrc/app/api/feed/google-merchant/revalidate/route.test.ts:200:13
@baci/web:test:     at Mock [90m(file:///app/apps/web/[39mnode_modules/[4m@vitest/spy[24m/dist/index.js:285:34[90m)[39m
@baci/web:test:     at revalidateMerchantFeed [90m(/app/apps/web/[39msrc/app/api/feed/google-merchant/revalidate/route.test.ts:9:5[90m)[39m
@baci/web:test:     at Module.POST [90m(/app/apps/web/[39msrc/app/api/feed/google-merchant/revalidate/route.ts:89:5[90m)[39m
@baci/web:test: [90m    at processTicksAndRejections (node:internal/process/task_queues:103:5)[39m
@baci/web:test:     at [90m/app/apps/web/[39msrc/app/api/feed/google-merchant/revalidate/route.test.ts:203:17
@baci/web:test:     at [90mfile:///app/apps/web/[39mnode_modules/[4m@vitest/runner[24m/dist/index.js:915:20
@baci/web:test:
@baci/web:test:  [32m✓[39m src/app/api/feed/google-merchant/revalidate/route.test.ts [2m([22m[2m12 tests[22m[2m)[22m[32m 88[2mms[22m[39m
@baci/web:test: [90mstderr[2m | src/app/api/wallet/transactions/route.test.ts[2m > [22m[2mGET /api/wallet/transactions[2m > [22m[2mreturns 500 when the wallet transaction query fails
@baci/web:test: [22m[39mFailed to get transactions: { message: [32m'db failure'[39m }
@baci/web:test:
@baci/web:test:  [32m✓[39m src/app/api/wallet/transactions/route.test.ts [2m([22m[2m6 tests[22m[2m)[22m[32m 26[2mms[22m[39m
@baci/web:test: [90mstderr[2m | src/lib/domain-cache-simple.test.ts[2m > [22m[2mgetCustomDomainForSlug[2m > [22m[2mDB fallback path[2m > [22m[2mreturns null when Supabase returns an error response
@baci/web:test: [22m[39m[Domain Cache] Failed to fetch merchant domain data {
@baci/web:test:   merchantSlug: [32m'permission-denied'[39m,
@baci/web:test:   error: { message: [32m'permission denied'[39m, code: [32m'42501'[39m }
@baci/web:test: }
@baci/web:test:
@baci/web:test:  [32m✓[39m src/lib/domain-cache-simple.test.ts [2m([22m[2m11 tests[22m[2m)[22m[32m 59[2mms[22m[39m
@baci/web:test:  [32m✓[39m src/schemas/ucp-checkout-request.test.ts [2m([22m[2m18 tests[22m[2m)[22m[32m 16[2mms[22m[39m
@baci/web:test:  [32m✓[39m src/lib/agentic/acp-discovery-profile.test.ts [2m([22m[2m7 tests[22m[2m)[22m[32m 10[2mms[22m[39m
@baci/web:test:  [32m✓[39m src/lib/agentic/request-integrity.test.ts [2m([22m[2m13 tests[22m[2m)[22m[32m 15[2mms[22m[39m
@baci/web:test:  [32m✓[39m src/app/(storefront)/[slug]/(catalog)/(listing)/[category]/compare/[comparisonSlug]/compare-page-content.test.tsx [2m([22m[2m4 tests[22m[2m)[22m[33m 493[2mms[22m[39m
@baci/web:test:      [33m[2m✓[22m[39m renders the verdict, key differences, and comparison table [33m 385[2mms[22m[39m
@baci/web:test:  [32m✓[39m src/lib/llm-chat-stream.test.ts [2m([22m[2m8 tests[22m[2m)[22m[32m 27[2mms[22m[39m
@baci/web:test:  [32m✓[39m src/scripts/verify-quiz-assets-manifest.test.ts [2m([22m[2m12 tests[22m[2m)[22m[32m 12[2mms[22m[39m
@baci/web:test:  [32m✓[39m src/lib/well-known.test.ts [2m([22m[2m23 tests[22m[2m)[22m[32m 14[2mms[22m[39m
@baci/web:test: [90mstderr[2m | src/app/api/branches/branch-route-utils.test.ts[2m > [22m[2mmapBranchMutationError[2m > [22m[2mmaps missing rows to 404
@baci/web:test: [22m[39m[Branches] Branch not found: { code: [32m'PGRST116'[39m, message: [32m'not found'[39m }
@baci/web:test:
@baci/web:test: [90mstderr[2m | src/app/api/branches/branch-route-utils.test.ts[2m > [22m[2mmapBranchMutationError[2m > [22m[2mmaps permission errors to 403
@baci/web:test: [22m[39m[Branches] Forbidden branch mutation: { code: [32m'42501'[39m, message: [32m'permission denied'[39m }
@baci/web:test:
@baci/web:test: [90mstderr[2m | src/app/api/branches/branch-route-utils.test.ts[2m > [22m[2mmapBranchMutationError[2m > [22m[2mmaps last active branch guard failures to 409
@baci/web:test: [22m[39m[Branches] Only-active branch guard rejected mutation: { code: [32m'23514'[39m, message: [32m'Cannot deactivate the only active branch'[39m }
@baci/web:test:
@baci/web:test: [90mstderr[2m | src/app/api/branches/branch-route-utils.test.ts[2m > [22m[2mmapBranchMutationError[2m > [22m[2mmaps default branch unique conflicts to 409
@baci/web:test: [22m[39m[Branches] Default branch conflict: {
@baci/web:test:   code: [32m'23505'[39m,
@baci/web:test:   constraint: [32m'idx_branches_one_active_default_per_merchant'[39m,
@baci/web:test:   message: [32m'duplicate key value violates unique constraint'[39m
@baci/web:test: }
@baci/web:test:
@baci/web:test: [90mstderr[2m | src/app/api/branches/branch-route-utils.test.ts[2m > [22m[2mmapBranchMutationError[2m > [22m[2mmaps other unique conflicts to 409
@baci/web:test: [22m[39m[Branches] Unique branch conflict: {
@baci/web:test:   code: [32m'23505'[39m,
@baci/web:test:   constraint: [32m'branches_name_key'[39m,
@baci/web:test:   message: [32m'duplicate key value violates unique constraint'[39m
@baci/web:test: }
@baci/web:test:
@baci/web:test: [90mstderr[2m | src/app/api/branches/branch-route-utils.test.ts[2m > [22m[2mmapBranchMutationError[2m > [22m[2mmaps generic check violations to 400
@baci/web:test: [22m[39m[Branches] Invalid branch mutation: { code: [32m'23514'[39m, message: [32m'Invalid branch assignment'[39m }
@baci/web:test:
@baci/web:test: [90mstderr[2m | src/app/api/branches/branch-route-utils.test.ts[2m > [22m[2mmapBranchMutationError[2m > [22m[2muses the fallback for unknown and null errors
@baci/web:test: [22m[39m[Branches] Unhandled mutation error: { code: [32m'XX000'[39m, message: [32m'unknown'[39m }
@baci/web:test:
@baci/web:test:  [32m✓[39m src/app/api/branches/branch-route-utils.test.ts [2m([22m[2m13 tests[22m[2m)[22m[32m 35[2mms[22m[39m
@baci/web:test:  [32m✓[39m src/lib/customer-wallet-payment-accounts.proof.test.ts [2m([22m[2m3 tests[22m[2m)[22m[32m 16[2mms[22m[39m
@baci/web:test:  [32m✓[39m src/app/api/quiz/attempts/[attemptId]/answers/route-replay.test.ts [2m([22m[2m5 tests[22m[2m)[22m[32m 193[2mms[22m[39m
@baci/web:test: [90mstderr[2m | src/lib/agentic/checkout-completion-finalize-compensation.test.ts[2m > [22m[2mfinalizeAgenticCheckoutPayment compensation[2m > [22m[2mdoes not release the finalization claim when compensating order cancellation fails
@baci/web:test: [22m[39m[2026-05-28T16:58:25.726Z] [ERROR] Agentic checkout session payment state update failed {
@baci/web:test:   error: [32m'{"message":"update failed"}'[39m,
@baci/web:test:   message: [32m'Agentic checkout session payment state update failed'[39m,
@baci/web:test:   orderId: [32m'order-1'[39m,
@baci/web:test:   sessionId: [32m'agentic_session_1'[39m
@baci/web:test: }
@baci/web:test:
@baci/web:test: [90mstderr[2m | src/lib/agentic/checkout-completion-finalize-compensation.test.ts[2m > [22m[2mfinalizeAgenticCheckoutPayment compensation[2m > [22m[2mdoes not release the finalization claim when compensating order cancellation fails
@baci/web:test: [22m[39m[2026-05-28T16:58:25.728Z] [ERROR] Checkout session payment state update failed {
@baci/web:test:   error: {
@baci/web:test:     cancellationError: [32m'{"code":"PGRST000","details":"","hint":"","message":"cancel failed","name":"PostgrestError"}'[39m,
@baci/web:test:     cancellationUpdated: [33mfalse[39m,
@baci/web:test:     orderError: [32m'{"message":"update failed"}'[39m
@baci/web:test:   },
@baci/web:test:   message: [32m'Checkout session payment state update failed'[39m,
@baci/web:test:   sessionId: [32m'agentic_session_1'[39m
@baci/web:test: }
@baci/web:test:
@baci/web:test: [90mstderr[2m | src/lib/agentic/checkout-completion-finalize-compensation.test.ts[2m > [22m[2mfinalizeAgenticCheckoutPayment compensation[2m > [22m[2mreturns 503 when compensation completes but idempotency storage fails
@baci/web:test: [22m[39m[2026-05-28T16:58:25.741Z] [ERROR] Agentic checkout session payment state update failed {
@baci/web:test:   error: [32m'{"message":"update failed"}'[39m,
@baci/web:test:   message: [32m'Agentic checkout session payment state update failed'[39m,
@baci/web:test:   orderId: [32m'order-1'[39m,
@baci/web:test:   sessionId: [32m'agentic_session_1'[39m
@baci/web:test: }
@baci/web:test:
@baci/web:test: [90mstderr[2m | src/lib/agentic/checkout-completion-finalize-compensation.test.ts[2m > [22m[2mfinalizeAgenticCheckoutPayment compensation[2m > [22m[2mreturns 503 when compensation completes but idempotency storage fails
@baci/web:test: [22m[39m[2026-05-28T16:58:25.742Z] [ERROR] Checkout session payment state update failed {
@baci/web:test:   error: {
@baci/web:test:     cancellationError: [1mnull[22m,
@baci/web:test:     cancellationUpdated: [33mtrue[39m,
@baci/web:test:     orderError: [32m'{"message":"update failed"}'[39m
@baci/web:test:   },
@baci/web:test:   message: [32m'Checkout session payment state update failed'[39m,
@baci/web:test:   sessionId: [32m'agentic_session_1'[39m
@baci/web:test: }
@baci/web:test:
@baci/web:test: [90mstderr[2m | src/lib/agentic/checkout-completion-finalize-compensation.test.ts[2m > [22m[2mfinalizeAgenticCheckoutPayment compensation[2m > [22m[2mreturns 503 when compensation completes but idempotency storage fails
@baci/web:test: [22m[39m[2026-05-28T16:58:25.743Z] [ERROR] Failed to store agentic idempotency response {
@baci/web:test:   message: [32m'Failed to store agentic idempotency response'[39m,
@baci/web:test:   error: {
@baci/web:test:     name: [32m'Error'[39m,
@baci/web:test:     message: [32m'store failed'[39m,
@baci/web:test:     stack: [32m'Error: store failed     at /app/apps/web/src/lib/agentic/checkout-completion-finalize-compensation.test.ts:203:14     at file:///app/apps/web/node_modules/@vitest/runner/dist/index.js:145:11     at file:///app/apps/web/node_modules/@vitest/runner/dist/index.js:915:26     at file:///app/apps/web/node_modules/@vitest/runner/dist/index.js:1243:20     at new Promise (<anonymous>)     at runWithTimeout (file:///app/apps/web/node_modules/@vitest/runner/dist/index.js:1209:10)     at file:///app/apps/web/node_modules/@vitest/runner/dist/index.js:1653:37     at Traces.$ (file:///app/apps/web/node_modules/vitest/dist/chunks/traces.CCmnQaNT.js:142:27)     at trace (file:///app/apps/web/node_modules/vitest/dist/chunks/test.B8ej_ZHS.js:239:21)     at runTest (file:///app/apps/web/node_modules/@vitest/runner/dist/index.js:1653:12)'[39m
@baci/web:test:   },
@baci/web:test:   idempotencyKey: [32m'idem-1'[39m,
@baci/web:test:   merchantId: [32m'merchant-1'[39m,
@baci/web:test:   requestId: [32m'req_123'[39m,
@baci/web:test:   route: [32m'checkout_sessions.complete'[39m
@baci/web:test: }
@baci/web:test:
@baci/web:test:  [32m✓[39m src/lib/agentic/checkout-completion-finalize-compensation.test.ts [2m([22m[2m2 tests[22m[2m)[22m[32m 32[2mms[22m[39m
@baci/web:test: [90mstderr[2m | src/lib/agentic/ucp-cart-checkout-conversion.test.ts[2m > [22m[2mconvertUcpCartToCheckout[2m > [22m[2mdeletes the checkout session when cart link update fails
@baci/web:test: [22m[39m[2026-05-28T16:58:26.657Z] [ERROR] Failed to link UCP cart to checkout session {
@baci/web:test:   cleanupError: [32m''[39m,
@baci/web:test:   error: [32m'{}'[39m,
@baci/web:test:   merchantId: [32m'merchant-1'[39m,
@baci/web:test:   message: [32m'Failed to link UCP cart to checkout session'[39m,
@baci/web:test:   route: [32m'carts.checkout'[39m
@baci/web:test: }
@baci/web:test:
@baci/web:test:  [32m✓[39m src/lib/agentic/ucp-cart-checkout-conversion.test.ts [2m([22m[2m3 tests[22m[2m)[22m[32m 23[2mms[22m[39m
@baci/web:test:  [32m✓[39m src/app/dashboard/migrations/migration-utils.test.ts [2m([22m[2m24 tests[22m[2m)[22m[32m 34[2mms[22m[39m
@baci/web:test:  [32m✓[39m src/components/storefront/product-card.test.tsx [2m([22m[2m9 tests[22m[2m)[22m[33m 394[2mms[22m[39m
@baci/web:test:  [32m✓[39m src/schemas/wallet-top-up.test.ts [2m([22m[2m22 tests[22m[2m)[22m[32m 18[2mms[22m[39m
@baci/web:test: [90mstderr[2m | src/lib/agentic/checkout-payment-setup-authorization.test.ts[2m > [22m[2mprepareAgenticCheckoutPayment authorization[2m > [22m[2mreleases the payment claim when the claimed calculation throws
@baci/web:test: [22m[39m[2026-05-28T16:58:28.163Z] [ERROR] Claimed checkout calculation failed {
@baci/web:test:   message: [32m'Claimed checkout calculation failed'[39m,
@baci/web:test:   error: [32m'{}'[39m,
@baci/web:test:   sessionId: [32m'agentic_session_1'[39m
@baci/web:test: }
@baci/web:test:
@baci/web:test: [90mstderr[2m | src/lib/agentic/checkout-payment-setup-authorization.test.ts[2m > [22m[2mprepareAgenticCheckoutPayment authorization[2m > [22m[2mreleases the payment claim when the claimed total is invalid
@baci/web:test: [22m[39m[2026-05-28T16:58:28.166Z] [ERROR] Claimed checkout total is invalid {
@baci/web:test:   message: [32m'Claimed checkout total is invalid'[39m,
@baci/web:test:   error: [32m'{}'[39m,
@baci/web:test:   sessionId: [32m'agentic_session_1'[39m
@baci/web:test: }
@baci/web:test:
@baci/web:test:  [32m✓[39m src/lib/agentic/checkout-payment-setup-authorization.test.ts [2m([22m[2m4 tests[22m[2m)[22m[32m 16[2mms[22m[39m
@baci/web:test:  [32m✓[39m src/app/api/ai-jobs/route.test.ts [2m([22m[2m6 tests[22m[2m)[22m[32m 26[2mms[22m[39m
@baci/web:test:  [32m✓[39m src/lib/agentic/ucp-response-adapters.test.ts [2m([22m[2m7 tests[22m[2m)[22m[32m 16[2mms[22m[39m
@baci/web:test:  [32m✓[39m src/components/storefront/ogabassey/components/StorefrontPagination.test.tsx [2m([22m[2m16 tests[22m[2m)[22m[33m 323[2mms[22m[39m
@baci/web:test:  [32m✓[39m src/lib/agentic/checkout-completion-session-state.test.ts [2m([22m[2m5 tests[22m[2m)[22m[32m 9[2mms[22m[39m
@baci/web:test:  [32m✓[39m src/app/admin/merchants/merchant-table.test.tsx [2m([22m[2m8 tests[22m[2m)[22m[33m 848[2mms[22m[39m
@baci/web:test:      [33m[2m✓[22m[39m renders merchant health, metrics, dates, and directory links [33m 403[2mms[22m[39m
@baci/web:test:  [32m✓[39m src/lib/jumia/consignment.test.ts [2m([22m[2m11 tests[22m[2m)[22m[32m 17[2mms[22m[39m
@baci/web:test:  [32m✓[39m src/lib/customer-savings-paystack-webhook.test.ts [2m([22m[2m4 tests[22m[2m)[22m[32m 13[2mms[22m[39m
@baci/web:test:  [32m✓[39m src/app/dashboard/settings/kyc/kyc-verification.test.tsx [2m([22m[2m10 tests[22m[2m)[22m[33m 1243[2mms[22m[39m
@baci/web:test:  [32m✓[39m src/app/api/reviews/route.test.ts [2m([22m[2m4 tests[22m[2m)[22m[32m 27[2mms[22m[39m
@baci/web:test: [90mstderr[2m | src/lib/csrf.test.ts[2m > [22m[2mCSRF Protection[2m > [22m[2mverifyCsrfToken[2m > [22m[2mshould return false when csrf header is missing
@baci/web:test: [22m[39mCSRF: No token in header
@baci/web:test:
@baci/web:test: [90mstderr[2m | src/lib/csrf.test.ts[2m > [22m[2mCSRF Protection[2m > [22m[2mverifyCsrfToken[2m > [22m[2mshould return false when csrf cookie is missing
@baci/web:test: [22m[39mCSRF: Missing token cookie
@baci/web:test:
@baci/web:test:  [32m✓[39m src/lib/csrf.test.ts [2m([22m[2m8 tests[22m[2m)[22m[32m 46[2mms[22m[39m
@baci/web:test:  [32m✓[39m src/lib/storefront-account-document-data.test.ts [2m([22m[2m6 tests[22m[2m)[22m[32m 9[2mms[22m[39m
@baci/web:test: [90mstdout[2m | src/lib/cached-data.merchant-identifier-routing.test.ts[2m > [22m[2mcached-data getMerchantByIdentifier routing[2m > [22m[2mslug lookup routing[2m > [22m[2mroutes to slug lookup for simple identifier
@baci/web:test: [22m[39mSuccessfully fetched merchant: my-store merchant-123
@baci/web:test:
@baci/web:test: [90mstdout[2m | src/lib/cached-data.merchant-identifier-routing.test.ts[2m > [22m[2mcached-data getMerchantByIdentifier routing[2m > [22m[2mslug lookup routing[2m > [22m[2mlowercases slug identifier before lookup
@baci/web:test: [22m[39mSuccessfully fetched merchant: my-store merchant-123
@baci/web:test:
@baci/web:test: [90mstdout[2m | src/lib/cached-data.merchant-identifier-routing.test.ts[2m > [22m[2mcached-data getMerchantByIdentifier routing[2m > [22m[2mslug lookup routing[2m > [22m[2maccepts alphanumeric slugs with hyphens
@baci/web:test: [22m[39mSuccessfully fetched merchant: store-123-abc merchant-123
@baci/web:test:
@baci/web:test: [90mstdout[2m | src/lib/cached-data.merchant-identifier-routing.test.ts[2m > [22m[2mcached-data getMerchantByIdentifier routing[2m > [22m[2mdomain lookup routing[2m > [22m[2mroutes to domain lookup for domain-like identifier
@baci/web:test: [22m[39mSuccessfully fetched merchant by domain { domain: [32m'store.com'[39m, slug: [32m'test-store'[39m, merchantId: [32m'merchant-123'[39m }
@baci/web:test:
@baci/web:test: [90mstdout[2m | src/lib/cached-data.merchant-identifier-routing.test.ts[2m > [22m[2mcached-data getMerchantByIdentifier routing[2m > [22m[2mdomain lookup routing[2m > [22m[2mlowercases domain identifier before lookup
@baci/web:test: [22m[39mSuccessfully fetched merchant by domain { domain: [32m'store.com'[39m, slug: [32m'test-store'[39m, merchantId: [32m'merchant-123'[39m }
@baci/web:test:
@baci/web:test: [90mstdout[2m | src/lib/cached-data.merchant-identifier-routing.test.ts[2m > [22m[2mcached-data getMerchantByIdentifier routing[2m > [22m[2mdomain lookup routing[2m > [22m[2maccepts subdomains
@baci/web:test: [22m[39mSuccessfully fetched merchant by domain {
@baci/web:test:   domain: [32m'shop.store.com'[39m,
@baci/web:test:   slug: [32m'test-store'[39m,
@baci/web:test:   merchantId: [32m'merchant-123'[39m
@baci/web:test: }
@baci/web:test:
@baci/web:test: [90mstdout[2m | src/lib/cached-data.merchant-identifier-routing.test.ts[2m > [22m[2mcached-data getMerchantByIdentifier routing[2m > [22m[2mdomain lookup routing[2m > [22m[2mdoes not route hyphenated identifiers to domain lookup
@baci/web:test: [22m[39mSuccessfully fetched merchant: my-store-123 merchant-123
@baci/web:test:
@baci/web:test:  [32m✓[39m src/lib/cached-data.merchant-identifier-routing.test.ts [2m([22m[2m15 tests[22m[2m)[22m[32m 28[2mms[22m[39m
@baci/web:test: [90mstderr[2m | src/app/dashboard/orders/client-page.test.tsx[2m > [22m[2mOrdersClientPage[2m > [22m[2mrenders the orders header
@baci/web:test: [22m[39mAn update to OrdersClientPage inside a test was not wrapped in act(...).
@baci/web:test:
@baci/web:test: When testing, code that causes React state updates should be wrapped into act(...):
@baci/web:test:
@baci/web:test: act(() => {
@baci/web:test:   /* fire events that update state */
@baci/web:test: });
@baci/web:test: /* assert on the output */
@baci/web:test:
@baci/web:test: This ensures that you're testing the behavior the user would see in the browser. Learn more at https://react.dev/link/wrap-tests-with-act
@baci/web:test:
@baci/web:test: [90mstderr[2m | src/app/dashboard/orders/client-page.test.tsx[2m > [22m[2mOrdersClientPage[2m > [22m[2mrenders order cards with initial data
@baci/web:test: [22m[39mAn update to OrdersClientPage inside a test was not wrapped in act(...).
@baci/web:test:
@baci/web:test: When testing, code that causes React state updates should be wrapped into act(...):
@baci/web:test:
@baci/web:test: act(() => {
@baci/web:test:   /* fire events that update state */
@baci/web:test: });
@baci/web:test: /* assert on the output */
@baci/web:test:
@baci/web:test: This ensures that you're testing the behavior the user would see in the browser. Learn more at https://react.dev/link/wrap-tests-with-act
@baci/web:test:
@baci/web:test: [90mstderr[2m | src/app/dashboard/orders/client-page.test.tsx[2m > [22m[2mOrdersClientPage[2m > [22m[2mshows the server-provided orders error instead of empty state
@baci/web:test: [22m[39mAn update to OrdersClientPage inside a test was not wrapped in act(...).
@baci/web:test:
@baci/web:test: When testing, code that causes React state updates should be wrapped into act(...):
@baci/web:test:
@baci/web:test: act(() => {
@baci/web:test:   /* fire events that update state */
@baci/web:test: });
@baci/web:test: /* assert on the output */
@baci/web:test:
@baci/web:test: This ensures that you're testing the behavior the user would see in the browser. Learn more at https://react.dev/link/wrap-tests-with-act
@baci/web:test:
@baci/web:test: [90mstderr[2m | src/app/dashboard/orders/client-page.test.tsx[2m > [22m[2mOrdersClientPage[2m > [22m[2mrenders an agentic issue banner when agentic_issue is present
@baci/web:test: [22m[39mAn update to OrdersClientPage inside a test was not wrapped in act(...).
@baci/web:test:
@baci/web:test: When testing, code that causes React state updates should be wrapped into act(...):
@baci/web:test:
@baci/web:test: act(() => {
@baci/web:test:   /* fire events that update state */
@baci/web:test: });
@baci/web:test: /* assert on the output */
@baci/web:test:
@baci/web:test: This ensures that you're testing the behavior the user would see in the browser. Learn more at https://react.dev/link/wrap-tests-with-act
@baci/web:test:
@baci/web:test: [90mstderr[2m | src/app/dashboard/orders/client-page.test.tsx[2m > [22m[2mOrdersClientPage[2m > [22m[2madds a trust-controls shortcut for allowlist issues
@baci/web:test: [22m[39mAn update to OrdersClientPage inside a test was not wrapped in act(...).
@baci/web:test:
@baci/web:test: When testing, code that causes React state updates should be wrapped into act(...):
@baci/web:test:
@baci/web:test: act(() => {
@baci/web:test:   /* fire events that update state */
@baci/web:test: });
@baci/web:test: /* assert on the output */
@baci/web:test:
@baci/web:test: This ensures that you're testing the behavior the user would see in the browser. Learn more at https://react.dev/link/wrap-tests-with-act
@baci/web:test:
@baci/web:test: [90mstderr[2m | src/app/dashboard/orders/client-page.test.tsx[2m > [22m[2mOrdersClientPage[2m > [22m[2mfilters initial orders to agentic source when source=agentic is present
@baci/web:test: [22m[39mAn update to OrdersClientPage inside a test was not wrapped in act(...).
@baci/web:test:
@baci/web:test: When testing, code that causes React state updates should be wrapped into act(...):
@baci/web:test:
@baci/web:test: act(() => {
@baci/web:test:   /* fire events that update state */
@baci/web:test: });
@baci/web:test: /* assert on the output */
@baci/web:test:
@baci/web:test: This ensures that you're testing the behavior the user would see in the browser. Learn more at https://react.dev/link/wrap-tests-with-act
@baci/web:test:
@baci/web:test:  [32m✓[39m src/app/dashboard/orders/client-page.test.tsx [2m([22m[2m7 tests[22m[2m)[22m[33m 883[2mms[22m[39m
@baci/web:test:      [33m[2m✓[22m[39m renders the orders header [33m 348[2mms[22m[39m
@baci/web:test: [90mstderr[2m | src/app/api/merchant/verify-nin/route.test.ts[2m > [22m[2mPOST /api/merchant/verify-nin[2m > [22m[2mreturns 500 when Monnify API fails
@baci/web:test: [22m[39mverify-nin error: Auth failed
@baci/web:test:
@baci/web:test:  [32m✓[39m src/app/api/merchant/verify-nin/route.test.ts [2m([22m[2m10 tests[22m[2m)[22m[32m 38[2mms[22m[39m
@baci/web:test: [90mstderr[2m | src/components/storefront/brand-products.test.tsx[2m > [22m[2mBrandProducts[2m > [22m[2mreturns no recommendations when the API request fails
@baci/web:test: [22m[39mFailed to fetch brand products: Error: network failure
@baci/web:test:     at [90m/app/apps/web/[39msrc/components/storefront/brand-products.test.tsx:257:34
@baci/web:test:     at [90mfile:///app/apps/web/[39mnode_modules/[4m@vitest/runner[24m/dist/index.js:145:11
@baci/web:test:     at [90mfile:///app/apps/web/[39mnode_modules/[4m@vitest/runner[24m/dist/index.js:915:26
@baci/web:test:     at [90mfile:///app/apps/web/[39mnode_modules/[4m@vitest/runner[24m/dist/index.js:1243:20
@baci/web:test:     at new Promise (<anonymous>)
@baci/web:test:     at runWithTimeout [90m(file:///app/apps/web/[39mnode_modules/[4m@vitest/runner[24m/dist/index.js:1209:10[90m)[39m
@baci/web:test:     at [90mfile:///app/apps/web/[39mnode_modules/[4m@vitest/runner[24m/dist/index.js:1653:37
@baci/web:test:     at Traces.$ [90m(file:///app/apps/web/[39mnode_modules/[4mvitest[24m/dist/chunks/traces.CCmnQaNT.js:142:27[90m)[39m
@baci/web:test:     at trace [90m(file:///app/apps/web/[39mnode_modules/[4mvitest[24m/dist/chunks/test.B8ej_ZHS.js:239:21[90m)[39m
@baci/web:test:     at runTest [90m(file:///app/apps/web/[39mnode_modules/[4m@vitest/runner[24m/dist/index.js:1653:12[90m)[39m
@baci/web:test:
@baci/web:test:  [32m✓[39m src/components/storefront/brand-products.test.tsx [2m([22m[2m4 tests[22m[2m)[22m[32m 142[2mms[22m[39m
@baci/web:test: [90mstderr[2m | src/app/api/blog/posts/route.test.ts[2m > [22m[2mGET /api/blog/posts[2m > [22m[2mreturns 500 when platform listing fetch fails
@baci/web:test: [22m[39mError fetching blog posts: Error: db failed
@baci/web:test:     at [90m/app/apps/web/[39msrc/app/api/blog/posts/route.test.ts:193:54
@baci/web:test:     at [90mfile:///app/apps/web/[39mnode_modules/[4m@vitest/runner[24m/dist/index.js:145:11
@baci/web:test:     at [90mfile:///app/apps/web/[39mnode_modules/[4m@vitest/runner[24m/dist/index.js:915:26
@baci/web:test:     at [90mfile:///app/apps/web/[39mnode_modules/[4m@vitest/runner[24m/dist/index.js:1243:20
@baci/web:test:     at new Promise (<anonymous>)
@baci/web:test:     at runWithTimeout [90m(file:///app/apps/web/[39mnode_modules/[4m@vitest/runner[24m/dist/index.js:1209:10[90m)[39m
@baci/web:test:     at [90mfile:///app/apps/web/[39mnode_modules/[4m@vitest/runner[24m/dist/index.js:1653:37
@baci/web:test:     at Traces.$ [90m(file:///app/apps/web/[39mnode_modules/[4mvitest[24m/dist/chunks/traces.CCmnQaNT.js:142:27[90m)[39m
@baci/web:test:     at trace [90m(file:///app/apps/web/[39mnode_modules/[4mvitest[24m/dist/chunks/test.B8ej_ZHS.js:239:21[90m)[39m
@baci/web:test:     at runTest [90m(file:///app/apps/web/[39mnode_modules/[4m@vitest/runner[24m/dist/index.js:1653:12[90m)[39m
@baci/web:test:
@baci/web:test: [90mstderr[2m | src/app/api/blog/posts/route.test.ts[2m > [22m[2mGET /api/blog/posts[2m > [22m[2mreturns 500 when platform slug fetch fails
@baci/web:test: [22m[39mError fetching blog posts: Error: db failed
@baci/web:test:     at [90m/app/apps/web/[39msrc/app/api/blog/posts/route.test.ts:206:51
@baci/web:test:     at [90mfile:///app/apps/web/[39mnode_modules/[4m@vitest/runner[24m/dist/index.js:145:11
@baci/web:test:     at [90mfile:///app/apps/web/[39mnode_modules/[4m@vitest/runner[24m/dist/index.js:915:26
@baci/web:test:     at [90mfile:///app/apps/web/[39mnode_modules/[4m@vitest/runner[24m/dist/index.js:1243:20
@baci/web:test:     at new Promise (<anonymous>)
@baci/web:test:     at runWithTimeout [90m(file:///app/apps/web/[39mnode_modules/[4m@vitest/runner[24m/dist/index.js:1209:10[90m)[39m
@baci/web:test:     at [90mfile:///app/apps/web/[39mnode_modules/[4m@vitest/runner[24m/dist/index.js:1653:37
@baci/web:test:     at Traces.$ [90m(file:///app/apps/web/[39mnode_modules/[4mvitest[24m/dist/chunks/traces.CCmnQaNT.js:142:27[90m)[39m
@baci/web:test:     at trace [90m(file:///app/apps/web/[39mnode_modules/[4mvitest[24m/dist/chunks/test.B8ej_ZHS.js:239:21[90m)[39m
@baci/web:test:     at runTest [90m(file:///app/apps/web/[39mnode_modules/[4m@vitest/runner[24m/dist/index.js:1653:12[90m)[39m
@baci/web:test:
@baci/web:test:  [32m✓[39m src/app/api/blog/posts/route.test.ts [2m([22m[2m9 tests[22m[2m)[22m[32m 44[2mms[22m[39m
@baci/web:test:  [32m✓[39m src/lib/storefront-trust/build-merchant-trust-profile.test.ts [2m([22m[2m8 tests[22m[2m)[22m[32m 11[2mms[22m[39m
@baci/web:test:  [32m✓[39m src/scripts/verify-quiz-source-references.test.ts [2m([22m[2m9 tests[22m[2m)[22m[32m 106[2mms[22m[39m
@baci/web:test:  [32m✓[39m src/app/api/merchant/quiz/generate/route-errors.test.ts [2m([22m[2m5 tests[22m[2m)[22m[32m 88[2mms[22m[39m
@baci/web:test:  [32m✓[39m src/app/dashboard/settings/tax/tax-settings-form.test.tsx [2m([22m[2m11 tests[22m[2m)[22m[33m 840[2mms[22m[39m
@baci/web:test: [90mstderr[2m | src/app/api/admin/merchants/route.test.ts[2m > [22m[2m/api/admin/merchants[2m > [22m[2mreturns 500 when the admin merchant health RPC fails
@baci/web:test: [22m[39mAdmin merchants RPC error: { message: [32m'rpc failed'[39m }
@baci/web:test:
@baci/web:test:  [32m✓[39m src/app/api/admin/merchants/route.test.ts [2m([22m[2m5 tests[22m[2m)[22m[32m 26[2mms[22m[39m
@baci/web:test:  [32m✓[39m src/lib/blog-post-redirects.test.ts [2m([22m[2m8 tests[22m[2m)[22m[32m 18[2mms[22m[39m
@baci/web:test:  [32m✓[39m src/app/(storefront)/[slug]/(content)/pages/contact/contact-page-client.test.tsx [2m([22m[2m6 tests[22m[2m)[22m[33m 725[2mms[22m[39m
@baci/web:test:      [33m[2m✓[22m[39m renders contact form fields [33m 321[2mms[22m[39m
@baci/web:test:  [32m✓[39m src/components/storefront/ogabassey/components/BannerCarousel.test.tsx [2m([22m[2m7 tests[22m[2m)[22m[33m 424[2mms[22m[39m
@baci/web:test:  [32m✓[39m src/app/dashboard/providers.test.tsx [2m([22m[2m12 tests[22m[2m)[22m[33m 443[2mms[22m[39m
@baci/web:test:  [32m✓[39m src/lib/agentic/mutation-request.test.ts [2m([22m[2m10 tests[22m[2m)[22m[32m 32[2mms[22m[39m
@baci/web:test:  [32m✓[39m src/app/api/feed/google-merchant/feed-service.test.ts [2m([22m[2m6 tests[22m[2m)[22m[32m 15[2mms[22m[39m
@baci/web:test:  [32m✓[39m src/lib/agentic/paystack-dva-session-paid.test.ts [2m([22m[2m9 tests[22m[2m)[22m[32m 15[2mms[22m[39m
@baci/web:test:  [32m✓[39m src/app/api/shipping/self-fulfill/route.test.ts [2m([22m[2m4 tests[22m[2m)[22m[32m 86[2mms[22m[39m
@baci/web:test:  [32m✓[39m src/app/api/storefront/customer/route.test.ts [2m([22m[2m6 tests[22m[2m)[22m[32m 59[2mms[22m[39m
@baci/web:test:  [32m✓[39m src/app/admin/blog/blog-editor-fields.test.tsx [2m([22m[2m6 tests[22m[2m)[22m[33m 529[2mms[22m[39m
@baci/web:test: [90mstderr[2m | src/components/storefront/search-autocomplete.test.tsx[2m > [22m[2mSearchAutocomplete[2m > [22m[2mshows clear button when value is present
@baci/web:test: [22m[39mAn update to SearchAutocomplete inside a test was not wrapped in act(...).
@baci/web:test:
@baci/web:test: When testing, code that causes React state updates should be wrapped into act(...):
@baci/web:test:
@baci/web:test: act(() => {
@baci/web:test:   /* fire events that update state */
@baci/web:test: });
@baci/web:test: /* assert on the output */
@baci/web:test:
@baci/web:test: This ensures that you're testing the behavior the user would see in the browser. Learn more at https://react.dev/link/wrap-tests-with-act
@baci/web:test: An update to SearchAutocomplete inside a test was not wrapped in act(...).
@baci/web:test:
@baci/web:test: When testing, code that causes React state updates should be wrapped into act(...):
@baci/web:test:
@baci/web:test: act(() => {
@baci/web:test:   /* fire events that update state */
@baci/web:test: });
@baci/web:test: /* assert on the output */
@baci/web:test:
@baci/web:test: This ensures that you're testing the behavior the user would see in the browser. Learn more at https://react.dev/link/wrap-tests-with-act
@baci/web:test: An update to SearchAutocomplete inside a test was not wrapped in act(...).
@baci/web:test:
@baci/web:test: When testing, code that causes React state updates should be wrapped into act(...):
@baci/web:test:
@baci/web:test: act(() => {
@baci/web:test:   /* fire events that update state */
@baci/web:test: });
@baci/web:test: /* assert on the output */
@baci/web:test:
@baci/web:test: This ensures that you're testing the behavior the user would see in the browser. Learn more at https://react.dev/link/wrap-tests-with-act
@baci/web:test: An update to SearchAutocomplete inside a test was not wrapped in act(...).
@baci/web:test:
@baci/web:test: When testing, code that causes React state updates should be wrapped into act(...):
@baci/web:test:
@baci/web:test: act(() => {
@baci/web:test:   /* fire events that update state */
@baci/web:test: });
@baci/web:test: /* assert on the output */
@baci/web:test:
@baci/web:test: This ensures that you're testing the behavior the user would see in the browser. Learn more at https://react.dev/link/wrap-tests-with-act
@baci/web:test: An update to SearchAutocomplete inside a test was not wrapped in act(...).
@baci/web:test:
@baci/web:test: When testing, code that causes React state updates should be wrapped into act(...):
@baci/web:test:
@baci/web:test: act(() => {
@baci/web:test:   /* fire events that update state */
@baci/web:test: });
@baci/web:test: /* assert on the output */
@baci/web:test:
@baci/web:test: This ensures that you're testing the behavior the user would see in the browser. Learn more at https://react.dev/link/wrap-tests-with-act
@baci/web:test: Failed to track event: search
@baci/web:test:
@baci/web:test: [90mstderr[2m | src/components/storefront/search-autocomplete.test.tsx[2m > [22m[2mSearchAutocomplete[2m > [22m[2mcalls onChange with empty string when clear button is clicked
@baci/web:test: [22m[39mFailed to track event: search
@baci/web:test:
@baci/web:test: [90mstderr[2m | src/components/storefront/search-autocomplete.test.tsx[2m > [22m[2mSearchAutocomplete[2m > [22m[2mfocuses input after clearing
@baci/web:test: [22m[39mFailed to track event: search
@baci/web:test:
@baci/web:test: [90mstderr[2m | src/components/storefront/search-autocomplete.test.tsx[2m > [22m[2mSearchAutocomplete[2m > [22m[2mclears search via keyboard interaction (Tab + Enter)
@baci/web:test: [22m[39mFailed to track event: search
@baci/web:test:
@baci/web:test: [90mstderr[2m | src/components/storefront/search-autocomplete.test.tsx[2m > [22m[2mSearchAutocomplete[2m > [22m[2mselects the first autocomplete suggestion when Enter is pressed without a highlighted option
@baci/web:test: [22m[39mFailed to track event: search
@baci/web:test:
@baci/web:test:  [32m✓[39m src/components/storefront/search-autocomplete.test.tsx [2m([22m[2m8 tests[22m[2m)[22m[33m 606[2mms[22m[39m
@baci/web:test:  [32m✓[39m src/app/(storefront)/[slug]/(catalog)/(listing)/products/products-page-content.test.tsx [2m([22m[2m3 tests[22m[2m)[22m[33m 346[2mms[22m[39m
@baci/web:test:      [33m[2m✓[22m[39m preserves distinct merchant-defined category slugs without alias remapping [33m 313[2mms[22m[39m
@baci/web:test:  [32m✓[39m src/app/dashboard/orders/[orderId]/client-page.test.tsx [2m([22m[2m8 tests[22m[2m)[22m[33m 507[2mms[22m[39m
@baci/web:test:  [32m✓[39m src/scripts/backfill-branch-ids.test.ts [2m([22m[2m8 tests[22m[2m)[22m[32m 16[2mms[22m[39m
@baci/web:test:  [32m✓[39m src/components/dashboard/integrations/agent-commerce-trust-readiness-card-server.test.tsx [2m([22m[2m3 tests[22m[2m)[22m[32m 57[2mms[22m[39m
@baci/web:test:  [32m✓[39m src/lib/agentic/checkout.test.ts [2m([22m[2m7 tests[22m[2m)[22m[32m 26[2mms[22m[39m
@baci/web:test:  [32m✓[39m mcp-server/agentic-ucp-client.test.ts [2m([22m[2m8 tests[22m[2m)[22m[32m 20[2mms[22m[39m
@baci/web:test:  [32m✓[39m src/app/dashboard/settings/components/settings-form.test.tsx [2m([22m[2m5 tests[22m[2m)[22m[33m 595[2mms[22m[39m
@baci/web:test:  [32m✓[39m src/app/admin/blog/blog-editor-client.test.tsx [2m([22m[2m5 tests[22m[2m)[22m[33m 391[2mms[22m[39m
@baci/web:test:  [32m✓[39m src/lib/vtu-processing-reconciliation.test.ts [2m([22m[2m5 tests[22m[2m)[22m[32m 16[2mms[22m[39m
@baci/web:test:  [32m✓[39m src/lib/storefront-product/build-product-semantic-model.sections.test.ts [2m([22m[2m2 tests[22m[2m)[22m[32m 11[2mms[22m[39m
@baci/web:test:  [32m✓[39m src/schemas/merchant-settings.test.ts [2m([22m[2m16 tests[22m[2m)[22m[32m 17[2mms[22m[39m
@baci/web:test: [90mstderr[2m | src/app/api/merchant/cac-search/route.test.ts[2m > [22m[2mPOST /api/merchant/cac-search[2m > [22m[2mreturns 500 when CAC API fetch throws
@baci/web:test: [22m[39mCAC search error: Error: Network error
@baci/web:test:     at [90m/app/apps/web/[39msrc/app/api/merchant/cac-search/route.test.ts:205:53
@baci/web:test:     at [90mfile:///app/apps/web/[39mnode_modules/[4m@vitest/runner[24m/dist/index.js:145:11
@baci/web:test:     at [90mfile:///app/apps/web/[39mnode_modules/[4m@vitest/runner[24m/dist/index.js:915:26
@baci/web:test:     at [90mfile:///app/apps/web/[39mnode_modules/[4m@vitest/runner[24m/dist/index.js:1243:20
@baci/web:test:     at new Promise (<anonymous>)
@baci/web:test:     at runWithTimeout [90m(file:///app/apps/web/[39mnode_modules/[4m@vitest/runner[24m/dist/index.js:1209:10[90m)[39m
@baci/web:test:     at [90mfile:///app/apps/web/[39mnode_modules/[4m@vitest/runner[24m/dist/index.js:1653:37
@baci/web:test:     at Traces.$ [90m(file:///app/apps/web/[39mnode_modules/[4mvitest[24m/dist/chunks/traces.CCmnQaNT.js:142:27[90m)[39m
@baci/web:test:     at trace [90m(file:///app/apps/web/[39mnode_modules/[4mvitest[24m/dist/chunks/test.B8ej_ZHS.js:239:21[90m)[39m
@baci/web:test:     at runTest [90m(file:///app/apps/web/[39mnode_modules/[4m@vitest/runner[24m/dist/index.js:1653:12[90m)[39m
@baci/web:test:
@baci/web:test:  [32m✓[39m src/app/api/merchant/cac-search/route.test.ts [2m([22m[2m13 tests[22m[2m)[22m[32m 48[2mms[22m[39m
@baci/web:test: [90mstderr[2m | src/components/products/jumia/brand-selector.test.tsx[2m > [22m[2mJumiaBrandSelector[2m > [22m[2mrenders without crashing
@baci/web:test: [22m[39mIn HTML, <button> cannot be a descendant of <button>.
@baci/web:test: This will cause a hydration error.
@baci/web:test:
@baci/web:test:   <JumiaBrandSelector merchantId="merchant-1" value={null} onSelect={function Mock}>
@baci/web:test:     <Popover open={false} onOpenChange={function bound dispatchSetState}>
@baci/web:test:       <div data-testid="popover" data-open="false">
@baci/web:test:         <PopoverTrigger asChild={true}>
@baci/web:test: >         <button type="button" onClick={function onClick} onKeyDown={function onKeyDown}>
@baci/web:test:             <Button variant="outline" role="combobox" aria-expanded={false} className="w-full jus...">
@baci/web:test: >             <button
@baci/web:test: >               className={"inline-flex items-center justify-center gap-2 whitespace-nowrap rounded-md text-sm font-m..."}
@baci/web:test: >               ref={null}
@baci/web:test: >               role="combobox"
@baci/web:test: >               aria-expanded={false}
@baci/web:test: >             >
@baci/web:test:         ...
@baci/web:test:
@baci/web:test: <button> cannot contain a nested <button>.
@baci/web:test: See this log for the ancestor stack trace.
@baci/web:test:
@baci/web:test:  [32m✓[39m src/app/dashboard/migrations/use-migration-job-refresh.test.tsx [2m([22m[2m3 tests[22m[2m)[22m[32m 50[2mms[22m[39m
@baci/web:test:  [32m✓[39m src/components/products/jumia/brand-selector.test.tsx [2m([22m[2m6 tests[22m[2m)[22m[33m 575[2mms[22m[39m
@baci/web:test: [90mstderr[2m | src/app/dashboard/client-layout.test.tsx[2m > [22m[2mDashboardClientLayout[2m > [22m[2mrenders the Migrations nav item
@baci/web:test: [22m[39mReceived `true` for a non-boolean attribute `fill`.
@baci/web:test:
@baci/web:test: If you want to write it to the DOM, pass a string instead: fill="true" or fill={value.toString()}.
@baci/web:test: Received `false` for a non-boolean attribute `priority`.
@baci/web:test:
@baci/web:test: If you want to write it to the DOM, pass a string instead: priority="false" or priority={value.toString()}.
@baci/web:test:
@baci/web:test: If you used to conditionally omit it with priority={condition && value}, pass priority={condition ? value : undefined} instead.
@baci/web:test:
@baci/web:test: [90mstderr[2m | src/app/api/notifications/mark-all-read/route.test.ts[2m > [22m[2mPATCH /api/notifications/mark-all-read[2m > [22m[2mreturns 500 when update fails
@baci/web:test: [22m[39mError marking all notifications as read: { message: [32m'DB error'[39m }
@baci/web:test:
@baci/web:test:  [32m✓[39m src/app/api/notifications/mark-all-read/route.test.ts [2m([22m[2m7 tests[22m[2m)[22m[32m 68[2mms[22m[39m
@baci/web:test:  [32m✓[39m src/components/dashboard/integrations/agent-commerce-trust-readiness-card.test.tsx [2m([22m[2m2 tests[22m[2m)[22m[33m 538[2mms[22m[39m
@baci/web:test:      [33m[2m✓[22m[39m renders agent trust checks from server-provided readiness data [33m 529[2mms[22m[39m
@baci/web:test:  [32m✓[39m src/app/dashboard/client-layout.test.tsx [2m([22m[2m7 tests[22m[2m)[22m[33m 2250[2mms[22m[39m
@baci/web:test:      [33m[2m✓[22m[39m renders the Migrations link with correct href [33m 673[2mms[22m[39m
@baci/web:test:      [33m[2m✓[22m[39m renders core navigation items [33m 462[2mms[22m[39m
@baci/web:test:      [33m[2m✓[22m[39m hides Agentic when integrations view permission is false [33m 321[2mms[22m[39m
@baci/web:test:      [33m[2m✓[22m[39m hides Santa Campaign for non-ogabassey merchants even when the user is owner [33m 329[2mms[22m[39m
@baci/web:test: [90mstderr[2m | src/lib/merchant-server.test.ts[2m > [22m[2mmerchant-server[2m > [22m[2mmarks the lookup as errored when the rich merchant query fails
@baci/web:test: [22m[39mFailed to load merchant data server-side: Error: Could not find the trust_profile column in the schema cache
@baci/web:test:     at [90m/app/apps/web/[39msrc/lib/merchant-server.test.ts:209:7
@baci/web:test:     at [90mfile:///app/apps/web/[39mnode_modules/[4m@vitest/runner[24m/dist/index.js:145:11
@baci/web:test:     at [90mfile:///app/apps/web/[39mnode_modules/[4m@vitest/runner[24m/dist/index.js:915:26
@baci/web:test:     at [90mfile:///app/apps/web/[39mnode_modules/[4m@vitest/runner[24m/dist/index.js:1243:20
@baci/web:test:     at new Promise (<anonymous>)
@baci/web:test:     at runWithTimeout [90m(file:///app/apps/web/[39mnode_modules/[4m@vitest/runner[24m/dist/index.js:1209:10[90m)[39m
@baci/web:test:     at [90mfile:///app/apps/web/[39mnode_modules/[4m@vitest/runner[24m/dist/index.js:1653:37
@baci/web:test:     at Traces.$ [90m(file:///app/apps/web/[39mnode_modules/[4mvitest[24m/dist/chunks/traces.CCmnQaNT.js:142:27[90m)[39m
@baci/web:test:     at trace [90m(file:///app/apps/web/[39mnode_modules/[4mvitest[24m/dist/chunks/test.B8ej_ZHS.js:239:21[90m)[39m
@baci/web:test:     at runTest [90m(file:///app/apps/web/[39mnode_modules/[4m@vitest/runner[24m/dist/index.js:1653:12[90m)[39m
@baci/web:test:
@baci/web:test:  [32m✓[39m src/lib/merchant-server.test.ts [2m([22m[2m6 tests[22m[2m)[22m[32m 34[2mms[22m[39m
@baci/web:test: [90mstderr[2m | src/app/api/vtu/billers/route.test.ts[2m > [22m[2mGET /api/vtu/billers[2m > [22m[2mreturns 500 when getBillersByCategory throws
@baci/web:test: [22m[39mFailed to fetch billers: Kuda API unavailable Error: Kuda API unavailable
@baci/web:test:     at [90m/app/apps/web/[39msrc/app/api/vtu/billers/route.test.ts:156:7
@baci/web:test: [90m    at processTicksAndRejections (node:internal/process/task_queues:103:5)[39m
@baci/web:test:     at [90mfile:///app/apps/web/[39mnode_modules/[4m@vitest/runner[24m/dist/index.js:915:20
@baci/web:test:
@baci/web:test:  [32m✓[39m src/app/api/vtu/billers/route.test.ts [2m([22m[2m9 tests[22m[2m)[22m[32m 100[2mms[22m[39m
@baci/web:test:  [32m✓[39m src/app/(storefront)/[slug]/(customer)/account/orders/[orderId]/page.test.tsx [2m([22m[2m5 tests[22m[2m)[22m[33m 569[2mms[22m[39m
@baci/web:test:      [33m[2m✓[22m[39m shows an invoice CTA before the receipt is eligible [33m 351[2mms[22m[39m
@baci/web:test:  [32m✓[39m src/components/storefront/ogabassey/seo/category-hub-sections.test.tsx [2m([22m[2m3 tests[22m[2m)[22m[33m 558[2mms[22m[39m
@baci/web:test:      [33m[2m✓[22m[39m renders each populated hub section [33m 480[2mms[22m[39m
@baci/web:test:  [32m✓[39m src/lib/payments/paystack-dva-multi-key-match.test.ts [2m([22m[2m13 tests[22m[2m)[22m[32m 9[2mms[22m[39m
@baci/web:test:  [32m✓[39m src/lib/import-commit/commit-bumpa-products.test.ts [2m([22m[2m4 tests[22m[2m)[22m[32m 14[2mms[22m[39m
@baci/web:test:  [32m✓[39m src/app/api/agentic/checkout_sessions/[id]/complete/route-payment-account-resume.test.ts [2m([22m[2m1 test[22m[2m)[22m[32m 157[2mms[22m[39m
@baci/web:test: [90mstderr[2m | src/app/api/search/search-security.test.ts[2m > [22m[2mSearch API Security[2m > [22m[2mGET /api/search/autocomplete[2m > [22m[2mreturns empty suggestions when autocomplete query times out
@baci/web:test: [22m[39mAutocomplete timed out; returning empty suggestions for this request
@baci/web:test:
@baci/web:test:  [32m✓[39m src/app/api/search/search-security.test.ts [2m([22m[2m6 tests[22m[2m)[22m[32m 31[2mms[22m[39m
@baci/web:test: [90mstderr[2m | src/app/dashboard/channels/connect-jumia-dialog.test.tsx[2m > [22m[2mConnectJumiaDialog[2m > [22m[2mrenders the dialog title when open
@baci/web:test: [22m[39mWarning: Missing `Description` or `aria-describedby={undefined}` for {DialogContent}.
@baci/web:test:
@baci/web:test: [90mstderr[2m | src/app/dashboard/channels/connect-jumia-dialog.test.tsx[2m > [22m[2mConnectJumiaDialog[2m > [22m[2mrenders the OAuth connect button as a link
@baci/web:test: [22m[39mWarning: Missing `Description` or `aria-describedby={undefined}` for {DialogContent}.
@baci/web:test:
@baci/web:test:  [32m✓[39m src/components/storefront/ogabassey/pages/checkout/hooks/use-wallet.test.ts [2m([22m[2m12 tests[22m[2m)[22m[32m 282[2mms[22m[39m
@baci/web:test: [90mstderr[2m | src/app/dashboard/channels/connect-jumia-dialog.test.tsx[2m > [22m[2mConnectJumiaDialog[2m > [22m[2mrenders the manual entry toggle button
@baci/web:test: [22m[39mWarning: Missing `Description` or `aria-describedby={undefined}` for {DialogContent}.
@baci/web:test:
@baci/web:test: [90mstderr[2m | src/app/dashboard/channels/connect-jumia-dialog.test.tsx[2m > [22m[2mConnectJumiaDialog[2m > [22m[2mdoes not show the manual form initially
@baci/web:test: [22m[39mWarning: Missing `Description` or `aria-describedby={undefined}` for {DialogContent}.
@baci/web:test:
@baci/web:test: [90mstderr[2m | src/app/dashboard/channels/connect-jumia-dialog.test.tsx[2m > [22m[2mConnectJumiaDialog[2m > [22m[2mshows manual form fields after clicking the toggle button
@baci/web:test: [22m[39mWarning: Missing `Description` or `aria-describedby={undefined}` for {DialogContent}.
@baci/web:test:
@baci/web:test: [90mstderr[2m | src/app/dashboard/channels/connect-jumia-dialog.test.tsx[2m > [22m[2mConnectJumiaDialog[2m > [22m[2mtoggles button text between show and hide
@baci/web:test: [22m[39mWarning: Missing `Description` or `aria-describedby={undefined}` for {DialogContent}.
@baci/web:test:
@baci/web:test: [90mstderr[2m | src/app/dashboard/channels/connect-jumia-dialog.test.tsx[2m > [22m[2mConnectJumiaDialog[2m > [22m[2mdisables connect button when refresh token is empty
@baci/web:test: [22m[39mWarning: Missing `Description` or `aria-describedby={undefined}` for {DialogContent}.
@baci/web:test:
@baci/web:test: [90mstderr[2m | src/app/dashboard/channels/connect-jumia-dialog.test.tsx[2m > [22m[2mConnectJumiaDialog[2m > [22m[2menables connect button when refresh token has content
@baci/web:test: [22m[39mWarning: Missing `Description` or `aria-describedby={undefined}` for {DialogContent}.
@baci/web:test:
@baci/web:test:  [32m✓[39m src/lib/storefront-product-price-seo.test.ts [2m([22m[2m13 tests[22m[2m)[22m[32m 34[2mms[22m[39m
@baci/web:test: [90mstderr[2m | src/app/dashboard/channels/connect-jumia-dialog.test.tsx[2m > [22m[2mConnectJumiaDialog[2m > [22m[2mcalls connectWithToken and shows success toast on success
@baci/web:test: [22m[39mWarning: Missing `Description` or `aria-describedby={undefined}` for {DialogContent}.
@baci/web:test:
@baci/web:test: [90mstderr[2m | src/app/dashboard/channels/connect-jumia-dialog.test.tsx[2m > [22m[2mConnectJumiaDialog[2m > [22m[2mshows destructive toast on connection failure
@baci/web:test: [22m[39mWarning: Missing `Description` or `aria-describedby={undefined}` for {DialogContent}.
@baci/web:test:
@baci/web:test: [90mstderr[2m | src/lib/import-jobs/run-claimed-import-job.commit.test.ts[2m > [22m[2mrunClaimedImportJob commit flows[2m > [22m[2msurfaces order commit failures
@baci/web:test: [22m[39m[2026-05-28T16:59:01.679Z] [ERROR] Import job failed {
@baci/web:test:   message: [32m'Import job failed'[39m,
@baci/web:test:   jobId: [32m'committing-job'[39m,
@baci/web:test:   error: {
@baci/web:test:     name: [32m'Error'[39m,
@baci/web:test:     message: [32m'order commit failed'[39m,
@baci/web:test:     stack: [32m'Error: order commit failed     at /app/apps/web/src/lib/import-jobs/run-claimed-import-job.commit.test.ts:171:7     at file:///app/apps/web/node_modules/@vitest/runner/dist/index.js:145:11     at file:///app/apps/web/node_modules/@vitest/runner/dist/index.js:915:26     at file:///app/apps/web/node_modules/@vitest/runner/dist/index.js:1243:20     at new Promise (<anonymous>)     at runWithTimeout (file:///app/apps/web/node_modules/@vitest/runner/dist/index.js:1209:10)     at file:///app/apps/web/node_modules/@vitest/runner/dist/index.js:1653:37     at Traces.$ (file:///app/apps/web/node_modules/vitest/dist/chunks/traces.CCmnQaNT.js:142:27)     at trace (file:///app/apps/web/node_modules/vitest/dist/chunks/test.B8ej_ZHS.js:239:21)     at runTest (file:///app/apps/web/node_modules/@vitest/runner/dist/index.js:1653:12)'[39m
@baci/web:test:   }
@baci/web:test: }
@baci/web:test:
@baci/web:test: [90mstderr[2m | src/lib/import-jobs/run-claimed-import-job.commit.test.ts[2m > [22m[2mrunClaimedImportJob commit flows[2m > [22m[2msurfaces product commit failures
@baci/web:test: [22m[39m[2026-05-28T16:59:01.688Z] [ERROR] Import job failed {
@baci/web:test:   message: [32m'Import job failed'[39m,
@baci/web:test:   jobId: [32m'committing-job'[39m,
@baci/web:test:   error: {
@baci/web:test:     name: [32m'Error'[39m,
@baci/web:test:     message: [32m'product commit failed'[39m,
@baci/web:test:     stack: [32m'Error: product commit failed     at /app/apps/web/src/lib/import-jobs/run-claimed-import-job.commit.test.ts:197:7     at file:///app/apps/web/node_modules/@vitest/runner/dist/index.js:145:11     at file:///app/apps/web/node_modules/@vitest/runner/dist/index.js:915:26     at file:///app/apps/web/node_modules/@vitest/runner/dist/index.js:1243:20     at new Promise (<anonymous>)     at runWithTimeout (file:///app/apps/web/node_modules/@vitest/runner/dist/index.js:1209:10)     at file:///app/apps/web/node_modules/@vitest/runner/dist/index.js:1653:37     at Traces.$ (file:///app/apps/web/node_modules/vitest/dist/chunks/traces.CCmnQaNT.js:142:27)     at trace (file:///app/apps/web/node_modules/vitest/dist/chunks/test.B8ej_ZHS.js:239:21)     at runTest (file:///app/apps/web/node_modules/@vitest/runner/dist/index.js:1653:12)'[39m
@baci/web:test:   }
@baci/web:test: }
@baci/web:test:
@baci/web:test:  [32m✓[39m src/lib/import-jobs/run-claimed-import-job.commit.test.ts [2m([22m[2m4 tests[22m[2m)[22m[32m 23[2mms[22m[39m
@baci/web:test: [90mstderr[2m | src/app/dashboard/channels/connect-jumia-dialog.test.tsx[2m > [22m[2mConnectJumiaDialog[2m > [22m[2mclears form fields when dialog is dismissed
@baci/web:test: [22m[39mWarning: Missing `Description` or `aria-describedby={undefined}` for {DialogContent}.
@baci/web:test:
@baci/web:test:  [32m✓[39m src/app/dashboard/channels/connect-jumia-dialog.test.tsx [2m([22m[2m12 tests[22m[2m)[22m[33m 2171[2mms[22m[39m
@baci/web:test:      [33m[2m✓[22m[39m renders the dialog title when open [33m 373[2mms[22m[39m
@baci/web:test:      [33m[2m✓[22m[39m calls connectWithToken and shows success toast on success [33m 518[2mms[22m[39m
@baci/web:test:      [33m[2m✓[22m[39m shows destructive toast on connection failure [33m 320[2mms[22m[39m
@baci/web:test:  [32m✓[39m src/lib/agentic/checkout-session-response.test.ts [2m([22m[2m5 tests[22m[2m)[22m[32m 15[2mms[22m[39m
@baci/web:test:  [32m✓[39m src/lib/customer-savings-auto-debit-db.test.ts [2m([22m[2m6 tests[22m[2m)[22m[32m 23[2mms[22m[39m
@baci/web:test:  [32m✓[39m src/app/dashboard/migrations/migration-preview-table.test.tsx [2m([22m[2m4 tests[22m[2m)[22m[33m 452[2mms[22m[39m
@baci/web:test:      [33m[2m✓[22m[39m renders preview rows and advances pagination [33m 337[2mms[22m[39m
@baci/web:test:  [32m✓[39m src/components/storefront/ogabassey/pages/privacy-policy.test.tsx [2m([22m[2m16 tests[22m[2m)[22m[33m 1529[2mms[22m[39m
@baci/web:test:        [33m[2m✓[22m[39m renders the main page heading [33m 415[2mms[22m[39m
@baci/web:test:  [32m✓[39m src/lib/storefront-product-filters.test.ts [2m([22m[2m17 tests[22m[2m)[22m[32m 20[2mms[22m[39m
@baci/web:test:  [32m✓[39m src/components/storefront/ogabassey/components/chat/markdown-renderer.test.tsx [2m([22m[2m21 tests[22m[2m)[22m[32m 192[2mms[22m[39m
@baci/web:test:  [32m✓[39m src/app/feeds/google-merchant.xml/route.integration.test.ts [2m([22m[2m4 tests[22m[2m)[22m[32m 272[2mms[22m[39m
@baci/web:test:  [32m✓[39m src/app/api/internal/notify-negotiation/route.test.ts [2m([22m[2m10 tests[22m[2m)[22m[32m 46[2mms[22m[39m
@baci/web:test:  [32m✓[39m src/lib/agentic/agent-commerce-crawler-health-monitor.test.ts [2m([22m[2m5 tests[22m[2m)[22m[32m 26[2mms[22m[39m
@baci/web:test:  [32m✓[39m src/components/storefront/ogabassey/components/hero-mobile-carousel.test.tsx [2m([22m[2m5 tests[22m[2m)[22m[33m 660[2mms[22m[39m
@baci/web:test:      [33m[2m✓[22m[39m keeps autoplay paused until the user interacts [33m 371[2mms[22m[39m
@baci/web:test:  [32m✓[39m src/app/(platform)/contact/contact-form.test.tsx [2m([22m[2m7 tests[22m[2m)[22m[33m 798[2mms[22m[39m
@baci/web:test:  [32m✓[39m src/lib/kuda-data-plans.test.ts [2m([22m[2m7 tests[22m[2m)[22m[32m 45[2mms[22m[39m
@baci/web:test:  [32m✓[39m src/components/storefront/ogabassey/pages/product-details-page/product-normalization.test.ts [2m([22m[2m8 tests[22m[2m)[22m[32m 33[2mms[22m[39m
@baci/web:test:  [32m✓[39m src/components/storefront/ogabassey/variant-attributes.test.ts [2m([22m[2m14 tests[22m[2m)[22m[32m 29[2mms[22m[39m
@baci/web:test: [90mstderr[2m | src/app/(storefront)/[slug]/(customer)/account/orders/page.test.tsx[2m > [22m[2mCustomerOrdersPage[2m > [22m[2mshows a retryable error state when fetching orders fails
@baci/web:test: [22m[39mFailed to fetch orders: Failed to load orders
@baci/web:test:
@baci/web:test:  [32m✓[39m src/app/(storefront)/[slug]/(customer)/account/orders/page.test.tsx [2m([22m[2m5 tests[22m[2m)[22m[33m 774[2mms[22m[39m
@baci/web:test:      [33m[2m✓[22m[39m shows a retryable error state when fetching orders fails [33m 569[2mms[22m[39m
@baci/web:test:  [32m✓[39m src/lib/agentic/checkout-completion-response.test.ts [2m([22m[2m5 tests[22m[2m)[22m[32m 8[2mms[22m[39m
@baci/web:test:  [32m✓[39m src/lib/storefront-trust/build-google-merchant-readiness.test.ts [2m([22m[2m5 tests[22m[2m)[22m[32m 8[2mms[22m[39m
@baci/web:test:  [32m✓[39m src/components/storefront/ogabassey/pages/product-details-page/product-option-selectors.test.tsx [2m([22m[2m7 tests[22m[2m)[22m[33m 546[2mms[22m[39m
@baci/web:test:  [32m✓[39m src/lib/payments/apply-paid-order-side-effects-internals.test.ts [2m([22m[2m8 tests[22m[2m)[22m[32m 22[2mms[22m[39m
@baci/web:test:  [32m✓[39m src/lib/admin-merchant-users.test.ts [2m([22m[2m1 test[22m[2m)[22m[32m 12[2mms[22m[39m
@baci/web:test:  [32m✓[39m src/app/dashboard/settings/payments/page.test.tsx [2m([22m[2m4 tests[22m[2m)[22m[33m 1095[2mms[22m[39m
@baci/web:test:      [33m[2m✓[22m[39m lets India merchants enable Pay on Delivery from payment settings [33m 641[2mms[22m[39m
@baci/web:test:  [32m✓[39m src/lib/llm-chat-errors.test.ts [2m([22m[2m7 tests[22m[2m)[22m[32m 24[2mms[22m[39m
@baci/web:test:  [32m✓[39m src/app/(auth)/login/page.test.tsx [2m([22m[2m15 tests[22m[2m)[22m[33m 452[2mms[22m[39m
@baci/web:test:  [32m✓[39m src/schemas/import-jobs.test.ts [2m([22m[2m34 tests[22m[2m)[22m[32m 17[2mms[22m[39m
@baci/web:test:  [32m✓[39m src/contexts/customer-auth-context.test.tsx [2m([22m[2m5 tests[22m[2m)[22m[32m 124[2mms[22m[39m
@baci/web:test:  [32m✓[39m src/app/(storefront)/[slug]/(customer)/receipts/page.test.tsx [2m([22m[2m2 tests[22m[2m)[22m[33m 499[2mms[22m[39m
@baci/web:test:      [33m[2m✓[22m[39m shows fulfilled orders plus imported paid receipts in the archive [33m 436[2mms[22m[39m
@baci/web:test:  [32m✓[39m src/app/api/storefront/imei-check/sickw-parser.test.ts [2m([22m[2m14 tests[22m[2m)[22m[32m 13[2mms[22m[39m
@baci/web:test:  [32m✓[39m src/schemas/customer-savings.validation.test.ts [2m([22m[2m27 tests[22m[2m)[22m[32m 23[2mms[22m[39m
@baci/web:test:  [32m✓[39m src/app/api/reviews/[id]/route.test.ts [2m([22m[2m4 tests[22m[2m)[22m[32m 32[2mms[22m[39m
@baci/web:test:  [32m✓[39m src/components/storefront/ogabassey/pages/legal-dispute.test.tsx [2m([22m[2m15 tests[22m[2m)[22m[33m 938[2mms[22m[39m
@baci/web:test:  [32m✓[39m mcp-server/agentic-ucp-request.test.ts [2m([22m[2m5 tests[22m[2m)[22m[32m 17[2mms[22m[39m
@baci/web:test: [90mstderr[2m | src/app/api/marketplace/jumia/connect/ticket/route.test.ts[2m > [22m[2mPOST /api/marketplace/jumia/connect/ticket[2m > [22m[2mreturns 500 when database insert fails
@baci/web:test: [22m[39m[Jumia Ticket] Insert failed: { message: [32m'Database error'[39m }
@baci/web:test:
@baci/web:test:  [32m✓[39m src/app/api/marketplace/jumia/connect/ticket/route.test.ts [2m([22m[2m6 tests[22m[2m)[22m[32m 23[2mms[22m[39m
@baci/web:test:  [32m✓[39m src/schemas/mycover-webhook.test.ts [2m([22m[2m10 tests[22m[2m)[22m[32m 12[2mms[22m[39m
@baci/web:test:  [32m✓[39m src/components/storefront/ogabassey/components/chat/chat-message.test.tsx [2m([22m[2m13 tests[22m[2m)[22m[33m 431[2mms[22m[39m
@baci/web:test:  [32m✓[39m src/app/api/domains/purchase/route.test.ts [2m([22m[2m2 tests[22m[2m)[22m[32m 26[2mms[22m[39m
@baci/web:test:  [32m✓[39m src/lib/agentic/universal-cart-readiness.test.ts [2m([22m[2m6 tests[22m[2m)[22m[32m 20[2mms[22m[39m
@baci/web:test:  [32m✓[39m src/app/(storefront)/ogabassey/ogabassey-pdp-static-resource-hints.test.tsx [2m([22m[2m3 tests[22m[2m)[22m[32m 45[2mms[22m[39m
@baci/web:test:  [32m✓[39m src/lib/imports/bumpa/build-bumpa-order-preview-summary.test.ts [2m([22m[2m9 tests[22m[2m)[22m[32m 7[2mms[22m[39m
@baci/web:test:  [32m✓[39m src/app/api/agentic/carts/route.test.ts [2m([22m[2m2 tests[22m[2m)[22m[32m 222[2mms[22m[39m
@baci/web:test:  [32m✓[39m src/components/products/jumia/export-dialog.test.tsx [2m([22m[2m4 tests[22m[2m)[22m[33m 680[2mms[22m[39m
@baci/web:test:  [32m✓[39m src/lib/admin-merchant-users.errors.test.ts [2m([22m[2m9 tests[22m[2m)[22m[32m 16[2mms[22m[39m
@baci/web:test:  [32m✓[39m src/lib/customer-wallet-payment-accounts.concurrency.test.ts [2m([22m[2m4 tests[22m[2m)[22m[32m 12[2mms[22m[39m
@baci/web:test:  [32m✓[39m src/contexts/use-effective-search-term.test.ts [2m([22m[2m7 tests[22m[2m)[22m[32m 68[2mms[22m[39m
@baci/web:test:  [32m✓[39m src/lib/blog-featured-image-variants.test.ts [2m([22m[2m9 tests[22m[2m)[22m[33m 710[2mms[22m[39m
@baci/web:test:      [33m[2m✓[22m[39m validates minimum dimensions after applying EXIF orientation [33m 312[2mms[22m[39m
@baci/web:test:  [32m✓[39m src/components/builder/config-footer-links.test.tsx [2m([22m[2m6 tests[22m[2m)[22m[33m 432[2mms[22m[39m
@baci/web:test:  [32m✓[39m src/app/(storefront)/[slug]/(blog)/blog/[postSlug]/opengraph-image-data-resolution.test.ts [2m([22m[2m4 tests[22m[2m)[22m[32m 25[2mms[22m[39m
@baci/web:test: [90mstderr[2m | src/app/api/chat/santa/route.test.ts[2m > [22m[2mPOST /api/chat/santa[2m > [22m[2mreturns 400 for invalid JSON body
@baci/web:test: [22m[39m[Santa Chat] JSON parse error: SyntaxError: Unexpected token 'o', "not valid json{{{" is not valid JSON
@baci/web:test:     at JSON.parse (<anonymous>)
@baci/web:test: [90m    at parseJSONFromBytes (node:internal/deps/undici/undici:5852:19)[39m
@baci/web:test: [90m    at successSteps (node:internal/deps/undici/undici:5833:27)[39m
@baci/web:test: [90m    at fullyReadBody (node:internal/deps/undici/undici:4725:9)[39m
@baci/web:test: [90m    at processTicksAndRejections (node:internal/process/task_queues:103:5)[39m
@baci/web:test: [90m    at consumeBody (node:internal/deps/undici/undici:5842:7)[39m
@baci/web:test:     at Module.POST [90m(/app/apps/web/[39msrc/app/api/chat/santa/route.ts:227:14[90m)[39m
@baci/web:test:     at [90m/app/apps/web/[39msrc/app/api/chat/santa/route.test.ts:120:22
@baci/web:test:     at [90mfile:///app/apps/web/[39mnode_modules/[4m@vitest/runner[24m/dist/index.js:915:20
@baci/web:test:
@baci/web:test: [90mstderr[2m | src/app/api/chat/santa/route.test.ts[2m > [22m[2mPOST /api/chat/santa[2m > [22m[2mreturns 500 on internal error
@baci/web:test: [22m[39m[Santa Chat] Error: Error: AI service down
@baci/web:test:     at [90m/app/apps/web/[39msrc/app/api/chat/santa/route.test.ts:203:23
@baci/web:test:     at [90mfile:///app/apps/web/[39mnode_modules/[4m@vitest/runner[24m/dist/index.js:145:11
@baci/web:test:     at [90mfile:///app/apps/web/[39mnode_modules/[4m@vitest/runner[24m/dist/index.js:915:26
@baci/web:test:     at [90mfile:///app/apps/web/[39mnode_modules/[4m@vitest/runner[24m/dist/index.js:1243:20
@baci/web:test:     at new Promise (<anonymous>)
@baci/web:test:     at runWithTimeout [90m(file:///app/apps/web/[39mnode_modules/[4m@vitest/runner[24m/dist/index.js:1209:10[90m)[39m
@baci/web:test:     at [90mfile:///app/apps/web/[39mnode_modules/[4m@vitest/runner[24m/dist/index.js:1653:37
@baci/web:test:     at Traces.$ [90m(file:///app/apps/web/[39mnode_modules/[4mvitest[24m/dist/chunks/traces.CCmnQaNT.js:142:27[90m)[39m
@baci/web:test:     at trace [90m(file:///app/apps/web/[39mnode_modules/[4mvitest[24m/dist/chunks/test.B8ej_ZHS.js:239:21[90m)[39m
@baci/web:test:     at runTest [90m(file:///app/apps/web/[39mnode_modules/[4m@vitest/runner[24m/dist/index.js:1653:12[90m)[39m
@baci/web:test:
@baci/web:test:  [32m✓[39m src/app/api/chat/santa/route.test.ts [2m([22m[2m8 tests[22m[2m)[22m[32m 47[2mms[22m[39m
@baci/web:test:  [32m✓[39m src/app/feeds/google-merchant.xml/route.test.ts [2m([22m[2m5 tests[22m[2m)[22m[32m 206[2mms[22m[39m
@baci/web:test:  [32m✓[39m src/lib/storefront-host.test.ts [2m([22m[2m7 tests[22m[2m)[22m[32m 19[2mms[22m[39m
@baci/web:test: [90mstderr[2m | src/app/api/orders/reuse/route.test.ts[2m > [22m[2mPOST /api/orders/reuse[2m > [22m[2mreturns 400 for invalid input
@baci/web:test: [22m[39mPOST /api/orders/reuse validation failed {
@baci/web:test:   errors: {
@baci/web:test:     formErrors: [],
@baci/web:test:     fieldErrors: {
@baci/web:test:       order_id: [36m[Array][39m,
@baci/web:test:       merchant_id: [36m[Array][39m,
@baci/web:test:       tracking_token: [36m[Array][39m,
@baci/web:test:       customer_email: [36m[Array][39m,
@baci/web:test:       payment_method: [36m[Array][39m
@baci/web:test:     }
@baci/web:test:   }
@baci/web:test: }
@baci/web:test:
@baci/web:test: [90mstderr[2m | src/app/api/orders/reuse/route.test.ts[2m > [22m[2mPOST /api/orders/reuse[2m > [22m[2mmaps unexpected RPC failures to reusable-order conflict instead of 500
@baci/web:test: [22m[39mPOST /api/orders/reuse RPC failed {
@baci/web:test:   code: [32m'23514'[39m,
@baci/web:test:   message: [32m'new row for relation "orders" violates check constraint "orders_payment_status_check"'[39m,
@baci/web:test:   mappedStatus: [33m409[39m
@baci/web:test: }
@baci/web:test:
@baci/web:test:  [32m✓[39m src/app/api/orders/reuse/route.test.ts [2m([22m[2m6 tests[22m[2m)[22m[32m 41[2mms[22m[39m
@baci/web:test: [90mstderr[2m | src/app/api/agentic/checkout_sessions/route-idempotency-replay.test.ts[2m > [22m[2mPOST /api/agentic/checkout_sessions idempotency replay ordering[2m > [22m[2mstores a disabled checkout response after claiming idempotency
@baci/web:test: [22m[39m[2026-05-28T16:59:33.151Z] [WARN] Agentic checkout disabled {
@baci/web:test:   message: [32m'Agentic checkout disabled'[39m,
@baci/web:test:   merchantId: [32m'merchant-1'[39m,
@baci/web:test:   route: [32m'checkout_sessions.create'[39m
@baci/web:test: }
@baci/web:test:
@baci/web:test:  [32m✓[39m src/app/api/agentic/checkout_sessions/route-idempotency-replay.test.ts [2m([22m[2m2 tests[22m[2m)[22m[32m 186[2mms[22m[39m
@baci/web:test:  [32m✓[39m src/app/api/orders/[id]/shipped/route.test.ts [2m([22m[2m2 tests[22m[2m)[22m[32m 27[2mms[22m[39m
@baci/web:test:  [32m✓[39m src/app/(storefront)/[slug]/(catalog)/(listing)/[category]/compare/[comparisonSlug]/page.test.tsx [2m([22m[2m4 tests[22m[2m)[22m[32m 102[2mms[22m[39m
@baci/web:test:  [32m✓[39m src/lib/customer-wallet-payment-accounts.creation.test.ts [2m([22m[2m4 tests[22m[2m)[22m[32m 16[2mms[22m[39m
@baci/web:test:  [32m✓[39m src/app/(storefront)/[slug]/(catalog)/(listing)/[category]/best-under/[priceBandSlug]/price-band-page-content.test.tsx [2m([22m[2m3 tests[22m[2m)[22m[33m 381[2mms[22m[39m
@baci/web:test:      [33m[2m✓[22m[39m renders the heading, intro, and product cards [33m 361[2mms[22m[39m
@baci/web:test:  [32m✓[39m src/lib/kuda-debug-log.test.ts [2m([22m[2m7 tests[22m[2m)[22m[32m 141[2mms[22m[39m
@baci/web:test: [90mstderr[2m | src/app/api/quiz/route-failure-contracts.test.ts[2m > [22m[2mquiz route failure contracts[2m > [22m[2mreturns 500 when the route RPC fails
@baci/web:test: [22m[39m[2026-05-28T16:59:36.746Z] [ERROR] start_quiz_attempt RPC failed {
@baci/web:test:   error: { message: [32m'RPC failed'[39m },
@baci/web:test:   event: [32m'start_quiz_attempt'[39m,
@baci/web:test:   eventId: [32m'11111111-1111-4111-8111-111111111111'[39m,
@baci/web:test:   message: [32m'start_quiz_attempt RPC failed'[39m,
@baci/web:test:   userId: [32m'user-1'[39m
@baci/web:test: }
@baci/web:test:
@baci/web:test: [90mstderr[2m | src/app/api/quiz/route-failure-contracts.test.ts[2m > [22m[2mquiz route failure contracts[2m > [22m[2mreturns 500 when the route RPC fails
@baci/web:test: [22m[39m[2026-05-28T16:59:36.750Z] [ERROR] submit_quiz_answer RPC failed {
@baci/web:test:   attemptId: [32m'22222222-2222-4222-8222-222222222222'[39m,
@baci/web:test:   error: { message: [32m'RPC failed'[39m },
@baci/web:test:   event: [32m'submit_quiz_answer'[39m,
@baci/web:test:   message: [32m'submit_quiz_answer RPC failed'[39m,
@baci/web:test:   questionId: [32m'33333333-3333-4333-8333-333333333333'[39m,
@baci/web:test:   userId: [32m'user-1'[39m
@baci/web:test: }
@baci/web:test:
@baci/web:test: [90mstderr[2m | src/app/api/quiz/route-failure-contracts.test.ts[2m > [22m[2mquiz route failure contracts[2m > [22m[2mreturns 500 when the route RPC fails
@baci/web:test: [22m[39m[2026-05-28T16:59:36.754Z] [ERROR] finalize_quiz_awards RPC failed {
@baci/web:test:   attemptId: [32m'22222222-2222-4222-8222-222222222222'[39m,
@baci/web:test:   error: { message: [32m'RPC failed'[39m },
@baci/web:test:   event: [32m'finalize_quiz_awards'[39m,
@baci/web:test:   eventId: [32m'11111111-1111-4111-8111-111111111111'[39m,
@baci/web:test:   message: [32m'finalize_quiz_awards RPC failed'[39m,
@baci/web:test:   userId: [32m'user-1'[39m
@baci/web:test: }
@baci/web:test:
@baci/web:test: [90mstderr[2m | src/app/api/quiz/route-failure-contracts.test.ts[2m > [22m[2mquiz route failure contracts[2m > [22m[2mreturns 500 when the route RPC fails
@baci/web:test: [22m[39m[2026-05-28T16:59:36.756Z] [ERROR] claim_quiz_grand_prize RPC failed {
@baci/web:test:   error: { message: [32m'RPC failed'[39m },
@baci/web:test:   event: [32m'claim_quiz_grand_prize'[39m,
@baci/web:test:   eventId: [32m'11111111-1111-4111-8111-111111111111'[39m,
@baci/web:test:   message: [32m'claim_quiz_grand_prize RPC failed'[39m,
@baci/web:test:   userId: [32m'user-1'[39m
@baci/web:test: }
@baci/web:test:
@baci/web:test: [90mstderr[2m | src/app/api/quiz/route-failure-contracts.test.ts[2m > [22m[2mquiz route failure contracts[2m > [22m[2mreturns 500 when the route RPC fails
@baci/web:test: [22m[39m[2026-05-28T16:59:36.759Z] [ERROR] claim_quiz_cash_award RPC failed {
@baci/web:test:   awardId: [32m'44444444-4444-4444-8444-444444444444'[39m,
@baci/web:test:   error: { message: [32m'RPC failed'[39m },
@baci/web:test:   event: [32m'claim_quiz_cash_award'[39m,
@baci/web:test:   message: [32m'claim_quiz_cash_award RPC failed'[39m,
@baci/web:test:   userId: [32m'user-1'[39m
@baci/web:test: }
@baci/web:test:
@baci/web:test:  [32m✓[39m src/app/api/quiz/route-failure-contracts.test.ts [2m([22m[2m10 tests[22m[2m)[22m[32m 219[2mms[22m[39m
@baci/web:test:  [32m✓[39m src/scripts/reconcile-paystack-dva-internals.test.ts [2m([22m[2m20 tests[22m[2m)[22m[32m 9[2mms[22m[39m
@baci/web:test:  [32m✓[39m src/app/admin/merchants/page.test.tsx [2m([22m[2m7 tests[22m[2m)[22m[33m 1213[2mms[22m[39m
@baci/web:test:  [32m✓[39m src/lib/agentic/paystack-dva-webhook.test.ts [2m([22m[2m4 tests[22m[2m)[22m[32m 10[2mms[22m[39m
@baci/web:test:  [32m✓[39m src/lib/resolve-wallet-top-up-merchant.test.ts [2m([22m[2m9 tests[22m[2m)[22m[32m 13[2mms[22m[39m
@baci/web:test:  [32m✓[39m src/app/api/feed/openai/legacy-feed-generator.test.ts [2m([22m[2m7 tests[22m[2m)[22m[32m 12[2mms[22m[39m
@baci/web:test:  [32m✓[39m src/lib/quiz-migration-rls-contract.test.ts [2m([22m[2m5 tests[22m[2m)[22m[32m 13[2mms[22m[39m
@baci/web:test:  [32m✓[39m src/components/storefront/ogabassey/components/chat/chat-input.test.tsx [2m([22m[2m16 tests[22m[2m)[22m[33m 698[2mms[22m[39m
@baci/web:test:  [32m✓[39m src/lib/juicyway/rates.test.ts [2m([22m[2m13 tests[22m[2m)[22m[32m 18[2mms[22m[39m
@baci/web:test:  [32m✓[39m src/app/api/admin/blog/posts/route.test.ts [2m([22m[2m6 tests[22m[2m)[22m[32m 29[2mms[22m[39m
@baci/web:test:  [32m✓[39m src/app/(storefront)/ogabassey/ogabassey-home-page-content.test.tsx [2m([22m[2m6 tests[22m[2m)[22m[32m 215[2mms[22m[39m
@baci/web:test:  [32m✓[39m src/lib/blog-structured-data-images.test.ts [2m([22m[2m12 tests[22m[2m)[22m[32m 8[2mms[22m[39m
@baci/web:test:  [32m✓[39m src/lib/agentic/crawler-observability.test.ts [2m([22m[2m13 tests[22m[2m)[22m[32m 26[2mms[22m[39m
@baci/web:test: [90mstderr[2m | src/components/storefront/ogabassey/components/ProductGridItem.test.tsx[2m > [22m[2mProductGridItem[2m > [22m[2mdefers heavy interactive chrome when requested
@baci/web:test: [22m[39mReceived `false` for a non-boolean attribute `prefetch`.
@baci/web:test:
@baci/web:test: If you want to write it to the DOM, pass a string instead: prefetch="false" or prefetch={value.toString()}.
@baci/web:test:
@baci/web:test: If you used to conditionally omit it with prefetch={condition && value}, pass prefetch={condition ? value : undefined} instead.
@baci/web:test: Received `true` for a non-boolean attribute `fill`.
@baci/web:test:
@baci/web:test: If you want to write it to the DOM, pass a string instead: fill="true" or fill={value.toString()}.
@baci/web:test:
@baci/web:test:  [32m✓[39m src/components/storefront/ogabassey/components/ProductGridItem.test.tsx [2m([22m[2m3 tests[22m[2m)[22m[33m 399[2mms[22m[39m
@baci/web:test:  [32m✓[39m src/lib/store-url.test.ts [2m([22m[2m17 tests[22m[2m)[22m[32m 21[2mms[22m[39m
@baci/web:test:  [32m✓[39m src/app/api/agentic/carts/[id]/cancel/route.test.ts [2m([22m[2m2 tests[22m[2m)[22m[32m 119[2mms[22m[39m
@baci/web:test:  [32m✓[39m src/components/dashboard/agentic-trust-center-card.test.tsx [2m([22m[2m5 tests[22m[2m)[22m[33m 414[2mms[22m[39m
@baci/web:test:      [33m[2m✓[22m[39m renders every trust fix with counts and review links when readiness has blockers [33m 329[2mms[22m[39m
@baci/web:test:  [32m✓[39m src/components/storefront/ogabassey/storefront-layout-chrome.test.tsx [2m([22m[2m8 tests[22m[2m)[22m[32m 76[2mms[22m[39m
@baci/web:test:  [32m✓[39m src/lib/agentic/agent-commerce-feed-health-actions.test.ts [2m([22m[2m7 tests[22m[2m)[22m[32m 13[2mms[22m[39m
@baci/web:test:  [32m✓[39m src/app/(storefront)/[slug]/(content)/contact/page.test.tsx [2m([22m[2m5 tests[22m[2m)[22m[32m 59[2mms[22m[39m
@baci/web:test:  [32m✓[39m src/app/(storefront)/[slug]/(catalog)/(pdp)/products/[productSlug]/legacy-product-mapper.test.ts [2m([22m[2m3 tests[22m[2m)[22m[32m 7[2mms[22m[39m
@baci/web:test:  [32m✓[39m src/lib/storefront-search.test.ts [2m([22m[2m5 tests[22m[2m)[22m[32m 16[2mms[22m[39m
@baci/web:test:  [32m✓[39m src/lib/supabase/public.test.ts [2m([22m[2m4 tests[22m[2m)[22m[32m 23[2mms[22m[39m
@baci/web:test:  [32m✓[39m src/lib/jumia/fulfillment.test.ts [2m([22m[2m12 tests[22m[2m)[22m[32m 17[2mms[22m[39m
@baci/web:test:  [32m✓[39m src/lib/shipping/order-shipment-booking-lock.test.ts [2m([22m[2m8 tests[22m[2m)[22m[32m 16[2mms[22m[39m
@baci/web:test: [90mstderr[2m | src/app/api/builder/gemini/route.error-codes.test.ts[2m > [22m[2m/api/builder/gemini structured error codes[2m > [22m[2mreturns ai_provider_unavailable when provider generation fails
@baci/web:test: [22m[39mGemini AI Builder Error: {
@baci/web:test:   requestId: [32m'8beb1fe8-aa5d-4766-a64b-839ee348667b'[39m,
@baci/web:test:   userId: [32m'user-1'[39m,
@baci/web:test:   merchantId: [32m'merchant-1'[39m,
@baci/web:test:   model: [32m'gemini-3-flash-preview'[39m,
@baci/web:test:   promptLength: [33m24[39m,
@baci/web:test:   componentCount: [33m1[39m,
@baci/web:test:   errorName: [32m'Error'[39m,
@baci/web:test:   errorMessage: [32m'network unavailable'[39m,
@baci/web:test:   stack: [32m'Error: network unavailable\n'[39m +
@baci/web:test:     [32m'    at /app/apps/web/src/app/api/builder/gemini/route.error-codes.test.ts:104:7\n'[39m +
@baci/web:test:     [32m'    at file:///app/apps/web/node_modules/@vitest/runner/dist/index.js:145:11\n'[39m +
@baci/web:test:     [32m'    at file:///app/apps/web/node_modules/@vitest/runner/dist/index.js:915:26\n'[39m +
@baci/web:test:     [32m'    at file:///app/apps/web/node_modules/@vitest/runner/dist/index.js:1243:20\n'[39m +
@baci/web:test:     [32m'    at new Promise (<anonymous>)\n'[39m +
@baci/web:test:     [32m'    at runWithTimeout (file:///app/apps/web/node_modules/@vitest/runner/dist/index.js:1209:10)\n'[39m +
@baci/web:test:     [32m'    at file:///app/apps/web/node_modules/@vitest/runner/dist/index.js:1653:37\n'[39m +
@baci/web:test:     [32m'    at Traces.$ (file:///app/apps/web/node_modules/vitest/dist/chunks/traces.CCmnQaNT.js:142:27)\n'[39m +
@baci/web:test:     [32m'    at trace (file:///app/apps/web/node_modules/vitest/dist/chunks/test.B8ej_ZHS.js:239:21)\n'[39m +
@baci/web:test:     [32m'    at runTest (file:///app/apps/web/node_modules/@vitest/runner/dist/index.js:1653:12)'[39m
@baci/web:test: }
@baci/web:test:
@baci/web:test: [90mstderr[2m | src/app/api/builder/gemini/route.error-codes.test.ts[2m > [22m[2m/api/builder/gemini structured error codes[2m > [22m[2mreturns ai_provider_rate_limited when Gemini quota is exhausted
@baci/web:test: [22m[39mGemini AI Builder Error: {
@baci/web:test:   requestId: [32m'72c8528e-49ef-4eee-8510-409ad6bf1394'[39m,
@baci/web:test:   userId: [32m'user-1'[39m,
@baci/web:test:   merchantId: [32m'merchant-1'[39m,
@baci/web:test:   model: [32m'gemini-3-flash-preview'[39m,
@baci/web:test:   promptLength: [33m24[39m,
@baci/web:test:   componentCount: [33m1[39m,
@baci/web:test:   errorName: [32m'Error'[39m,
@baci/web:test:   errorMessage: [32m'Quota exceeded for metric: generate_content_free_tier_requests'[39m,
@baci/web:test:   stack: [32m'Error: Quota exceeded for metric: generate_content_free_tier_requests\n'[39m +
@baci/web:test:     [32m'    at /app/apps/web/src/app/api/builder/gemini/route.error-codes.test.ts:123:7\n'[39m +
@baci/web:test:     [32m'    at file:///app/apps/web/node_modules/@vitest/runner/dist/index.js:145:11\n'[39m +
@baci/web:test:     [32m'    at file:///app/apps/web/node_modules/@vitest/runner/dist/index.js:915:26\n'[39m +
@baci/web:test:     [32m'    at file:///app/apps/web/node_modules/@vitest/runner/dist/index.js:1243:20\n'[39m +
@baci/web:test:     [32m'    at new Promise (<anonymous>)\n'[39m +
@baci/web:test:     [32m'    at runWithTimeout (file:///app/apps/web/node_modules/@vitest/runner/dist/index.js:1209:10)\n'[39m +
@baci/web:test:     [32m'    at file:///app/apps/web/node_modules/@vitest/runner/dist/index.js:1653:37\n'[39m +
@baci/web:test:     [32m'    at Traces.$ (file:///app/apps/web/node_modules/vitest/dist/chunks/traces.CCmnQaNT.js:142:27)\n'[39m +
@baci/web:test:     [32m'    at trace (file:///app/apps/web/node_modules/vitest/dist/chunks/test.B8ej_ZHS.js:239:21)\n'[39m +
@baci/web:test:     [32m'    at runTest (file:///app/apps/web/node_modules/@vitest/runner/dist/index.js:1653:12)'[39m
@baci/web:test: }
@baci/web:test:
@baci/web:test: [90mstderr[2m | src/app/api/builder/gemini/route.error-codes.test.ts[2m > [22m[2m/api/builder/gemini structured error codes[2m > [22m[2mkeeps non-provider route failures out of provider error mapping
@baci/web:test: [22m[39mGemini AI Builder Route Error: {
@baci/web:test:   requestId: [32m'86ebe7a4-52e9-4938-99b2-0aa1b0669f2e'[39m,
@baci/web:test:   userId: [90mundefined[39m,
@baci/web:test:   merchantId: [90mundefined[39m,
@baci/web:test:   model: [90mundefined[39m,
@baci/web:test:   promptLength: [90mundefined[39m,
@baci/web:test:   componentCount: [90mundefined[39m,
@baci/web:test:   errorName: [32m'Error'[39m,
@baci/web:test:   errorMessage: [32m'Quota exceeded while loading merchant metadata'[39m,
@baci/web:test:   stack: [32m'Error: Quota exceeded while loading merchant metadata\n'[39m +
@baci/web:test:     [32m'    at /app/apps/web/src/app/api/builder/gemini/route.error-codes.test.ts:144:7\n'[39m +
@baci/web:test:     [32m'    at file:///app/apps/web/node_modules/@vitest/runner/dist/index.js:145:11\n'[39m +
@baci/web:test:     [32m'    at file:///app/apps/web/node_modules/@vitest/runner/dist/index.js:915:26\n'[39m +
@baci/web:test:     [32m'    at file:///app/apps/web/node_modules/@vitest/runner/dist/index.js:1243:20\n'[39m +
@baci/web:test:     [32m'    at new Promise (<anonymous>)\n'[39m +
@baci/web:test:     [32m'    at runWithTimeout (file:///app/apps/web/node_modules/@vitest/runner/dist/index.js:1209:10)\n'[39m +
@baci/web:test:     [32m'    at file:///app/apps/web/node_modules/@vitest/runner/dist/index.js:1653:37\n'[39m +
@baci/web:test:     [32m'    at Traces.$ (file:///app/apps/web/node_modules/vitest/dist/chunks/traces.CCmnQaNT.js:142:27)\n'[39m +
@baci/web:test:     [32m'    at trace (file:///app/apps/web/node_modules/vitest/dist/chunks/test.B8ej_ZHS.js:239:21)\n'[39m +
@baci/web:test:     [32m'    at runTest (file:///app/apps/web/node_modules/@vitest/runner/dist/index.js:1653:12)'[39m
@baci/web:test: }
@baci/web:test:
@baci/web:test: [90mstderr[2m | src/app/api/builder/gemini/route.error-codes.test.ts[2m > [22m[2m/api/builder/gemini structured error codes[2m > [22m[2mreturns ai_builder_invalid_output when generated content is malformed
@baci/web:test: [22m[39mGemini AI Builder Invalid Output: {
@baci/web:test:   requestId: [32m'ae1ad020-3694-49a8-bdc2-66a140b6cbc7'[39m,
@baci/web:test:   userId: [32m'user-1'[39m,
@baci/web:test:   merchantId: [32m'merchant-1'[39m,
@baci/web:test:   model: [32m'gemini-3-flash-preview'[39m,
@baci/web:test:   promptLength: [33m24[39m,
@baci/web:test:   componentCount: [33m1[39m,
@baci/web:test:   reason: [32m'missing_content_array'[39m
@baci/web:test: }
@baci/web:test:
@baci/web:test:  [32m✓[39m src/app/api/builder/gemini/route.error-codes.test.ts [2m([22m[2m5 tests[22m[2m)[22m[32m 92[2mms[22m[39m
@baci/web:test:  [32m✓[39m src/app/(platform)/blog/[slug]/opengraph-image.test.tsx [2m([22m[2m4 tests[22m[2m)[22m[32m 11[2mms[22m[39m
@baci/web:test: [90mstderr[2m | src/app/admin/notifications/[id]/page.test.tsx[2m > [22m[2mNotificationDetailsPage[2m > [22m[2mshows an error toast and stays on the page when deletion fails
@baci/web:test: [22m[39mError deleting notification: Error: Delete failed
@baci/web:test:     at [90m/app/apps/web/[39msrc/app/admin/notifications/[id]/page.test.tsx:158:41
@baci/web:test:     at [90mfile:///app/apps/web/[39mnode_modules/[4m@vitest/runner[24m/dist/index.js:145:11
@baci/web:test:     at [90mfile:///app/apps/web/[39mnode_modules/[4m@vitest/runner[24m/dist/index.js:915:26
@baci/web:test:     at [90mfile:///app/apps/web/[39mnode_modules/[4m@vitest/runner[24m/dist/index.js:1243:20
@baci/web:test:     at new Promise (<anonymous>)
@baci/web:test:     at runWithTimeout [90m(file:///app/apps/web/[39mnode_modules/[4m@vitest/runner[24m/dist/index.js:1209:10[90m)[39m
@baci/web:test:     at [90mfile:///app/apps/web/[39mnode_modules/[4m@vitest/runner[24m/dist/index.js:1653:37
@baci/web:test:     at Traces.$ [90m(file:///app/apps/web/[39mnode_modules/[4mvitest[24m/dist/chunks/traces.CCmnQaNT.js:142:27[90m)[39m
@baci/web:test:     at trace [90m(file:///app/apps/web/[39mnode_modules/[4mvitest[24m/dist/chunks/test.B8ej_ZHS.js:239:21[90m)[39m
@baci/web:test:     at runTest [90m(file:///app/apps/web/[39mnode_modules/[4m@vitest/runner[24m/dist/index.js:1653:12[90m)[39m
@baci/web:test:
@baci/web:test:  [32m✓[39m src/app/admin/notifications/[id]/page.test.tsx [2m([22m[2m2 tests[22m[2m)[22m[33m 623[2mms[22m[39m
@baci/web:test:      [33m[2m✓[22m[39m deletes notifications through the CSRF-aware admin API client [33m 466[2mms[22m[39m
@baci/web:test:  [32m✓[39m src/app/(storefront)/[slug]/(catalog)/(listing)/[category]/best-under/[priceBandSlug]/page.test.tsx [2m([22m[2m4 tests[22m[2m)[22m[32m 100[2mms[22m[39m
@baci/web:test:  [32m✓[39m src/lib/normalize-product.test.ts [2m([22m[2m15 tests[22m[2m)[22m[32m 11[2mms[22m[39m
@baci/web:test:  [32m✓[39m src/app/api/integrations/agent-commerce/readiness/route.test.ts [2m([22m[2m3 tests[22m[2m)[22m[32m 188[2mms[22m[39m
@baci/web:test:  [32m✓[39m src/lib/agentic/paystack-dva-webhook-reservation.test.ts [2m([22m[2m2 tests[22m[2m)[22m[32m 11[2mms[22m[39m
@baci/web:test:  [32m✓[39m src/app/api/agentic/checkout_sessions/[id]/route-storage-rejection.test.ts [2m([22m[2m2 tests[22m[2m)[22m[32m 210[2mms[22m[39m
@baci/web:test:  [32m✓[39m src/components/storefront/ogabassey/components/deferred-shell-feature.test.tsx [2m([22m[2m8 tests[22m[2m)[22m[32m 157[2mms[22m[39m
@baci/web:test:  [32m✓[39m src/lib/checkout/payment-gateway-availability.test.ts [2m([22m[2m15 tests[22m[2m)[22m[32m 8[2mms[22m[39m
@baci/web:test: [90mstderr[2m | src/app/api/admin/db-health/route.test.ts[2m > [22m[2mGET /api/admin/db-health[2m > [22m[2mreturns 500 when an unexpected error is thrown
@baci/web:test: [22m[39mDB health check error: Error: database is down
@baci/web:test:     at [90m/app/apps/web/[39msrc/app/api/admin/db-health/route.test.ts:160:7
@baci/web:test:     at [90mfile:///app/apps/web/[39mnode_modules/[4m@vitest/runner[24m/dist/index.js:145:11
@baci/web:test:     at [90mfile:///app/apps/web/[39mnode_modules/[4m@vitest/runner[24m/dist/index.js:915:26
@baci/web:test:     at [90mfile:///app/apps/web/[39mnode_modules/[4m@vitest/runner[24m/dist/index.js:1243:20
@baci/web:test:     at new Promise (<anonymous>)
@baci/web:test:     at runWithTimeout [90m(file:///app/apps/web/[39mnode_modules/[4m@vitest/runner[24m/dist/index.js:1209:10[90m)[39m
@baci/web:test:     at [90mfile:///app/apps/web/[39mnode_modules/[4m@vitest/runner[24m/dist/index.js:1653:37
@baci/web:test:     at Traces.$ [90m(file:///app/apps/web/[39mnode_modules/[4mvitest[24m/dist/chunks/traces.CCmnQaNT.js:142:27[90m)[39m
@baci/web:test:     at trace [90m(file:///app/apps/web/[39mnode_modules/[4mvitest[24m/dist/chunks/test.B8ej_ZHS.js:239:21[90m)[39m
@baci/web:test:     at runTest [90m(file:///app/apps/web/[39mnode_modules/[4m@vitest/runner[24m/dist/index.js:1653:12[90m)[39m
@baci/web:test:
@baci/web:test:  [32m✓[39m src/app/api/admin/db-health/route.test.ts [2m([22m[2m6 tests[22m[2m)[22m[32m 29[2mms[22m[39m
@baci/web:test:  [32m✓[39m src/components/storefront/ogabassey/providers/v2-comparison-context.test.tsx [2m([22m[2m4 tests[22m[2m)[22m[33m 342[2mms[22m[39m
@baci/web:test:  [32m✓[39m src/components/storefront/ogabassey/pages/product-details-page/related-product.test.ts [2m([22m[2m11 tests[22m[2m)[22m[32m 9[2mms[22m[39m
@baci/web:test:  [32m✓[39m src/lib/quiz/gemma-question-generator-ollama.test.ts [2m([22m[2m2 tests[22m[2m)[22m[32m 22[2mms[22m[39m
@baci/web:test: Not implemented: Window's scrollTo() method
@baci/web:test: Not implemented: Window's scrollTo() method
@baci/web:test:  [32m✓[39m src/app/dashboard/quiz/quiz-admin-client.test.tsx [2m([22m[2m6 tests[22m[2m)[22m[33m 1057[2mms[22m[39m
@baci/web:test:      [33m[2m✓[22m[39m submits topics to the Gemma generation API and shows the generated draft [33m 698[2mms[22m[39m
@baci/web:test: Not implemented: Window's scrollTo() method
@baci/web:test: Not implemented: Window's scrollTo() method
@baci/web:test: Not implemented: Window's scrollTo() method
@baci/web:test: Not implemented: Window's scrollTo() method
@baci/web:test: Not implemented: Window's scrollTo() method
@baci/web:test: Not implemented: Window's scrollTo() method
@baci/web:test:  [32m✓[39m src/components/storefront/ogabassey/components/CheckoutIdentityModal.test.tsx [2m([22m[2m9 tests[22m[2m)[22m[33m 820[2mms[22m[39m
@baci/web:test: [90mstderr[2m | src/app/api/loyalty/settings/route.test.ts[2m > [22m[2mPOST /api/loyalty/settings[2m > [22m[2mreturns 500 when persisting settings fails
@baci/web:test: [22m[39mError saving loyalty settings: { message: [32m'db failure'[39m }
@baci/web:test:
@baci/web:test:  [32m✓[39m src/components/storefront/ogabassey/pages/about-us.test.tsx [2m([22m[2m12 tests[22m[2m)[22m[33m 727[2mms[22m[39m
@baci/web:test:  [32m✓[39m src/app/api/loyalty/settings/route.test.ts [2m([22m[2m6 tests[22m[2m)[22m[32m 28[2mms[22m[39m
@baci/web:test:  [32m✓[39m src/schemas/customers.test.ts [2m([22m[2m17 tests[22m[2m)[22m[32m 15[2mms[22m[39m
@baci/web:test:  [32m✓[39m src/lib/import-jobs/run-claimed-import-job.notify.test.ts [2m([22m[2m2 tests[22m[2m)[22m[32m 15[2mms[22m[39m
@baci/web:test:  [32m✓[39m src/components/storefront/ogabassey/home-product-feed.test.ts [2m([22m[2m5 tests[22m[2m)[22m[32m 11[2mms[22m[39m
@baci/web:test:  [32m✓[39m src/app/api/quiz/quiz-csrf-contracts.test.ts [2m([22m[2m5 tests[22m[2m)[22m[32m 227[2mms[22m[39m
@baci/web:test: [90mstderr[2m | src/components/storefront/ogabassey/components/CartSidebar.test.tsx[2m > [22m[2mCartSidebar[2m > [22m[2mrenders cart items when open
@baci/web:test: [22m[39mReceived `true` for a non-boolean attribute `fill`.
@baci/web:test:
@baci/web:test: If you want to write it to the DOM, pass a string instead: fill="true" or fill={value.toString()}.
@baci/web:test:
@baci/web:test:  [32m✓[39m src/components/storefront/ogabassey/components/CartSidebar.test.tsx [2m([22m[2m6 tests[22m[2m)[22m[33m 701[2mms[22m[39m
@baci/web:test:  [32m✓[39m src/lib/ai-storefront/trigger-storefront-worker.test.ts [2m([22m[2m9 tests[22m[2m)[22m[32m 37[2mms[22m[39m
@baci/web:test:  [32m✓[39m src/app/api/storefront/orders/track-order/route.test.ts [2m([22m[2m4 tests[22m[2m)[22m[32m 26[2mms[22m[39m
@baci/web:test: [90mstderr[2m | src/app/admin/merchants/merchants-client.test.tsx[2m > [22m[2mMerchantsClient[2m > [22m[2mshows an error toast when fetching merchants fails
@baci/web:test: [22m[39mFailed to fetch merchants: Error: network failed
@baci/web:test:     at [90m/app/apps/web/[39msrc/app/admin/merchants/merchants-client.test.tsx:134:34
@baci/web:test:     at [90mfile:///app/apps/web/[39mnode_modules/[4m@vitest/runner[24m/dist/index.js:145:11
@baci/web:test:     at [90mfile:///app/apps/web/[39mnode_modules/[4m@vitest/runner[24m/dist/index.js:915:26
@baci/web:test:     at [90mfile:///app/apps/web/[39mnode_modules/[4m@vitest/runner[24m/dist/index.js:1243:20
@baci/web:test:     at new Promise (<anonymous>)
@baci/web:test:     at runWithTimeout [90m(file:///app/apps/web/[39mnode_modules/[4m@vitest/runner[24m/dist/index.js:1209:10[90m)[39m
@baci/web:test:     at [90mfile:///app/apps/web/[39mnode_modules/[4m@vitest/runner[24m/dist/index.js:1653:37
@baci/web:test:     at Traces.$ [90m(file:///app/apps/web/[39mnode_modules/[4mvitest[24m/dist/chunks/traces.CCmnQaNT.js:142:27[90m)[39m
@baci/web:test:     at trace [90m(file:///app/apps/web/[39mnode_modules/[4mvitest[24m/dist/chunks/test.B8ej_ZHS.js:239:21[90m)[39m
@baci/web:test:     at runTest [90m(file:///app/apps/web/[39mnode_modules/[4m@vitest/runner[24m/dist/index.js:1653:12[90m)[39m
@baci/web:test:
@baci/web:test:  [32m✓[39m src/app/admin/merchants/merchants-client.test.tsx [2m([22m[2m3 tests[22m[2m)[22m[33m 1287[2mms[22m[39m
@baci/web:test:      [33m[2m✓[22m[39m fetches merchants, renders stats, and filters by search and health [33m 766[2mms[22m[39m
@baci/web:test:      [33m[2m✓[22m[39m refetches merchants when the sort changes [33m 357[2mms[22m[39m
@baci/web:test: [90mstderr[2m | src/app/api/admin/analytics/route.post.test.ts[2m > [22m[2m/api/admin/analytics route POST[2m > [22m[2m'returns 500 when the refresh RPC fail…'
@baci/web:test: [22m[39mRefresh error: { message: [32m'refresh failed'[39m }
@baci/web:test:
@baci/web:test:  [32m✓[39m src/app/api/admin/analytics/route.post.test.ts [2m([22m[2m5 tests[22m[2m)[22m[32m 20[2mms[22m[39m
@baci/web:test:  [32m✓[39m src/lib/shipping/providers/topship.test.ts [2m([22m[2m2 tests[22m[2m)[22m[32m 120[2mms[22m[39m
@baci/web:test:  [32m✓[39m src/components/ui/phone-input.test.tsx [2m([22m[2m7 tests[22m[2m)[22m[33m 1101[2mms[22m[39m
@baci/web:test:  [32m✓[39m src/app/api/feed/openai/current-feed-generator.test.ts [2m([22m[2m7 tests[22m[2m)[22m[32m 23[2mms[22m[39m
@baci/web:test:  [32m✓[39m src/lib/agentic/checkout-order-finalization-claim.test.ts [2m([22m[2m5 tests[22m[2m)[22m[32m 17[2mms[22m[39m
@baci/web:test:  [32m✓[39m src/lib/agentic/agent-commerce-public-product-parity-fetch.test.ts [2m([22m[2m8 tests[22m[2m)[22m[32m 16[2mms[22m[39m
@baci/web:test:  [32m✓[39m src/hooks/cart/storefront-cart-provider.test.tsx [2m([22m[2m3 tests[22m[2m)[22m[32m 69[2mms[22m[39m
@baci/web:test:  [32m✓[39m src/app/(storefront)/[slug]/(blog)/blog/[postSlug]/opengraph-image-markup.test.tsx [2m([22m[2m6 tests[22m[2m)[22m[32m 10[2mms[22m[39m
@baci/web:test:  [32m✓[39m src/app/api/analytics/insights/route.test.ts [2m([22m[2m2 tests[22m[2m)[22m[32m 19[2mms[22m[39m
@baci/web:test:  [32m✓[39m src/components/storefront/ogabassey/pages/product-details-page/deferred-product-details-sections-loader.test.tsx [2m([22m[2m4 tests[22m[2m)[22m[32m 284[2mms[22m[39m
@baci/web:test:  [32m✓[39m src/lib/agentic/agent-commerce-support-chat-health.test.ts [2m([22m[2m6 tests[22m[2m)[22m[32m 21[2mms[22m[39m
@baci/web:test:  [32m✓[39m src/lib/monnify.test.ts [2m([22m[2m9 tests[22m[2m)[22m[32m 19[2mms[22m[39m
@baci/web:test:  [32m✓[39m src/components/products/save-dirty-products.test.ts [2m([22m[2m6 tests[22m[2m)[22m[32m 12[2mms[22m[39m
@baci/web:test:  [32m✓[39m src/app/api/storefront/customer/wallet/funding-account/route.resolution.test.ts [2m([22m[2m4 tests[22m[2m)[22m[32m 28[2mms[22m[39m
@baci/web:test:  [32m✓[39m src/components/storefront/ogabassey/components/mobile-lcp-hero-image.test.tsx [2m([22m[2m3 tests[22m[2m)[22m[32m 274[2mms[22m[39m
@baci/web:test:  [32m✓[39m src/app/dashboard/settings/trust/google-review-authority-settings-card.test.tsx [2m([22m[2m5 tests[22m[2m)[22m[33m 614[2mms[22m[39m
@baci/web:test:  [32m✓[39m src/app/(storefront)/ogabassey/ogabassey-home-dynamic-content.test.tsx [2m([22m[2m2 tests[22m[2m)[22m[32m 294[2mms[22m[39m
@baci/web:test:  [32m✓[39m src/lib/blog-managed-storage-paths.test.ts [2m([22m[2m11 tests[22m[2m)[22m[32m 9[2mms[22m[39m
@baci/web:test:  [32m✓[39m src/app/api/inventory/reorder/route.test.ts [2m([22m[2m5 tests[22m[2m)[22m[32m 28[2mms[22m[39m
@baci/web:test:  [32m✓[39m src/components/dashboard/agentic-crawler-visibility-card.test.tsx [2m([22m[2m6 tests[22m[2m)[22m[32m 236[2mms[22m[39m
@baci/web:test: [90mstderr[2m | src/app/api/merchant/settings/route.test.ts[2m > [22m[2mPATCH /api/merchant/settings[2m > [22m[2mreturns 400 when the request body is invalid json
@baci/web:test: [22m[39mInvalid merchant settings payload: SyntaxError: Expected property name or '}' in JSON at position 1 (line 1 column 2)
@baci/web:test:     at JSON.parse (<anonymous>)
@baci/web:test: [90m    at parseJSONFromBytes (node:internal/deps/undici/undici:5852:19)[39m
@baci/web:test: [90m    at successSteps (node:internal/deps/undici/undici:5833:27)[39m
@baci/web:test: [90m    at fullyReadBody (node:internal/deps/undici/undici:4725:9)[39m
@baci/web:test: [90m    at processTicksAndRejections (node:internal/process/task_queues:103:5)[39m
@baci/web:test: [90m    at consumeBody (node:internal/deps/undici/undici:5842:7)[39m
@baci/web:test:     at PATCH [90m(/app/apps/web/[39msrc/app/api/merchant/settings/route.ts:45:21[90m)[39m
@baci/web:test:     at [90m/app/apps/web/[39msrc/app/api/merchant/settings/route.test.ts:147:22
@baci/web:test:     at [90mfile:///app/apps/web/[39mnode_modules/[4m@vitest/runner[24m/dist/index.js:915:20
@baci/web:test:
@baci/web:test: [90mstderr[2m | src/app/api/merchant/settings/route.test.ts[2m > [22m[2mPATCH /api/merchant/settings[2m > [22m[2mreturns 500 when the merchant update fails
@baci/web:test: [22m[39mMerchant settings update failed: { message: [32m'db failure'[39m }
@baci/web:test:
@baci/web:test:  [32m✓[39m src/app/api/merchant/settings/route.test.ts [2m([22m[2m7 tests[22m[2m)[22m[32m 111[2mms[22m[39m
@baci/web:test:  [32m✓[39m src/components/storefront/footer.test.tsx [2m([22m[2m4 tests[22m[2m)[22m[33m 992[2mms[22m[39m
@baci/web:test:      [33m[2m✓[22m[39m adds trust policy links when derived links exist [33m 397[2mms[22m[39m
@baci/web:test:  [32m✓[39m src/lib/blog-discover-readiness.test.ts [2m([22m[2m8 tests[22m[2m)[22m[32m 10[2mms[22m[39m
@baci/web:test:  [32m✓[39m src/lib/storefront-html-link-rewriting.test.ts [2m([22m[2m10 tests[22m[2m)[22m[32m 18[2mms[22m[39m
@baci/web:test:  [32m✓[39m src/app/admin/blog/blog-list-client.test.tsx [2m([22m[2m7 tests[22m[2m)[22m[33m 586[2mms[22m[39m
@baci/web:test:  [32m✓[39m tools/seo/run-pagespeed.test.ts [2m([22m[2m5 tests[22m[2m)[22m[32m 17[2mms[22m[39m
@baci/web:test:  [32m✓[39m src/lib/import-jobs/import-job-route-auth.test.ts [2m([22m[2m5 tests[22m[2m)[22m[32m 19[2mms[22m[39m
@baci/web:test:  [32m✓[39m src/lib/customer-savings-auto-debit.selection.test.ts [2m([22m[2m3 tests[22m[2m)[22m[32m 40[2mms[22m[39m
@baci/web:test:  [32m✓[39m src/app/(storefront)/[slug]/(blog)/blog/template-blog-renderer.test.tsx [2m([22m[2m4 tests[22m[2m)[22m[32m 83[2mms[22m[39m
@baci/web:test:  [32m✓[39m src/app/dashboard/marketing/discount-codes/actions.test.ts [2m([22m[2m4 tests[22m[2m)[22m[32m 19[2mms[22m[39m
@baci/web:test: [90mstderr[2m | src/lib/credit-direct-client.test.ts[2m > [22m[2mopenCreditDirectCheckout[2m > [22m[2mreports sign endpoint errors without opening Credit Direct
@baci/web:test: [22m[39mCredit Direct checkout error: Error: Invalid request
@baci/web:test:     at openCreditDirectCheckout [90m(/app/apps/web/[39msrc/lib/credit-direct-client.ts:154:13[90m)[39m
@baci/web:test: [90m    at processTicksAndRejections (node:internal/process/task_queues:103:5)[39m
@baci/web:test:     at [90m/app/apps/web/[39msrc/lib/credit-direct-client.test.ts:52:5
@baci/web:test:     at [90mfile:///app/apps/web/[39mnode_modules/[4m@vitest/runner[24m/dist/index.js:915:20
@baci/web:test:
@baci/web:test: [90mstderr[2m | src/lib/credit-direct-client.test.ts[2m > [22m[2mopenCreditDirectCheckout[2m > [22m[2mreports script load failures
@baci/web:test: [22m[39mCredit Direct checkout error: Error: Failed to load Credit Direct script
@baci/web:test:     at HTMLScriptElement.script.onerror [90m(/app/apps/web/[39msrc/lib/credit-direct-client.ts:110:14[90m)[39m
@baci/web:test:     at HTMLScriptElement.invokeTheCallbackFunction [90m(/app/apps/web/[39mnode_modules/[4mjsdom[24m/lib/jsdom/living/generated/OnErrorEventHandlerNonNull.js:24:28[90m)[39m
@baci/web:test:     at HTMLScriptElement.<anonymous> [90m(/app/apps/web/[39mnode_modules/[4mjsdom[24m/lib/jsdom/living/helpers/create-event-accessor.js:36:32[90m)[39m
@baci/web:test:     at innerInvokeEventListeners [90m(/app/apps/web/[39mnode_modules/[4mjsdom[24m/lib/jsdom/living/events/EventTarget-impl.js:360:16[90m)[39m
@baci/web:test:     at invokeEventListeners [90m(/app/apps/web/[39mnode_modules/[4mjsdom[24m/lib/jsdom/living/events/EventTarget-impl.js:296:3[90m)[39m
@baci/web:test:     at HTMLScriptElementImpl._dispatch [90m(/app/apps/web/[39mnode_modules/[4mjsdom[24m/lib/jsdom/living/events/EventTarget-impl.js:243:9[90m)[39m
@baci/web:test:     at HTMLScriptElementImpl.dispatchEvent [90m(/app/apps/web/[39mnode_modules/[4mjsdom[24m/lib/jsdom/living/events/EventTarget-impl.js:114:17[90m)[39m
@baci/web:test:     at HTMLScriptElement.dispatchEvent [90m(/app/apps/web/[39mnode_modules/[4mjsdom[24m/lib/jsdom/living/generated/EventTarget.js:241:34[90m)[39m
@baci/web:test:     at HTMLHeadElement.<anonymous> [90m(/app/apps/web/[39msrc/lib/credit-direct-client.test.ts:63:14[90m)[39m
@baci/web:test:     at HTMLHeadElement.appendChild [90m(file:///app/apps/web/[39mnode_modules/[4m@vitest/spy[24m/dist/index.js:285:34[90m)[39m
@baci/web:test:
@baci/web:test: [90mstdout[2m | src/lib/credit-direct-client.test.ts[2m > [22m[2mopenCreditDirectCheckout[2m > [22m[2mdoes not report cancellation after Credit Direct emits success then closes
@baci/web:test: [22m[39mInitializing Credit Direct Connect with: {
@baci/web:test:   publicKey: [32m'Present'[39m,
@baci/web:test:   signature: [32m'Present'[39m,
@baci/web:test:   sessionId: [32m'session-123'[39m,
@baci/web:test:   isLive: [33mtrue[39m
@baci/web:test: }
@baci/web:test: Credit Direct checkout success
@baci/web:test: Credit Direct checkout closed after completion
@baci/web:test:
@baci/web:test: [90mstdout[2m | src/lib/credit-direct-client.test.ts[2m > [22m[2mopenCreditDirectCheckout[2m > [22m[2mfalls back to the signed session id when success has no transaction id
@baci/web:test: [22m[39mInitializing Credit Direct Connect with: {
@baci/web:test:   publicKey: [32m'Present'[39m,
@baci/web:test:   signature: [32m'Present'[39m,
@baci/web:test:   sessionId: [32m'session-123'[39m,
@baci/web:test:   isLive: [33mtrue[39m
@baci/web:test: }
@baci/web:test: Credit Direct checkout success
@baci/web:test:
@baci/web:test: [90mstdout[2m | src/lib/credit-direct-client.test.ts[2m > [22m[2mopenCreditDirectCheckout[2m > [22m[2mreports cancellation when Credit Direct closes before success
@baci/web:test: [22m[39mInitializing Credit Direct Connect with: {
@baci/web:test:   publicKey: [32m'Present'[39m,
@baci/web:test:   signature: [32m'Present'[39m,
@baci/web:test:   sessionId: [32m'session-123'[39m,
@baci/web:test:   isLive: [33mtrue[39m
@baci/web:test: }
@baci/web:test: Credit Direct checkout closed
@baci/web:test:
@baci/web:test: [90mstdout[2m | src/lib/credit-direct-client.test.ts[2m > [22m[2mopenCreditDirectCheckout[2m > [22m[2mreports popup transaction ids from the Credit Direct SDK
@baci/web:test: [22m[39mInitializing Credit Direct Connect with: {
@baci/web:test:   publicKey: [32m'Present'[39m,
@baci/web:test:   signature: [32m'Present'[39m,
@baci/web:test:   sessionId: [32m'session-123'[39m,
@baci/web:test:   isLive: [33mtrue[39m
@baci/web:test: }
@baci/web:test: Credit Direct popup opened: cd-popup-transaction-1
@baci/web:test:
@baci/web:test: [90mstdout[2m | src/lib/credit-direct-client.test.ts[2m > [22m[2mopenCreditDirectCheckout[2m > [22m[2mignores popup events without a transaction id
@baci/web:test: [22m[39mInitializing Credit Direct Connect with: {
@baci/web:test:   publicKey: [32m'Present'[39m,
@baci/web:test:   signature: [32m'Present'[39m,
@baci/web:test:   sessionId: [32m'session-123'[39m,
@baci/web:test:   isLive: [33mtrue[39m
@baci/web:test: }
@baci/web:test: Credit Direct popup opened: No ID returned
@baci/web:test:
@baci/web:test:  [32m✓[39m src/lib/credit-direct-client.test.ts [2m([22m[2m7 tests[22m[2m)[22m[32m 38[2mms[22m[39m
@baci/web:test:  [32m✓[39m src/app/api/storefront/customer/savings/auto-debit/confirm/route.test.ts [2m([22m[2m6 tests[22m[2m)[22m[32m 29[2mms[22m[39m
@baci/web:test:  [32m✓[39m src/components/products/jumia-price-form.test.tsx [2m([22m[2m8 tests[22m[2m)[22m[33m 416[2mms[22m[39m
@baci/web:test:  [32m✓[39m src/lib/llms-markdown-blog/build-blog-post-markdown.test.ts [2m([22m[2m7 tests[22m[2m)[22m[32m 8[2mms[22m[39m
@baci/web:test:  [32m✓[39m src/lib/customer-savings-paystack-webhook.validation.test.ts [2m([22m[2m4 tests[22m[2m)[22m[32m 8[2mms[22m[39m
@baci/web:test:  [32m✓[39m src/components/dashboard/integrations/agent-commerce-controls-card.test.tsx [2m([22m[2m6 tests[22m[2m)[22m[33m 891[2mms[22m[39m
@baci/web:test:      [33m[2m✓[22m[39m saves allowlist and denylist patterns without losing unrelated custom settings [33m 321[2mms[22m[39m
@baci/web:test:  [32m✓[39m src/lib/agentic/checkout-storage.test.ts [2m([22m[2m5 tests[22m[2m)[22m[32m 11[2mms[22m[39m
@baci/web:test:  [32m✓[39m src/components/storefront/ogabassey/pages/home.test.tsx [2m([22m[2m5 tests[22m[2m)[22m[32m 72[2mms[22m[39m
@baci/web:test:  [32m✓[39m src/app/api/admin/push/test/route.test.ts [2m([22m[2m7 tests[22m[2m)[22m[32m 28[2mms[22m[39m
@baci/web:test: [90mstderr[2m | src/hooks/use-integration-settings.test.ts[2m > [22m[2museIntegrationSettings[2m > [22m[2mfetches settings on mount when merchant is available
@baci/web:test: [22m[39mFailed to fetch settings for Facebook : TypeError: Cannot read properties of undefined (reading 'ok')
@baci/web:test:     at fetchSettings [90m(/app/apps/web/[39msrc/hooks/use-integration-settings.ts:57:22[90m)[39m
@baci/web:test:
@baci/web:test: [90mstderr[2m | src/hooks/use-integration-settings.test.ts[2m > [22m[2museIntegrationSettings[2m > [22m[2mhandles fetch failure gracefully
@baci/web:test: [22m[39mFailed to fetch settings for Test : Error: Network error
@baci/web:test:     at [90m/app/apps/web/[39msrc/hooks/use-integration-settings.test.ts:50:44
@baci/web:test:     at [90mfile:///app/apps/web/[39mnode_modules/[4m@vitest/runner[24m/dist/index.js:145:11
@baci/web:test:     at [90mfile:///app/apps/web/[39mnode_modules/[4m@vitest/runner[24m/dist/index.js:915:26
@baci/web:test:     at [90mfile:///app/apps/web/[39mnode_modules/[4m@vitest/runner[24m/dist/index.js:1243:20
@baci/web:test:     at new Promise (<anonymous>)
@baci/web:test:     at runWithTimeout [90m(file:///app/apps/web/[39mnode_modules/[4m@vitest/runner[24m/dist/index.js:1209:10[90m)[39m
@baci/web:test:     at [90mfile:///app/apps/web/[39mnode_modules/[4m@vitest/runner[24m/dist/index.js:1653:37
@baci/web:test:     at Traces.$ [90m(file:///app/apps/web/[39mnode_modules/[4mvitest[24m/dist/chunks/traces.CCmnQaNT.js:142:27[90m)[39m
@baci/web:test:     at trace [90m(file:///app/apps/web/[39mnode_modules/[4mvitest[24m/dist/chunks/test.B8ej_ZHS.js:239:21[90m)[39m
@baci/web:test:     at runTest [90m(file:///app/apps/web/[39mnode_modules/[4m@vitest/runner[24m/dist/index.js:1653:12[90m)[39m
@baci/web:test:
@baci/web:test: [90mstderr[2m | src/hooks/use-integration-settings.test.ts[2m > [22m[2museIntegrationSettings[2m > [22m[2mhandles fetch failure gracefully
@baci/web:test: [22m[39mFailed to fetch settings for Test : TypeError: Cannot read properties of undefined (reading 'ok')
@baci/web:test:     at fetchSettings [90m(/app/apps/web/[39msrc/hooks/use-integration-settings.ts:57:22[90m)[39m
@baci/web:test:
@baci/web:test: [90mstderr[2m | src/hooks/use-integration-settings.test.ts[2m > [22m[2museIntegrationSettings[2m > [22m[2mreports hasMerchant as true when merchant exists
@baci/web:test: [22m[39mAn update to TestComponent inside a test was not wrapped in act(...).
@baci/web:test:
@baci/web:test: When testing, code that causes React state updates should be wrapped into act(...):
@baci/web:test:
@baci/web:test: act(() => {
@baci/web:test:   /* fire events that update state */
@baci/web:test: });
@baci/web:test: /* assert on the output */
@baci/web:test:
@baci/web:test: This ensures that you're testing the behavior the user would see in the browser. Learn more at https://react.dev/link/wrap-tests-with-act
@baci/web:test: An update to TestComponent inside a test was not wrapped in act(...).
@baci/web:test:
@baci/web:test: When testing, code that causes React state updates should be wrapped into act(...):
@baci/web:test:
@baci/web:test: act(() => {
@baci/web:test:   /* fire events that update state */
@baci/web:test: });
@baci/web:test: /* assert on the output */
@baci/web:test:
@baci/web:test: This ensures that you're testing the behavior the user would see in the browser. Learn more at https://react.dev/link/wrap-tests-with-act
@baci/web:test:
@baci/web:test: [90mstderr[2m | src/hooks/use-integration-settings.test.ts[2m > [22m[2museIntegrationSettings[2m > [22m[2mshows the error toast and rethrows when saving settings fails
@baci/web:test: [22m[39mFailed to save settings for Facebook : Error: Failed to save settings
@baci/web:test:     at Object.saveSettings [90m(/app/apps/web/[39msrc/hooks/use-integration-settings.ts:88:15[90m)[39m
@baci/web:test:     at [90m/app/apps/web/[39msrc/hooks/use-integration-settings.test.ts:140:9
@baci/web:test:
@baci/web:test:  [32m✓[39m src/hooks/use-integration-settings.test.ts [2m([22m[2m5 tests[22m[2m)[22m[32m 261[2mms[22m[39m
@baci/web:test:  [32m✓[39m src/ai/chat-tools.test.ts [2m([22m[2m19 tests[22m[2m)[22m[32m 16[2mms[22m[39m
@baci/web:test: [90mstderr[2m | src/app/api/ai/grade-device/route.test.ts[2m > [22m[2mPOST /api/ai/grade-device[2m > [22m[2mreturns 500 when formData parsing throws
@baci/web:test: [22m[39mGrade Device Error: Error: Malformed multipart
@baci/web:test:     at [90m/app/apps/web/[39msrc/app/api/ai/grade-device/route.test.ts:113:43
@baci/web:test:     at [90mfile:///app/apps/web/[39mnode_modules/[4m@vitest/runner[24m/dist/index.js:145:11
@baci/web:test:     at [90mfile:///app/apps/web/[39mnode_modules/[4m@vitest/runner[24m/dist/index.js:915:26
@baci/web:test:     at [90mfile:///app/apps/web/[39mnode_modules/[4m@vitest/runner[24m/dist/index.js:1243:20
@baci/web:test:     at new Promise (<anonymous>)
@baci/web:test:     at runWithTimeout [90m(file:///app/apps/web/[39mnode_modules/[4m@vitest/runner[24m/dist/index.js:1209:10[90m)[39m
@baci/web:test:     at [90mfile:///app/apps/web/[39mnode_modules/[4m@vitest/runner[24m/dist/index.js:1653:37
@baci/web:test:     at Traces.$ [90m(file:///app/apps/web/[39mnode_modules/[4mvitest[24m/dist/chunks/traces.CCmnQaNT.js:142:27[90m)[39m
@baci/web:test:     at trace [90m(file:///app/apps/web/[39mnode_modules/[4mvitest[24m/dist/chunks/test.B8ej_ZHS.js:239:21[90m)[39m
@baci/web:test:     at runTest [90m(file:///app/apps/web/[39mnode_modules/[4m@vitest/runner[24m/dist/index.js:1653:12[90m)[39m
@baci/web:test:
@baci/web:test:  [32m✓[39m src/app/api/ai/grade-device/route.test.ts [2m([22m[2m4 tests[22m[2m)[22m[32m 31[2mms[22m[39m
@baci/web:test:  [32m✓[39m src/schemas/record-payment.test.ts [2m([22m[2m15 tests[22m[2m)[22m[32m 14[2mms[22m[39m
@baci/web:test: [90mstderr[2m | src/app/api/staff/accept-invite/route.test.ts[2m > [22m[2mGET /api/staff/accept-invite[2m > [22m[2mreturns 500 when the invitation preview RPC fails
@baci/web:test: [22m[39mValidate invitation RPC error: {
@baci/web:test:   message: [32m'function public.get_staff_invite_preview(text) does not exist'[39m
@baci/web:test: }
@baci/web:test:
@baci/web:test:  [32m✓[39m src/app/api/staff/accept-invite/route.test.ts [2m([22m[2m7 tests[22m[2m)[22m[32m 40[2mms[22m[39m
@baci/web:test:  [32m✓[39m src/lib/juicyway/client.test.ts [2m([22m[2m7 tests[22m[2m)[22m[32m 21[2mms[22m[39m
@baci/web:test:  [32m✓[39m src/lib/storefront-trust/enrich-merchant-review-authority.test.ts [2m([22m[2m5 tests[22m[2m)[22m[32m 11[2mms[22m[39m
@baci/web:test:  [32m✓[39m src/components/storefront/ogabassey/pages/product-details-page/product-media-gallery.test.tsx [2m([22m[2m4 tests[22m[2m)[22m[33m 314[2mms[22m[39m
@baci/web:test:  [32m✓[39m src/lib/ai-storefront/process-storefront-layout-job.test.ts [2m([22m[2m3 tests[22m[2m)[22m[32m 21[2mms[22m[39m
@baci/web:test:  [32m✓[39m src/app/(storefront)/ogabassey/ogabassey-pdp-product-resource-hints.test.ts [2m([22m[2m6 tests[22m[2m)[22m[32m 29[2mms[22m[39m
@baci/web:test:  [32m✓[39m src/lib/agentic/agent-request-controls.test.ts [2m([22m[2m12 tests[22m[2m)[22m[32m 19[2mms[22m[39m
@baci/web:test:  [32m✓[39m src/app/feeds/facebook.xml/route.test.ts [2m([22m[2m4 tests[22m[2m)[22m[32m 203[2mms[22m[39m
@baci/web:test:  [32m✓[39m src/schemas/openai-feed-query.test.ts [2m([22m[2m15 tests[22m[2m)[22m[32m 32[2mms[22m[39m
@baci/web:test:  [32m✓[39m src/lib/google-places-reviews.test.ts [2m([22m[2m5 tests[22m[2m)[22m[32m 22[2mms[22m[39m
@baci/web:test:  [32m✓[39m src/lib/imports/bumpa/build-bumpa-product-preview.test.ts [2m([22m[2m8 tests[22m[2m)[22m[32m 19[2mms[22m[39m
@baci/web:test:  [32m✓[39m src/app/(storefront)/[slug]/sitemap.test.ts [2m([22m[2m4 tests[22m[2m)[22m[32m 33[2mms[22m[39m
@baci/web:test: Not implemented: Window's scrollTo() method
@baci/web:test: [90mstderr[2m | src/components/storefront/ogabassey/pages/cart-page.test.tsx[2m > [22m[2mCartPage[2m > [22m[2mrenders cart items
@baci/web:test: [22m[39mReceived `true` for a non-boolean attribute `fill`.
@baci/web:test:
@baci/web:test: If you want to write it to the DOM, pass a string instead: fill="true" or fill={value.toString()}.
@baci/web:test:
@baci/web:test: Not implemented: Window's scrollTo() method
@baci/web:test:  [32m✓[39m src/app/api/agentic/catalog/search/route.test.ts [2m([22m[2m4 tests[22m[2m)[22m[32m 201[2mms[22m[39m
@baci/web:test: Not implemented: Window's scrollTo() method
@baci/web:test:  [32m✓[39m src/lib/storefront-agent-availability.mocked.test.ts [2m([22m[2m7 tests[22m[2m)[22m[32m 20[2mms[22m[39m
@baci/web:test: Not implemented: Window's scrollTo() method
@baci/web:test: Not implemented: Window's scrollTo() method
@baci/web:test:  [32m✓[39m src/components/storefront/ogabassey/pages/cart-page.test.tsx [2m([22m[2m5 tests[22m[2m)[22m[33m 822[2mms[22m[39m
@baci/web:test:  [32m✓[39m src/lib/payments/financial-consistency.test.ts [2m([22m[2m9 tests[22m[2m)[22m[32m 8[2mms[22m[39m
@baci/web:test:  [32m✓[39m src/lib/sanitize.test.ts [2m([22m[2m13 tests[22m[2m)[22m[32m 38[2mms[22m[39m
@baci/web:test:  [32m✓[39m src/ai/flows/guide-business-onboarding.test.ts [2m([22m[2m5 tests[22m[2m)[22m[32m 18[2mms[22m[39m
@baci/web:test: [90mstderr[2m | src/app/api/cron/cleanup-push-tokens/route.test.ts[2m > [22m[2mGET /api/cron/cleanup-push-tokens[2m > [22m[2mreturns 500 when RPC fails
@baci/web:test: [22m[39mStale tokens cleanup failed: { message: [32m'function not found'[39m }
@baci/web:test:
@baci/web:test: [90mstderr[2m | src/app/api/cron/cleanup-push-tokens/route.test.ts[2m > [22m[2mGET /api/cron/cleanup-push-tokens[2m > [22m[2mreturns both RPC error messages when both cleanup calls fail
@baci/web:test: [22m[39mStale tokens cleanup failed: { message: [32m'stale failed'[39m }
@baci/web:test: Old attempts cleanup failed: { message: [32m'attempts failed'[39m }
@baci/web:test:
@baci/web:test:  [32m✓[39m src/app/api/cron/cleanup-push-tokens/route.test.ts [2m([22m[2m7 tests[22m[2m)[22m[32m 36[2mms[22m[39m
@baci/web:test:  [32m✓[39m src/lib/edge-config-sync.test.ts [2m([22m[2m7 tests[22m[2m)[22m[32m 18[2mms[22m[39m
@baci/web:test:  [32m✓[39m src/lib/agentic/ucp-discovery-profile-payment.test.ts [2m([22m[2m3 tests[22m[2m)[22m[32m 11[2mms[22m[39m
@baci/web:test:  [32m✓[39m src/components/checkout-theme-provider.test.tsx [2m([22m[2m5 tests[22m[2m)[22m[32m 97[2mms[22m[39m
@baci/web:test:  [32m✓[39m src/lib/agentic/ucp-shopping-profile.test.ts [2m([22m[2m2 tests[22m[2m)[22m[32m 6[2mms[22m[39m
@baci/web:test:  [32m✓[39m src/lib/merchant-analytics-queries.test.ts [2m([22m[2m3 tests[22m[2m)[22m[32m 17[2mms[22m[39m
@baci/web:test:  [32m✓[39m src/components/storefront/ogabassey/components/ProductGridItemChrome.test.tsx [2m([22m[2m3 tests[22m[2m)[22m[33m 397[2mms[22m[39m
@baci/web:test: Not implemented: Window's scrollTo() method
@baci/web:test: Not implemented: Window's scrollTo() method
@baci/web:test:  [32m✓[39m src/app/api/paystack/virtual-terminal/[code]/route.test.ts [2m([22m[2m3 tests[22m[2m)[22m[32m 18[2mms[22m[39m
@baci/web:test: Not implemented: Window's scrollTo() method
@baci/web:test: Not implemented: Window's scrollTo() method
@baci/web:test: Not implemented: Window's scrollTo() method
@baci/web:test:  [32m✓[39m src/app/api/feed/facebook/feed-service.test.ts [2m([22m[2m4 tests[22m[2m)[22m[32m 12[2mms[22m[39m
@baci/web:test:  [32m✓[39m src/components/storefront/ogabassey/pages/cart.test.tsx [2m([22m[2m5 tests[22m[2m)[22m[33m 613[2mms[22m[39m
@baci/web:test:  [32m✓[39m src/lib/customer-saved-payment-methods.test.ts [2m([22m[2m5 tests[22m[2m)[22m[32m 12[2mms[22m[39m
@baci/web:test:  [32m✓[39m src/app/(storefront)/[slug]/(catalog)/(listing)/products/product-index-card.test.tsx [2m([22m[2m8 tests[22m[2m)[22m[32m 276[2mms[22m[39m
@baci/web:test:  [32m✓[39m src/app/dashboard/settings/kyc/cac-ui.test.tsx [2m([22m[2m10 tests[22m[2m)[22m[33m 441[2mms[22m[39m
@baci/web:test:  [32m✓[39m src/schemas/agent-commerce-public-product-parity.test.ts [2m([22m[2m4 tests[22m[2m)[22m[32m 12[2mms[22m[39m
@baci/web:test:  [32m✓[39m src/app/api/vtu/purchase/route.test.ts [2m([22m[2m5 tests[22m[2m)[22m[32m 27[2mms[22m[39m
@baci/web:test:  [32m✓[39m src/app/admin/merchants/[merchantId]/merchant-user-rows.test.tsx [2m([22m[2m4 tests[22m[2m)[22m[33m 608[2mms[22m[39m
@baci/web:test:      [33m[2m✓[22m[39m renders users across web and app surfaces [33m 411[2mms[22m[39m
@baci/web:test:  [32m✓[39m src/components/storefront/trust/trust-policy-page-client.test.tsx [2m([22m[2m4 tests[22m[2m)[22m[33m 333[2mms[22m[39m
@baci/web:test:  [32m✓[39m src/components/storefront/ogabassey/components/utility/bill-item-selection.test.ts [2m([22m[2m10 tests[22m[2m)[22m[32m 9[2mms[22m[39m
@baci/web:test:  [32m✓[39m src/components/storefront/price-range-products.test.tsx [2m([22m[2m1 test[22m[2m)[22m[32m 77[2mms[22m[39m
@baci/web:test:  [32m✓[39m src/components/storefront/ogabassey/pdp/critical-cart-product.test.ts [2m([22m[2m4 tests[22m[2m)[22m[32m 7[2mms[22m[39m
@baci/web:test:  [32m✓[39m src/app/.well-known/acp.json/route.test.ts [2m([22m[2m4 tests[22m[2m)[22m[32m 270[2mms[22m[39m
@baci/web:test:  [32m✓[39m src/app/sitemap.test.ts [2m([22m[2m4 tests[22m[2m)[22m[32m 49[2mms[22m[39m
@baci/web:test:  [32m✓[39m src/app/(platform)/blog/[slug]/page.test.tsx [2m([22m[2m3 tests[22m[2m)[22m[32m 289[2mms[22m[39m
@baci/web:test: [90mstderr[2m | src/app/admin/blog/page.test.tsx[2m > [22m[2m/admin/blog page[2m > [22m[2mpasses an error message when the server query fails
@baci/web:test: [22m[39mFailed to load platform blog posts: { message: [32m'boom'[39m }
@baci/web:test:
@baci/web:test:  [32m✓[39m src/app/admin/blog/page.test.tsx [2m([22m[2m5 tests[22m[2m)[22m[32m 62[2mms[22m[39m
@baci/web:test:  [32m✓[39m src/app/(platform)/blog/[slug]/opengraph-image-data.test.ts [2m([22m[2m3 tests[22m[2m)[22m[32m 28[2mms[22m[39m
@baci/web:test:  [32m✓[39m src/app/dashboard/orders/order-card.test.tsx [2m([22m[2m7 tests[22m[2m)[22m[33m 770[2mms[22m[39m
@baci/web:test:  [32m✓[39m src/app/dashboard/orders/order-source-icon.test.tsx [2m([22m[2m14 tests[22m[2m)[22m[33m 446[2mms[22m[39m
@baci/web:test: [90mstderr[2m | src/app/api/storefront/imei-check/sickw-client.test.ts[2m > [22m[2msickwClient[2m > [22m[2mmaps upstream request failures to service unavailable
@baci/web:test: [22m[39m[IMEI Check] SICKW request failed: timeout
@baci/web:test:
@baci/web:test: [90mstderr[2m | src/app/api/storefront/imei-check/sickw-client.test.ts[2m > [22m[2msickwClient[2m > [22m[2mmaps non-OK upstream responses to service unavailable
@baci/web:test: [22m[39m[IMEI Check] SICKW API error: [33m502[39m Bad Gateway
@baci/web:test:
@baci/web:test:  [32m✓[39m src/app/api/storefront/imei-check/sickw-client.test.ts [2m([22m[2m7 tests[22m[2m)[22m[32m 24[2mms[22m[39m
@baci/web:test:  [32m✓[39m src/lib/jumia/order-sync-state.test.ts [2m([22m[2m21 tests[22m[2m)[22m[32m 11[2mms[22m[39m
@baci/web:test:  [32m✓[39m src/app/dashboard/auth-guard.test.tsx [2m([22m[2m4 tests[22m[2m)[22m[32m 203[2mms[22m[39m
@baci/web:test:  [32m✓[39m src/templates/registry.test.tsx [2m([22m[2m3 tests[22m[2m)[22m[33m 351[2mms[22m[39m
@baci/web:test:  [32m✓[39m src/app/api/cron/customer-savings/charge-due/route.test.ts [2m([22m[2m5 tests[22m[2m)[22m[32m 23[2mms[22m[39m
@baci/web:test:  [32m✓[39m src/app/api/builder/gemini/route-provider-errors.test.ts [2m([22m[2m7 tests[22m[2m)[22m[32m 23[2mms[22m[39m
@baci/web:test:  [32m✓[39m src/lib/quiz-integrity-verify.test.ts [2m([22m[2m6 tests[22m[2m)[22m[32m 13[2mms[22m[39m
@baci/web:test:  [32m✓[39m src/lib/storefront-agent-availability.test.ts [2m([22m[2m13 tests[22m[2m)[22m[32m 11[2mms[22m[39m
@baci/web:test:  [32m✓[39m src/app/(storefront)/[slug]/(customer)/account/page.test.tsx [2m([22m[2m4 tests[22m[2m)[22m[33m 571[2mms[22m[39m
@baci/web:test:      [33m[2m✓[22m[39m includes a receipts and invoices quick link [33m 515[2mms[22m[39m
@baci/web:test:  [32m✓[39m src/app/api/chat/route-helpers.test.ts [2m([22m[2m11 tests[22m[2m)[22m[32m 19[2mms[22m[39m
@baci/web:test:  [32m✓[39m src/app/api/agentic/checkout-sessions/[id]/route.test.ts [2m([22m[2m4 tests[22m[2m)[22m[32m 119[2mms[22m[39m
@baci/web:test:  [32m✓[39m src/lib/platform-admin-auth.test.ts [2m([22m[2m6 tests[22m[2m)[22m[32m 12[2mms[22m[39m
@baci/web:test:  [32m✓[39m src/lib/negotiation-notifications.test.ts [2m([22m[2m8 tests[22m[2m)[22m[32m 35[2mms[22m[39m
@baci/web:test:  [32m✓[39m src/lib/agentic/checkout-pay-on-delivery-compensation.test.ts [2m([22m[2m5 tests[22m[2m)[22m[32m 13[2mms[22m[39m
@baci/web:test:  [32m✓[39m src/components/storefront/ogabassey/pages/checkout/hooks/use-order-totals.test.ts [2m([22m[2m6 tests[22m[2m)[22m[33m 370[2mms[22m[39m
@baci/web:test:  [32m✓[39m src/lib/storefront-product-href.test.ts [2m([22m[2m9 tests[22m[2m)[22m[32m 9[2mms[22m[39m
@baci/web:test: [90mstderr[2m | src/lib/vtu-loyalty-points-award.test.ts[2m > [22m[2mawardVtuAirtimeLoyaltyPoints[2m > [22m[2mdoes not mark metadata awarded when the RPC returns success false
@baci/web:test: [22m[39mVTU airtime loyalty points award was rejected: {
@baci/web:test:   error: [32m'VTU transaction not found'[39m,
@baci/web:test:   points: [33m5[39m,
@baci/web:test:   transactionId: [32m'vtu-1'[39m
@baci/web:test: }
@baci/web:test:
@baci/web:test: [90mstderr[2m | src/lib/vtu-loyalty-points-award.test.ts[2m > [22m[2mawardVtuAirtimeLoyaltyPoints[2m > [22m[2mdoes not mark metadata awarded when the award RPC errors
@baci/web:test: [22m[39mFailed to award VTU airtime loyalty points: { error: [32m'timeout'[39m, points: [33m5[39m, transactionId: [32m'vtu-1'[39m }
@baci/web:test:
@baci/web:test:  [32m✓[39m src/lib/vtu-loyalty-points-award.test.ts [2m([22m[2m5 tests[22m[2m)[22m[32m 13[2mms[22m[39m
@baci/web:test:  [32m✓[39m src/app/api/import-jobs/[jobId]/route.test.ts [2m([22m[2m6 tests[22m[2m)[22m[32m 24[2mms[22m[39m
@baci/web:test: (node:111630) [DEP0040] DeprecationWarning: The `punycode` module is deprecated. Please use a userland alternative instead.
@baci/web:test: (Use `node --trace-deprecation ...` to show where the warning was created)
@baci/web:test: [90mstdout[2m | src/scripts/reconcile-paystack-dva-exit-code.test.ts[2m > [22m[2mrunReconcilePaystackDvaCli — outbox failure surfaces in exit code[2m > [22m[2mreturns non-zero when a non-Δ-31 step fails (paid_email, settlement, ad_tracking)
@baci/web:test: [22m[39m{
@baci/web:test:   "stage": "claim_paystack_paid_atomic",
@baci/web:test:   "report": {
@baci/web:test:     "canonical_order_id": "211bcf0e-0795-488f-aeeb-52c5b7a8b9ae",
@baci/web:test:     "reconciled_at": "2026-05-10T18:00:00Z",
@baci/web:test:     "already_completed": false,
@baci/web:test:     "order_already_paid": false,
@baci/web:test:     "txn_rows_updated": 1,
@baci/web:test:     "order_rows_updated": 1,
@baci/web:test:     "dup_orders_cancelled": 3,
@baci/web:test:     "dup_txns_cancelled": 3
@baci/web:test:   }
@baci/web:test: }
@baci/web:test:
@baci/web:test: [90mstdout[2m | src/scripts/reconcile-paystack-dva-exit-code.test.ts[2m > [22m[2mrunReconcilePaystackDvaCli — outbox failure surfaces in exit code[2m > [22m[2mreturns non-zero when a non-Δ-31 step fails (paid_email, settlement, ad_tracking)
@baci/web:test: [22m[39m{
@baci/web:test:   "stage": "apply_paid_order_side_effects",
@baci/web:test:   "result": {
@baci/web:test:     "ranSteps": [
@baci/web:test:       "paid_email"
@baci/web:test:     ],
@baci/web:test:     "skippedSteps": [],
@baci/web:test:     "failedSteps": [
@baci/web:test:       {
@baci/web:test:         "step": "merchant_settlement",
@baci/web:test:         "error": "rpc_timeout"
@baci/web:test:       }
@baci/web:test:     ],
@baci/web:test:     "concurrentTakeoverSteps": []
@baci/web:test:   }
@baci/web:test: }
@baci/web:test:
@baci/web:test: [90mstdout[2m | src/scripts/reconcile-paystack-dva-exit-code.test.ts[2m > [22m[2mrunReconcilePaystackDvaCli — outbox failure surfaces in exit code[2m > [22m[2mreturns 0 when only Δ-31 firs/loyalty failures remain (expected for incident order)
@baci/web:test: [22m[39m{
@baci/web:test:   "stage": "claim_paystack_paid_atomic",
@baci/web:test:   "report": {
@baci/web:test:     "canonical_order_id": "211bcf0e-0795-488f-aeeb-52c5b7a8b9ae",
@baci/web:test:     "reconciled_at": "2026-05-10T18:00:00Z",
@baci/web:test:     "already_completed": false,
@baci/web:test:     "order_already_paid": false,
@baci/web:test:     "txn_rows_updated": 1,
@baci/web:test:     "order_rows_updated": 1,
@baci/web:test:     "dup_orders_cancelled": 3,
@baci/web:test:     "dup_txns_cancelled": 3
@baci/web:test:   }
@baci/web:test: }
@baci/web:test:
@baci/web:test: [90mstdout[2m | src/scripts/reconcile-paystack-dva-exit-code.test.ts[2m > [22m[2mrunReconcilePaystackDvaCli — outbox failure surfaces in exit code[2m > [22m[2mreturns 0 when only Δ-31 firs/loyalty failures remain (expected for incident order)
@baci/web:test: [22m[39m{
@baci/web:test:   "stage": "apply_paid_order_side_effects",
@baci/web:test:   "result": {
@baci/web:test:     "ranSteps": [
@baci/web:test:       "paid_email",
@baci/web:test:       "ad_tracking_conversion",
@baci/web:test:       "merchant_settlement"
@baci/web:test:     ],
@baci/web:test:     "skippedSteps": [],
@baci/web:test:     "failedSteps": [
@baci/web:test:       {
@baci/web:test:         "step": "firs_invoice",
@baci/web:test:         "error": "financial_totals_inconsistent"
@baci/web:test:       },
@baci/web:test:       {
@baci/web:test:         "step": "loyalty_points",
@baci/web:test:         "error": "financial_totals_inconsistent"
@baci/web:test:       }
@baci/web:test:     ],
@baci/web:test:     "concurrentTakeoverSteps": []
@baci/web:test:   }
@baci/web:test: }
@baci/web:test:
@baci/web:test: [90mstdout[2m | src/scripts/reconcile-paystack-dva-exit-code.test.ts[2m > [22m[2mrunReconcilePaystackDvaCli — outbox failure surfaces in exit code[2m > [22m[2mreturns 1 when firs_invoice fails with a non-financial error (Δ-91 widening regression)
@baci/web:test: [22m[39m{
@baci/web:test:   "stage": "claim_paystack_paid_atomic",
@baci/web:test:   "report": {
@baci/web:test:     "canonical_order_id": "211bcf0e-0795-488f-aeeb-52c5b7a8b9ae",
@baci/web:test:     "reconciled_at": "2026-05-10T18:00:00Z",
@baci/web:test:     "already_completed": false,
@baci/web:test:     "order_already_paid": false,
@baci/web:test:     "txn_rows_updated": 1,
@baci/web:test:     "order_rows_updated": 1,
@baci/web:test:     "dup_orders_cancelled": 3,
@baci/web:test:     "dup_txns_cancelled": 3
@baci/web:test:   }
@baci/web:test: }
@baci/web:test:
@baci/web:test: [90mstdout[2m | src/scripts/reconcile-paystack-dva-exit-code.test.ts[2m > [22m[2mrunReconcilePaystackDvaCli — outbox failure surfaces in exit code[2m > [22m[2mreturns 1 when firs_invoice fails with a non-financial error (Δ-91 widening regression)
@baci/web:test: [22m[39m{
@baci/web:test:   "stage": "apply_paid_order_side_effects",
@baci/web:test:   "result": {
@baci/web:test:     "ranSteps": [
@baci/web:test:       "paid_email",
@baci/web:test:       "ad_tracking_conversion",
@baci/web:test:       "merchant_settlement"
@baci/web:test:     ],
@baci/web:test:     "skippedSteps": [],
@baci/web:test:     "failedSteps": [
@baci/web:test:       {
@baci/web:test:         "step": "firs_invoice",
@baci/web:test:         "error": "firs_api_timeout"
@baci/web:test:       }
@baci/web:test:     ],
@baci/web:test:     "concurrentTakeoverSteps": []
@baci/web:test:   }
@baci/web:test: }
@baci/web:test:
@baci/web:test: [90mstdout[2m | src/scripts/reconcile-paystack-dva-exit-code.test.ts[2m > [22m[2mrunReconcilePaystackDvaCli — outbox failure surfaces in exit code[2m > [22m[2mreturns 1 when a non-firs/loyalty step fails with financial_totals_inconsistent (Δ-91 widening regression)
@baci/web:test: [22m[39m{
@baci/web:test:   "stage": "claim_paystack_paid_atomic",
@baci/web:test:   "report": {
@baci/web:test:     "canonical_order_id": "211bcf0e-0795-488f-aeeb-52c5b7a8b9ae",
@baci/web:test:     "reconciled_at": "2026-05-10T18:00:00Z",
@baci/web:test:     "already_completed": false,
@baci/web:test:     "order_already_paid": false,
@baci/web:test:     "txn_rows_updated": 1,
@baci/web:test:     "order_rows_updated": 1,
@baci/web:test:     "dup_orders_cancelled": 3,
@baci/web:test:     "dup_txns_cancelled": 3
@baci/web:test:   }
@baci/web:test: }
@baci/web:test:
@baci/web:test: [90mstdout[2m | src/scripts/reconcile-paystack-dva-exit-code.test.ts[2m > [22m[2mrunReconcilePaystackDvaCli — outbox failure surfaces in exit code[2m > [22m[2mreturns 1 when a non-firs/loyalty step fails with financial_totals_inconsistent (Δ-91 widening regression)
@baci/web:test: [22m[39m{
@baci/web:test:   "stage": "apply_paid_order_side_effects",
@baci/web:test:   "result": {
@baci/web:test:     "ranSteps": [
@baci/web:test:       "paid_email",
@baci/web:test:       "ad_tracking_conversion"
@baci/web:test:     ],
@baci/web:test:     "skippedSteps": [],
@baci/web:test:     "failedSteps": [
@baci/web:test:       {
@baci/web:test:         "step": "merchant_settlement",
@baci/web:test:         "error": "financial_totals_inconsistent"
@baci/web:test:       }
@baci/web:test:     ],
@baci/web:test:     "concurrentTakeoverSteps": []
@baci/web:test:   }
@baci/web:test: }
@baci/web:test:
@baci/web:test:  [32m✓[39m src/scripts/reconcile-paystack-dva-exit-code.test.ts [2m([22m[2m4 tests[22m[2m)[22m[32m 14[2mms[22m[39m
@baci/web:test:  [32m✓[39m src/app/api/storefront/customer/savings/goals/route.get.test.ts [2m([22m[2m2 tests[22m[2m)[22m[32m 21[2mms[22m[39m
@baci/web:test:  [32m✓[39m src/app/admin/page.test.tsx [2m([22m[2m2 tests[22m[2m)[22m[33m 876[2mms[22m[39m
@baci/web:test:      [33m[2m✓[22m[39m uses CSRF-aware refresh requests for the admin analytics refresh action [33m 635[2mms[22m[39m
@baci/web:test:  [32m✓[39m src/lib/video-embed.test.ts [2m([22m[2m21 tests[22m[2m)[22m[32m 9[2mms[22m[39m
@baci/web:test:  [32m✓[39m src/lib/admin-analytics-breakdowns.test.ts [2m([22m[2m4 tests[22m[2m)[22m[32m 7[2mms[22m[39m
@baci/web:test:  [32m✓[39m src/lib/llms-markdown-blog/build-blog-index-markdown.test.ts [2m([22m[2m6 tests[22m[2m)[22m[32m 8[2mms[22m[39m
@baci/web:test:  [32m✓[39m src/app/api/integrations/google-merchant-center/readiness/route.test.ts [2m([22m[2m3 tests[22m[2m)[22m[32m 113[2mms[22m[39m
@baci/web:test:  [32m✓[39m src/app/(storefront)/[slug]/(customer)/receipts/load-archive-orders.test.ts [2m([22m[2m4 tests[22m[2m)[22m[32m 14[2mms[22m[39m
@baci/web:test:  [32m✓[39m src/app/admin/analytics/page.test.tsx [2m([22m[2m2 tests[22m[2m)[22m[33m 436[2mms[22m[39m
@baci/web:test:      [33m[2m✓[22m[39m renders real analytics payload data and order pipeline breakdowns [33m 327[2mms[22m[39m
@baci/web:test:  [32m✓[39m src/app/api/storefront/imei-check/migration-contract.test.ts [2m([22m[2m4 tests[22m[2m)[22m[32m 8[2mms[22m[39m
@baci/web:test:  [32m✓[39m src/lib/agentic/agent-commerce-trust-health-actions.test.ts [2m([22m[2m5 tests[22m[2m)[22m[32m 7[2mms[22m[39m
@baci/web:test:  [32m✓[39m src/app/api/paystack/virtual-terminal/[code]/destination/route.test.ts [2m([22m[2m2 tests[22m[2m)[22m[32m 18[2mms[22m[39m
@baci/web:test:  [32m✓[39m src/components/products/jumia-sync-settings.test.tsx [2m([22m[2m5 tests[22m[2m)[22m[33m 387[2mms[22m[39m
@baci/web:test:  [32m✓[39m src/components/storefront/ogabassey/pages/product-details-page/deferred-product-details-sections.test.tsx [2m([22m[2m2 tests[22m[2m)[22m[32m 279[2mms[22m[39m
@baci/web:test:  [32m✓[39m src/app/auth/confirm/route.test.ts [2m([22m[2m8 tests[22m[2m)[22m[32m 38[2mms[22m[39m
@baci/web:test: [90mstderr[2m | src/app/admin/blog/[id]/edit/page.test.tsx[2m > [22m[2m/admin/blog/[id]/edit page[2m > [22m[2mthrows a server error when lookup fails for non-404 reasons
@baci/web:test: [22m[39mFailed to load platform blog post for edit: { code: [32m'57014'[39m, message: [32m'statement timeout'[39m }
@baci/web:test:
@baci/web:test:  [32m✓[39m src/app/admin/blog/[id]/edit/page.test.tsx [2m([22m[2m5 tests[22m[2m)[22m[32m 51[2mms[22m[39m
@baci/web:test:  [32m✓[39m src/components/storefront/storefront-theme-provider.test.tsx [2m([22m[2m4 tests[22m[2m)[22m[32m 232[2mms[22m[39m
@baci/web:test:  [32m✓[39m src/lib/agentic/action-health-summary.test.ts [2m([22m[2m2 tests[22m[2m)[22m[32m 8[2mms[22m[39m
@baci/web:test:  [32m✓[39m src/lib/ai-storefront/ai-storefront-normalize-support.test.ts [2m([22m[2m6 tests[22m[2m)[22m[32m 17[2mms[22m[39m
@baci/web:test: [90mstderr[2m | src/app/(storefront)/[slug]/(commerce)/wallet/page.test.tsx[2m > [22m[2mWalletPage[2m > [22m[2mdoes not render a wrapper H1 in the initial synchronous output
@baci/web:test: [22m[39m<WalletContent> is an async Client Component. Only Server Components can be async at the moment. This error is often caused by accidentally adding `'use client'` to a module that was originally written for the server.
@baci/web:test:
@baci/web:test: [90mstderr[2m | src/app/(storefront)/[slug]/(commerce)/wallet/page.test.tsx[2m > [22m[2mWalletPage[2m > [22m[2mdoes not render a wrapper H1 in the initial synchronous output
@baci/web:test: [22m[39mA component suspended inside an `act` scope, but the `act` call was not awaited. When testing React components that depend on asynchronous data, you must await the result:
@baci/web:test:
@baci/web:test: await act(() => ...)
@baci/web:test:
@baci/web:test: [90mstderr[2m | src/app/(storefront)/[slug]/(commerce)/wallet/page.test.tsx[2m > [22m[2mWalletPage[2m > [22m[2mtriggers notFound when merchant does not exist
@baci/web:test: [22m[39mA suspended resource finished loading inside a test, but the event was not wrapped in act(...).
@baci/web:test:
@baci/web:test: When testing, code that resolves suspended data should be wrapped into act(...):
@baci/web:test:
@baci/web:test: act(() => {
@baci/web:test:   /* finish loading suspended data */
@baci/web:test: });
@baci/web:test: /* assert on the output */
@baci/web:test:
@baci/web:test: This ensures that you're testing the behavior the user would see in the browser. Learn more at https://react.dev/link/wrap-tests-with-act
@baci/web:test:
@baci/web:test:  [32m✓[39m src/schemas/storefront-account-document.test.ts [2m([22m[2m7 tests[22m[2m)[22m[32m 12[2mms[22m[39m
@baci/web:test: [90mstderr[2m | src/app/(storefront)/[slug]/(commerce)/wallet/page.test.tsx[2m > [22m[2mWalletPage[2m > [22m[2mdoes not call notFound for valid ogabassey merchant
@baci/web:test: [22m[39mA suspended resource finished loading inside a test, but the event was not wrapped in act(...).
@baci/web:test:
@baci/web:test: When testing, code that resolves suspended data should be wrapped into act(...):
@baci/web:test:
@baci/web:test: act(() => {
@baci/web:test:   /* finish loading suspended data */
@baci/web:test: });
@baci/web:test: /* assert on the output */
@baci/web:test:
@baci/web:test: This ensures that you're testing the behavior the user would see in the browser. Learn more at https://react.dev/link/wrap-tests-with-act
@baci/web:test:
@baci/web:test: [90mstderr[2m | src/app/(storefront)/[slug]/(commerce)/wallet/page.test.tsx[2m > [22m[2mWalletPage[2m > [22m[2mtriggers notFound for non-ogabassey template
@baci/web:test: [22m[39mA suspended resource finished loading inside a test, but the event was not wrapped in act(...).
@baci/web:test:
@baci/web:test: When testing, code that resolves suspended data should be wrapped into act(...):
@baci/web:test:
@baci/web:test: act(() => {
@baci/web:test:   /* finish loading suspended data */
@baci/web:test: });
@baci/web:test: /* assert on the output */
@baci/web:test:
@baci/web:test: This ensures that you're testing the behavior the user would see in the browser. Learn more at https://react.dev/link/wrap-tests-with-act
@baci/web:test:
@baci/web:test: [90mstderr[2m | src/app/(storefront)/[slug]/(commerce)/wallet/page.test.tsx[2m > [22m[2mWalletPage[2m > [22m[2mtriggers notFound for invalid slug
@baci/web:test: [22m[39mA suspended resource finished loading inside a test, but the event was not wrapped in act(...).
@baci/web:test:
@baci/web:test: When testing, code that resolves suspended data should be wrapped into act(...):
@baci/web:test:
@baci/web:test: act(() => {
@baci/web:test:   /* finish loading suspended data */
@baci/web:test: });
@baci/web:test: /* assert on the output */
@baci/web:test:
@baci/web:test: This ensures that you're testing the behavior the user would see in the browser. Learn more at https://react.dev/link/wrap-tests-with-act
@baci/web:test:
@baci/web:test:  [32m✓[39m src/app/(storefront)/[slug]/(commerce)/wallet/page.test.tsx [2m([22m[2m6 tests[22m[2m)[22m[32m 273[2mms[22m[39m
@baci/web:test:  [32m✓[39m src/components/storefront/ogabassey/components/UtilityPaymentMethodSelector.test.tsx [2m([22m[2m6 tests[22m[2m)[22m[33m 590[2mms[22m[39m
@baci/web:test:      [33m[2m✓[22m[39m selects wallet when a balance is available [33m 350[2mms[22m[39m
@baci/web:test: [90mstderr[2m | src/lib/agentic/request-replay.test.ts[2m > [22m[2mreserveAgenticRequestId[2m > [22m[2mfails closed when expired request record purge fails
@baci/web:test: [22m[39m[2026-05-28T17:01:08.141Z] [WARN] Failed to purge expired agentic request records {
@baci/web:test:   message: [32m'Failed to purge expired agentic request records'[39m,
@baci/web:test:   error: { code: [32m'PGRST000'[39m, message: [32m'database unavailable'[39m },
@baci/web:test:   merchantId: [32m'merchant-1'[39m
@baci/web:test: }
@baci/web:test:
@baci/web:test:  [32m✓[39m src/lib/agentic/request-replay.test.ts [2m([22m[2m5 tests[22m[2m)[22m[32m 15[2mms[22m[39m
@baci/web:test:  [32m✓[39m src/lib/payments/paystack-dva-order-alias.test.ts [2m([22m[2m6 tests[22m[2m)[22m[32m 11[2mms[22m[39m
@baci/web:test:  [32m✓[39m tools/seo/run-pagespeed.failures.test.ts [2m([22m[2m2 tests[22m[2m)[22m[32m 29[2mms[22m[39m
@baci/web:test:  [32m✓[39m src/app/dashboard/settings/security/security-form.test.tsx [2m([22m[2m4 tests[22m[2m)[22m[33m 836[2mms[22m[39m
@baci/web:test:      [33m[2m✓[22m[39m renders "Set Password" form for OAuth-only user [33m 718[2mms[22m[39m
@baci/web:test: [90mstderr[2m | src/app/api/storefront/customer/payment-methods/route.test.ts[2m > [22m[2mGET /api/storefront/customer/payment-methods[2m > [22m[2mreturns 400 for an invalid payment-methods query
@baci/web:test: [22m[39mInvalid payment methods query {
@baci/web:test:   formErrors: [],
@baci/web:test:   fieldErrors: { merchantSlug: [ [32m'Merchant slug or id is required'[39m ] }
@baci/web:test: }
@baci/web:test:
@baci/web:test:  [32m✓[39m src/app/admin/admin-shell.test.tsx [2m([22m[2m2 tests[22m[2m)[22m[33m 729[2mms[22m[39m
@baci/web:test:      [33m[2m✓[22m[39m renders admin navigation, account identity, and page content [33m 623[2mms[22m[39m
@baci/web:test: [90mstderr[2m | src/app/api/storefront/customer/payment-methods/route.test.ts[2m > [22m[2mGET /api/storefront/customer/payment-methods[2m > [22m[2mreturns 500 when saved payment method lookup fails
@baci/web:test: [22m[39mFailed to fetch storefront customer payment methods Error: payment methods unavailable
@baci/web:test:     at [90m/app/apps/web/[39msrc/app/api/storefront/customer/payment-methods/route.test.ts:113:7
@baci/web:test:     at [90mfile:///app/apps/web/[39mnode_modules/[4m@vitest/runner[24m/dist/index.js:145:11
@baci/web:test:     at [90mfile:///app/apps/web/[39mnode_modules/[4m@vitest/runner[24m/dist/index.js:915:26
@baci/web:test:     at [90mfile:///app/apps/web/[39mnode_modules/[4m@vitest/runner[24m/dist/index.js:1243:20
@baci/web:test:     at new Promise (<anonymous>)
@baci/web:test:     at runWithTimeout [90m(file:///app/apps/web/[39mnode_modules/[4m@vitest/runner[24m/dist/index.js:1209:10[90m)[39m
@baci/web:test:     at [90mfile:///app/apps/web/[39mnode_modules/[4m@vitest/runner[24m/dist/index.js:1653:37
@baci/web:test:     at Traces.$ [90m(file:///app/apps/web/[39mnode_modules/[4mvitest[24m/dist/chunks/traces.CCmnQaNT.js:142:27[90m)[39m
@baci/web:test:     at trace [90m(file:///app/apps/web/[39mnode_modules/[4mvitest[24m/dist/chunks/test.B8ej_ZHS.js:239:21[90m)[39m
@baci/web:test:     at runTest [90m(file:///app/apps/web/[39mnode_modules/[4m@vitest/runner[24m/dist/index.js:1653:12[90m)[39m
@baci/web:test:
@baci/web:test:  [32m✓[39m src/app/api/storefront/customer/payment-methods/route.test.ts [2m([22m[2m4 tests[22m[2m)[22m[32m 38[2mms[22m[39m
@baci/web:test:  [32m✓[39m src/components/storefront/ogabassey/pages/quiz.test.tsx [2m([22m[2m2 tests[22m[2m)[22m[33m 427[2mms[22m[39m
@baci/web:test:  [32m✓[39m src/lib/juicyway/webhook.test.ts [2m([22m[2m7 tests[22m[2m)[22m[32m 24[2mms[22m[39m
@baci/web:test: Not implemented: Window's scrollTo() method
@baci/web:test: Not implemented: Window's scrollTo() method
@baci/web:test: Not implemented: Window's scrollTo() method
@baci/web:test: Not implemented: Window's scrollTo() method
@baci/web:test: Not implemented: Window's scrollTo() method
@baci/web:test:  [32m✓[39m src/lib/kuda-voucher-token.test.ts [2m([22m[2m13 tests[22m[2m)[22m[32m 9[2mms[22m[39m
@baci/web:test: Not implemented: Window's scrollTo() method
@baci/web:test: Not implemented: Window's scrollTo() method
@baci/web:test:  [32m✓[39m src/components/storefront/ogabassey/pages/order-success-page.test.tsx [2m([22m[2m7 tests[22m[2m)[22m[33m 398[2mms[22m[39m
@baci/web:test:  [32m✓[39m src/lib/juicyway/utils.test.ts [2m([22m[2m24 tests[22m[2m)[22m[32m 58[2mms[22m[39m
@baci/web:test:  [32m✓[39m src/lib/import-jobs/kickoff-import-job.test.ts [2m([22m[2m5 tests[22m[2m)[22m[32m 14[2mms[22m[39m
@baci/web:test:  [32m✓[39m src/lib/agentic/agent-commerce-public-product-parity-streaming.test.ts [2m([22m[2m2 tests[22m[2m)[22m[32m 35[2mms[22m[39m
@baci/web:test:  [32m✓[39m src/lib/quiz-voucher-token.test.ts [2m([22m[2m9 tests[22m[2m)[22m[32m 13[2mms[22m[39m
@baci/web:test:  [32m✓[39m mcp-server/agentic-ucp-tools.test.ts [2m([22m[2m3 tests[22m[2m)[22m[32m 55[2mms[22m[39m
@baci/web:test:  [32m✓[39m src/app/(storefront)/ogabassey/ogabassey-pdp-product-lcp-skeleton.test.tsx [2m([22m[2m3 tests[22m[2m)[22m[32m 248[2mms[22m[39m
@baci/web:test:  [32m✓[39m src/lib/agentic/checkout-pay-on-delivery-payloads.test.ts [2m([22m[2m2 tests[22m[2m)[22m[32m 8[2mms[22m[39m
@baci/web:test:  [32m✓[39m src/app/dashboard/settings/trust/page.test.tsx [2m([22m[2m2 tests[22m[2m)[22m[32m 258[2mms[22m[39m
@baci/web:test:  [32m✓[39m src/lib/agentic/jwt-signing-material.test.ts [2m([22m[2m4 tests[22m[2m)[22m[32m 92[2mms[22m[39m
@baci/web:test:  [32m✓[39m src/lib/storefront-product-social-metadata.test.ts [2m([22m[2m5 tests[22m[2m)[22m[32m 11[2mms[22m[39m
@baci/web:test:  [32m✓[39m src/lib/auth-redirect.test.ts [2m([22m[2m13 tests[22m[2m)[22m[32m 9[2mms[22m[39m
@baci/web:test:  [32m✓[39m src/app/(storefront)/[slug]/customer-auth-layout.test.tsx [2m([22m[2m4 tests[22m[2m)[22m[32m 56[2mms[22m[39m
@baci/web:test:  [32m✓[39m src/app/(storefront)/[slug]/sitemap/[id].xml/route.test.ts [2m([22m[2m4 tests[22m[2m)[22m[32m 60[2mms[22m[39m
@baci/web:test:  [32m✓[39m src/app/(storefront)/[slug]/(content)/warranty/page.test.tsx [2m([22m[2m3 tests[22m[2m)[22m[33m 394[2mms[22m[39m
@baci/web:test:  [32m✓[39m src/components/storefront/ogabassey/components/Footer.test.tsx [2m([22m[2m4 tests[22m[2m)[22m[33m 748[2mms[22m[39m
@baci/web:test:      [33m[2m✓[22m[39m adds trust policy links to the support section when available [33m 470[2mms[22m[39m
@baci/web:test:  [32m✓[39m src/components/storefront/blocks/header.test.tsx [2m([22m[2m2 tests[22m[2m)[22m[32m 85[2mms[22m[39m
@baci/web:test:  [32m✓[39m src/app/(storefront)/[slug]/(customer)/account/orders/[orderId]/customer-order-details-content.test.tsx [2m([22m[2m3 tests[22m[2m)[22m[33m 595[2mms[22m[39m
@baci/web:test:      [33m[2m✓[22m[39m renders the invoice CTA before the receipt is eligible [33m 359[2mms[22m[39m
@baci/web:test:  [32m✓[39m src/lib/checkout/canonical-order-subtotal.test.ts [2m([22m[2m5 tests[22m[2m)[22m[32m 13[2mms[22m[39m
@baci/web:test:  [32m✓[39m src/app/admin/platform-performance-breakdowns.test.tsx [2m([22m[2m2 tests[22m[2m)[22m[32m 190[2mms[22m[39m
@baci/web:test:  [32m✓[39m src/app/(storefront)/[slug]/(content)/terms/page.test.tsx [2m([22m[2m4 tests[22m[2m)[22m[32m 12[2mms[22m[39m
@baci/web:test: [90mstderr[2m | src/components/jumia/jumia-express-panel.test.tsx[2m > [22m[2mJumiaExpressPanel[2m > [22m[2mrenders without crashing with required props
@baci/web:test: [22m[39mReceived `true` for a non-boolean attribute `fill`.
@baci/web:test:
@baci/web:test: If you want to write it to the DOM, pass a string instead: fill="true" or fill={value.toString()}.
@baci/web:test:
@baci/web:test:  [32m✓[39m src/components/jumia/jumia-express-panel.test.tsx [2m([22m[2m4 tests[22m[2m)[22m[32m 77[2mms[22m[39m
@baci/web:test: [90mstderr[2m | src/contexts/auth-context.test.tsx[2m > [22m[2mAuthProvider[2m > [22m[2mretains initialUser when getUser rejects so the UI stays signed in
@baci/web:test: [22m[39m[AuthProvider] Failed to initialize auth state Error: Network error
@baci/web:test:     at [90m/app/apps/web/[39msrc/contexts/auth-context.test.tsx:81:37
@baci/web:test:     at [90mfile:///app/apps/web/[39mnode_modules/[4m@vitest/runner[24m/dist/index.js:145:11
@baci/web:test:     at [90mfile:///app/apps/web/[39mnode_modules/[4m@vitest/runner[24m/dist/index.js:915:26
@baci/web:test:     at [90mfile:///app/apps/web/[39mnode_modules/[4m@vitest/runner[24m/dist/index.js:1243:20
@baci/web:test:     at new Promise (<anonymous>)
@baci/web:test:     at runWithTimeout [90m(file:///app/apps/web/[39mnode_modules/[4m@vitest/runner[24m/dist/index.js:1209:10[90m)[39m
@baci/web:test:     at [90mfile:///app/apps/web/[39mnode_modules/[4m@vitest/runner[24m/dist/index.js:1653:37
@baci/web:test:     at Traces.$ [90m(file:///app/apps/web/[39mnode_modules/[4mvitest[24m/dist/chunks/traces.CCmnQaNT.js:142:27[90m)[39m
@baci/web:test:     at trace [90m(file:///app/apps/web/[39mnode_modules/[4mvitest[24m/dist/chunks/test.B8ej_ZHS.js:239:21[90m)[39m
@baci/web:test:     at runTest [90m(file:///app/apps/web/[39mnode_modules/[4m@vitest/runner[24m/dist/index.js:1653:12[90m)[39m
@baci/web:test:
@baci/web:test: [90mstderr[2m | src/contexts/auth-context.test.tsx[2m > [22m[2mAuthProvider[2m > [22m[2mreflects user changes pushed by onAuthStateChange
@baci/web:test: [22m[39mAn update to AuthProvider inside a test was not wrapped in act(...).
@baci/web:test:
@baci/web:test: When testing, code that causes React state updates should be wrapped into act(...):
@baci/web:test:
@baci/web:test: act(() => {
@baci/web:test:   /* fire events that update state */
@baci/web:test: });
@baci/web:test: /* assert on the output */
@baci/web:test:
@baci/web:test: This ensures that you're testing the behavior the user would see in the browser. Learn more at https://react.dev/link/wrap-tests-with-act
@baci/web:test: An update to AuthProvider inside a test was not wrapped in act(...).
@baci/web:test:
@baci/web:test: When testing, code that causes React state updates should be wrapped into act(...):
@baci/web:test:
@baci/web:test: act(() => {
@baci/web:test:   /* fire events that update state */
@baci/web:test: });
@baci/web:test: /* assert on the output */
@baci/web:test:
@baci/web:test: This ensures that you're testing the behavior the user would see in the browser. Learn more at https://react.dev/link/wrap-tests-with-act
@baci/web:test:
@baci/web:test:  [32m✓[39m src/contexts/auth-context.test.tsx [2m([22m[2m5 tests[22m[2m)[22m[32m 96[2mms[22m[39m
@baci/web:test:  [32m✓[39m tools/seo/run-search-console-readiness.shared.test.ts [2m([22m[2m10 tests[22m[2m)[22m[32m 25[2mms[22m[39m
@baci/web:test:  [32m✓[39m src/app/(storefront)/[slug]/(catalog)/(pdp)/[category]/[productSlug]/ogabassey-pdp-semantic-sections.test.tsx [2m([22m[2m1 test[22m[2m)[22m[32m 49[2mms[22m[39m
@baci/web:test:  [32m✓[39m src/app/(platform)/blog/page.test.tsx [2m([22m[2m3 tests[22m[2m)[22m[32m 298[2mms[22m[39m
@baci/web:test:  [32m✓[39m src/lib/agentic/checkout-completion-payloads.test.ts [2m([22m[2m4 tests[22m[2m)[22m[32m 7[2mms[22m[39m
@baci/web:test:  [32m✓[39m src/lib/storefront-pagination.test.ts [2m([22m[2m25 tests[22m[2m)[22m[32m 16[2mms[22m[39m
@baci/web:test:  [32m✓[39m src/app/feeds/openai.jsonl/route.test.ts [2m([22m[2m2 tests[22m[2m)[22m[32m 161[2mms[22m[39m
@baci/web:test:  [32m✓[39m src/schemas/bumpa-orders.test.ts [2m([22m[2m4 tests[22m[2m)[22m[32m 10[2mms[22m[39m
@baci/web:test:  [32m✓[39m src/lib/jumia/order-sync-cursor-persistence.test.ts [2m([22m[2m1 test[22m[2m)[22m[32m 10[2mms[22m[39m
@baci/web:test:  [32m✓[39m tools/seo/shared.test.ts [2m([22m[2m12 tests[22m[2m)[22m[32m 15[2mms[22m[39m
@baci/web:test:  [32m✓[39m src/components/storefront/ogabassey/components/ProductGridInteractionBindings.test.tsx [2m([22m[2m3 tests[22m[2m)[22m[32m 229[2mms[22m[39m
@baci/web:test:  [32m✓[39m tools/perf/assert-ogabassey-css-budget.test.mjs [2m([22m[2m6 tests[22m[2m)[22m[32m 18[2mms[22m[39m
@baci/web:test:  [32m✓[39m src/lib/kuda-bills.smoke.test.ts [2m([22m[2m2 tests[22m[2m)[22m[32m 10[2mms[22m[39m
@baci/web:test:  [32m✓[39m src/components/dashboard/agentic-checkout-sessions-card.test.tsx [2m([22m[2m4 tests[22m[2m)[22m[32m 283[2mms[22m[39m
@baci/web:test:  [32m✓[39m src/schemas/products.test.ts [2m([22m[2m11 tests[22m[2m)[22m[32m 19[2mms[22m[39m
@baci/web:test:  [32m✓[39m src/components/login-form.test.tsx [2m([22m[2m10 tests[22m[2m)[22m[33m 657[2mms[22m[39m
@baci/web:test:  [32m✓[39m src/app/admin/merchants/merchant-stats-grid.test.tsx [2m([22m[2m4 tests[22m[2m)[22m[33m 679[2mms[22m[39m
@baci/web:test:      [33m[2m✓[22m[39m renders all stat cards with accessible button state [33m 327[2mms[22m[39m
@baci/web:test:  [32m✓[39m src/lib/agentic/ucp-catalog-adapters.test.ts [2m([22m[2m4 tests[22m[2m)[22m[32m 10[2mms[22m[39m
@baci/web:test:  [32m✓[39m src/app/api/storefront/imei-check/route-cache-helpers.test.ts [2m([22m[2m4 tests[22m[2m)[22m[32m 12[2mms[22m[39m
@baci/web:test:  [32m✓[39m next.config.test.ts [2m([22m[2m7 tests[22m[2m)[22m[32m 8[2mms[22m[39m
@baci/web:test:  [32m✓[39m src/app/dashboard/orders/orders-list-card.test.tsx [2m([22m[2m4 tests[22m[2m)[22m[33m 389[2mms[22m[39m
@baci/web:test:  [32m✓[39m src/app/(storefront)/[slug]/(customer)/account/orders/[orderId]/order-state-card.test.tsx [2m([22m[2m5 tests[22m[2m)[22m[33m 425[2mms[22m[39m
@baci/web:test:  [32m✓[39m src/lib/shipping/order-shipment-booking-utils.test.ts [2m([22m[2m6 tests[22m[2m)[22m[32m 10[2mms[22m[39m
@baci/web:test:  [32m✓[39m src/app/api/feed/google-merchant/feed-builder.urls.test.ts [2m([22m[2m4 tests[22m[2m)[22m[32m 8[2mms[22m[39m
@baci/web:test:  [32m✓[39m src/schemas/reconcile-paystack-dva.test.ts [2m([22m[2m13 tests[22m[2m)[22m[32m 13[2mms[22m[39m
@baci/web:test:  [32m✓[39m src/lib/agentic/paystack-dva-transaction.test.ts [2m([22m[2m8 tests[22m[2m)[22m[32m 19[2mms[22m[39m
@baci/web:test: [90mstderr[2m | src/app/dashboard/migrations/page.test.tsx[2m > [22m[2mdashboard migrations page[2m > [22m[2mshows a fallback error when loading import jobs fails
@baci/web:test: [22m[39m[2026-05-28T17:01:36.455Z] [ERROR] Failed to load dashboard import jobs {
@baci/web:test:   message: [32m'Failed to load dashboard import jobs'[39m,
@baci/web:test:   error: {
@baci/web:test:     name: [32m'Error'[39m,
@baci/web:test:     message: [32m'supabase error'[39m,
@baci/web:test:     stack: [32m'Error: supabase error     at /app/apps/web/src/app/dashboard/migrations/page.test.tsx:114:14     at file:///app/apps/web/node_modules/@vitest/runner/dist/index.js:145:11     at file:///app/apps/web/node_modules/@vitest/runner/dist/index.js:915:26     at file:///app/apps/web/node_modules/@vitest/runner/dist/index.js:1243:20     at new Promise (<anonymous>)     at runWithTimeout (file:///app/apps/web/node_modules/@vitest/runner/dist/index.js:1209:10)     at file:///app/apps/web/node_modules/@vitest/runner/dist/index.js:1653:37     at Traces.$ (file:///app/apps/web/node_modules/vitest/dist/chunks/traces.CCmnQaNT.js:142:27)     at trace (file:///app/apps/web/node_modules/vitest/dist/chunks/test.B8ej_ZHS.js:239:21)     at runTest (file:///app/apps/web/node_modules/@vitest/runner/dist/index.js:1653:12)'[39m
@baci/web:test:   },
@baci/web:test:   merchantId: [32m'merchant-1'[39m
@baci/web:test: }
@baci/web:test:
@baci/web:test:  [32m✓[39m src/app/dashboard/migrations/page.test.tsx [2m([22m[2m3 tests[22m[2m)[22m[32m 65[2mms[22m[39m
@baci/web:test:  [32m✓[39m src/components/storefront/ogabassey/components/utility/BillItemLevelOptions.test.tsx [2m([22m[2m4 tests[22m[2m)[22m[33m 451[2mms[22m[39m
@baci/web:test:  [32m✓[39m src/components/storefront/ogabassey/components/utility/AirtimeDataForm.test.tsx [2m([22m[2m7 tests[22m[2m)[22m[33m 452[2mms[22m[39m
@baci/web:test:  [32m✓[39m src/app/api/payments/klump/record/route.test.ts [2m([22m[2m8 tests[22m[2m)[22m[32m 28[2mms[22m[39m
@baci/web:test:  [32m✓[39m src/app/api/cron/reconcile-vtu-processing/route.test.ts [2m([22m[2m6 tests[22m[2m)[22m[32m 25[2mms[22m[39m
@baci/web:test:  [32m✓[39m src/components/storefront/ogabassey/components/hero-data.test.ts [2m([22m[2m5 tests[22m[2m)[22m[32m 8[2mms[22m[39m
@baci/web:test: [90mstderr[2m | src/app/api/cron/process-import-jobs/route.test.ts[2m > [22m[2m/api/cron/process-import-jobs[2m > [22m[2mreturns 500 when queue processing fails
@baci/web:test: [22m[39m[2026-05-28T17:01:39.414Z] [ERROR] Process import jobs cron failed {
@baci/web:test:   message: [32m'Process import jobs cron failed'[39m,
@baci/web:test:   error: {
@baci/web:test:     name: [32m'Error'[39m,
@baci/web:test:     message: [32m'boom'[39m,
@baci/web:test:     stack: [32m'Error: boom     at /app/apps/web/src/app/api/cron/process-import-jobs/route.test.ts:103:60     at file:///app/apps/web/node_modules/@vitest/runner/dist/index.js:145:11     at file:///app/apps/web/node_modules/@vitest/runner/dist/index.js:915:26     at file:///app/apps/web/node_modules/@vitest/runner/dist/index.js:1243:20     at new Promise (<anonymous>)     at runWithTimeout (file:///app/apps/web/node_modules/@vitest/runner/dist/index.js:1209:10)     at file:///app/apps/web/node_modules/@vitest/runner/dist/index.js:1653:37     at Traces.$ (file:///app/apps/web/node_modules/vitest/dist/chunks/traces.CCmnQaNT.js:142:27)     at trace (file:///app/apps/web/node_modules/vitest/dist/chunks/test.B8ej_ZHS.js:239:21)     at runTest (file:///app/apps/web/node_modules/@vitest/runner/dist/index.js:1653:12)'[39m
@baci/web:test:   }
@baci/web:test: }
@baci/web:test:
@baci/web:test:  [32m✓[39m src/app/api/cron/process-import-jobs/route.test.ts [2m([22m[2m6 tests[22m[2m)[22m[32m 29[2mms[22m[39m
@baci/web:test:  [32m✓[39m src/components/storefront/ogabassey/pages/product-details.test.tsx [2m([22m[2m3 tests[22m[2m)[22m[33m 532[2mms[22m[39m
@baci/web:test:      [33m[2m✓[22m[39m does not submit an enclosing form when adding a product to the wishlist [33m 425[2mms[22m[39m
@baci/web:test: [90mstderr[2m | src/app/(platform)/blog/feed.xml/route.test.ts[2m > [22m[2mGET /blog/feed.xml[2m > [22m[2mreturns 500 when feed posts fail to load
@baci/web:test: [22m[39mPlatform RSS feed error: Error: boom
@baci/web:test:     at [90m/app/apps/web/[39msrc/app/(platform)/blog/feed.xml/route.test.ts:119:56
@baci/web:test:     at [90mfile:///app/apps/web/[39mnode_modules/[4m@vitest/runner[24m/dist/index.js:145:11
@baci/web:test:     at [90mfile:///app/apps/web/[39mnode_modules/[4m@vitest/runner[24m/dist/index.js:915:26
@baci/web:test:     at [90mfile:///app/apps/web/[39mnode_modules/[4m@vitest/runner[24m/dist/index.js:1243:20
@baci/web:test:     at new Promise (<anonymous>)
@baci/web:test:     at runWithTimeout [90m(file:///app/apps/web/[39mnode_modules/[4m@vitest/runner[24m/dist/index.js:1209:10[90m)[39m
@baci/web:test:     at [90mfile:///app/apps/web/[39mnode_modules/[4m@vitest/runner[24m/dist/index.js:1653:37
@baci/web:test:     at Traces.$ [90m(file:///app/apps/web/[39mnode_modules/[4mvitest[24m/dist/chunks/traces.CCmnQaNT.js:142:27[90m)[39m
@baci/web:test:     at trace [90m(file:///app/apps/web/[39mnode_modules/[4mvitest[24m/dist/chunks/test.B8ej_ZHS.js:239:21[90m)[39m
@baci/web:test:     at runTest [90m(file:///app/apps/web/[39mnode_modules/[4m@vitest/runner[24m/dist/index.js:1653:12[90m)[39m
@baci/web:test:
@baci/web:test:  [32m✓[39m src/app/(platform)/blog/feed.xml/route.test.ts [2m([22m[2m3 tests[22m[2m)[22m[32m 60[2mms[22m[39m
@baci/web:test:  [32m✓[39m src/hooks/use-recently-viewed.test.ts [2m([22m[2m10 tests[22m[2m)[22m[32m 69[2mms[22m[39m
@baci/web:test:  [32m✓[39m src/components/storefront/ogabassey/product-spec-data.test.ts [2m([22m[2m2 tests[22m[2m)[22m[32m 9[2mms[22m[39m
@baci/web:test:  [32m✓[39m src/hooks/merchant/storefront-merchant-provider.test.tsx [2m([22m[2m3 tests[22m[2m)[22m[32m 214[2mms[22m[39m
@baci/web:test:  [32m✓[39m src/scripts/sync-jumia-orders.test.ts [2m([22m[2m4 tests[22m[2m)[22m[32m 13[2mms[22m[39m
@baci/web:test:  [32m✓[39m src/hooks/use-blog-auto-save.test.ts [2m([22m[2m8 tests[22m[2m)[22m[32m 51[2mms[22m[39m
@baci/web:test:  [32m✓[39m src/schemas/branches.test.ts [2m([22m[2m9 tests[22m[2m)[22m[32m 13[2mms[22m[39m
@baci/web:test:  [32m✓[39m src/app/api/feed/facebook/route.test.ts [2m([22m[2m5 tests[22m[2m)[22m[32m 94[2mms[22m[39m
@baci/web:test:  [32m✓[39m src/lib/initial-template-profiles.test.ts [2m([22m[2m30 tests[22m[2m)[22m[32m 12[2mms[22m[39m
@baci/web:test: [90mstderr[2m | src/components/storefront/ogabassey/components/HomeProductGridCard.test.tsx[2m > [22m[2mHomeProductGridCard[2m > [22m[2mlinks to the storefront product details route
@baci/web:test: [22m[39mReceived `false` for a non-boolean attribute `prefetch`.
@baci/web:test:
@baci/web:test: If you want to write it to the DOM, pass a string instead: prefetch="false" or prefetch={value.toString()}.
@baci/web:test:
@baci/web:test: If you used to conditionally omit it with prefetch={condition && value}, pass prefetch={condition ? value : undefined} instead.
@baci/web:test: Received `true` for a non-boolean attribute `fill`.
@baci/web:test:
@baci/web:test: If you want to write it to the DOM, pass a string instead: fill="true" or fill={value.toString()}.
@baci/web:test:
@baci/web:test:  [32m✓[39m src/components/storefront/ogabassey/components/HomeProductGridCard.test.tsx [2m([22m[2m3 tests[22m[2m)[22m[33m 323[2mms[22m[39m
@baci/web:test:  [32m✓[39m src/lib/storefront-account-document-values.test.ts [2m([22m[2m6 tests[22m[2m)[22m[32m 8[2mms[22m[39m
@baci/web:test:  [32m✓[39m src/lib/admin-merchant-health.test.ts [2m([22m[2m4 tests[22m[2m)[22m[32m 10[2mms[22m[39m
@baci/web:test:  [32m✓[39m src/components/storefront/ogabassey/pages/imei-checker-entry.test.tsx [2m([22m[2m8 tests[22m[2m)[22m[33m 748[2mms[22m[39m
@baci/web:test:      [33m[2m✓[22m[39m renders suggestions and selects a device [33m 336[2mms[22m[39m
@baci/web:test:  [32m✓[39m src/app/(storefront)/[slug]/(commerce)/order-success/page.test.tsx [2m([22m[2m4 tests[22m[2m)[22m[33m 436[2mms[22m[39m
@baci/web:test:  [32m✓[39m src/lib/agentic/action-health-request-controls.test.ts [2m([22m[2m5 tests[22m[2m)[22m[32m 11[2mms[22m[39m
@baci/web:test:  [32m✓[39m src/lib/agentic/checkout-order-dispatch-cancel.test.ts [2m([22m[2m3 tests[22m[2m)[22m[32m 11[2mms[22m[39m
@baci/web:test:  [32m✓[39m src/lib/llms.test.ts [2m([22m[2m8 tests[22m[2m)[22m[32m 9[2mms[22m[39m
@baci/web:test:  [32m✓[39m src/components/storefront/ogabassey/pages/address-book.test.tsx [2m([22m[2m4 tests[22m[2m)[22m[33m 439[2mms[22m[39m
@baci/web:test:  [32m✓[39m src/lib/imports/bumpa/bumpa-types.test.ts [2m([22m[2m10 tests[22m[2m)[22m[32m 6[2mms[22m[39m
@baci/web:test:  [32m✓[39m src/app/admin/merchants/[merchantId]/page-error.test.tsx [2m([22m[2m2 tests[22m[2m)[22m[32m 296[2mms[22m[39m
@baci/web:test:  [32m✓[39m src/lib/ai-storefront/ai-storefront-normalize-primary.test.ts [2m([22m[2m4 tests[22m[2m)[22m[32m 13[2mms[22m[39m
@baci/web:test:  [32m✓[39m src/schemas/ai-jobs.test.ts [2m([22m[2m8 tests[22m[2m)[22m[32m 13[2mms[22m[39m
@baci/web:test:  [32m✓[39m src/app/page.test.tsx [2m([22m[2m7 tests[22m[2m)[22m[32m 8[2mms[22m[39m
@baci/web:test:  [32m✓[39m src/app/dashboard/customers/actions.test.ts [2m([22m[2m3 tests[22m[2m)[22m[32m 12[2mms[22m[39m
@baci/web:test:  [32m✓[39m src/hooks/use-merchant-features.test.ts [2m([22m[2m4 tests[22m[2m)[22m[32m 212[2mms[22m[39m
@baci/web:test:  [32m✓[39m src/app/feeds/agent-products.jsonl/route.test.ts [2m([22m[2m2 tests[22m[2m)[22m[32m 107[2mms[22m[39m
@baci/web:test:  [32m✓[39m src/lib/storefront-content/build-commercial-guide-links.test.ts [2m([22m[2m3 tests[22m[2m)[22m[32m 8[2mms[22m[39m
@baci/web:test:  [32m✓[39m src/components/dashboard/setup-checklist.test.tsx [2m([22m[2m1 test[22m[2m)[22m[33m 343[2mms[22m[39m
@baci/web:test:      [33m[2m✓[22m[39m announces the collapsed and expanded state of the setup item toggle [33m 341[2mms[22m[39m
@baci/web:test:  [32m✓[39m src/lib/supabase-retention-cleanup-migration.test.ts [2m([22m[2m2 tests[22m[2m)[22m[32m 5[2mms[22m[39m
@baci/web:test:  [32m✓[39m src/lib/klump-webhook.test.ts [2m([22m[2m5 tests[22m[2m)[22m[32m 9[2mms[22m[39m
@baci/web:test: [90mstderr[2m | src/app/api/builder/ai-draft-preview.test.ts[2m > [22m[2mloadAiStorefrontDraftPreview[2m > [22m[2mrejects non-object generated configs before parsing
@baci/web:test: [22m[39mInvalid AI storefront draft preview payload: {
@baci/web:test:   merchantId: [32m'merchant-1'[39m,
@baci/web:test:   aiDraftJobId: [32m'5c0a0676-bd3f-495e-9f98-589f208c0d79'[39m
@baci/web:test: }
@baci/web:test:
@baci/web:test: [90mstderr[2m | src/app/api/builder/ai-draft-preview.test.ts[2m > [22m[2mloadAiStorefrontDraftPreview[2m > [22m[2mrejects object generated configs that fail builder parsing
@baci/web:test: [22m[39mInvalid AI storefront draft preview payload: {
@baci/web:test:   merchantId: [32m'merchant-1'[39m,
@baci/web:test:   aiDraftJobId: [32m'5c0a0676-bd3f-495e-9f98-589f208c0d79'[39m,
@baci/web:test:   error: [32m'[\n'[39m +
@baci/web:test:     [32m'  {\n'[39m +
@baci/web:test:     [32m'    "code": "invalid_type",\n'[39m +
@baci/web:test:     [32m'    "expected": "array",\n'[39m +
@baci/web:test:     [32m'    "received": "string",\n'[39m +
@baci/web:test:     [32m'    "path": [\n'[39m +
@baci/web:test:     [32m'      "content"\n'[39m +
@baci/web:test:     [32m'    ],\n'[39m +
@baci/web:test:     [32m'    "message": "Expected array, received string"\n'[39m +
@baci/web:test:     [32m'  }\n'[39m +
@baci/web:test:     [32m']'[39m
@baci/web:test: }
@baci/web:test:
@baci/web:test:  [32m✓[39m src/app/api/builder/ai-draft-preview.test.ts [2m([22m[2m7 tests[22m[2m)[22m[32m 24[2mms[22m[39m
@baci/web:test:  [32m✓[39m src/app/(storefront)/ogabassey/page.test.tsx [2m([22m[2m4 tests[22m[2m)[22m[32m 198[2mms[22m[39m
@baci/web:test:  [32m✓[39m src/app/api/feed/google-merchant/route-utils.test.ts [2m([22m[2m13 tests[22m[2m)[22m[32m 9[2mms[22m[39m
@baci/web:test:  [32m✓[39m src/app/dashboard/products/products-page-dialogs.test.tsx [2m([22m[2m2 tests[22m[2m)[22m[33m 422[2mms[22m[39m
@baci/web:test:      [33m[2m✓[22m[39m shows the review-specific dialog copy and notice for needs_review products [33m 322[2mms[22m[39m
@baci/web:test:  [32m✓[39m src/lib/storefront-route-identifier.test.ts [2m([22m[2m13 tests[22m[2m)[22m[32m 9[2mms[22m[39m
@baci/web:test:  [32m✓[39m src/lib/storefront-social-images.test.ts [2m([22m[2m11 tests[22m[2m)[22m[32m 9[2mms[22m[39m
@baci/web:test:  [32m✓[39m src/app/api/agentic/catalog/lookup/route.test.ts [2m([22m[2m2 tests[22m[2m)[22m[32m 125[2mms[22m[39m
@baci/web:test:  [32m✓[39m src/hooks/use-cart-race.test.tsx [2m([22m[2m1 test[22m[2m)[22m[32m 35[2mms[22m[39m
@baci/web:test:  [32m✓[39m src/scripts/audit-merchant-branches.test.ts [2m([22m[2m5 tests[22m[2m)[22m[32m 8[2mms[22m[39m
@baci/web:test:  [32m✓[39m src/lib/utils.test.ts [2m([22m[2m14 tests[22m[2m)[22m[32m 15[2mms[22m[39m
@baci/web:test:  [32m✓[39m src/components/storefront/ogabassey/components/hero-desktop-grid.test.tsx [2m([22m[2m4 tests[22m[2m)[22m[33m 461[2mms[22m[39m
@baci/web:test:      [33m[2m✓[22m[39m disables prefetch on desktop hero links [33m 310[2mms[22m[39m
@baci/web:test: [90mstderr[2m | src/app/admin/layout.test.tsx[2m > [22m[2mAdminLayout[2m > [22m[2mrenders a local fallback while server-side admin authorization is pending
@baci/web:test: [22m[39m<AdminLayoutContent> is an async Client Component. Only Server Components can be async at the moment. This error is often caused by accidentally adding `'use client'` to a module that was originally written for the server.
@baci/web:test:
@baci/web:test: [90mstderr[2m | src/app/admin/layout.test.tsx[2m > [22m[2mAdminLayout[2m > [22m[2mrenders a local fallback while server-side admin authorization is pending
@baci/web:test: [22m[39mA component suspended inside an `act` scope, but the `act` call was not awaited. When testing React components that depend on asynchronous data, you must await the result:
@baci/web:test:
@baci/web:test: await act(() => ...)
@baci/web:test:
@baci/web:test:  [32m✓[39m src/app/admin/layout.test.tsx [2m([22m[2m4 tests[22m[2m)[22m[32m 219[2mms[22m[39m
@baci/web:test:  [32m✓[39m src/components/blog/novel-features/image-upload.test.ts [2m([22m[2m4 tests[22m[2m)[22m[32m 14[2mms[22m[39m
@baci/web:test:  [32m✓[39m src/lib/storefront-content/build-informational-cluster-model.test.ts [2m([22m[2m2 tests[22m[2m)[22m[32m 33[2mms[22m[39m
@baci/web:test:  [32m✓[39m src/lib/favicon-processor.test.ts [2m([22m[2m10 tests[22m[2m)[22m[32m 17[2mms[22m[39m
@baci/web:test:  [32m✓[39m src/lib/vtu-wallet-fingerprint.test.ts [2m([22m[2m7 tests[22m[2m)[22m[32m 8[2mms[22m[39m
@baci/web:test:  [32m✓[39m src/lib/vtu-commission-rates.test.ts [2m([22m[2m94 tests[22m[2m)[22m[32m 17[2mms[22m[39m
@baci/web:test:  [32m✓[39m src/app/api/storefront/loyalty/enroll/route.test.ts [2m([22m[2m2 tests[22m[2m)[22m[32m 17[2mms[22m[39m
@baci/web:test: [90mstderr[2m | src/app/admin/notifications/create/page.test.tsx[2m > [22m[2mCreateNotificationPage[2m > [22m[2mshows an error toast and does not navigate when notification creation fails
@baci/web:test: [22m[39mError creating notification: Error: CSRF token missing
@baci/web:test:     at [90m/app/apps/web/[39msrc/app/admin/notifications/create/page.test.tsx:95:39
@baci/web:test:     at [90mfile:///app/apps/web/[39mnode_modules/[4m@vitest/runner[24m/dist/index.js:145:11
@baci/web:test:     at [90mfile:///app/apps/web/[39mnode_modules/[4m@vitest/runner[24m/dist/index.js:915:26
@baci/web:test:     at [90mfile:///app/apps/web/[39mnode_modules/[4m@vitest/runner[24m/dist/index.js:1243:20
@baci/web:test:     at new Promise (<anonymous>)
@baci/web:test:     at runWithTimeout [90m(file:///app/apps/web/[39mnode_modules/[4m@vitest/runner[24m/dist/index.js:1209:10[90m)[39m
@baci/web:test:     at [90mfile:///app/apps/web/[39mnode_modules/[4m@vitest/runner[24m/dist/index.js:1653:37
@baci/web:test:     at Traces.$ [90m(file:///app/apps/web/[39mnode_modules/[4mvitest[24m/dist/chunks/traces.CCmnQaNT.js:142:27[90m)[39m
@baci/web:test:     at trace [90m(file:///app/apps/web/[39mnode_modules/[4mvitest[24m/dist/chunks/test.B8ej_ZHS.js:239:21[90m)[39m
@baci/web:test:     at runTest [90m(file:///app/apps/web/[39mnode_modules/[4m@vitest/runner[24m/dist/index.js:1653:12[90m)[39m
@baci/web:test:
@baci/web:test:  [32m✓[39m src/app/admin/notifications/create/page.test.tsx [2m([22m[2m2 tests[22m[2m)[22m[33m 1034[2mms[22m[39m
@baci/web:test:      [33m[2m✓[22m[39m submits notifications through the CSRF-aware admin API client [33m 660[2mms[22m[39m
@baci/web:test:      [33m[2m✓[22m[39m shows an error toast and does not navigate when notification creation fails [33m 371[2mms[22m[39m
@baci/web:test:  [32m✓[39m src/app/(storefront)/ogabassey/layout.test.tsx [2m([22m[2m4 tests[22m[2m)[22m[32m 239[2mms[22m[39m
@baci/web:test:  [32m✓[39m src/components/storefront/ogabassey/pages/product-details-page/product-share.test.ts [2m([22m[2m4 tests[22m[2m)[22m[32m 25[2mms[22m[39m
@baci/web:test:  [32m✓[39m src/components/storefront/ogabassey/pages/product-details-page/product-interaction-panel.test.tsx [2m([22m[2m1 test[22m[2m)[22m[32m 218[2mms[22m[39m
@baci/web:test:  [32m✓[39m src/scripts/reconcile-paystack-dva-args.test.ts [2m([22m[2m7 tests[22m[2m)[22m[32m 12[2mms[22m[39m
@baci/web:test:  [32m✓[39m src/app/(storefront)/ogabassey.com/layout.test.tsx [2m([22m[2m4 tests[22m[2m)[22m[32m 262[2mms[22m[39m
@baci/web:test:  [32m✓[39m src/app/api/cron/cleanup-import-uploads/route.test.ts [2m([22m[2m2 tests[22m[2m)[22m[32m 18[2mms[22m[39m
@baci/web:test:  [32m✓[39m src/app/api/agentic/checkout-sessions/[id]/complete/route.test.ts [2m([22m[2m3 tests[22m[2m)[22m[32m 112[2mms[22m[39m
@baci/web:test:  [32m✓[39m src/lib/agentic/checkout-payment-account.test.ts [2m([22m[2m5 tests[22m[2m)[22m[32m 10[2mms[22m[39m
@baci/web:test:  [32m✓[39m src/lib/storefront-products-cache-key.test.ts [2m([22m[2m8 tests[22m[2m)[22m[32m 12[2mms[22m[39m
@baci/web:test:  [32m✓[39m src/components/storefront/ogabassey/pages/product-details-page/product-details-utils.test.ts [2m([22m[2m8 tests[22m[2m)[22m[32m 31[2mms[22m[39m
@baci/web:test:  [32m✓[39m src/lib/agentic/agent-commerce-public-product-parity-actions.test.ts [2m([22m[2m3 tests[22m[2m)[22m[32m 5[2mms[22m[39m
@baci/web:test:  [32m✓[39m src/components/products/product-catalog-row-actions.test.tsx [2m([22m[2m3 tests[22m[2m)[22m[33m 806[2mms[22m[39m
@baci/web:test:      [33m[2m✓[22m[39m shows Resolve Review when the product needs review and calls edit [33m 522[2mms[22m[39m
@baci/web:test:  [32m✓[39m src/components/storefront/ogabassey/pages/product-details-page/product-text-utils.test.ts [2m([22m[2m8 tests[22m[2m)[22m[32m 32[2mms[22m[39m
@baci/web:test:  [32m✓[39m src/schemas/supabase-agentic-jwt-private-jwk.test.ts [2m([22m[2m18 tests[22m[2m)[22m[32m 14[2mms[22m[39m
@baci/web:test:  [32m✓[39m tools/seo/run-pagespeed.cli.test.ts [2m([22m[2m3 tests[22m[2m)[22m[32m 34[2mms[22m[39m
@baci/web:test:  [32m✓[39m src/lib/storefront-product-variants.test.ts [2m([22m[2m9 tests[22m[2m)[22m[32m 8[2mms[22m[39m
@baci/web:test: [90mstderr[2m | src/app/(storefront)/[slug]/(content)/pages/faq/faq-page-client.test.tsx[2m > [22m[2mFAQPageClient[2m > [22m[2mlinks the support CTA to the canonical contact route
@baci/web:test: [22m[39mThe tag <search> is unrecognized in this browser. If you meant to render a React component, start its name with an uppercase letter.
@baci/web:test:
@baci/web:test:  [32m✓[39m src/app/(storefront)/[slug]/(content)/pages/faq/faq-page-client.test.tsx [2m([22m[2m3 tests[22m[2m)[22m[32m 269[2mms[22m[39m
@baci/web:test:  [32m✓[39m src/components/storefront/ogabassey/seo/product-semantic-sections.test.tsx [2m([22m[2m2 tests[22m[2m)[22m[33m 330[2mms[22m[39m
@baci/web:test:      [33m[2m✓[22m[39m renders trust bullets, card sections, and support links [33m 324[2mms[22m[39m
@baci/web:test:  [32m✓[39m src/components/storefront/ogabassey/components/ProductListItem.test.tsx [2m([22m[2m2 tests[22m[2m)[22m[33m 463[2mms[22m[39m
@baci/web:test:      [33m[2m✓[22m[39m uses the provided basePath for navigation and actions [33m 386[2mms[22m[39m
@baci/web:test:  [32m✓[39m src/lib/ai-storefront/ai-storefront-normalize-types.test.ts [2m([22m[2m9 tests[22m[2m)[22m[32m 12[2mms[22m[39m
@baci/web:test:  [32m✓[39m src/lib/llms-markdown-storefront-faq.test.ts [2m([22m[2m7 tests[22m[2m)[22m[32m 9[2mms[22m[39m
@baci/web:test:  [32m✓[39m src/components/storefront/ogabassey/components/deferred-banner-carousel.test.tsx [2m([22m[2m3 tests[22m[2m)[22m[32m 90[2mms[22m[39m
@baci/web:test:  [32m✓[39m src/app/(storefront)/[slug]/(catalog)/(listing)/search/page.test.tsx [2m([22m[2m3 tests[22m[2m)[22m[32m 56[2mms[22m[39m
@baci/web:test:  [32m✓[39m src/app/dashboard/products/products-page-actions.test.tsx [2m([22m[2m2 tests[22m[2m)[22m[33m 854[2mms[22m[39m
@baci/web:test:      [33m[2m✓[22m[39m renders the connected-sheet actions and wires sync/disconnect [33m 599[2mms[22m[39m
@baci/web:test:  [32m✓[39m src/lib/llm-auth.test.ts [2m([22m[2m10 tests[22m[2m)[22m[32m 8[2mms[22m[39m
@baci/web:test:  [32m✓[39m src/app/api/domains/[domain]/dns/route.test.ts [2m([22m[2m2 tests[22m[2m)[22m[32m 15[2mms[22m[39m
@baci/web:test:  [32m✓[39m src/app/api/storefront/customer/wallet/route.email-fallback.test.ts [2m([22m[2m1 test[22m[2m)[22m[32m 15[2mms[22m[39m
@baci/web:test: [90mstderr[2m | src/app/api/wallet/csrf.test.ts[2m > [22m[2mWallet API CSRF Protection[2m > [22m[2mPATCH /api/wallet[2m > [22m[2mshould call checkCsrfProtection
@baci/web:test: [22m[39mWallet update error: TypeError: ownerQuery.or is not a function
@baci/web:test:     at getMerchantForApiRequest [90m(/app/apps/web/[39msrc/lib/get-merchant-for-api-request.ts:57:8[90m)[39m
@baci/web:test:     at Module.PATCH [90m(/app/apps/web/[39msrc/app/api/wallet/route.ts:196:35[90m)[39m
@baci/web:test: [90m    at processTicksAndRejections (node:internal/process/task_queues:103:5)[39m
@baci/web:test:     at [90m/app/apps/web/[39msrc/app/api/wallet/csrf.test.ts:92:7
@baci/web:test:     at [90mfile:///app/apps/web/[39mnode_modules/[4m@vitest/runner[24m/dist/index.js:915:20
@baci/web:test:
@baci/web:test:  [32m✓[39m src/app/api/wallet/csrf.test.ts [2m([22m[2m2 tests[22m[2m)[22m[32m 30[2mms[22m[39m
@baci/web:test:  [32m✓[39m src/components/dashboard/agentic-recent-signed-requests-card.test.tsx [2m([22m[2m4 tests[22m[2m)[22m[32m 110[2mms[22m[39m
@baci/web:test:  [32m✓[39m src/app/dashboard/orders/order-item-images.test.ts [2m([22m[2m7 tests[22m[2m)[22m[32m 10[2mms[22m[39m
@baci/web:test:  [32m✓[39m src/hooks/use-persisted-state.test.ts [2m([22m[2m9 tests[22m[2m)[22m[32m 85[2mms[22m[39m
@baci/web:test:  [32m✓[39m src/schemas/account-security.test.ts [2m([22m[2m10 tests[22m[2m)[22m[32m 13[2mms[22m[39m
@baci/web:test:  [32m✓[39m src/lib/credit-direct.test.ts [2m([22m[2m10 tests[22m[2m)[22m[32m 10[2mms[22m[39m
@baci/web:test:  [32m✓[39m src/app/api/agentic/carts/[id]/checkout/route.test.ts [2m([22m[2m2 tests[22m[2m)[22m[32m 122[2mms[22m[39m
@baci/web:test:  [32m✓[39m src/components/products/use-jumia-integrations.test.tsx [2m([22m[2m3 tests[22m[2m)[22m[32m 109[2mms[22m[39m
@baci/web:test: [90mstderr[2m | src/app/api/ai-jobs/worker/route.test.ts[2m > [22m[2m/api/ai-jobs/worker[2m > [22m[2mreturns 500 when pending jobs cannot be loaded
@baci/web:test: [22m[39mError fetching pending jobs: { message: [32m'db down'[39m }
@baci/web:test:
@baci/web:test:  [32m✓[39m src/app/api/ai-jobs/worker/route.test.ts [2m([22m[2m5 tests[22m[2m)[22m[32m 22[2mms[22m[39m
@baci/web:test:  [32m✓[39m src/components/builder/storefront-scoping.test.ts [2m([22m[2m13 tests[22m[2m)[22m[32m 8[2mms[22m[39m
@baci/web:test:  [32m✓[39m src/app/(storefront)/[slug]/(blog)/blog/actions.test.ts [2m([22m[2m3 tests[22m[2m)[22m[32m 13[2mms[22m[39m
@baci/web:test:  [32m✓[39m src/lib/related-blog-products.test.ts [2m([22m[2m4 tests[22m[2m)[22m[32m 7[2mms[22m[39m
@baci/web:test:  [32m✓[39m src/schemas/quiz-schemas-row.test.ts [2m([22m[2m1 test[22m[2m)[22m[32m 12[2mms[22m[39m
@baci/web:test:  [32m✓[39m src/app/api/insurance/claims/sync/route.test.ts [2m([22m[2m5 tests[22m[2m)[22m[32m 24[2mms[22m[39m
@baci/web:test:  [32m✓[39m src/components/storefront/ogabassey/storefront-layout-utils.test.ts [2m([22m[2m7 tests[22m[2m)[22m[32m 7[2mms[22m[39m
@baci/web:test:  [32m✓[39m src/app/api/agentic/catalog/product/route.test.ts [2m([22m[2m2 tests[22m[2m)[22m[32m 216[2mms[22m[39m
@baci/web:test:  [32m✓[39m src/lib/admin-merchant-users.guards.test.ts [2m([22m[2m4 tests[22m[2m)[22m[32m 6[2mms[22m[39m
@baci/web:test:  [32m✓[39m src/app/(storefront)/[slug]/(blog)/blog/[postSlug]/opengraph-image-response.test.tsx [2m([22m[2m3 tests[22m[2m)[22m[32m 19[2mms[22m[39m
@baci/web:test:  [32m✓[39m src/hooks/cart/cart-storage.test.ts [2m([22m[2m5 tests[22m[2m)[22m[32m 11[2mms[22m[39m
@baci/web:test: [90mstderr[2m | src/app/(platform)/track/[trackingNumber]/page.test.tsx[2m > [22m[2mTrackingPage[2m > [22m[2mrenders a local fallback while route params are pending
@baci/web:test: [22m[39mA component suspended inside an `act` scope, but the `act` call was not awaited. When testing React components that depend on asynchronous data, you must await the result:
@baci/web:test:
@baci/web:test: await act(() => ...)
@baci/web:test:
@baci/web:test: [90mstderr[2m | src/app/(platform)/track/[trackingNumber]/page.test.tsx[2m > [22m[2mTrackingPage[2m > [22m[2mdisplays tracking data when the shipping API resolves
@baci/web:test: [22m[39mA suspended resource finished loading inside a test, but the event was not wrapped in act(...).
@baci/web:test:
@baci/web:test: When testing, code that resolves suspended data should be wrapped into act(...):
@baci/web:test:
@baci/web:test: act(() => {
@baci/web:test:   /* finish loading suspended data */
@baci/web:test: });
@baci/web:test: /* assert on the output */
@baci/web:test:
@baci/web:test: This ensures that you're testing the behavior the user would see in the browser. Learn more at https://react.dev/link/wrap-tests-with-act
@baci/web:test:
@baci/web:test:  [32m✓[39m src/app/(platform)/track/[trackingNumber]/page.test.tsx [2m([22m[2m3 tests[22m[2m)[22m[33m 684[2mms[22m[39m
@baci/web:test:      [33m[2m✓[22m[39m displays tracking errors returned by the shipping API [33m 368[2mms[22m[39m
@baci/web:test: [90mstderr[2m | src/components/storefront/ogabassey/pages/blog.test.tsx[2m > [22m[2mOgabasseyV2Blog[2m > [22m[2mrenders featured post with HeroImage (high priority)
@baci/web:test: [22m[39mReact does not recognize the `blurDataURL` prop on a DOM element. If you intentionally want it to appear in the DOM as a custom attribute, spell it as lowercase `blurdataurl` instead. If you accidentally passed it from a parent component, remove it from the DOM element.
@baci/web:test:
@baci/web:test:  [32m✓[39m src/components/storefront/ogabassey/pages/blog.test.tsx [2m([22m[2m2 tests[22m[2m)[22m[32m 119[2mms[22m[39m
@baci/web:test:  [32m✓[39m src/app/api/storefront/auth/verify-code/route.test.ts [2m([22m[2m2 tests[22m[2m)[22m[32m 25[2mms[22m[39m
@baci/web:test:  [32m✓[39m src/app/dashboard/migrations/migration-source-selector.test.tsx [2m([22m[2m3 tests[22m[2m)[22m[33m 628[2mms[22m[39m
@baci/web:test: [90mstderr[2m | src/app/(platform)/onboarding/page.test.tsx[2m > [22m[2mOnboardingPage[2m > [22m[2mrenders a local fallback while onboarding auth cookies are pending
@baci/web:test: [22m[39m<OnboardingPageContentServer> is an async Client Component. Only Server Components can be async at the moment. This error is often caused by accidentally adding `'use client'` to a module that was originally written for the server.
@baci/web:test:
@baci/web:test: [90mstderr[2m | src/app/(platform)/onboarding/page.test.tsx[2m > [22m[2mOnboardingPage[2m > [22m[2mrenders a local fallback while onboarding auth cookies are pending
@baci/web:test: [22m[39mA component suspended inside an `act` scope, but the `act` call was not awaited. When testing React components that depend on asynchronous data, you must await the result:
@baci/web:test:
@baci/web:test: await act(() => ...)
@baci/web:test:
@baci/web:test:  [32m✓[39m src/app/(platform)/onboarding/page.test.tsx [2m([22m[2m4 tests[22m[2m)[22m[32m 227[2mms[22m[39m
@baci/web:test:  [32m✓[39m src/lib/product-image.test.ts [2m([22m[2m11 tests[22m[2m)[22m[32m 10[2mms[22m[39m
@baci/web:test:  [32m✓[39m src/lib/admin-merchant-users.builders.test.ts [2m([22m[2m2 tests[22m[2m)[22m[32m 10[2mms[22m[39m
@baci/web:test:  [32m✓[39m src/lib/storefront-content/build-blog-cluster-collections.test.ts [2m([22m[2m2 tests[22m[2m)[22m[32m 6[2mms[22m[39m
@baci/web:test:  [32m✓[39m src/components/storefront/ogabassey/layout/navbar-secondary-nav.test.tsx [2m([22m[2m4 tests[22m[2m)[22m[33m 750[2mms[22m[39m
@baci/web:test:      [33m[2m✓[22m[39m renders category and utility links under the store base path [33m 441[2mms[22m[39m
@baci/web:test:  [32m✓[39m src/components/ui/safe-html.test.tsx [2m([22m[2m10 tests[22m[2m)[22m[33m 304[2mms[22m[39m
@baci/web:test:  [32m✓[39m src/lib/get-merchant-analytics-overview.test.ts [2m([22m[2m3 tests[22m[2m)[22m[32m 37[2mms[22m[39m
@baci/web:test:  [32m✓[39m src/schemas/ai-storefront-layout.test.ts [2m([22m[2m7 tests[22m[2m)[22m[32m 11[2mms[22m[39m
@baci/web:test:  [32m✓[39m src/components/storefront/ogabassey/components/deferred-ad-unit.test.tsx [2m([22m[2m3 tests[22m[2m)[22m[32m 84[2mms[22m[39m
@baci/web:test:  [32m✓[39m src/lib/llms-markdown-platform.test.ts [2m([22m[2m8 tests[22m[2m)[22m[32m 7[2mms[22m[39m
@baci/web:test: Not implemented: HTMLFormElement's requestSubmit() method
@baci/web:test:  [32m✓[39m src/app/dashboard/migrations/migration-sidebar.test.tsx [2m([22m[2m3 tests[22m[2m)[22m[33m 450[2mms[22m[39m
@baci/web:test:      [33m[2m✓[22m[39m submits uploads, switches entity type, and selects recent jobs [33m 346[2mms[22m[39m
@baci/web:test:  [32m✓[39m src/components/storefront/checkout-identity-modal.test.tsx [2m([22m[2m7 tests[22m[2m)[22m[33m 892[2mms[22m[39m
@baci/web:test:      [33m[2m✓[22m[39m renders dialog with checkout title when open [33m 370[2mms[22m[39m
@baci/web:test:  [32m✓[39m src/components/products/variant-builder.test.tsx [2m([22m[2m3 tests[22m[2m)[22m[32m 144[2mms[22m[39m
@baci/web:test:  [32m✓[39m src/lib/customer-wallet-top-up.test.ts [2m([22m[2m3 tests[22m[2m)[22m[32m 11[2mms[22m[39m
@baci/web:test:  [32m✓[39m src/components/storefront/ogabassey/components/chat/types.test.ts [2m([22m[2m11 tests[22m[2m)[22m[32m 31[2mms[22m[39m
@baci/web:test:  [32m✓[39m src/lib/klump-transaction-verification.test.ts [2m([22m[2m3 tests[22m[2m)[22m[32m 16[2mms[22m[39m
@baci/web:test:  [32m✓[39m src/lib/ai-storefront/ai-storefront-normalize-defaults.test.ts [2m([22m[2m8 tests[22m[2m)[22m[32m 9[2mms[22m[39m
@baci/web:test:  [32m✓[39m src/components/ui/typing-placeholder-input.test.tsx [2m([22m[2m6 tests[22m[2m)[22m[32m 288[2mms[22m[39m
@baci/web:test:  [32m✓[39m src/components/storefront/ogabassey/pages/imei-results.test.tsx [2m([22m[2m6 tests[22m[2m)[22m[33m 343[2mms[22m[39m
@baci/web:test:  [32m✓[39m src/lib/agentic/checkout-finalization-compensation.test.ts [2m([22m[2m3 tests[22m[2m)[22m[32m 10[2mms[22m[39m
@baci/web:test:  [32m✓[39m src/app/(storefront)/[slug]/(catalog)/(pdp)/product/[productSlug]/page.test.tsx [2m([22m[2m2 tests[22m[2m)[22m[32m 10[2mms[22m[39m
@baci/web:test:  [32m✓[39m src/lib/sanitize-json-ld.test.ts [2m([22m[2m11 tests[22m[2m)[22m[32m 9[2mms[22m[39m
@baci/web:test:  [32m✓[39m src/app/dashboard/dashboard-rpc-contract.test.ts [2m([22m[2m2 tests[22m[2m)[22m[32m 28[2mms[22m[39m
@baci/web:test:  [32m✓[39m src/hooks/use-ad-tracking.test.ts [2m([22m[2m7 tests[22m[2m)[22m[32m 83[2mms[22m[39m
@baci/web:test:  [32m✓[39m src/lib/cac-public-records.test.ts [2m([22m[2m4 tests[22m[2m)[22m[32m 11[2mms[22m[39m
@baci/web:test:  [32m✓[39m tools/seo/run-pagespeed.shared.test.ts [2m([22m[2m6 tests[22m[2m)[22m[32m 9[2mms[22m[39m
@baci/web:test:  [32m✓[39m src/lib/quiz-compliance-gate.test.ts [2m([22m[2m6 tests[22m[2m)[22m[32m 62[2mms[22m[39m
@baci/web:test:  [32m✓[39m src/lib/agentic/action-health-checkout-activity.test.ts [2m([22m[2m3 tests[22m[2m)[22m[32m 6[2mms[22m[39m
@baci/web:test:  [32m✓[39m src/lib/customer-savings-auto-debit-schedule.test.ts [2m([22m[2m5 tests[22m[2m)[22m[32m 30[2mms[22m[39m
@baci/web:test: [90mstderr[2m | src/components/storefront/ogabassey/components/ProductComparisonTable.test.tsx[2m > [22m[2mProductComparisonTable[2m > [22m[2mrenders the main product key specs summary rows from the product specs array
@baci/web:test: [22m[39mReceived `true` for a non-boolean attribute `fill`.
@baci/web:test:
@baci/web:test: If you want to write it to the DOM, pass a string instead: fill="true" or fill={value.toString()}.
@baci/web:test:
@baci/web:test:  [32m✓[39m src/components/storefront/ogabassey/components/ProductComparisonTable.test.tsx [2m([22m[2m1 test[22m[2m)[22m[32m 99[2mms[22m[39m
@baci/web:test:  [32m✓[39m src/components/storefront/ogabassey/components/ProductCard.test.tsx [2m([22m[2m3 tests[22m[2m)[22m[32m 267[2mms[22m[39m
@baci/web:test:  [32m✓[39m src/components/storefront/ogabassey/components/Hero.test.tsx [2m([22m[2m2 tests[22m[2m)[22m[32m 109[2mms[22m[39m
@baci/web:test:  [32m✓[39m src/lib/imports/csv/parse-csv.test.ts [2m([22m[2m12 tests[22m[2m)[22m[32m 12[2mms[22m[39m
@baci/web:test: [90mstderr[2m | src/lib/agentic/checkout-completion-authorization-response.test.ts[2m > [22m[2mcheckout completion authorization response helpers[2m > [22m[2mmaps authorization error bodies and statuses
@baci/web:test: [22m[39m[2026-05-28T17:02:42.856Z] [ERROR] Agentic checkout authorization key is not configured {
@baci/web:test:   code: [32m'SERVER_CONFIGURATION_ERROR'[39m,
@baci/web:test:   message: [32m'Agentic checkout authorization key is not configured'[39m
@baci/web:test: }
@baci/web:test:
@baci/web:test:  [32m✓[39m src/lib/agentic/checkout-completion-authorization-response.test.ts [2m([22m[2m4 tests[22m[2m)[22m[32m 14[2mms[22m[39m
@baci/web:test:  [32m✓[39m src/lib/feed-identifier.test.ts [2m([22m[2m10 tests[22m[2m)[22m[32m 13[2mms[22m[39m
@baci/web:test:  [32m✓[39m src/components/storefront/ogabassey/components/utility/BillPaymentBillerList.test.tsx [2m([22m[2m4 tests[22m[2m)[22m[33m 315[2mms[22m[39m
@baci/web:test: [90mstderr[2m | src/lib/storefront-content/get-published-cluster-posts.test.ts[2m > [22m[2mgetPublishedClusterPosts[2m > [22m[2mreturns an empty list when the query fails
@baci/web:test: [22m[39mFailed to load published cluster posts { merchantId: [32m'merchant-1'[39m, error: { message: [32m'boom'[39m } }
@baci/web:test:
@baci/web:test:  [32m✓[39m src/lib/storefront-content/get-published-cluster-posts.test.ts [2m([22m[2m3 tests[22m[2m)[22m[32m 10[2mms[22m[39m
@baci/web:test:  [32m✓[39m src/components/storefront/ogabassey/pages/checkout/components/PaymentOptionsPanel.test.tsx [2m([22m[2m2 tests[22m[2m)[22m[33m 464[2mms[22m[39m
@baci/web:test:      [33m[2m✓[22m[39m renders full payment options and resets payment method on tab switch [33m 408[2mms[22m[39m
@baci/web:test:  [32m✓[39m src/app/feeds/openai-feed-response.test.ts [2m([22m[2m2 tests[22m[2m)[22m[32m 16[2mms[22m[39m
@baci/web:test:  [32m✓[39m src/lib/blog-utils.test.ts [2m([22m[2m9 tests[22m[2m)[22m[32m 7[2mms[22m[39m
@baci/web:test:  [32m✓[39m src/app/dashboard/settings/page.test.tsx [2m([22m[2m2 tests[22m[2m)[22m[33m 503[2mms[22m[39m
@baci/web:test:      [33m[2m✓[22m[39m renders the trust and policies navigation card [33m 410[2mms[22m[39m
@baci/web:test:  [32m✓[39m src/scripts/verify-quiz-assets-cli.test.ts [2m([22m[2m5 tests[22m[2m)[22m[32m 12[2mms[22m[39m
@baci/web:test: [90mstderr[2m | src/lib/agentic/auth.test.ts[2m > [22m[2mverifyAgenticApiKey[2m > [22m[2mrejects the previous Bearer token when the current token is unset
@baci/web:test: [22m[39mNo OPENAI_AGENTIC_API_KEY values are set in environment variables
@baci/web:test:
@baci/web:test: [90mstderr[2m | src/lib/agentic/auth.test.ts[2m > [22m[2mverifyAgenticApiKey[2m > [22m[2mreturns false when env var is not set
@baci/web:test: [22m[39mNo OPENAI_AGENTIC_API_KEY values are set in environment variables
@baci/web:test:
@baci/web:test:  [32m✓[39m src/lib/agentic/auth.test.ts [2m([22m[2m11 tests[22m[2m)[22m[32m 20[2mms[22m[39m
@baci/web:test:  [32m✓[39m src/app/(storefront)/[slug]/storefront-shell-layout.test.tsx [2m([22m[2m2 tests[22m[2m)[22m[32m 76[2mms[22m[39m
@baci/web:test:  [32m✓[39m src/ai/flows/fallback-logo.test.ts [2m([22m[2m5 tests[22m[2m)[22m[32m 8[2mms[22m[39m
@baci/web:test:  [32m✓[39m src/lib/blog-post-product-links.test.ts [2m([22m[2m3 tests[22m[2m)[22m[32m 6[2mms[22m[39m
@baci/web:test:  [32m✓[39m src/app/api/storefront/customer/savings/goals/route-helpers.test.ts [2m([22m[2m5 tests[22m[2m)[22m[32m 7[2mms[22m[39m
@baci/web:test:  [32m✓[39m tools/seo/run-search-console-readiness.cli.test.ts [2m([22m[2m2 tests[22m[2m)[22m[32m 28[2mms[22m[39m
@baci/web:test:  [32m✓[39m src/lib/agentic/checkout-pay-on-delivery-session-completion-failure.test.ts [2m([22m[2m2 tests[22m[2m)[22m[32m 10[2mms[22m[39m
@baci/web:test: [90mstderr[2m | src/app/api/products/csrf.test.ts[2m > [22m[2mPOST /api/products[2m > [22m[2mshould call checkCsrfProtection
@baci/web:test: [22m[39mUnexpected error in POST /api/products: TypeError: ownerQuery.or is not a function
@baci/web:test:     at getMerchantForApiRequest [90m(/app/apps/web/[39msrc/lib/get-merchant-for-api-request.ts:57:8[90m)[39m
@baci/web:test:     at Module.POST [90m(/app/apps/web/[39msrc/app/api/products/route.ts:428:35[90m)[39m
@baci/web:test: [90m    at processTicksAndRejections (node:internal/process/task_queues:103:5)[39m
@baci/web:test:     at [90m/app/apps/web/[39msrc/app/api/products/csrf.test.ts:98:5
@baci/web:test:     at [90mfile:///app/apps/web/[39mnode_modules/[4m@vitest/runner[24m/dist/index.js:915:20
@baci/web:test:
@baci/web:test:  [32m✓[39m src/app/api/products/csrf.test.ts [2m([22m[2m1 test[22m[2m)[22m[32m 22[2mms[22m[39m
@baci/web:test:  [32m✓[39m src/schemas/analytics-query.test.ts [2m([22m[2m8 tests[22m[2m)[22m[32m 12[2mms[22m[39m
@baci/web:test:  [32m✓[39m src/app/(storefront)/[slug]/(content)/terms-and-conditions/page.test.tsx [2m([22m[2m4 tests[22m[2m)[22m[32m 18[2mms[22m[39m
@baci/web:test:  [32m✓[39m src/app/dashboard/orders/order-card-details.test.tsx [2m([22m[2m4 tests[22m[2m)[22m[33m 314[2mms[22m[39m
@baci/web:test:  [32m✓[39m src/components/storefront/ogabassey/layout/navbar-search.test.tsx [2m([22m[2m3 tests[22m[2m)[22m[33m 357[2mms[22m[39m
@baci/web:test:  [32m✓[39m src/lib/public-blog-content-quality.test.ts [2m([22m[2m5 tests[22m[2m)[22m[32m 7[2mms[22m[39m
@baci/web:test:  [32m✓[39m src/lib/merchant-slug-immutability-migration.test.ts [2m([22m[2m3 tests[22m[2m)[22m[32m 17[2mms[22m[39m
@baci/web:test:  [32m✓[39m src/components/storefront/ogabassey/components/UtilityModal.test.tsx [2m([22m[2m6 tests[22m[2m)[22m[33m 634[2mms[22m[39m
@baci/web:test:  [32m✓[39m src/lib/ai-storefront/ai-storefront-normalize-shared.test.ts [2m([22m[2m5 tests[22m[2m)[22m[32m 7[2mms[22m[39m
@baci/web:test:  [32m✓[39m src/app/(storefront)/[slug]/(content)/terms-of-service/page.test.tsx [2m([22m[2m4 tests[22m[2m)[22m[32m 11[2mms[22m[39m
@baci/web:test:  [32m✓[39m src/components/storefront/ogabassey/pdp/critical-shell.test.tsx [2m([22m[2m1 test[22m[2m)[22m[33m 331[2mms[22m[39m
@baci/web:test:      [33m[2m✓[22m[39m renders one server-owned product heading and high-priority image [33m 329[2mms[22m[39m
@baci/web:test:  [32m✓[39m src/app/(storefront)/[slug]/(content)/pages/terms/page.test.tsx [2m([22m[2m4 tests[22m[2m)[22m[32m 11[2mms[22m[39m
@baci/web:test:  [32m✓[39m src/app/api/vtu/checkout/saved-cards/route.test.ts [2m([22m[2m2 tests[22m[2m)[22m[32m 17[2mms[22m[39m
@baci/web:test:  [32m✓[39m src/lib/store-build-status.test.ts [2m([22m[2m8 tests[22m[2m)[22m[32m 11[2mms[22m[39m
@baci/web:test:  [32m✓[39m src/components/storefront/new-template/product-grid-item.test.tsx [2m([22m[2m1 test[22m[2m)[22m[32m 300[2mms[22m[39m
@baci/web:test:  [32m✓[39m src/app/dashboard/orders/page.test.tsx [2m([22m[2m3 tests[22m[2m)[22m[32m 217[2mms[22m[39m
@baci/web:test:  [32m✓[39m src/app/(storefront)/[slug]/(blog)/blog/[postSlug]/opengraph-image-security.test.ts [2m([22m[2m4 tests[22m[2m)[22m[32m 7[2mms[22m[39m
@baci/web:test: [90mstderr[2m | src/app/api/paystack/verify-account/route.test.ts[2m > [22m[2mPOST /api/paystack/verify-account[2m > [22m[2mreturns 502 when the canonical route responds with invalid JSON
@baci/web:test: [22m[39mLegacy verify-account wrapper parse error: SyntaxError: Unexpected token 'o', "not-json" is not valid JSON
@baci/web:test:     at JSON.parse (<anonymous>)
@baci/web:test: [90m    at parseJSONFromBytes (node:internal/deps/undici/undici:5852:19)[39m
@baci/web:test: [90m    at successSteps (node:internal/deps/undici/undici:5833:27)[39m
@baci/web:test: [90m    at fullyReadBody (node:internal/deps/undici/undici:4725:9)[39m
@baci/web:test: [90m    at processTicksAndRejections (node:internal/process/task_queues:103:5)[39m
@baci/web:test: [90m    at consumeBody (node:internal/deps/undici/undici:5842:7)[39m
@baci/web:test:     at Module.POST [90m(/app/apps/web/[39msrc/app/api/paystack/verify-account/route.ts:30:12[90m)[39m
@baci/web:test:     at [90m/app/apps/web/[39msrc/app/api/paystack/verify-account/route.test.ts:83:22
@baci/web:test:     at [90mfile:///app/apps/web/[39mnode_modules/[4m@vitest/runner[24m/dist/index.js:915:20
@baci/web:test:
@baci/web:test:  [32m✓[39m src/app/api/paystack/verify-account/route.test.ts [2m([22m[2m4 tests[22m[2m)[22m[32m 23[2mms[22m[39m
@baci/web:test:  [32m✓[39m src/app/(storefront)/[slug]/(catalog)/(listing)/[category]/category-page-content-helpers.test.ts [2m([22m[2m4 tests[22m[2m)[22m[32m 32[2mms[22m[39m
@baci/web:test: [90mstdout[2m | src/app/api/cron/wallet-payouts/route.test.ts[2m > [22m[2m/api/cron/wallet-payouts[2m > [22m[2maccepts lowercase bearer authorization for payout runs
@baci/web:test: [22m[39mWeekly payout results: { processed: [33m0[39m, successful: [33m0[39m, failed: [33m0[39m, skipped: [33m0[39m, details: [] }
@baci/web:test:
@baci/web:test: [90mstdout[2m | src/app/api/cron/wallet-payouts/route.test.ts[2m > [22m[2m/api/cron/wallet-payouts[2m > [22m[2mkeeps accepting legacy x-cron-secret requests
@baci/web:test: [22m[39mWeekly payout results: { processed: [33m0[39m, successful: [33m0[39m, failed: [33m0[39m, skipped: [33m0[39m, details: [] }
@baci/web:test:
@baci/web:test: [90mstdout[2m | src/app/api/cron/wallet-payouts/route.test.ts[2m > [22m[2m/api/cron/wallet-payouts[2m > [22m[2maccepts lowercase bearer authorization for manual GET fallback
@baci/web:test: [22m[39mWeekly payout results: { processed: [33m0[39m, successful: [33m0[39m, failed: [33m0[39m, skipped: [33m0[39m, details: [] }
@baci/web:test:
@baci/web:test:  [32m✓[39m src/app/api/cron/wallet-payouts/route.test.ts [2m([22m[2m4 tests[22m[2m)[22m[32m 23[2mms[22m[39m
@baci/web:test:  [32m✓[39m src/components/app-body.test.tsx [2m([22m[2m4 tests[22m[2m)[22m[32m 85[2mms[22m[39m
@baci/web:test:  [32m✓[39m src/lib/quiz-rpc-secret-private-config-migration.test.ts [2m([22m[2m4 tests[22m[2m)[22m[32m 8[2mms[22m[39m
@baci/web:test:  [32m✓[39m src/lib/extract-brand-colors.test.ts [2m([22m[2m2 tests[22m[2m)[22m[32m 10[2mms[22m[39m
@baci/web:test: [90mstderr[2m | src/components/storefront/checkout/discount-code-input.test.tsx[2m > [22m[2mDiscountCodeInput[2m > [22m[2mfails fast when csrf refresh endpoint returns non-ok during retry
@baci/web:test: [22m[39mError validating discount code: Error: Failed to refresh CSRF token (status 500)
@baci/web:test:     at validateCode [90m(/app/apps/web/[39msrc/components/storefront/checkout/discount-code-input.tsx:61:17[90m)[39m
@baci/web:test:
@baci/web:test:  [32m✓[39m src/components/storefront/checkout/discount-code-input.test.tsx [2m([22m[2m2 tests[22m[2m)[22m[33m 480[2mms[22m[39m
@baci/web:test:      [33m[2m✓[22m[39m uses the already parsed 403 payload without reading response body twice [33m 356[2mms[22m[39m
@baci/web:test:  [32m✓[39m src/components/dashboard/store-build-status-card-helpers.test.ts [2m([22m[2m18 tests[22m[2m)[22m[32m 14[2mms[22m[39m
@baci/web:test:  [32m✓[39m src/components/storefront/ogabassey/pages/product-details-page/product-breadcrumbs.test.tsx [2m([22m[2m2 tests[22m[2m)[22m[32m 260[2mms[22m[39m
@baci/web:test:  [32m✓[39m src/app/dashboard/settings/kyc/cac-verification.test.tsx [2m([22m[2m4 tests[22m[2m)[22m[33m 478[2mms[22m[39m
@baci/web:test:  [32m✓[39m src/lib/agentic/action-health-rpc-payload.test.ts [2m([22m[2m2 tests[22m[2m)[22m[32m 7[2mms[22m[39m
@baci/web:test:  [32m✓[39m src/app/api/agentic/checkout-sessions/route.test.ts [2m([22m[2m2 tests[22m[2m)[22m[32m 133[2mms[22m[39m
@baci/web:test:  [32m✓[39m src/schemas/google-merchant-feed-query.test.ts [2m([22m[2m15 tests[22m[2m)[22m[32m 13[2mms[22m[39m
@baci/web:test:  [32m✓[39m src/app/api/reviews/reviews.test.ts [2m([22m[2m4 tests[22m[2m)[22m[32m 10[2mms[22m[39m
@baci/web:test:  [32m✓[39m src/components/storefront/ogabassey/pdp/deferred-detail-island.client.test.tsx [2m([22m[2m2 tests[22m[2m)[22m[32m 219[2mms[22m[39m
@baci/web:test:  [32m✓[39m src/app/api/places/details/route.test.ts [2m([22m[2m3 tests[22m[2m)[22m[32m 18[2mms[22m[39m
@baci/web:test:  [32m✓[39m src/app/(storefront)/[slug]/(blog)/blog/[postSlug]/actions.test.ts [2m([22m[2m4 tests[22m[2m)[22m[32m 12[2mms[22m[39m
@baci/web:test:  [32m✓[39m src/lib/quiz/gemma-question-completion.test.ts [2m([22m[2m2 tests[22m[2m)[22m[32m 16[2mms[22m[39m
@baci/web:test:  [32m✓[39m src/app/(storefront)/ogabassey/ogabassey-home-product-adapter.test.ts [2m([22m[2m2 tests[22m[2m)[22m[32m 6[2mms[22m[39m
@baci/web:test:  [32m✓[39m src/app/admin/order-pipeline-breakdowns.test.tsx [2m([22m[2m3 tests[22m[2m)[22m[32m 155[2mms[22m[39m
@baci/web:test:  [32m✓[39m src/app/dashboard/blog/page.test.tsx [2m([22m[2m1 test[22m[2m)[22m[32m 73[2mms[22m[39m
@baci/web:test:  [32m✓[39m src/app/(storefront)/[slug]/(blog)/blog/blog-discovery-section.test.tsx [2m([22m[2m3 tests[22m[2m)[22m[33m 654[2mms[22m[39m
@baci/web:test:      [33m[2m✓[22m[39m links to product, home, category, and article discovery targets [33m 328[2mms[22m[39m
@baci/web:test:      [33m[2m✓[22m[39m encodes discovery URLs and caps generated category and post links [33m 309[2mms[22m[39m
@baci/web:test:  [32m✓[39m src/lib/jumia/jumia-client-config.test.ts [2m([22m[2m2 tests[22m[2m)[22m[32m 16[2mms[22m[39m
@baci/web:test:  [32m✓[39m src/hooks/use-merchant-features.test.tsx [2m([22m[2m5 tests[22m[2m)[22m[32m 216[2mms[22m[39m
@baci/web:test:  [32m✓[39m src/app/api/merchant/auth/account-deletion/route.test.ts [2m([22m[2m2 tests[22m[2m)[22m[32m 15[2mms[22m[39m
@baci/web:test: [90mstderr[2m | src/components/storefront/new-template/product-list-item.test.tsx[2m > [22m[2mProductListItem[2m > [22m[2mlinks to the canonical storefront product route
@baci/web:test: [22m[39mReceived `true` for a non-boolean attribute `fill`.
@baci/web:test:
@baci/web:test: If you want to write it to the DOM, pass a string instead: fill="true" or fill={value.toString()}.
@baci/web:test:
@baci/web:test:  [32m✓[39m src/components/storefront/new-template/product-list-item.test.tsx [2m([22m[2m3 tests[22m[2m)[22m[33m 326[2mms[22m[39m
@baci/web:test:  [32m✓[39m src/app/(storefront)/ogabassey/ogabassey-static-resource-hints.test.tsx [2m([22m[2m1 test[22m[2m)[22m[32m 29[2mms[22m[39m
@baci/web:test:  [32m✓[39m src/components/analytics/google-store-widget-utils.test.ts [2m([22m[2m11 tests[22m[2m)[22m[32m 7[2mms[22m[39m
@baci/web:test:  [32m✓[39m src/app/(storefront)/[slug]/(commerce)/checkout/success/page.test.tsx [2m([22m[2m2 tests[22m[2m)[22m[33m 482[2mms[22m[39m
@baci/web:test:      [33m[2m✓[22m[39m does not let the standalone verifying screen own the first paint [33m 361[2mms[22m[39m
@baci/web:test: [90mstderr[2m | src/app/layout.test.tsx[2m > [22m[2mRootLayout[2m > [22m[2mrenders the page shell beside the root dynamic body
@baci/web:test: [22m[39mIn HTML, <html> cannot be a child of <div>.
@baci/web:test: This will cause a hydration error.
@baci/web:test:
@baci/web:test:  [32m✓[39m src/app/layout.test.tsx [2m([22m[2m3 tests[22m[2m)[22m[32m 228[2mms[22m[39m
@baci/web:test:  [32m✓[39m src/schemas/route-identifier.test.ts [2m([22m[2m4 tests[22m[2m)[22m[32m 8[2mms[22m[39m
@baci/web:test:  [32m✓[39m src/lib/ollama-auth.test.ts [2m([22m[2m11 tests[22m[2m)[22m[32m 8[2mms[22m[39m
@baci/web:test:  [32m✓[39m src/app/api/storefront/imei-check/sickw-xiaomi-status.test.ts [2m([22m[2m5 tests[22m[2m)[22m[32m 7[2mms[22m[39m
@baci/web:test: [90mstderr[2m | src/app/api/storefront/products/route.ids.test.ts[2m > [22m[2mGET /api/storefront/products ids flow[2m > [22m[2mreturns 500 when the ids query fails
@baci/web:test: [22m[39mUnexpected error in GET /api/storefront/products: {
@baci/web:test:   message: [32m'Unknown error'[39m,
@baci/web:test:   stack: [90mundefined[39m,
@baci/web:test:   merchantId: [32m'00000000-0000-4000-8000-000000000001'[39m
@baci/web:test: }
@baci/web:test:
@baci/web:test:  [32m✓[39m src/app/api/storefront/products/route.ids.test.ts [2m([22m[2m2 tests[22m[2m)[22m[32m 23[2mms[22m[39m
@baci/web:test:  [32m✓[39m src/contexts/providers.test.tsx [2m([22m[2m3 tests[22m[2m)[22m[32m 250[2mms[22m[39m
@baci/web:test:  [32m✓[39m src/lib/merchant-analytics-chart.test.ts [2m([22m[2m2 tests[22m[2m)[22m[32m 31[2mms[22m[39m
@baci/web:test:  [32m✓[39m src/app/.well-known/assetlinks.json/route.test.ts [2m([22m[2m8 tests[22m[2m)[22m[32m 52[2mms[22m[39m
@baci/web:test:  [32m✓[39m src/app/dashboard/client-page.test.tsx [2m([22m[2m1 test[22m[2m)[22m[33m 416[2mms[22m[39m
@baci/web:test:      [33m[2m✓[22m[39m labels paid 30-day dashboard metrics as period-scoped values [33m 412[2mms[22m[39m
@baci/web:test:  [32m✓[39m src/hooks/use-loyalty.test.ts [2m([22m[2m6 tests[22m[2m)[22m[32m 110[2mms[22m[39m
@baci/web:test:  [32m✓[39m src/components/analytics/deferred-platform-insights.test.tsx [2m([22m[2m3 tests[22m[2m)[22m[32m 135[2mms[22m[39m
@baci/web:test: [90mstderr[2m | src/app/dashboard/settings/actions.test.ts[2m > [22m[2muploadFavicon[2m > [22m[2mreturns error when processFavicon throws
@baci/web:test: [22m[39mFavicon upload failed: Error: Sharp failed
@baci/web:test:     at [90m/app/apps/web/[39msrc/app/dashboard/settings/actions.test.ts:64:49
@baci/web:test:     at [90mfile:///app/apps/web/[39mnode_modules/[4m@vitest/runner[24m/dist/index.js:145:11
@baci/web:test:     at [90mfile:///app/apps/web/[39mnode_modules/[4m@vitest/runner[24m/dist/index.js:915:26
@baci/web:test:     at [90mfile:///app/apps/web/[39mnode_modules/[4m@vitest/runner[24m/dist/index.js:1243:20
@baci/web:test:     at new Promise (<anonymous>)
@baci/web:test:     at runWithTimeout [90m(file:///app/apps/web/[39mnode_modules/[4m@vitest/runner[24m/dist/index.js:1209:10[90m)[39m
@baci/web:test:     at [90mfile:///app/apps/web/[39mnode_modules/[4m@vitest/runner[24m/dist/index.js:1653:37
@baci/web:test:     at Traces.$ [90m(file:///app/apps/web/[39mnode_modules/[4mvitest[24m/dist/chunks/traces.CCmnQaNT.js:142:27[90m)[39m
@baci/web:test:     at trace [90m(file:///app/apps/web/[39mnode_modules/[4mvitest[24m/dist/chunks/test.B8ej_ZHS.js:239:21[90m)[39m
@baci/web:test:     at runTest [90m(file:///app/apps/web/[39mnode_modules/[4m@vitest/runner[24m/dist/index.js:1653:12[90m)[39m
@baci/web:test:
@baci/web:test:  [32m✓[39m src/app/dashboard/settings/actions.test.ts [2m([22m[2m3 tests[22m[2m)[22m[32m 17[2mms[22m[39m
@baci/web:test:  [32m✓[39m src/hooks/use-comparison.test.tsx [2m([22m[2m4 tests[22m[2m)[22m[33m 562[2mms[22m[39m
@baci/web:test:      [33m[2m✓[22m[39m toggleComparison adds and removes items [33m 320[2mms[22m[39m
@baci/web:test: [90mstderr[2m | src/app/(platform)/staff/accept/ErrorPage.test.tsx[2m > [22m[2mErrorPage[2m > [22m[2mrenders title and error message correctly
@baci/web:test: [22m[39mReceived `true` for a non-boolean attribute `fill`.
@baci/web:test:
@baci/web:test: If you want to write it to the DOM, pass a string instead: fill="true" or fill={value.toString()}.
@baci/web:test: Received `false` for a non-boolean attribute `priority`.
@baci/web:test:
@baci/web:test: If you want to write it to the DOM, pass a string instead: priority="false" or priority={value.toString()}.
@baci/web:test:
@baci/web:test: If you used to conditionally omit it with priority={condition && value}, pass priority={condition ? value : undefined} instead.
@baci/web:test:
@baci/web:test:  [32m✓[39m src/app/(storefront)/[slug]/(blog)/blog/[postSlug]/get-resolved-blog-post.test.ts [2m([22m[2m3 tests[22m[2m)[22m[32m 20[2mms[22m[39m
@baci/web:test:  [32m✓[39m src/app/(platform)/staff/accept/ErrorPage.test.tsx [2m([22m[2m5 tests[22m[2m)[22m[33m 758[2mms[22m[39m
@baci/web:test:      [33m[2m✓[22m[39m renders title and error message correctly [33m 421[2mms[22m[39m
@baci/web:test:  [32m✓[39m src/lib/product-variant-model.test.ts [2m([22m[2m5 tests[22m[2m)[22m[32m 11[2mms[22m[39m
@baci/web:test:  [32m✓[39m src/lib/payments/verified-gateway-fee.test.ts [2m([22m[2m6 tests[22m[2m)[22m[32m 9[2mms[22m[39m
@baci/web:test:  [32m✓[39m src/schemas/paystack-subaccount.test.ts [2m([22m[2m7 tests[22m[2m)[22m[32m 14[2mms[22m[39m
@baci/web:test:  [32m✓[39m src/components/products/product-catalog-table.test.tsx [2m([22m[2m3 tests[22m[2m)[22m[33m 319[2mms[22m[39m
@baci/web:test: [90mstderr[2m | src/components/storefront/ogabassey/pages/orders.test.tsx[2m > [22m[2mOgabasseyV2Orders[2m > [22m[2mrenders storefront-aware order detail links after a successful fetch
@baci/web:test: [22m[39mReceived `true` for a non-boolean attribute `fill`.
@baci/web:test:
@baci/web:test: If you want to write it to the DOM, pass a string instead: fill="true" or fill={value.toString()}.
@baci/web:test:
@baci/web:test:  [32m✓[39m src/schemas/quiz-schemas-response.test.ts [2m([22m[2m2 tests[22m[2m)[22m[32m 13[2mms[22m[39m
@baci/web:test: [90mstderr[2m | src/components/storefront/ogabassey/pages/orders.test.tsx[2m > [22m[2mOgabasseyV2Orders[2m > [22m[2mdoes not parse JSON when the orders request fails
@baci/web:test: [22m[39mFailed to fetch orders Error: Failed to fetch orders: 500
@baci/web:test:     at fetchOrders [90m(/app/apps/web/[39msrc/components/storefront/ogabassey/pages/orders.tsx:59:17[90m)[39m
@baci/web:test:
@baci/web:test:  [32m✓[39m src/components/storefront/ogabassey/pages/orders.test.tsx [2m([22m[2m2 tests[22m[2m)[22m[33m 447[2mms[22m[39m
@baci/web:test:      [33m[2m✓[22m[39m renders storefront-aware order detail links after a successful fetch [33m 414[2mms[22m[39m
@baci/web:test:  [32m✓[39m src/components/dashboard/universal-cart-readiness-card.test.tsx [2m([22m[2m3 tests[22m[2m)[22m[33m 725[2mms[22m[39m
@baci/web:test:      [33m[2m✓[22m[39m collapses catalog to fail when lookup fails [33m 562[2mms[22m[39m
@baci/web:test:  [32m✓[39m src/app/dashboard/quiz/page.test.tsx [2m([22m[2m3 tests[22m[2m)[22m[32m 10[2mms[22m[39m
@baci/web:test: [90mstderr[2m | src/app/(storefront)/[slug]/(content)/pages/rewards/page.test.tsx[2m > [22m[2mRewardsPage[2m > [22m[2mrenders sr-only H1 in loading state (merchantId null on mount)
@baci/web:test: [22m[39mAn update to RewardsPage inside a test was not wrapped in act(...).
@baci/web:test:
@baci/web:test: When testing, code that causes React state updates should be wrapped into act(...):
@baci/web:test:
@baci/web:test: act(() => {
@baci/web:test:   /* fire events that update state */
@baci/web:test: });
@baci/web:test: /* assert on the output */
@baci/web:test:
@baci/web:test: This ensures that you're testing the behavior the user would see in the browser. Learn more at https://react.dev/link/wrap-tests-with-act
@baci/web:test: An update to RewardsPage inside a test was not wrapped in act(...).
@baci/web:test:
@baci/web:test: When testing, code that causes React state updates should be wrapped into act(...):
@baci/web:test:
@baci/web:test: act(() => {
@baci/web:test:   /* fire events that update state */
@baci/web:test: });
@baci/web:test: /* assert on the output */
@baci/web:test:
@baci/web:test: This ensures that you're testing the behavior the user would see in the browser. Learn more at https://react.dev/link/wrap-tests-with-act
@baci/web:test: An update to RewardsPage inside a test was not wrapped in act(...).
@baci/web:test:
@baci/web:test: When testing, code that causes React state updates should be wrapped into act(...):
@baci/web:test:
@baci/web:test: act(() => {
@baci/web:test:   /* fire events that update state */
@baci/web:test: });
@baci/web:test: /* assert on the output */
@baci/web:test:
@baci/web:test: This ensures that you're testing the behavior the user would see in the browser. Learn more at https://react.dev/link/wrap-tests-with-act
@baci/web:test:
@baci/web:test:  [32m✓[39m src/app/(storefront)/[slug]/storefront-chrome-runtime.test.tsx [2m([22m[2m3 tests[22m[2m)[22m[32m 50[2mms[22m[39m
@baci/web:test:  [32m✓[39m src/app/(storefront)/[slug]/(content)/pages/rewards/page.test.tsx [2m([22m[2m2 tests[22m[2m)[22m[32m 276[2mms[22m[39m
@baci/web:test:  [32m✓[39m src/lib/imei-lookup-fulfillment.test.ts [2m([22m[2m4 tests[22m[2m)[22m[32m 15[2mms[22m[39m
@baci/web:test:  [32m✓[39m src/app/(storefront)/[slug]/(utility)/quiz/page.test.tsx [2m([22m[2m2 tests[22m[2m)[22m[32m 49[2mms[22m[39m
@baci/web:test:  [32m✓[39m src/app/api/agentic/checkout-sessions/[id]/cancel/route.test.ts [2m([22m[2m2 tests[22m[2m)[22m[32m 37[2mms[22m[39m
@baci/web:test:  [32m✓[39m src/lib/klump-sdk.test.ts [2m([22m[2m4 tests[22m[2m)[22m[32m 31[2mms[22m[39m
@baci/web:test:  [32m✓[39m src/components/dashboard/agentic-request-controls-card.test.tsx [2m([22m[2m4 tests[22m[2m)[22m[32m 88[2mms[22m[39m
@baci/web:test:  [32m✓[39m src/app/dashboard/settings/kyc/bvn-verification.test.tsx [2m([22m[2m3 tests[22m[2m)[22m[33m 348[2mms[22m[39m
@baci/web:test:  [32m✓[39m src/components/storefront/ogabassey/providers/v2-saved-context.test.tsx [2m([22m[2m2 tests[22m[2m)[22m[32m 244[2mms[22m[39m
@baci/web:test:  [32m✓[39m src/schemas/marketplace.test.ts [2m([22m[2m9 tests[22m[2m)[22m[32m 10[2mms[22m[39m
@baci/web:test:  [32m✓[39m src/schemas/builder.test.ts [2m([22m[2m7 tests[22m[2m)[22m[32m 13[2mms[22m[39m
@baci/web:test:  [32m✓[39m src/app/.well-known/apple-app-site-association/route.test.ts [2m([22m[2m8 tests[22m[2m)[22m[32m 22[2mms[22m[39m
@baci/web:test:  [32m✓[39m src/app/dashboard/products/products-page-shell.test.tsx [2m([22m[2m1 test[22m[2m)[22m[32m 65[2mms[22m[39m
@baci/web:test:  [32m✓[39m src/lib/currency.test.ts [2m([22m[2m10 tests[22m[2m)[22m[32m 34[2mms[22m[39m
@baci/web:test:  [32m✓[39m src/lib/agentic/action-health-rpc-contract.test.ts [2m([22m[2m1 test[22m[2m)[22m[32m 28[2mms[22m[39m
@baci/web:test:  [32m✓[39m src/schemas/storefront-products-route-params.test.ts [2m([22m[2m19 tests[22m[2m)[22m[32m 13[2mms[22m[39m
@baci/web:test:  [32m✓[39m src/app/(storefront)/[slug]/storefront-dynamic-metadata-marker.test.tsx [2m([22m[2m3 tests[22m[2m)[22m[32m 10[2mms[22m[39m
@baci/web:test:  [32m✓[39m src/lib/llms-markdown-sanitize.test.ts [2m([22m[2m9 tests[22m[2m)[22m[32m 9[2mms[22m[39m
@baci/web:test:  [32m✓[39m src/lib/merchant-analytics-utils.test.ts [2m([22m[2m3 tests[22m[2m)[22m[32m 7[2mms[22m[39m
@baci/web:test:  [32m✓[39m src/lib/download-filename.test.ts [2m([22m[2m8 tests[22m[2m)[22m[32m 8[2mms[22m[39m
@baci/web:test:  [32m✓[39m src/lib/jumia/order-sync-money.test.ts [2m([22m[2m4 tests[22m[2m)[22m[32m 10[2mms[22m[39m
@baci/web:test:  [32m✓[39m src/scripts/process-import-jobs.test.ts [2m([22m[2m2 tests[22m[2m)[22m[32m 9[2mms[22m[39m
@baci/web:test:  [32m✓[39m src/components/landing/metric-card.test.tsx [2m([22m[2m2 tests[22m[2m)[22m[32m 112[2mms[22m[39m
@baci/web:test:  [32m✓[39m src/app/(storefront)/[slug]/(blog)/blog/default-blog-ui.test.tsx [2m([22m[2m1 test[22m[2m)[22m[33m 363[2mms[22m[39m
@baci/web:test:      [33m[2m✓[22m[39m renders the default blog chrome, filters, and content list [33m 361[2mms[22m[39m
@baci/web:test:  [32m✓[39m src/app/api/reviews/[id]/helpful/route.test.ts [2m([22m[2m1 test[22m[2m)[22m[32m 15[2mms[22m[39m
@baci/web:test:  [32m✓[39m src/app/(storefront)/[slug]/(blog)/blog/[postSlug]/opengraph-image-metadata.test.tsx [2m([22m[2m3 tests[22m[2m)[22m[32m 8[2mms[22m[39m
@baci/web:test:  [32m✓[39m src/lib/storefront-compare/compare-schema.test.ts [2m([22m[2m2 tests[22m[2m)[22m[32m 6[2mms[22m[39m
@baci/web:test:  [32m✓[39m src/hooks/use-saved.test.tsx [2m([22m[2m4 tests[22m[2m)[22m[33m 444[2mms[22m[39m
@baci/web:test:  [32m✓[39m src/lib/commerce-loyalty-redemption.test.ts [2m([22m[2m7 tests[22m[2m)[22m[32m 7[2mms[22m[39m
@baci/web:test:  [32m✓[39m src/components/storefront/checkout-route.test.ts [2m([22m[2m8 tests[22m[2m)[22m[32m 7[2mms[22m[39m
@baci/web:test:  [32m✓[39m src/components/storefront/ogabassey/pdp/critical-product.test.ts [2m([22m[2m3 tests[22m[2m)[22m[32m 6[2mms[22m[39m
@baci/web:test:  [32m✓[39m src/lib/normalize-storefront-category-value.test.ts [2m([22m[2m9 tests[22m[2m)[22m[32m 7[2mms[22m[39m
@baci/web:test:  [32m✓[39m src/app/dashboard/settings/kyc/page.test.tsx [2m([22m[2m2 tests[22m[2m)[22m[32m 231[2mms[22m[39m
@baci/web:test:  [32m✓[39m src/components/storefront/deferred-sticky-add-to-cart.test.tsx [2m([22m[2m2 tests[22m[2m)[22m[32m 197[2mms[22m[39m
@baci/web:test:  [32m✓[39m src/components/onboarding/steps/step3-account.test.tsx [2m([22m[2m2 tests[22m[2m)[22m[33m 645[2mms[22m[39m
@baci/web:test:      [33m[2m✓[22m[39m shows confirm password for medium-strength passwords that are acceptable to the schema [33m 547[2mms[22m[39m
@baci/web:test:  [32m✓[39m src/lib/agentic/checkout-payment-claim-release.test.ts [2m([22m[2m3 tests[22m[2m)[22m[32m 8[2mms[22m[39m
@baci/web:test:  [32m✓[39m src/app/(platform)/invite/[token]/page.test.tsx [2m([22m[2m2 tests[22m[2m)[22m[32m 223[2mms[22m[39m
@baci/web:test: [90mstderr[2m | src/app/api/products/bulk-update/csrf.test.ts[2m > [22m[2mPOST /api/products/bulk-update[2m > [22m[2mshould call checkCsrfProtection
@baci/web:test: [22m[39mBulk update error: TypeError: ownerQuery.or is not a function
@baci/web:test:     at getMerchantForApiRequest [90m(/app/apps/web/[39msrc/lib/get-merchant-for-api-request.ts:57:8[90m)[39m
@baci/web:test:     at Module.POST [90m(/app/apps/web/[39msrc/app/api/products/bulk-update/route.ts:31:35[90m)[39m
@baci/web:test: [90m    at processTicksAndRejections (node:internal/process/task_queues:103:5)[39m
@baci/web:test:     at [90m/app/apps/web/[39msrc/app/api/products/bulk-update/csrf.test.ts:84:5
@baci/web:test:     at [90mfile:///app/apps/web/[39mnode_modules/[4m@vitest/runner[24m/dist/index.js:915:20
@baci/web:test:
@baci/web:test:  [32m✓[39m src/app/api/products/bulk-update/csrf.test.ts [2m([22m[2m1 test[22m[2m)[22m[32m 21[2mms[22m[39m
@baci/web:test:  [32m✓[39m src/lib/staff-invite-flow.test.ts [2m([22m[2m8 tests[22m[2m)[22m[32m 11[2mms[22m[39m
@baci/web:test:  [32m✓[39m src/lib/agentic/ucp-cart-response.test.ts [2m([22m[2m2 tests[22m[2m)[22m[32m 6[2mms[22m[39m
@baci/web:test:  [32m✓[39m src/app/admin/settings/settings-payload.test.ts [2m([22m[2m2 tests[22m[2m)[22m[32m 7[2mms[22m[39m
@baci/web:test:  [32m✓[39m src/contexts/MotionNonceProvider.test.tsx [2m([22m[2m4 tests[22m[2m)[22m[33m 331[2mms[22m[39m
@baci/web:test:  [32m✓[39m src/app/(platform)/demo/page.test.tsx [2m([22m[2m5 tests[22m[2m)[22m[33m 595[2mms[22m[39m
@baci/web:test:      [33m[2m✓[22m[39m exposes a Notifications button with an accessible name [33m 385[2mms[22m[39m
@baci/web:test:  [32m✓[39m src/components/storefront/ogabassey/providers/v2-comparison-scope.test.tsx [2m([22m[2m3 tests[22m[2m)[22m[32m 57[2mms[22m[39m
@baci/web:test:  [32m✓[39m src/lib/countries.test.ts [2m([22m[2m12 tests[22m[2m)[22m[32m 8[2mms[22m[39m
@baci/web:test:  [32m✓[39m src/schemas/quiz-schemas-query.test.ts [2m([22m[2m2 tests[22m[2m)[22m[32m 13[2mms[22m[39m
@baci/web:test:  [32m✓[39m src/schemas/cart.test.ts [2m([22m[2m5 tests[22m[2m)[22m[32m 11[2mms[22m[39m
@baci/web:test:  [32m✓[39m src/lib/get-merchant-blog-post-categories.test.ts [2m([22m[2m2 tests[22m[2m)[22m[32m 11[2mms[22m[39m
@baci/web:test:  [32m✓[39m src/lib/agentic/agent-commerce-public-product-parity-google-feed.test.ts [2m([22m[2m2 tests[22m[2m)[22m[32m 30[2mms[22m[39m
@baci/web:test:  [32m✓[39m src/lib/agentic/idempotency-hash.test.ts [2m([22m[2m3 tests[22m[2m)[22m[32m 6[2mms[22m[39m
@baci/web:test:  [32m✓[39m src/app/dashboard/migrations/migration-types.test.ts [2m([22m[2m3 tests[22m[2m)[22m[32m 4[2mms[22m[39m
@baci/web:test:  [32m✓[39m src/components/storefront/blocks/ogabassey-hero.test.tsx [2m([22m[2m3 tests[22m[2m)[22m[32m 76[2mms[22m[39m
@baci/web:test:  [32m✓[39m src/schemas/bumpa-products.test.ts [2m([22m[2m5 tests[22m[2m)[22m[32m 10[2mms[22m[39m
@baci/web:test:  [32m✓[39m src/lib/blog-discover-image-metadata-migration.test.ts [2m([22m[2m3 tests[22m[2m)[22m[32m 5[2mms[22m[39m
@baci/web:test:  [32m✓[39m src/lib/agentic/paystack-dva-webhook-ambiguity.test.ts [2m([22m[2m1 test[22m[2m)[22m[32m 6[2mms[22m[39m
@baci/web:test:  [32m✓[39m src/app/api/quiz/route-auth-contracts.test.ts [2m([22m[2m2 tests[22m[2m)[22m[32m 18[2mms[22m[39m
@baci/web:test:  [32m✓[39m src/components/storefront/ogabassey/seo/category-hub-card-grid.test.tsx [2m([22m[2m2 tests[22m[2m)[22m[33m 313[2mms[22m[39m
@baci/web:test:  [32m✓[39m src/components/storefront/new-template/product-details.test.tsx [2m([22m[2m2 tests[22m[2m)[22m[33m 407[2mms[22m[39m
@baci/web:test:      [33m[2m✓[22m[39m does not submit an enclosing form when saving a product [33m 317[2mms[22m[39m
@baci/web:test:  [32m✓[39m src/schemas/merchant-identifier.test.ts [2m([22m[2m5 tests[22m[2m)[22m[32m 11[2mms[22m[39m
@baci/web:test:  [32m✓[39m src/components/storefront/use-viewport-activation.test.tsx [2m([22m[2m2 tests[22m[2m)[22m[32m 76[2mms[22m[39m
@baci/web:test:  [32m✓[39m src/app/(auth)/login/login-client.test.tsx [2m([22m[2m5 tests[22m[2m)[22m[32m 274[2mms[22m[39m
@baci/web:test:  [32m✓[39m src/app/dashboard/settings/kyc/nin-verification.test.tsx [2m([22m[2m3 tests[22m[2m)[22m[33m 356[2mms[22m[39m
@baci/web:test: [90mstderr[2m | src/components/blog/product-embed.test.tsx[2m > [22m[2mProductEmbedPicker[2m > [22m[2mdebounces search-driven fetches into a single trailing request
@baci/web:test: [22m[39mWarning: Missing `Description` or `aria-describedby={undefined}` for {DialogContent}.
@baci/web:test:
@baci/web:test:  [32m✓[39m src/components/blog/product-embed.test.tsx [2m([22m[2m2 tests[22m[2m)[22m[33m 493[2mms[22m[39m
@baci/web:test:      [33m[2m✓[22m[39m debounces search-driven fetches into a single trailing request [33m 486[2mms[22m[39m
@baci/web:test:  [32m✓[39m src/lib/admin-merchant-utils.test.ts [2m([22m[2m4 tests[22m[2m)[22m[32m 30[2mms[22m[39m
@baci/web:test:  [32m✓[39m src/lib/get-merchant-blog-post-slugs.test.ts [2m([22m[2m2 tests[22m[2m)[22m[32m 12[2mms[22m[39m
@baci/web:test:  [32m✓[39m src/components/storefront/ogabassey/scroll-visibility-store.test.tsx [2m([22m[2m2 tests[22m[2m)[22m[32m 60[2mms[22m[39m
@baci/web:test:  [32m✓[39m src/app/api/feed/google-merchant/build-feed-description.test.ts [2m([22m[2m3 tests[22m[2m)[22m[32m 6[2mms[22m[39m
@baci/web:test: [90mstderr[2m | src/app/(platform)/staff/accept/InvitePage.test.tsx[2m > [22m[2mInvitePage[2m > [22m[2mrenders the invitation details correctly
@baci/web:test: [22m[39mReceived `true` for a non-boolean attribute `fill`.
@baci/web:test:
@baci/web:test: If you want to write it to the DOM, pass a string instead: fill="true" or fill={value.toString()}.
@baci/web:test: Received `false` for a non-boolean attribute `priority`.
@baci/web:test:
@baci/web:test: If you want to write it to the DOM, pass a string instead: priority="false" or priority={value.toString()}.
@baci/web:test:
@baci/web:test: If you used to conditionally omit it with priority={condition && value}, pass priority={condition ? value : undefined} instead.
@baci/web:test:
@baci/web:test:  [32m✓[39m src/app/(platform)/staff/accept/InvitePage.test.tsx [2m([22m[2m2 tests[22m[2m)[22m[33m 339[2mms[22m[39m
@baci/web:test:  [32m✓[39m src/lib/admin-currency.test.ts [2m([22m[2m4 tests[22m[2m)[22m[32m 31[2mms[22m[39m
@baci/web:test:  [32m✓[39m src/app/(storefront)/[slug]/storefront-loading-ui.test.tsx [2m([22m[2m2 tests[22m[2m)[22m[33m 407[2mms[22m[39m
@baci/web:test:  [32m✓[39m src/components/storefront/deferred-page-view-tracker.test.tsx [2m([22m[2m2 tests[22m[2m)[22m[32m 59[2mms[22m[39m
@baci/web:test:  [32m✓[39m src/app/(storefront)/[slug]/(home)/page-metadata.test.ts [2m([22m[2m2 tests[22m[2m)[22m[32m 7[2mms[22m[39m
@baci/web:test:  [32m✓[39m src/schemas/staff-accept.test.ts [2m([22m[2m4 tests[22m[2m)[22m[32m 10[2mms[22m[39m
@baci/web:test:  [32m✓[39m src/components/storefront/ogabassey/pages/checkout/components/payment-step-availability.test.ts [2m([22m[2m3 tests[22m[2m)[22m[32m 4[2mms[22m[39m
@baci/web:test:  [32m✓[39m src/schemas/wallet-funding-account.test.ts [2m([22m[2m8 tests[22m[2m)[22m[32m 13[2mms[22m[39m
@baci/web:test:  [32m✓[39m src/app/(storefront)/[slug]/(blog)/blog/[postSlug]/BlogPostHeader.test.tsx [2m([22m[2m3 tests[22m[2m)[22m[33m 318[2mms[22m[39m
@baci/web:test:  [32m✓[39m src/lib/products.test.ts [2m([22m[2m11 tests[22m[2m)[22m[32m 9[2mms[22m[39m
@baci/web:test:  [32m✓[39m src/app/admin/blog/new/page.test.tsx [2m([22m[2m3 tests[22m[2m)[22m[32m 50[2mms[22m[39m
@baci/web:test:  [32m✓[39m src/app/(storefront)/[slug]/(catalog)/(pdp)/[category]/[productSlug]/default-product-page-renderer.test.tsx [2m([22m[2m1 test[22m[2m)[22m[32m 210[2mms[22m[39m
@baci/web:test:  [32m✓[39m src/lib/import-jobs/import-job-status.test.ts [2m([22m[2m3 tests[22m[2m)[22m[32m 5[2mms[22m[39m
@baci/web:test:  [32m✓[39m src/components/ui/button.test.tsx [2m([22m[2m5 tests[22m[2m)[22m[33m 311[2mms[22m[39m
@baci/web:test:  [32m✓[39m src/lib/checkout/build-order-items.test.ts [2m([22m[2m3 tests[22m[2m)[22m[32m 5[2mms[22m[39m
@baci/web:test:  [32m✓[39m src/lib/klump-payment-notifications.test.ts [2m([22m[2m2 tests[22m[2m)[22m[32m 12[2mms[22m[39m
@baci/web:test: [90mstderr[2m | src/app/(platform)/cart/page.test.tsx[2m > [22m[2mRootCartPage[2m > [22m[2mrenders a local fallback while cart cookies are pending
@baci/web:test: [22m[39m<RootCartPageContent> is an async Client Component. Only Server Components can be async at the moment. This error is often caused by accidentally adding `'use client'` to a module that was originally written for the server.
@baci/web:test:
@baci/web:test: [90mstderr[2m | src/app/(platform)/cart/page.test.tsx[2m > [22m[2mRootCartPage[2m > [22m[2mrenders a local fallback while cart cookies are pending
@baci/web:test: [22m[39mA component suspended inside an `act` scope, but the `act` call was not awaited. When testing React components that depend on asynchronous data, you must await the result:
@baci/web:test:
@baci/web:test: await act(() => ...)
@baci/web:test:
@baci/web:test:  [32m✓[39m src/app/(platform)/cart/page.test.tsx [2m([22m[2m3 tests[22m[2m)[22m[32m 283[2mms[22m[39m
@baci/web:test:  [32m✓[39m src/schemas/ucp-catalog-request.test.ts [2m([22m[2m8 tests[22m[2m)[22m[32m 14[2mms[22m[39m
@baci/web:test:  [32m✓[39m src/lib/agentic/paystack-dva-session-metadata.test.ts [2m([22m[2m2 tests[22m[2m)[22m[32m 4[2mms[22m[39m
@baci/web:test:  [32m✓[39m src/app/api/admin/blog/upload/upload-helpers.test.ts [2m([22m[2m6 tests[22m[2m)[22m[32m 14[2mms[22m[39m
@baci/web:test:  [32m✓[39m src/lib/storefront-order-item-href.test.ts [2m([22m[2m5 tests[22m[2m)[22m[32m 5[2mms[22m[39m
@baci/web:test:  [32m✓[39m src/app/(storefront)/[slug]/storefront-layout-loading-fallback.test.tsx [2m([22m[2m2 tests[22m[2m)[22m[32m 293[2mms[22m[39m
@baci/web:test:  [32m✓[39m src/lib/storefront-localization.test.ts [2m([22m[2m5 tests[22m[2m)[22m[32m 6[2mms[22m[39m
@baci/web:test:  [32m✓[39m src/components/storefront/ogabassey/components/PopupSystem.test.tsx [2m([22m[2m3 tests[22m[2m)[22m[33m 313[2mms[22m[39m
@baci/web:test:  [32m✓[39m src/lib/gmc-feed-backfill.test.ts [2m([22m[2m3 tests[22m[2m)[22m[32m 6[2mms[22m[39m
@baci/web:test:  [32m✓[39m src/app/dashboard/integrations/google-merchant/page.test.tsx [2m([22m[2m1 test[22m[2m)[22m[32m 80[2mms[22m[39m
@baci/web:test: [90mstderr[2m | src/app/api/quiz/_shared/route-helpers-proof.test.ts[2m > [22m[2mquiz route proof helpers[2m > [22m[2mreturns a server error when the RPC server secret is missing
@baci/web:test: [22m[39m[2026-05-28T17:04:08.665Z] [ERROR] Quiz route proof configuration failed {
@baci/web:test:   message: [32m'Quiz route proof configuration failed'[39m,
@baci/web:test:   error: {
@baci/web:test:     name: [32m'QuizRpcServerConfigError'[39m,
@baci/web:test:     message: [32m'missing_quiz_rpc_server_secret'[39m,
@baci/web:test:     stack: [32m'QuizRpcServerConfigError: missing_quiz_rpc_server_secret     at requireQuizRpcServerSecret (/app/apps/web/src/lib/quiz-proof.ts:32:11)     at createQuizRpcServerProof (/app/apps/web/src/lib/quiz-proof.ts:157:25)     at createRouteProof (/app/apps/web/src/app/api/quiz/_shared/route-helpers.ts:308:19)     at /app/apps/web/src/app/api/quiz/_shared/route-helpers-proof.test.ts:30:33     at file:///app/apps/web/node_modules/@vitest/runner/dist/index.js:145:11     at file:///app/apps/web/node_modules/@vitest/runner/dist/index.js:915:26     at file:///app/apps/web/node_modules/@vitest/runner/dist/index.js:1243:20     at new Promise (<anonymous>)     at runWithTimeout (file:///app/apps/web/node_modules/@vitest/runner/dist/index.js:1209:10)     at file:///app/apps/web/node_modules/@vitest/runner/dist/index.js:1653:37'[39m
@baci/web:test:   }
@baci/web:test: }
@baci/web:test:
@baci/web:test:  [32m✓[39m src/app/api/quiz/_shared/route-helpers-proof.test.ts [2m([22m[2m2 tests[22m[2m)[22m[32m 29[2mms[22m[39m
@baci/web:test:  [32m✓[39m src/schemas/wallet-transactions-query.test.ts [2m([22m[2m5 tests[22m[2m)[22m[32m 11[2mms[22m[39m
@baci/web:test:  [32m✓[39m src/lib/product-stock.test.ts [2m([22m[2m8 tests[22m[2m)[22m[32m 7[2mms[22m[39m
@baci/web:test:  [32m✓[39m src/components/dashboard/integrations/google-merchant-readiness-card.test.tsx [2m([22m[2m2 tests[22m[2m)[22m[32m 121[2mms[22m[39m
@baci/web:test:  [32m✓[39m src/lib/agentic/paystack-dva-paid-metadata.test.ts [2m([22m[2m4 tests[22m[2m)[22m[32m 10[2mms[22m[39m
@baci/web:test:  [32m✓[39m src/app/(storefront)/[slug]/(blog)/blog/[postSlug]/opengraph-image-colors.test.ts [2m([22m[2m3 tests[22m[2m)[22m[32m 7[2mms[22m[39m
@baci/web:test:  [32m✓[39m src/components/storefront/ogabassey/pdp/deferred-detail-island.test.tsx [2m([22m[2m2 tests[22m[2m)[22m[32m 228[2mms[22m[39m
@baci/web:test:  [32m✓[39m src/lib/supabase/server.test.ts [2m([22m[2m2 tests[22m[2m)[22m[32m 7[2mms[22m[39m
@baci/web:test:  [32m✓[39m src/lib/ai-storefront/ai-storefront-normalize-component.test.ts [2m([22m[2m9 tests[22m[2m)[22m[32m 19[2mms[22m[39m
@baci/web:test:  [32m✓[39m src/app/builder/page.test.tsx [2m([22m[2m2 tests[22m[2m)[22m[32m 188[2mms[22m[39m
@baci/web:test:  [32m✓[39m src/lib/agentic/ucp-order-line-item-adapter.test.ts [2m([22m[2m4 tests[22m[2m)[22m[32m 7[2mms[22m[39m
@baci/web:test:  [32m✓[39m src/lib/agentic/checkout-session-record.test.ts [2m([22m[2m3 tests[22m[2m)[22m[32m 9[2mms[22m[39m
@baci/web:test:  [32m✓[39m src/app/(platform)/cart/root-cart-page-content.test.tsx [2m([22m[2m2 tests[22m[2m)[22m[32m 284[2mms[22m[39m
@baci/web:test:  [32m✓[39m src/components/storefront/ogabassey/components/chat/DeferredChatWidget.test.tsx [2m([22m[2m2 tests[22m[2m)[22m[33m 308[2mms[22m[39m
@baci/web:test:  [32m✓[39m src/schemas/paystack-resolve.test.ts [2m([22m[2m6 tests[22m[2m)[22m[32m 11[2mms[22m[39m
@baci/web:test:  [32m✓[39m src/app/dashboard/orders/agentic-order-source.test.ts [2m([22m[2m3 tests[22m[2m)[22m[32m 5[2mms[22m[39m
@baci/web:test:  [32m✓[39m src/lib/phone.test.ts [2m([22m[2m9 tests[22m[2m)[22m[32m 7[2mms[22m[39m
@baci/web:test:  [32m✓[39m src/components/storefront/ogabassey/components/utility/VerificationBadge.test.tsx [2m([22m[2m5 tests[22m[2m)[22m[32m 77[2mms[22m[39m
@baci/web:test:  [32m✓[39m src/lib/image-utils.test.ts [2m([22m[2m7 tests[22m[2m)[22m[32m 7[2mms[22m[39m
@baci/web:test:  [32m✓[39m src/lib/agentic/action-health-action-links.test.ts [2m([22m[2m3 tests[22m[2m)[22m[32m 5[2mms[22m[39m
@baci/web:test:  [32m✓[39m src/schemas/crawler-observability.test.ts [2m([22m[2m5 tests[22m[2m)[22m[32m 13[2mms[22m[39m
@baci/web:test:  [32m✓[39m src/components/storefront/new-template/cart-page.test.tsx [2m([22m[2m1 test[22m[2m)[22m[33m 437[2mms[22m[39m
@baci/web:test:      [33m[2m✓[22m[39m renders the remove / decrease / increase icon buttons with type="button" so they never submit a parent form [33m 431[2mms[22m[39m
@baci/web:test:  [32m✓[39m src/app/dashboard/orders/order-links.test.ts [2m([22m[2m7 tests[22m[2m)[22m[32m 6[2mms[22m[39m
@baci/web:test:  [32m✓[39m src/components/storefront/ogabassey/components/MobileFooter.test.tsx [2m([22m[2m3 tests[22m[2m)[22m[33m 395[2mms[22m[39m
@baci/web:test:  [32m✓[39m src/app/(storefront)/[slug]/(commerce)/wishlist/wishlist-content.test.tsx [2m([22m[2m2 tests[22m[2m)[22m[33m 382[2mms[22m[39m
@baci/web:test:      [33m[2m✓[22m[39m passes merchant country to WishListPageClient [33m 350[2mms[22m[39m
@baci/web:test:  [32m✓[39m src/app/admin/system/page.test.tsx [2m([22m[2m1 test[22m[2m)[22m[33m 384[2mms[22m[39m
@baci/web:test:      [33m[2m✓[22m[39m uses CSRF-aware refresh requests for analytics view refreshes [33m 381[2mms[22m[39m
@baci/web:test:  [32m✓[39m src/lib/redis.test.ts [2m([22m[2m5 tests[22m[2m)[22m[32m 11[2mms[22m[39m
@baci/web:test:  [32m✓[39m src/lib/agentic/paystack-dva-webhook-scope.test.ts [2m([22m[2m1 test[22m[2m)[22m[32m 8[2mms[22m[39m
@baci/web:test:  [32m✓[39m src/components/storefront/ogabassey/pages/product-details-page/product-condition.test.ts [2m([22m[2m5 tests[22m[2m)[22m[32m 6[2mms[22m[39m
@baci/web:test:  [32m✓[39m src/app/(storefront)/[slug]/(content)/pages/faq/contact-cta.test.tsx [2m([22m[2m4 tests[22m[2m)[22m[32m 268[2mms[22m[39m
@baci/web:test:  [32m✓[39m src/app/(storefront)/[slug]/(content)/privacy/page.test.tsx [2m([22m[2m2 tests[22m[2m)[22m[32m 7[2mms[22m[39m
@baci/web:test:  [32m✓[39m src/app/dashboard/orders/agentic-orders-context.test.ts [2m([22m[2m4 tests[22m[2m)[22m[32m 7[2mms[22m[39m
@baci/web:test:  [32m✓[39m src/schemas/imei-check.test.ts [2m([22m[2m4 tests[22m[2m)[22m[32m 16[2mms[22m[39m
@baci/web:test:  [32m✓[39m src/lib/agentic/action-health-rpc-contract.signed-agent-identity.test.ts [2m([22m[2m1 test[22m[2m)[22m[32m 45[2mms[22m[39m
@baci/web:test:  [32m✓[39m src/components/storefront/ogabassey/layout/navbar-notifications.test.tsx [2m([22m[2m2 tests[22m[2m)[22m[33m 402[2mms[22m[39m
@baci/web:test:      [33m[2m✓[22m[39m toggles the notification panel and links to the account page [33m 316[2mms[22m[39m
@baci/web:test:  [32m✓[39m src/components/storefront/ogabassey/pages/order-details-item-row.test.tsx [2m([22m[2m2 tests[22m[2m)[22m[32m 296[2mms[22m[39m
@baci/web:test:  [32m✓[39m src/app/(storefront)/[slug]/(commerce)/wishlist/page.test.tsx [2m([22m[2m3 tests[22m[2m)[22m[32m 64[2mms[22m[39m
@baci/web:test:  [32m✓[39m src/scripts/ci-workflow-quiz-assets.test.ts [2m([22m[2m2 tests[22m[2m)[22m[32m 4[2mms[22m[39m
@baci/web:test:  [32m✓[39m src/lib/agentic/ucp-request-adapter-utils.test.ts [2m([22m[2m4 tests[22m[2m)[22m[32m 6[2mms[22m[39m
@baci/web:test:  [32m✓[39m src/app/(storefront)/[slug]/(content)/pages/contact/page.test.tsx [2m([22m[2m3 tests[22m[2m)[22m[32m 8[2mms[22m[39m
@baci/web:test:  [32m✓[39m src/app/(storefront)/[slug]/(content)/pages/privacy/page.test.tsx [2m([22m[2m3 tests[22m[2m)[22m[32m 11[2mms[22m[39m
@baci/web:test:  [32m✓[39m src/components/storefront/ogabassey/components/hero-utility-panel.test.tsx [2m([22m[2m3 tests[22m[2m)[22m[33m 472[2mms[22m[39m
@baci/web:test:      [33m[2m✓[22m[39m opens the deferred utility modal with the selected tab [33m 424[2mms[22m[39m
@baci/web:test:  [32m✓[39m src/lib/build-storefront-redirect.test.ts [2m([22m[2m6 tests[22m[2m)[22m[32m 7[2mms[22m[39m
@baci/web:test:  [32m✓[39m src/components/storefront/ogabassey/seo/informational-cluster-panel.test.tsx [2m([22m[2m2 tests[22m[2m)[22m[33m 301[2mms[22m[39m
@baci/web:test:  [32m✓[39m src/components/storefront/ogabassey/pages/product-details-page/deferred-details-skeleton.test.tsx [2m([22m[2m3 tests[22m[2m)[22m[32m 277[2mms[22m[39m
@baci/web:test:  [32m✓[39m src/lib/agentic/action-health-rpc-contract.request-provenance.test.ts [2m([22m[2m1 test[22m[2m)[22m[32m 27[2mms[22m[39m
@baci/web:test:  [32m✓[39m src/components/storefront/santa-chat/types.test.ts [2m([22m[2m6 tests[22m[2m)[22m[32m 6[2mms[22m[39m
@baci/web:test:  [32m✓[39m src/app/(storefront)/[slug]/(content)/pages/about/page.test.tsx [2m([22m[2m3 tests[22m[2m)[22m[32m 10[2mms[22m[39m
@baci/web:test:  [32m✓[39m src/schemas/admin-merchant-route-params.test.ts [2m([22m[2m13 tests[22m[2m)[22m[32m 13[2mms[22m[39m
@baci/web:test:  [32m✓[39m src/app/api/storefront/customer/savings/goals/cancel-future-debits/route.test.ts [2m([22m[2m4 tests[22m[2m)[22m[32m 19[2mms[22m[39m
@baci/web:test:  [32m✓[39m src/schemas/merchant-bank.test.ts [2m([22m[2m5 tests[22m[2m)[22m[32m 9[2mms[22m[39m
@baci/web:test:  [32m✓[39m src/app/(storefront)/[slug]/(content)/privacy-policy/page.test.tsx [2m([22m[2m3 tests[22m[2m)[22m[32m 8[2mms[22m[39m
@baci/web:test:  [32m✓[39m src/app/(storefront)/[slug]/(content)/pages/faq/page.test.tsx [2m([22m[2m3 tests[22m[2m)[22m[32m 8[2mms[22m[39m
@baci/web:test:  [32m✓[39m src/components/analytics/chart-components.test.tsx [2m([22m[2m1 test[22m[2m)[22m[32m 45[2mms[22m[39m
@baci/web:test:  [32m✓[39m src/hooks/use-reduced-motion.test.ts [2m([22m[2m3 tests[22m[2m)[22m[32m 33[2mms[22m[39m
@baci/web:test:  [32m✓[39m src/components/products/merge-local-products.test.ts [2m([22m[2m2 tests[22m[2m)[22m[32m 6[2mms[22m[39m
@baci/web:test:  [32m✓[39m src/components/blog/novel-features/slash-command.test.tsx [2m([22m[2m4 tests[22m[2m)[22m[32m 12[2mms[22m[39m
@baci/web:test:  [32m✓[39m src/components/color-picker.test.tsx [2m([22m[2m3 tests[22m[2m)[22m[32m 254[2mms[22m[39m
@baci/web:test:  [32m✓[39m src/schemas/storefront-products-query.test.ts [2m([22m[2m3 tests[22m[2m)[22m[32m 9[2mms[22m[39m
@baci/web:test:  [32m✓[39m src/app/api/storefront/customer/savings/goals/resume/route.test.ts [2m([22m[2m4 tests[22m[2m)[22m[32m 19[2mms[22m[39m
@baci/web:test:  [32m✓[39m src/app/api/storefront/customer/savings/goals/pause/route.test.ts [2m([22m[2m4 tests[22m[2m)[22m[32m 23[2mms[22m[39m
@baci/web:test:  [32m✓[39m src/lib/supabase/anon.test.ts [2m([22m[2m3 tests[22m[2m)[22m[32m 14[2mms[22m[39m
@baci/web:test:  [32m✓[39m src/app/api/storefront/customer/savings/shared.test.ts [2m([22m[2m2 tests[22m[2m)[22m[32m 8[2mms[22m[39m
@baci/web:test:  [32m✓[39m src/components/storefront/ogabassey/components/utility-checkout.test.ts [2m([22m[2m5 tests[22m[2m)[22m[32m 8[2mms[22m[39m
@baci/web:test:  [32m✓[39m src/contexts/NonceProvider.test.tsx [2m([22m[2m2 tests[22m[2m)[22m[32m 57[2mms[22m[39m
@baci/web:test:  [32m✓[39m src/lib/imports/bumpa/map-bumpa-order-source.test.ts [2m([22m[2m6 tests[22m[2m)[22m[32m 7[2mms[22m[39m
@baci/web:test:  [32m✓[39m src/app/(platform)/blog/[slug]/opengraph-image-metadata.test.tsx [2m([22m[2m2 tests[22m[2m)[22m[32m 10[2mms[22m[39m
@baci/web:test:  [32m✓[39m src/schemas/paystack-bank-code.test.ts [2m([22m[2m21 tests[22m[2m)[22m[32m 11[2mms[22m[39m
@baci/web:test:  [32m✓[39m src/lib/paystack-route-errors.test.ts [2m([22m[2m6 tests[22m[2m)[22m[32m 6[2mms[22m[39m
@baci/web:test:  [32m✓[39m src/hooks/use-currency.test.tsx [2m([22m[2m3 tests[22m[2m)[22m[32m 61[2mms[22m[39m
@baci/web:test:  [32m✓[39m src/lib/storefront-content/infer-content-cluster-context.test.ts [2m([22m[2m3 tests[22m[2m)[22m[32m 8[2mms[22m[39m
@baci/web:test:  [32m✓[39m src/lib/password-breach.test.ts [2m([22m[2m3 tests[22m[2m)[22m[32m 10[2mms[22m[39m
@baci/web:test:  [32m✓[39m src/components/storefront/ogabassey/pdp/client-islands.test.tsx [2m([22m[2m1 test[22m[2m)[22m[32m 51[2mms[22m[39m
@baci/web:test:  [32m✓[39m src/components/storefront/ogabassey/components/UtilityTabs.test.tsx [2m([22m[2m2 tests[22m[2m)[22m[33m 480[2mms[22m[39m
@baci/web:test:      [33m[2m✓[22m[39m exposes selected tab semantics and emits a new selection [33m 378[2mms[22m[39m
@baci/web:test:  [32m✓[39m src/lib/jumia/jumia-rate-limiter.test.ts [2m([22m[2m2 tests[22m[2m)[22m[33m 542[2mms[22m[39m
@baci/web:test:      [33m[2m✓[22m[39m serializes calls for the same merchant key [33m 538[2mms[22m[39m
@baci/web:test:  [32m✓[39m src/lib/storefront/ogabassey-entity.test.ts [2m([22m[2m5 tests[22m[2m)[22m[32m 5[2mms[22m[39m
@baci/web:test:  [32m✓[39m src/app/(storefront)/[slug]/(customer)/delete-account/page.test.tsx [2m([22m[2m2 tests[22m[2m)[22m[32m 4[2mms[22m[39m
@baci/web:test:  [32m✓[39m src/components/ui/copy-button.test.tsx [2m([22m[2m3 tests[22m[2m)[22m[33m 325[2mms[22m[39m
@baci/web:test:  [32m✓[39m src/app/dashboard/orders/orders-stats-cards.test.tsx [2m([22m[2m3 tests[22m[2m)[22m[33m 426[2mms[22m[39m
@baci/web:test:      [33m[2m✓[22m[39m shows loading indicators while stats are loading [33m 317[2mms[22m[39m
@baci/web:test:  [32m✓[39m src/app/dashboard/orders/status-dropdown.test.tsx [2m([22m[2m2 tests[22m[2m)[22m[33m 586[2mms[22m[39m
@baci/web:test:  [32m✓[39m src/components/storefront/cookie-consent.test.tsx [2m([22m[2m3 tests[22m[2m)[22m[32m 242[2mms[22m[39m
@baci/web:test:  [32m✓[39m src/lib/staff-invite-email.test.ts [2m([22m[2m2 tests[22m[2m)[22m[32m 8[2mms[22m[39m
@baci/web:test:  [32m✓[39m src/schemas/product-list-query.test.ts [2m([22m[2m5 tests[22m[2m)[22m[32m 12[2mms[22m[39m
@baci/web:test:  [32m✓[39m src/lib/merchant-publish-client.test.ts [2m([22m[2m5 tests[22m[2m)[22m[32m 13[2mms[22m[39m
@baci/web:test:  [32m✓[39m src/lib/agent-commerce-feed-freshness.test.ts [2m([22m[2m4 tests[22m[2m)[22m[32m 12[2mms[22m[39m
@baci/web:test:  [32m✓[39m src/app/dashboard/migrations/migration-filter-helpers.test.ts [2m([22m[2m2 tests[22m[2m)[22m[32m 12[2mms[22m[39m
@baci/web:test:  [32m✓[39m src/lib/vtu-loyalty-rpc-contract.test.ts [2m([22m[2m1 test[22m[2m)[22m[32m 16[2mms[22m[39m
@baci/web:test:  [32m✓[39m src/components/dashboard/dashboard-charts.test.tsx [2m([22m[2m1 test[22m[2m)[22m[32m 107[2mms[22m[39m
@baci/web:test:  [32m✓[39m src/components/storefront/ogabassey/pages/checkout/components/PaymentOptionCard.test.tsx [2m([22m[2m2 tests[22m[2m)[22m[33m 784[2mms[22m[39m
@baci/web:test:      [33m[2m✓[22m[39m renders and selects a payment method [33m 737[2mms[22m[39m
@baci/web:test:  [32m✓[39m src/lib/storefront-compare/compare-slugs.test.ts [2m([22m[2m5 tests[22m[2m)[22m[32m 22[2mms[22m[39m
@baci/web:test:  [32m✓[39m src/components/storefront/ogabassey/seo/informational-cluster-index.test.tsx [2m([22m[2m2 tests[22m[2m)[22m[33m 306[2mms[22m[39m
@baci/web:test:      [33m[2m✓[22m[39m renders guide collections and their guide links [33m 301[2mms[22m[39m
@baci/web:test:  [32m✓[39m src/app/admin/merchants/merchant-health-badge.test.tsx [2m([22m[2m8 tests[22m[2m)[22m[33m 386[2mms[22m[39m
@baci/web:test:  [32m✓[39m src/app/(storefront)/[slug]/(catalog)/(pdp)/products/[productSlug]/build-product-redirect-path.test.ts [2m([22m[2m5 tests[22m[2m)[22m[32m 7[2mms[22m[39m
@baci/web:test:  [32m✓[39m src/app/(storefront)/[slug]/(blog)/blog/[postSlug]/opengraph-image/route.test.tsx [2m([22m[2m2 tests[22m[2m)[22m[32m 12[2mms[22m[39m
@baci/web:test:  [32m✓[39m src/lib/format-display-currency.test.ts [2m([22m[2m4 tests[22m[2m)[22m[32m 30[2mms[22m[39m
@baci/web:test:  [32m✓[39m src/schemas/agentic-request-controls-settings.test.ts [2m([22m[2m3 tests[22m[2m)[22m[32m 8[2mms[22m[39m
@baci/web:test:  [32m✓[39m src/components/storefront/new-template/negotiation-modal.test.tsx [2m([22m[2m1 test[22m[2m)[22m[32m 261[2mms[22m[39m
@baci/web:test:  [32m✓[39m src/components/ui/password-input.test.tsx [2m([22m[2m3 tests[22m[2m)[22m[32m 84[2mms[22m[39m
@baci/web:test:  [32m✓[39m src/lib/initial-template-preview-theme.test.ts [2m([22m[2m3 tests[22m[2m)[22m[32m 6[2mms[22m[39m
@baci/web:test:  [32m✓[39m src/app/api/admin/settings/schema.test.ts [2m([22m[2m2 tests[22m[2m)[22m[32m 9[2mms[22m[39m
@baci/web:test:  [32m✓[39m src/app/dashboard/orders/orders-filters-bar.test.tsx [2m([22m[2m2 tests[22m[2m)[22m[33m 342[2mms[22m[39m
@baci/web:test:  [32m✓[39m src/lib/normalize-storefront-category-slug.test.ts [2m([22m[2m4 tests[22m[2m)[22m[32m 5[2mms[22m[39m
@baci/web:test:  [32m✓[39m src/components/blog/novel-features/utils/tiptap.test.ts [2m([22m[2m4 tests[22m[2m)[22m[32m 5[2mms[22m[39m
@baci/web:test:  [32m✓[39m src/lib/agentic/ucp-cart-storage.test.ts [2m([22m[2m3 tests[22m[2m)[22m[32m 21[2mms[22m[39m
@baci/web:test:  [32m✓[39m src/app/(platform)/track/[trackingNumber]/tracking-status.test.ts [2m([22m[2m2 tests[22m[2m)[22m[32m 13[2mms[22m[39m
@baci/web:test:  [32m✓[39m src/app/dashboard/agentic/page.test.tsx [2m([22m[2m2 tests[22m[2m)[22m[32m 69[2mms[22m[39m
@baci/web:test:  [32m✓[39m src/components/storefront/ogabassey/components/load-cart-sidebar.test.ts [2m([22m[2m2 tests[22m[2m)[22m[32m 12[2mms[22m[39m
@baci/web:test:  [32m✓[39m src/components/storefront/ogabassey/storefront-layout-providers.test.tsx [2m([22m[2m1 test[22m[2m)[22m[32m 72[2mms[22m[39m
@baci/web:test:  [32m✓[39m src/lib/product-key-specs-select.test.ts [2m([22m[2m3 tests[22m[2m)[22m[32m 6[2mms[22m[39m
@baci/web:test:  [32m✓[39m src/lib/search-params.test.ts [2m([22m[2m8 tests[22m[2m)[22m[32m 6[2mms[22m[39m
@baci/web:test:  [32m✓[39m src/lib/klump-utils.test.ts [2m([22m[2m4 tests[22m[2m)[22m[32m 8[2mms[22m[39m
@baci/web:test:  [32m✓[39m src/config/ogabassey-hero-assets.test.ts [2m([22m[2m2 tests[22m[2m)[22m[32m 5[2mms[22m[39m
@baci/web:test:  [32m✓[39m src/app/dashboard/orders/orders-urgent-alert.test.tsx [2m([22m[2m2 tests[22m[2m)[22m[33m 375[2mms[22m[39m
@baci/web:test:      [33m[2m✓[22m[39m calls the resolve handler when the resolve button is clicked [33m 320[2mms[22m[39m
@baci/web:test: [90mstderr[2m | src/app/dashboard/analytics/client-page.test.tsx[2m > [22m[2mAnalyticsClientPage[2m > [22m[2mrenders without crashing
@baci/web:test: [22m[39mError fetching analytics: TypeError: Failed to parse URL from /api/analytics?startDate=2026-05-21T17%3A05%3A07.924Z&endDate=2026-05-28T17%3A05%3A07.924Z
@baci/web:test: [90m    at node:internal/deps/undici/undici:14902:13[39m
@baci/web:test: [90m    at processTicksAndRejections (node:internal/process/task_queues:103:5)[39m
@baci/web:test:     at fetchAnalytics [90m(/app/apps/web/[39msrc/app/dashboard/analytics/client-page.tsx:84:26[90m)[39m {
@baci/web:test:   [cause]: TypeError: Invalid URL
@baci/web:test:   [90m    at new URL (node:internal/url:818:25)[39m
@baci/web:test:       at new URL$1 [90m(file:///app/apps/web/[39mnode_modules/[4mvitest[24m/dist/chunks/index.CyBMJtT7.js:556:9[90m)[39m
@baci/web:test:   [90m    at new Request (node:internal/deps/undici/undici:9776:25)[39m
@baci/web:test:   [90m    at fetch (node:internal/deps/undici/undici:10505:25)[39m
@baci/web:test:   [90m    at fetch (node:internal/deps/undici/undici:14900:10)[39m
@baci/web:test:   [90m    at fetch (node:internal/bootstrap/web/exposed-window-or-worker:75:12)[39m
@baci/web:test:       at fetchAnalytics [90m(/app/apps/web/[39msrc/app/dashboard/analytics/client-page.tsx:84:32[90m)[39m
@baci/web:test:       at [90m/app/apps/web/[39msrc/app/dashboard/analytics/client-page.tsx:106:5
@baci/web:test:       at Object.react_stack_bottom_frame (/app/node_modules/[4mreact-dom[24m/cjs/react-dom-client.development.js:25989:20)
@baci/web:test:       at runWithFiberInDEV (/app/node_modules/[4mreact-dom[24m/cjs/react-dom-client.development.js:874:13) {
@baci/web:test:     code: [32m'ERR_INVALID_URL'[39m,
@baci/web:test:     input: [32m'/api/analytics?startDate=2026-05-21T17%3A05%3A07.924Z&endDate=2026-05-28T17%3A05%3A07.924Z'[39m
@baci/web:test:   }
@baci/web:test: }
@baci/web:test: An update to AnalyticsClientPage inside a test was not wrapped in act(...).
@baci/web:test:
@baci/web:test: When testing, code that causes React state updates should be wrapped into act(...):
@baci/web:test:
@baci/web:test: act(() => {
@baci/web:test:   /* fire events that update state */
@baci/web:test: });
@baci/web:test: /* assert on the output */
@baci/web:test:
@baci/web:test: This ensures that you're testing the behavior the user would see in the browser. Learn more at https://react.dev/link/wrap-tests-with-act
@baci/web:test:
@baci/web:test:  [32m✓[39m src/app/dashboard/analytics/client-page.test.tsx [2m([22m[2m1 test[22m[2m)[22m[32m 51[2mms[22m[39m
@baci/web:test:  [32m✓[39m src/app/(storefront)/[slug]/resolve-storefront-template.test.ts [2m([22m[2m6 tests[22m[2m)[22m[32m 5[2mms[22m[39m
@baci/web:test:  [32m✓[39m src/app/(storefront)/[slug]/(content)/pages/blog/page.test.tsx [2m([22m[2m2 tests[22m[2m)[22m[32m 8[2mms[22m[39m
@baci/web:test:  [32m✓[39m src/app/not-found.test.tsx [2m([22m[2m4 tests[22m[2m)[22m[33m 450[2mms[22m[39m
@baci/web:test:  [32m✓[39m src/components/storefront/ogabassey/types.test.ts [2m([22m[2m3 tests[22m[2m)[22m[32m 6[2mms[22m[39m
@baci/web:test:  [32m✓[39m src/schemas/vtu-cashback-summary-cron.test.ts [2m([22m[2m4 tests[22m[2m)[22m[32m 9[2mms[22m[39m
@baci/web:test:  [32m✓[39m src/lib/cron-secret-auth.test.ts [2m([22m[2m3 tests[22m[2m)[22m[32m 7[2mms[22m[39m
@baci/web:test:  [32m✓[39m src/components/storefront/ogabassey/components/InteractiveProductGrid.test.tsx [2m([22m[2m1 test[22m[2m)[22m[32m 37[2mms[22m[39m
@baci/web:test:  [32m✓[39m src/lib/edge-config-keys.test.ts [2m([22m[2m5 tests[22m[2m)[22m[32m 5[2mms[22m[39m
@baci/web:test:  [32m✓[39m src/schemas/agentic-commerce-health-cron.test.ts [2m([22m[2m3 tests[22m[2m)[22m[32m 10[2mms[22m[39m
@baci/web:test:  [32m✓[39m src/app/dashboard/orders/order-source-display.test.ts [2m([22m[2m4 tests[22m[2m)[22m[32m 6[2mms[22m[39m
@baci/web:test:  [32m✓[39m src/lib/product-cache-tags.test.ts [2m([22m[2m3 tests[22m[2m)[22m[32m 6[2mms[22m[39m
@baci/web:test:  [32m✓[39m src/components/password-strength-indicator.test.tsx [2m([22m[2m3 tests[22m[2m)[22m[32m 229[2mms[22m[39m
@baci/web:test:  [32m✓[39m src/app/(storefront)/[slug]/(commerce)/wishlist/layout.test.tsx [2m([22m[2m1 test[22m[2m)[22m[32m 45[2mms[22m[39m
@baci/web:test:  [32m✓[39m src/app/(storefront)/[slug]/(commerce)/wallet/layout.test.tsx [2m([22m[2m1 test[22m[2m)[22m[32m 44[2mms[22m[39m
@baci/web:test:  [32m✓[39m src/components/storefront/ogabassey/seo/commercial-support-links.test.tsx [2m([22m[2m1 test[22m[2m)[22m[32m 253[2mms[22m[39m
@baci/web:test:  [32m✓[39m src/lib/customer-savings-paystack-authorization.test.ts [2m([22m[2m2 tests[22m[2m)[22m[32m 5[2mms[22m[39m
@baci/web:test:  [32m✓[39m src/schemas/storefront-features.test.ts [2m([22m[2m4 tests[22m[2m)[22m[32m 8[2mms[22m[39m
@baci/web:test:  [32m✓[39m src/schemas/agentic-checkout-session-route-params.test.ts [2m([22m[2m10 tests[22m[2m)[22m[32m 9[2mms[22m[39m
@baci/web:test:  [32m✓[39m src/schemas/dashboard-actions.test.ts [2m([22m[2m4 tests[22m[2m)[22m[32m 9[2mms[22m[39m
@baci/web:test:  [32m✓[39m src/components/storefront/ogabassey/pages/product-details-page/product-details-helpers.test.ts [2m([22m[2m2 tests[22m[2m)[22m[32m 9[2mms[22m[39m
@baci/web:test:  [32m✓[39m src/lib/agentic/idempotency-response.test.ts [2m([22m[2m3 tests[22m[2m)[22m[32m 5[2mms[22m[39m
@baci/web:test:  [32m✓[39m src/lib/normalize-origin.test.ts [2m([22m[2m5 tests[22m[2m)[22m[32m 5[2mms[22m[39m
@baci/web:test:  [32m✓[39m src/lib/format-person-name.test.ts [2m([22m[2m7 tests[22m[2m)[22m[32m 6[2mms[22m[39m
@baci/web:test:  [32m✓[39m src/lib/feature-flags.test.ts [2m([22m[2m3 tests[22m[2m)[22m[32m 5[2mms[22m[39m
@baci/web:test:  [32m✓[39m src/schemas/ucp-cart-request.test.ts [2m([22m[2m3 tests[22m[2m)[22m[32m 10[2mms[22m[39m
@baci/web:test:  [32m✓[39m src/app/(platform)/blog/[slug]/blog-post-view-tracker.test.tsx [2m([22m[2m2 tests[22m[2m)[22m[32m 50[2mms[22m[39m
@baci/web:test:  [32m✓[39m src/app/(storefront)/[slug]/(utility)/quiz/layout.test.tsx [2m([22m[2m1 test[22m[2m)[22m[32m 44[2mms[22m[39m
@baci/web:test:  [32m✓[39m src/components/products/product-migration-badges.test.tsx [2m([22m[2m3 tests[22m[2m)[22m[32m 74[2mms[22m[39m
@baci/web:test:  [32m✓[39m src/lib/blog-cache-tags.test.ts [2m([22m[2m2 tests[22m[2m)[22m[32m 7[2mms[22m[39m
@baci/web:test:  [32m✓[39m src/lib/build-storefront-local-path.test.ts [2m([22m[2m4 tests[22m[2m)[22m[32m 6[2mms[22m[39m
@baci/web:test:  [32m✓[39m src/lib/agentic/paystack-dva-webhook-db-contract.test.ts [2m([22m[2m1 test[22m[2m)[22m[32m 4[2mms[22m[39m
@baci/web:test:  [32m✓[39m src/lib/derive-product-variant-projections.test.ts [2m([22m[2m2 tests[22m[2m)[22m[32m 8[2mms[22m[39m
@baci/web:test:  [32m✓[39m src/app/dashboard/quiz/quiz-admin-result.test.tsx [2m([22m[2m1 test[22m[2m)[22m[32m 81[2mms[22m[39m
@baci/web:test:  [32m✓[39m src/lib/constant-time-equal.test.ts [2m([22m[2m6 tests[22m[2m)[22m[32m 6[2mms[22m[39m
@baci/web:test:  [32m✓[39m src/components/storefront/ogabassey/pages/imei-checker-tiers.test.ts [2m([22m[2m1 test[22m[2m)[22m[32m 15[2mms[22m[39m
@baci/web:test:  [32m✓[39m src/app/api/feed/google-merchant/feed-query.test.ts [2m([22m[2m3 tests[22m[2m)[22m[32m 5[2mms[22m[39m
@baci/web:test:  [32m✓[39m src/lib/quiz-time-limit-migration.test.ts [2m([22m[2m1 test[22m[2m)[22m[32m 4[2mms[22m[39m
@baci/web:test:  [32m✓[39m src/lib/agentic/baci-platform-ucp-profile.test.ts [2m([22m[2m2 tests[22m[2m)[22m[32m 7[2mms[22m[39m
@baci/web:test:  [32m✓[39m src/lib/jumia/order-sync-notification-retry-codes.test.ts [2m([22m[2m2 tests[22m[2m)[22m[32m 5[2mms[22m[39m
@baci/web:test:  [32m✓[39m src/app/llms-full.txt/route.test.ts [2m([22m[2m2 tests[22m[2m)[22m[32m 11[2mms[22m[39m
@baci/web:test:  [32m✓[39m src/schemas/agentic-order-route-params.test.ts [2m([22m[2m7 tests[22m[2m)[22m[32m 8[2mms[22m[39m
@baci/web:test:  [32m✓[39m src/schemas/storefront-condition-filter.test.ts [2m([22m[2m2 tests[22m[2m)[22m[32m 6[2mms[22m[39m
@baci/web:test: [90mstderr[2m | src/components/platform/footer.test.tsx[2m > [22m[2mPlatformFooter[2m > [22m[2mrenders real social media links instead of placeholders
@baci/web:test: [22m[39mReceived `true` for a non-boolean attribute `fill`.
@baci/web:test:
@baci/web:test: If you want to write it to the DOM, pass a string instead: fill="true" or fill={value.toString()}.
@baci/web:test: Received `false` for a non-boolean attribute `priority`.
@baci/web:test:
@baci/web:test: If you want to write it to the DOM, pass a string instead: priority="false" or priority={value.toString()}.
@baci/web:test:
@baci/web:test: If you used to conditionally omit it with priority={condition && value}, pass priority={condition ? value : undefined} instead.
@baci/web:test:
@baci/web:test:  [32m✓[39m src/components/platform/footer.test.tsx [2m([22m[2m1 test[22m[2m)[22m[33m 370[2mms[22m[39m
@baci/web:test:      [33m[2m✓[22m[39m renders real social media links instead of placeholders [33m 367[2mms[22m[39m
@baci/web:test:  [32m✓[39m src/schemas/admin-platform-blog-posts.test.ts [2m([22m[2m3 tests[22m[2m)[22m[32m 20[2mms[22m[39m
@baci/web:test:  [32m✓[39m src/lib/xml-utils.test.ts [2m([22m[2m6 tests[22m[2m)[22m[32m 5[2mms[22m[39m
@baci/web:test:  [32m✓[39m src/app/llms.txt/route.test.ts [2m([22m[2m2 tests[22m[2m)[22m[32m 12[2mms[22m[39m
@baci/web:test:  [32m✓[39m src/app/(storefront)/ogabassey/ogabassey-image-preload-type.test.ts [2m([22m[2m3 tests[22m[2m)[22m[32m 5[2mms[22m[39m
@baci/web:test:  [32m✓[39m src/app/(storefront)/ogabassey.com/page.test.tsx [2m([22m[2m2 tests[22m[2m)[22m[32m 5[2mms[22m[39m
@baci/web:test:  [32m✓[39m src/lib/jumia/exchange-jumia-code.test.ts [2m([22m[2m1 test[22m[2m)[22m[32m 6[2mms[22m[39m
@baci/web:test:  [32m✓[39m src/lib/initial-template-preview-content.test.ts [2m([22m[2m2 tests[22m[2m)[22m[32m 5[2mms[22m[39m
@baci/web:test:  [32m✓[39m src/lib/format-variant-attributes-label.test.ts [2m([22m[2m3 tests[22m[2m)[22m[32m 17[2mms[22m[39m
@baci/web:test:  [32m✓[39m src/app/(storefront)/[slug]/(catalog)/(pdp)/[category]/[productSlug]/default-product-detail-client.test.tsx [2m([22m[2m1 test[22m[2m)[22m[32m 26[2mms[22m[39m
@baci/web:test:  [32m✓[39m src/lib/favicon-storage-paths.test.ts [2m([22m[2m2 tests[22m[2m)[22m[32m 4[2mms[22m[39m
@baci/web:test:  [32m✓[39m src/hooks/merchant/mock-data.test.ts [2m([22m[2m7 tests[22m[2m)[22m[32m 7[2mms[22m[39m
@baci/web:test:  [32m✓[39m src/components/storefront/ogabassey/components/UtilitySuccessView.test.tsx [2m([22m[2m1 test[22m[2m)[22m[32m 247[2mms[22m[39m
@baci/web:test:  [32m✓[39m src/app/dashboard/orders/order-items.test.ts [2m([22m[2m2 tests[22m[2m)[22m[32m 5[2mms[22m[39m
@baci/web:test:  [32m✓[39m src/app/admin/merchants/merchant-health-filter.test.ts [2m([22m[2m2 tests[22m[2m)[22m[32m 7[2mms[22m[39m
@baci/web:test:  [32m✓[39m src/app/dashboard/settings/kyc/verification-badge.test.tsx [2m([22m[2m2 tests[22m[2m)[22m[32m 86[2mms[22m[39m
@baci/web:test:  [32m✓[39m src/lib/product-key-specs-normalize.test.ts [2m([22m[2m3 tests[22m[2m)[22m[32m 5[2mms[22m[39m
@baci/web:test:  [32m✓[39m src/components/analytics/format-metric-change.test.ts [2m([22m[2m4 tests[22m[2m)[22m[32m 28[2mms[22m[39m
@baci/web:test:  [32m✓[39m src/app/api/vtu/loyalty/redeem/route.test.ts [2m([22m[2m1 test[22m[2m)[22m[32m 10[2mms[22m[39m
@baci/web:test:  [32m✓[39m src/lib/normalize-vtu-network-provider.test.ts [2m([22m[2m15 tests[22m[2m)[22m[32m 7[2mms[22m[39m
@baci/web:test:  [32m✓[39m src/config/product-semantic-support.test.ts [2m([22m[2m2 tests[22m[2m)[22m[32m 4[2mms[22m[39m
@baci/web:test:  [32m✓[39m src/lib/agentic/checkout-payment-account-conflict.test.ts [2m([22m[2m5 tests[22m[2m)[22m[32m 11[2mms[22m[39m
@baci/web:test:  [32m✓[39m src/schemas/admin-analytics-query.test.ts [2m([22m[2m3 tests[22m[2m)[22m[32m 7[2mms[22m[39m
@baci/web:test:  [32m✓[39m src/lib/storefront-blog-post-select.test.ts [2m([22m[2m1 test[22m[2m)[22m[32m 6[2mms[22m[39m
@baci/web:test:  [32m✓[39m src/app/(storefront)/[slug]/(customer)/receipts/receipts-state-card.test.tsx [2m([22m[2m1 test[22m[2m)[22m[32m 260[2mms[22m[39m
@baci/web:test:  [32m✓[39m src/schemas/push-test.test.ts [2m([22m[2m3 tests[22m[2m)[22m[32m 10[2mms[22m[39m
@baci/web:test:  [32m✓[39m src/lib/sanitize-error-message.test.ts [2m([22m[2m4 tests[22m[2m)[22m[32m 5[2mms[22m[39m
@baci/web:test:  [32m✓[39m src/app/(storefront)/[slug]/(commerce)/layout.test.tsx [2m([22m[2m2 tests[22m[2m)[22m[32m 47[2mms[22m[39m
@baci/web:test:  [32m✓[39m src/lib/tax-identification.test.ts [2m([22m[2m3 tests[22m[2m)[22m[32m 5[2mms[22m[39m
@baci/web:test:  [32m✓[39m src/lib/sanitize-core.test.ts [2m([22m[2m4 tests[22m[2m)[22m[32m 5[2mms[22m[39m
@baci/web:test:  [32m✓[39m src/lib/detect-network-provider.test.ts [2m([22m[2m3 tests[22m[2m)[22m[32m 4[2mms[22m[39m
@baci/web:test:  [32m✓[39m src/app/(platform)/staff/accept/staff-accept-fallback.test.tsx [2m([22m[2m1 test[22m[2m)[22m[32m 199[2mms[22m[39m
@baci/web:test:  [32m✓[39m src/config/storefront-policy-routes.test.ts [2m([22m[2m2 tests[22m[2m)[22m[32m 5[2mms[22m[39m
@baci/web:test:  [32m✓[39m src/app/dashboard/migrations/migration-order-source-chip.test.tsx [2m([22m[2m2 tests[22m[2m)[22m[32m 217[2mms[22m[39m
@baci/web:test:  [32m✓[39m src/components/storefront/ogabassey/components/ChatWidget.test.tsx [2m([22m[2m1 test[22m[2m)[22m[32m 39[2mms[22m[39m
@baci/web:test:  [32m✓[39m src/app/dashboard/migrations/migration-shopify-placeholder.test.tsx [2m([22m[2m1 test[22m[2m)[22m[32m 87[2mms[22m[39m
@baci/web:test:  [32m✓[39m src/app/.well-known/[...rest]/route.test.ts [2m([22m[2m2 tests[22m[2m)[22m[32m 10[2mms[22m[39m
@baci/web:test:  [32m✓[39m src/components/auth/format-invite-email.test.ts [2m([22m[2m2 tests[22m[2m)[22m[32m 6[2mms[22m[39m
@baci/web:test:  [32m✓[39m src/lib/validation.test.ts [2m([22m[2m3 tests[22m[2m)[22m[32m 5[2mms[22m[39m
@baci/web:test:  [32m✓[39m src/app/api/quiz/_shared/route-helpers-response.test.ts [2m([22m[2m2 tests[22m[2m)[22m[32m 10[2mms[22m[39m
@baci/web:test:  [32m✓[39m src/app/dashboard/products/google-sheet-icon.test.tsx [2m([22m[2m1 test[22m[2m)[22m[32m 58[2mms[22m[39m
@baci/web:test:  [32m✓[39m src/schemas/admin-merchants-query.test.ts [2m([22m[2m3 tests[22m[2m)[22m[32m 6[2mms[22m[39m
@baci/web:test:  [32m✓[39m src/components/storefront/ogabassey/pages/imei-checker-find-imei.test.tsx [2m([22m[2m1 test[22m[2m)[22m[32m 80[2mms[22m[39m
@baci/web:test:  [32m✓[39m src/lib/order-number-lookup.test.ts [2m([22m[2m3 tests[22m[2m)[22m[32m 5[2mms[22m[39m
@baci/web:test:  [32m✓[39m src/schemas/verification-tax-id.test.ts [2m([22m[2m2 tests[22m[2m)[22m[32m 6[2mms[22m[39m
@baci/web:test:  [32m✓[39m src/lib/agentic/request-replay-response.test.ts [2m([22m[2m2 tests[22m[2m)[22m[32m 4[2mms[22m[39m
@baci/web:test:  [32m✓[39m src/app/root-dynamic-body.test.tsx [2m([22m[2m1 test[22m[2m)[22m[32m 46[2mms[22m[39m
@baci/web:test:  [32m✓[39m src/components/builder/media-library.test.tsx [2m([22m[2m1 test[22m[2m)[22m[32m 4[2mms[22m[39m
@baci/web:test:  [32m✓[39m src/app/(platform)/debug-auth/layout.test.tsx [2m([22m[2m1 test[22m[2m)[22m[32m 193[2mms[22m[39m
@baci/web:test:  [32m✓[39m src/app/dashboard/products/add/page.test.tsx [2m([22m[2m2 tests[22m[2m)[22m[32m 7[2mms[22m[39m
@baci/web:test:  [32m✓[39m src/components/storefront/ogabassey/config/product-media.test.ts [2m([22m[2m1 test[22m[2m)[22m[32m 4[2mms[22m[39m
@baci/web:test:  [32m✓[39m src/lib/storefront-products-select.test.ts [2m([22m[2m1 test[22m[2m)[22m[32m 6[2mms[22m[39m
@baci/web:test:  [32m✓[39m src/app/builder/layout.test.tsx [2m([22m[2m1 test[22m[2m)[22m[32m 221[2mms[22m[39m
@baci/web:test:  [32m✓[39m src/app/checkout/layout.test.tsx [2m([22m[2m1 test[22m[2m)[22m[32m 210[2mms[22m[39m
@baci/web:test:  [32m✓[39m src/lib/color-utils.test.ts [2m([22m[2m2 tests[22m[2m)[22m[32m 5[2mms[22m[39m
@baci/web:test:  [32m✓[39m src/lib/saved-addresses.test.ts [2m([22m[2m2 tests[22m[2m)[22m[32m 5[2mms[22m[39m
@baci/web:test:  [32m✓[39m src/app/(storefront)/[slug]/(blog)/blog/[postSlug]/BlogPostPageFallback.test.tsx [2m([22m[2m2 tests[22m[2m)[22m[32m 57[2mms[22m[39m
@baci/web:test:  [32m✓[39m src/lib/google-place-id.test.ts [2m([22m[2m2 tests[22m[2m)[22m[32m 6[2mms[22m[39m
@baci/web:test:  [32m✓[39m src/lib/currency-utils.test.ts [2m([22m[2m4 tests[22m[2m)[22m[32m 34[2mms[22m[39m
@baci/web:test:  [32m✓[39m src/schemas/blog-post-view-count.test.ts [2m([22m[2m2 tests[22m[2m)[22m[32m 5[2mms[22m[39m
@baci/web:test:  [32m✓[39m src/app/(storefront)/[slug]/(catalog)/(pdp)/products/[productSlug]/product-mappers.test.ts [2m([22m[2m1 test[22m[2m)[22m[32m 4[2mms[22m[39m
@baci/web:test:  [32m✓[39m src/components/storefront/ogabassey/pages/payment-display.test.tsx [2m([22m[2m2 tests[22m[2m)[22m[32m 47[2mms[22m[39m
@baci/web:test:  [32m✓[39m src/components/storefront/ogabassey/pages/category.test.tsx [2m([22m[2m1 test[22m[2m)[22m[32m 4[2mms[22m[39m
@baci/web:test:  [32m✓[39m src/app/api/storefront/imei-check/route-helpers.test.ts [2m([22m[2m2 tests[22m[2m)[22m[32m 4[2mms[22m[39m
@baci/web:test:  [32m✓[39m src/lib/receipt-pdf-formatters.test.ts [2m([22m[2m3 tests[22m[2m)[22m[32m 34[2mms[22m[39m
@baci/web:test:  [32m✓[39m src/app/dashboard/settings/payments/components/virtual-terminal-settings.test.tsx [2m([22m[2m1 test[22m[2m)[22m[32m 4[2mms[22m[39m
@baci/web:test:  [32m✓[39m src/app/dashboard/orders/status-badge.test.tsx [2m([22m[2m3 tests[22m[2m)[22m[32m 84[2mms[22m[39m
@baci/web:test:  [32m✓[39m src/app/(storefront)/[slug]/(blog)/blog/loading.test.tsx [2m([22m[2m1 test[22m[2m)[22m[32m 61[2mms[22m[39m
@baci/web:test:  [32m✓[39m src/app/(storefront)/[slug]/ads.txt/route.test.ts [2m([22m[2m1 test[22m[2m)[22m[32m 19[2mms[22m[39m
@baci/web:test:  [32m✓[39m src/lib/storefront-trust/is-present-string.test.ts [2m([22m[2m1 test[22m[2m)[22m[32m 4[2mms[22m[39m
@baci/web:test:  [32m✓[39m src/app/.well-known/llms-full.txt/route.test.ts [2m([22m[2m1 test[22m[2m)[22m[32m 9[2mms[22m[39m
@baci/web:test:  [2m[90m↓[39m[22m src/scripts/test-kuda-ekedc.test.ts [2m([22m[2m1 test[22m[2m | [22m[33m1 skipped[39m[2m)[22m
@baci/web:test:  [32m✓[39m src/app/(storefront)/[slug]/(blog)/blog/ads.txt/route.test.ts [2m([22m[2m1 test[22m[2m)[22m[32m 8[2mms[22m[39m
@baci/web:test:  [32m✓[39m tools/seo/run-pagespeed.config.test.ts [2m([22m[2m1 test[22m[2m)[22m[32m 4[2mms[22m[39m
@baci/web:test:  [32m✓[39m src/components/storefront/ogabassey/pages/order-status.test.tsx [2m([22m[2m2 tests[22m[2m)[22m[32m 39[2mms[22m[39m
@baci/web:test:  [32m✓[39m src/app/(storefront)/[slug]/(blog)/blog/BlogListingFallback.test.tsx [2m([22m[2m1 test[22m[2m)[22m[32m 238[2mms[22m[39m
@baci/web:test:  [32m✓[39m src/lib/env-boolean.test.ts [2m([22m[2m11 tests[22m[2m)[22m[32m 9[2mms[22m[39m
@baci/web:test:  [32m✓[39m src/lib/storefront-trust/is-valid-http-url.test.ts [2m([22m[2m1 test[22m[2m)[22m[32m 4[2mms[22m[39m
@baci/web:test:  [32m✓[39m src/lib/storefront-trust/get-trust-coverage-severity.test.ts [2m([22m[2m1 test[22m[2m)[22m[32m 4[2mms[22m[39m
@baci/web:test:  [32m✓[39m src/schemas/ucp-cart-route-params.test.ts [2m([22m[2m2 tests[22m[2m)[22m[32m 5[2mms[22m[39m
@baci/web:test:  [32m✓[39m src/app/(storefront)/[slug]/(blog)/blog/[postSlug]/BlogPostBodyFallback.test.tsx [2m([22m[2m1 test[22m[2m)[22m[32m 91[2mms[22m[39m
@baci/web:test:  [32m✓[39m src/components/storefront/santa-chat/santa-chat-dialog.test.tsx [2m([22m[2m1 test[22m[2m)[22m[32m 3[2mms[22m[39m
@baci/web:test:  [32m✓[39m src/app/index.html.md/route.test.ts [2m([22m[2m1 test[22m[2m)[22m[32m 10[2mms[22m[39m
@baci/web:test:  [32m✓[39m src/app/dashboard/agentic/loading.test.tsx [2m([22m[2m1 test[22m[2m)[22m[32m 211[2mms[22m[39m
@baci/web:test:  [32m✓[39m src/app/admin/merchants/[merchantId]/loading.test.tsx [2m([22m[2m1 test[22m[2m)[22m[32m 235[2mms[22m[39m
@baci/web:test:  [32m✓[39m src/components/dashboard/upgrade-modal.test.tsx [2m([22m[2m2 tests[22m[2m)[22m[32m 4[2mms[22m[39m
@baci/web:test:  [32m✓[39m src/app/dashboard/products/new/page.test.tsx [2m([22m[2m1 test[22m[2m)[22m[32m 5[2mms[22m[39m
@baci/web:test:  [32m✓[39m src/app/.well-known/llms.txt/route.test.ts [2m([22m[2m1 test[22m[2m)[22m[32m 9[2mms[22m[39m
@baci/web:test:  [32m✓[39m src/app/dashboard/orders/order-number.test.ts [2m([22m[2m2 tests[22m[2m)[22m[32m 4[2mms[22m[39m
@baci/web:test:  [32m✓[39m src/app/(storefront)/[slug]/(catalog)/(pdp)/product/[productSlug]/loading.test.tsx [2m([22m[2m1 test[22m[2m)[22m[32m 287[2mms[22m[39m
@baci/web:test:  [32m✓[39m src/app/(storefront)/[slug]/(home)/loading.test.tsx [2m([22m[2m1 test[22m[2m)[22m[32m 267[2mms[22m[39m
@baci/web:test:  [32m✓[39m src/app/(storefront)/[slug]/(catalog)/loading.test.tsx [2m([22m[2m1 test[22m[2m)[22m[32m 274[2mms[22m[39m
@baci/web:test:  [32m✓[39m src/app/(storefront)/[slug]/(catalog)/(pdp)/[category]/[productSlug]/loading.test.tsx [2m([22m[2m1 test[22m[2m)[22m[32m 279[2mms[22m[39m
@baci/web:test:  [32m✓[39m src/app/(storefront)/[slug]/(catalog)/(pdp)/products/[productSlug]/loading.test.tsx [2m([22m[2m1 test[22m[2m)[22m[32m 262[2mms[22m[39m
@baci/web:test:  [32m✓[39m src/app/(storefront)/[slug]/(catalog)/(listing)/[category]/best-under/[priceBandSlug]/loading.test.tsx [2m([22m[2m1 test[22m[2m)[22m[32m 277[2mms[22m[39m
@baci/web:test:  [32m✓[39m src/config/storefront-cache.test.ts [2m([22m[2m1 test[22m[2m)[22m[32m 12[2mms[22m[39m
@baci/web:test:  [32m✓[39m src/app/(storefront)/[slug]/(catalog)/(listing)/[category]/compare/[comparisonSlug]/loading.test.tsx [2m([22m[2m1 test[22m[2m)[22m[32m 268[2mms[22m[39m
@baci/web:test:  [32m✓[39m src/components/blog/blog-editor.test.tsx [2m([22m[2m1 test[22m[2m)[22m[32m 3[2mms[22m[39m
@baci/web:test:  [32m✓[39m src/app/(storefront)/[slug]/(commerce)/loading.test.tsx [2m([22m[2m1 test[22m[2m)[22m[32m 273[2mms[22m[39m
@baci/web:test:  [32m✓[39m src/app/(storefront)/[slug]/(customer)/loading.test.tsx [2m([22m[2m1 test[22m[2m)[22m[33m 313[2mms[22m[39m
@baci/web:test:      [33m[2m✓[22m[39m renders the shared customer loading boundary [33m 310[2mms[22m[39m
@baci/web:test:  [32m✓[39m src/app/(storefront)/[slug]/(blog)/loading.test.tsx [2m([22m[2m1 test[22m[2m)[22m[32m 293[2mms[22m[39m
@baci/web:test:  [32m✓[39m src/app/(storefront)/[slug]/(content)/loading.test.tsx [2m([22m[2m1 test[22m[2m)[22m[32m 277[2mms[22m[39m
@baci/web:test:  [32m✓[39m src/app/(storefront)/[slug]/(utility)/loading.test.tsx [2m([22m[2m1 test[22m[2m)[22m[33m 319[2mms[22m[39m
@baci/web:test:      [33m[2m✓[22m[39m renders the shared utility loading boundary [33m 312[2mms[22m[39m
@baci/web:test:  [32m✓[39m src/app/(storefront)/[slug]/(blog)/blog/[postSlug]/loading.test.tsx [2m([22m[2m1 test[22m[2m)[22m[32m 242[2mms[22m[39m
@baci/web:test:  [32m✓[39m src/components/storefront/ogabassey/config/storefront-origins.test.ts [2m([22m[2m1 test[22m[2m)[22m[32m 3[2mms[22m[39m
@baci/web:test:  [32m✓[39m src/components/storefront/new-template/interactive-product-grid.test.tsx [2m([22m[2m1 test[22m[2m)[22m[32m 4[2mms[22m[39m
@baci/web:test:  [32m✓[39m src/components/jumia/order-manager-modal.test.tsx [2m([22m[2m1 test[22m[2m)[22m[32m 3[2mms[22m[39m
@baci/web:test:  [32m✓[39m src/app/(storefront)/[slug]/storefront-wrapper.test.tsx [2m([22m[2m1 test[22m[2m)[22m[32m 4[2mms[22m[39m
@baci/web:test:  [32m✓[39m src/components/storefront/newsletter-widget.test.tsx [2m([22m[2m1 test[22m[2m)[22m[32m 3[2mms[22m[39m
@baci/web:test:  [32m✓[39m src/app/(storefront)/[slug]/(content)/pages/privacy/privacy-page-client.test.tsx [2m([22m[2m1 test[22m[2m)[22m[32m 3[2mms[22m[39m
@baci/web:test:  [32m✓[39m src/components/storefront/reviews-section.test.tsx [2m([22m[2m1 test[22m[2m)[22m[32m 4[2mms[22m[39m
@baci/web:test:  [32m✓[39m src/components/storefront/quick-view-modal.test.tsx [2m([22m[2m1 test[22m[2m)[22m[32m 4[2mms[22m[39m
@baci/web:test:  [32m✓[39m src/app/(storefront)/[slug]/(content)/pages/terms/terms-page-client.test.tsx [2m([22m[2m1 test[22m[2m)[22m[32m 3[2mms[22m[39m
@baci/web:test:  [32m✓[39m src/app/(storefront)/[slug]/(blog)/blog/blog-list.test.tsx [2m([22m[2m1 test[22m[2m)[22m[32m 3[2mms[22m[39m
@baci/web:test:  [32m✓[39m src/components/products/file-upload.test.tsx [2m([22m[2m1 test[22m[2m)[22m[32m 3[2mms[22m[39m
@baci/web:test:
@baci/web:test: [2m Test Files [22m [1m[32m1370 passed[39m[22m[2m | [22m[33m1 skipped[39m[90m (1371)[39m
@baci/web:test: [2m      Tests [22m [1m[32m11006 passed[39m[22m[2m | [22m[90m1 todo[39m[90m (11007)[39m
@baci/web:test: [2m   Start at [22m 16:50:31
@baci/web:test: [2m   Duration [22m 945.44s[2m (transform 144.67s, setup 205.53s, import 416.66s, tests 383.12s, environment 1457.50s)[22m
@baci/web:test:

 Tasks:    5 successful, 5 total
Cached:    0 cached, 5 total
  Time:    15m47.985s
