// Vitest Snapshot v1, https://vitest.dev/guide/snapshot.html

exports[`BlogPostPageFallback > renders skeleton structure 1`] = `
<div
  class="min-h-screen bg-background"
>
  <div
    class="border-b bg-white"
  >
    <div
      class="container mx-auto px-4 py-4"
    >
      <div
        class="h-4 w-28 rounded bg-muted/40"
      />
    </div>
  </div>
  <main
    class="container mx-auto px-4 py-8"
  >
    <article
      class="max-w-6xl mx-auto bg-white rounded-3xl p-6 md:p-10 md:px-12 shadow-sm border border-gray-100 overflow-hidden"
    >
      <div
        class="aspect-video rounded-2xl mb-8 bg-muted/30 animate-pulse"
      />
      <div
        class="space-y-4 mb-8"
      >
        <div
          class="h-5 w-20 rounded-full bg-muted/40"
        />
        <div
          class="h-8 w-3/4 rounded bg-muted/50"
        />
        <div
          class="h-8 w-1/2 rounded bg-muted/40"
        />
        <div
          class="flex items-center gap-3 pt-2"
        >
          <div
            class="h-10 w-10 rounded-full bg-muted/40"
          />
          <div
            class="space-y-1.5"
          >
            <div
              class="h-3.5 w-24 rounded bg-muted/40"
            />
            <div
              class="h-3 w-32 rounded bg-muted/30"
            />
          </div>
        </div>
      </div>
      <div
        data-testid="body-fallback"
      />
    </article>
  </main>
</div>
`;
