
> @baci/web@0.1.0 lint /Users/mac/Baci-app/apps/web
> biome check .

src/app/api/merchant/blog/upload/route.ts:60:24 lint/style/noNonNullAssertion  FIXABLE  ━━━━━━━━━━━━

  ! Forbidden non-null assertion.
  
    58 │         .from('merchants')
    59 │         .select('id, slug')
  > 60 │         .eq('user_id', user!.id)
       │                        ^^^^^
    61 │         .single();
    62 │       merchant = data;
  
  i Unsafe fix: Replace with optional chain operator ?. This operator includes runtime checks, so it is safer than the compile-only non-null assertion operator
  
     58  58 │           .from('merchants')
     59  59 │           .select('id, slug')
     60     │ - ········.eq('user_id',·user!.id)
         60 │ + ········.eq('user_id',·user?.id)
     61  61 │           .single();
     62  62 │         merchant = data;
  

src/app/api/orders/[id]/record-payment/route.ts:100:20 lint/suspicious/noExplicitAny ━━━━━━━━━━━━━━━

  ! Unexpected any. Specify a different type.
  
     99 │     // 5. Update Order Status
  > 100 │     const updates: any = {};
        │                    ^^^
    101 │ 
    102 │     // Payment Status Logic
  
  i any disables many type checking rules. Its use should be avoided.
  

src/app/api/orders/[id]/record-payment/route.ts:133:19 lint/suspicious/noExplicitAny ━━━━━━━━━━━━━━━

  ! Unexpected any. Specify a different type.
  
    131 │       updated_status: updates,
    132 │     });
  > 133 │   } catch (error: any) {
        │                   ^^^
    134 │     console.error('Error in record-payment:', error);
    135 │     return NextResponse.json(
  
  i any disables many type checking rules. Its use should be avoided.
  

src/app/checkout/page.tsx:122:44 lint/suspicious/noExplicitAny ━━━━━━━━━━━━━━━━━━━━━━━━━━━━━━━━━━━━━

  ! Unexpected any. Specify a different type.
  
    120 │   const form = useForm<OtpAuthFormValues>({
    121 │     // eslint-disable-next-line @typescript-eslint/no-explicit-any
  > 122 │     resolver: zodResolver(otpAuthSchema as any as any),
        │                                            ^^^
    123 │     defaultValues: { email: '' },
    124 │   });
  
  i any disables many type checking rules. Its use should be avoided.
  

src/app/checkout/page.tsx:122:51 lint/suspicious/noExplicitAny ━━━━━━━━━━━━━━━━━━━━━━━━━━━━━━━━━━━━━

  ! Unexpected any. Specify a different type.
  
    120 │   const form = useForm<OtpAuthFormValues>({
    121 │     // eslint-disable-next-line @typescript-eslint/no-explicit-any
  > 122 │     resolver: zodResolver(otpAuthSchema as any as any),
        │                                                   ^^^
Checked 769 files in 814ms. No fixes applied.
Found 5 warnings.
    123 │     defaultValues: { email: '' },
    124 │   });
  
  i any disables many type checking rules. Its use should be avoided.
  

