
> @baci/web@0.1.0 typecheck /Users/mac/Baci-app/apps/web
> tsc --noEmit

src/app/api/admin/generate-product-images/route.ts(98,13): error TS7053: Element implicitly has an 'any' type because expression of type '0' can't be used to index type '{}'.
  Property '0' does not exist on type '{}'.
src/app/api/domains/check-availability/route.ts(13,69): error TS2345: Argument of type 'Request' is not assignable to parameter of type 'NextRequest'.
  Type 'Request' is missing the following properties from type 'NextRequest': cookies, nextUrl, page, ua
src/app/api/domains/initialize-payment/route.ts(21,69): error TS2345: Argument of type 'Request' is not assignable to parameter of type 'NextRequest'.
  Type 'Request' is missing the following properties from type 'NextRequest': cookies, nextUrl, page, ua
src/app/api/domains/route.ts(12,58): error TS2345: Argument of type 'Request' is not assignable to parameter of type 'NextRequest'.
  Type 'Request' is missing the following properties from type 'NextRequest': cookies, nextUrl, page, ua
src/app/api/domains/route.ts(63,58): error TS2345: Argument of type 'Request' is not assignable to parameter of type 'NextRequest'.
  Type 'Request' is missing the following properties from type 'NextRequest': cookies, nextUrl, page, ua
src/app/checkout/page.tsx(124,27): error TS2769: No overload matches this call.
  Overload 1 of 4, '(schema: Zod3Type<{ email: string; }, { email: string; }>, schemaOptions?: ParseParams | undefined, resolverOptions?: NonRawResolverOptions | undefined): Resolver<...>', gave the following error.
    Argument of type 'ZodObject<{ email: ZodString; }, $strip>' is not assignable to parameter of type 'Zod3Type<{ email: string; }, { email: string; }>'.
      Types of property '_def' are incompatible.
        Property 'typeName' is missing in type '$ZodObjectDef<{ email: ZodString; }>' but required in type '{ typeName: string; }'.
  Overload 2 of 4, '(schema: $ZodType<unknown, FieldValues, $ZodTypeInternals<unknown, FieldValues>>, schemaOptions?: ParseContext<$ZodIssue> | undefined, resolverOptions?: NonRawResolverOptions | undefined): Resolver<...>', gave the following error.
    Argument of type 'ZodObject<{ email: ZodString; }, $strip>' is not assignable to parameter of type '$ZodType<unknown, FieldValues, $ZodTypeInternals<unknown, FieldValues>>'.
      The types of '_zod.version.minor' are incompatible between these types.
        Type '3' is not assignable to type '0'.
src/app/checkout/page.tsx(968,27): error TS2769: No overload matches this call.
  Overload 1 of 4, '(schema: Zod3Type<{ firstName: string; lastName: string; email: string; phone: string; address: string; city: string; state: string; }, { firstName: string; lastName: string; email: string; phone: string; address: string; city: string; state: string; }>, schemaOptions?: ParseParams | undefined, resolverOptions?: NonRawResolverOptions | undefined): Resolver<...>', gave the following error.
    Argument of type 'ZodObject<{ firstName: ZodString; lastName: ZodString; email: ZodString; phone: ZodString; address: ZodString; city: ZodString; state: ZodString; }, $strip>' is not assignable to parameter of type 'Zod3Type<{ firstName: string; lastName: string; email: string; phone: string; address: string; city: string; state: string; }, { firstName: string; lastName: string; email: string; phone: string; address: string; city: string; state: string; }>'.
      Types of property '_def' are incompatible.
        Property 'typeName' is missing in type '$ZodObjectDef<{ firstName: ZodString; lastName: ZodString; email: ZodString; phone: ZodString; address: ZodString; city: ZodString; state: ZodString; }>' but required in type '{ typeName: string; }'.
  Overload 2 of 4, '(schema: $ZodType<unknown, FieldValues, $ZodTypeInternals<unknown, FieldValues>>, schemaOptions?: ParseContext<$ZodIssue> | undefined, resolverOptions?: NonRawResolverOptions | undefined): Resolver<...>', gave the following error.
    Argument of type 'ZodObject<{ firstName: ZodString; lastName: ZodString; email: ZodString; phone: ZodString; address: ZodString; city: ZodString; state: ZodString; }, $strip>' is not assignable to parameter of type '$ZodType<unknown, FieldValues, $ZodTypeInternals<unknown, FieldValues>>'.
      The types of '_zod.version.minor' are incompatible between these types.
        Type '3' is not assignable to type '0'.
src/app/checkout/page.tsx(1411,27): error TS2769: No overload matches this call.
  Overload 1 of 2, '(props: LinkProps<string>): JSX.Element', gave the following error.
    Type 'string' is not assignable to type 'UrlObject | RouteImpl<string>'.
  Overload 2 of 2, '(props: LinkProps<string>): JSX.Element', gave the following error.
    Type 'string' is not assignable to type 'UrlObject | RouteImpl<string>'.
src/app/staff/accept/page.tsx(142,3): error TS2300: Duplicate identifier 'merchantName'.
src/app/staff/accept/page.tsx(143,3): error TS2300: Duplicate identifier 'role'.
src/app/staff/accept/page.tsx(144,3): error TS2300: Duplicate identifier 'merchantName'.
src/app/staff/accept/page.tsx(145,3): error TS2300: Duplicate identifier 'role'.
src/components/auth/verify-form.tsx(44,27): error TS2769: No overload matches this call.
  Overload 1 of 4, '(schema: Zod3Type<{ code: string; }, { code: string; }>, schemaOptions?: ParseParams | undefined, resolverOptions?: NonRawResolverOptions | undefined): Resolver<...>', gave the following error.
    Argument of type 'ZodObject<{ code: ZodString; }, $strip>' is not assignable to parameter of type 'Zod3Type<{ code: string; }, { code: string; }>'.
      Types of property '_def' are incompatible.
        Property 'typeName' is missing in type '$ZodObjectDef<{ code: ZodString; }>' but required in type '{ typeName: string; }'.
  Overload 2 of 4, '(schema: $ZodType<unknown, FieldValues, $ZodTypeInternals<unknown, FieldValues>>, schemaOptions?: ParseContext<$ZodIssue> | undefined, resolverOptions?: NonRawResolverOptions | undefined): Resolver<...>', gave the following error.
    Argument of type 'ZodObject<{ code: ZodString; }, $strip>' is not assignable to parameter of type '$ZodType<unknown, FieldValues, $ZodTypeInternals<unknown, FieldValues>>'.
      The types of '_zod.version.minor' are incompatible between these types.
        Type '3' is not assignable to type '0'.
src/components/storefront/checkout-identity-modal.tsx(57,19): error TS2345: Argument of type 'string' is not assignable to parameter of type 'RouteImpl<string>'.
src/components/storefront/checkout-identity-modal.tsx(66,17): error TS2345: Argument of type 'string' is not assignable to parameter of type 'RouteImpl<string>'.
src/components/storefront/checkout-identity-modal.tsx(155,35): error TS2345: Argument of type 'string' is not assignable to parameter of type 'RouteImpl<string>'.
src/components/storefront/checkout-identity-modal.tsx(210,50): error TS2345: Argument of type 'string' is not assignable to parameter of type 'RouteImpl<string>'.
src/lib/cached-data.ts(217,9): error TS2322: Type '{ custom_domain: any; id: any; business_name: any; site_title: any; site_tagline: any; site_description: any; business_type: any; logo_url: any; phone: any; email: any; social_media: any; brand_colors: any; ... 12 more ...; feature_settings: any[]; }' is not assignable to type 'CachedMerchant'.
  Types of property 'feature_settings' are incompatible.
    Type 'any[]' is not assignable to type 'Record<string, unknown>'.
      Index signature for type 'string' is missing in type 'any[]'.
src/lib/cached-data.ts(221,5): error TS2322: Type '{ id: any; business_name: any; site_title: any; site_tagline: any; site_description: any; business_type: any; logo_url: any; phone: any; email: any; social_media: any; brand_colors: any; slug: any; ... 11 more ...; feature_settings: any[]; } | null' is not assignable to type 'CachedMerchant | null'.
  Type '{ id: any; business_name: any; site_title: any; site_tagline: any; site_description: any; business_type: any; logo_url: any; phone: any; email: any; social_media: any; brand_colors: any; slug: any; business_address: any; ... 10 more ...; feature_settings: any[]; }' is not assignable to type 'CachedMerchant'.
    Types of property 'feature_settings' are incompatible.
      Type 'any[]' is not assignable to type 'Record<string, unknown>'.
        Index signature for type 'string' is missing in type 'any[]'.
src/lib/cached-data.ts(332,5): error TS2322: Type '{ custom_domain: any; id: any; business_name: any; site_title: any; site_tagline: any; site_description: any; business_type: any; logo_url: any; phone: any; email: any; social_media: any; brand_colors: any; ... 12 more ...; feature_settings: any[]; }' is not assignable to type 'CachedMerchant'.
  Types of property 'feature_settings' are incompatible.
    Type 'any[]' is not assignable to type 'Record<string, unknown>'.
      Index signature for type 'string' is missing in type 'any[]'.
 ELIFECYCLE  Command failed with exit code 2.
