
> @baci/mobile-storefront@1.0.0 lint /Users/mac/Baci-app/apps/mobile-storefront
> expo lint

env: load .env
env: export EXPO_PUBLIC_SUPABASE_URL EXPO_PUBLIC_SUPABASE_ANON_KEY
npm warn Unknown env config "shamefully-hoist". This will stop working in the next major version of npm.
npm warn Unknown env config "npm-globalconfig". This will stop working in the next major version of npm.
npm warn Unknown env config "verify-deps-before-run". This will stop working in the next major version of npm.
npm warn Unknown env config "_jsr-registry". This will stop working in the next major version of npm.
npm warn Unknown env config "node-linker". This will stop working in the next major version of npm.

/Users/mac/Baci-app/apps/mobile-storefront/app/(tabs)/_layout.tsx
   9:10  error  'Platform' is defined but never used. Allowed unused vars must match /^_/u  @typescript-eslint/no-unused-vars
  12:17  error  'RADIUS' is defined but never used. Allowed unused vars must match /^_/u    @typescript-eslint/no-unused-vars

/Users/mac/Baci-app/apps/mobile-storefront/app/(tabs)/account.tsx
   28:11  error  'MenuItem' is defined but never used. Allowed unused vars must match /^_/u  @typescript-eslint/no-unused-vars
  245:33  error  Unexpected any. Specify a different type                                    @typescript-eslint/no-explicit-any

/Users/mac/Baci-app/apps/mobile-storefront/app/(tabs)/cart.tsx
   50:10  error    Unexpected any. Specify a different type                                                                            @typescript-eslint/no-explicit-any
   88:9   error    'insets' is assigned a value but never used. Allowed unused vars must match /^_/u                                   @typescript-eslint/no-unused-vars
  101:6   warning  React Hook useEffect has a missing dependency: 'arrowTranslateX'. Either include it or remove the dependency array  react-hooks/exhaustive-deps
  116:9   error    'totalSavings' is assigned a value but never used. Allowed unused vars must match /^_/u                             @typescript-eslint/no-unused-vars
  123:9   error    'openChat' is assigned a value but never used. Allowed unused vars must match /^_/u                                 @typescript-eslint/no-unused-vars
  196:53  error    Unexpected any. Specify a different type                                                                            @typescript-eslint/no-explicit-any

/Users/mac/Baci-app/apps/mobile-storefront/app/(tabs)/categories.tsx
  105:45  error  Unexpected any. Specify a different type  @typescript-eslint/no-explicit-any

/Users/mac/Baci-app/apps/mobile-storefront/app/(tabs)/index.tsx
   24:10  error    'Footer' is defined but never used. Allowed unused vars must match /^_/u                                                                                                                                                                                  @typescript-eslint/no-unused-vars
  126:9   warning  The 'handleCategorySelect' function makes the dependencies of useCallback Hook (at line 199) change on every render. Move it inside the useCallback callback. Alternatively, wrap the definition of 'handleCategorySelect' in its own useCallback() Hook  react-hooks/exhaustive-deps
  174:31  error    Unexpected any. Specify a different type                                                                                                                                                                                                                  @typescript-eslint/no-explicit-any
  191:22  error    React Hook "useCallback" is called conditionally. React Hooks must be called in the exact same order in every component render                                                                                                                            react-hooks/rules-of-hooks
  192:24  error    Unexpected any. Specify a different type                                                                                                                                                                                                                  @typescript-eslint/no-explicit-any
  252:25  error    Unexpected any. Specify a different type                                                                                                                                                                                                                  @typescript-eslint/no-explicit-any
  254:30  error    Unexpected any. Specify a different type                                                                                                                                                                                                                  @typescript-eslint/no-explicit-any

/Users/mac/Baci-app/apps/mobile-storefront/app/_layout.tsx
  95:16  error  A `require()` style import is forbidden  @typescript-eslint/no-require-imports

/Users/mac/Baci-app/apps/mobile-storefront/app/addresses/[id].tsx
  144:6  warning  React Hook useEffect has a missing dependency: 'fetchAddress'. Either include it or remove the dependency array  react-hooks/exhaustive-deps

/Users/mac/Baci-app/apps/mobile-storefront/app/bnpl-checkout/index.tsx
  25:6  error  'BNPLGateway' is defined but never used. Allowed unused vars must match /^_/u             @typescript-eslint/no-unused-vars
  74:5  error  'customerEmail' is assigned a value but never used. Allowed unused vars must match /^_/u  @typescript-eslint/no-unused-vars
  75:5  error  'customerName' is assigned a value but never used. Allowed unused vars must match /^_/u   @typescript-eslint/no-unused-vars

/Users/mac/Baci-app/apps/mobile-storefront/app/checkout.tsx
   97:52  error    Unexpected any. Specify a different type                                                                       @typescript-eslint/no-explicit-any
  169:6   warning  React Hook useEffect has a missing dependency: 'handleBack'. Either include it or remove the dependency array  react-hooks/exhaustive-deps

/Users/mac/Baci-app/apps/mobile-storefront/app/orders/[id].tsx
  312:44  error  Unexpected any. Specify a different type  @typescript-eslint/no-explicit-any

/Users/mac/Baci-app/apps/mobile-storefront/app/orders/index.tsx
  222:42  error  Unexpected any. Specify a different type  @typescript-eslint/no-explicit-any

/Users/mac/Baci-app/apps/mobile-storefront/app/product/[slug].tsx
   20:3   error    'LayoutChangeEvent' is defined but never used. Allowed unused vars must match /^_/u                                   @typescript-eslint/no-unused-vars
   21:3   error    'Linking' is defined but never used. Allowed unused vars must match /^_/u                                             @typescript-eslint/no-unused-vars
  176:6   warning  React Hook useMemo has a missing dependency: 'getConditionDisplay'. Either include it or remove the dependency array  react-hooks/exhaustive-deps
  222:36  error    Unexpected any. Specify a different type                                                                              @typescript-eslint/no-explicit-any
  260:8   warning  React Hook useEffect has a missing dependency: 'progress'. Either include it or remove the dependency array           react-hooks/exhaustive-deps
  491:36  error    Unexpected any. Specify a different type                                                                              @typescript-eslint/no-explicit-any
  522:62  error    Unexpected any. Specify a different type                                                                              @typescript-eslint/no-explicit-any
  606:17  error    Expected an assignment or function call and instead saw an expression                                                 @typescript-eslint/no-unused-expressions

/Users/mac/Baci-app/apps/mobile-storefront/app/profile/edit.tsx
   18:3   error  'Alert' is defined but never used. Allowed unused vars must match /^_/u           @typescript-eslint/no-unused-vars
   66:44  error  Unexpected any. Specify a different type                                          @typescript-eslint/no-explicit-any
   91:14  error  'error' is defined but never used. Allowed unused caught errors must match /^_/u  @typescript-eslint/no-unused-vars
  138:49  error  Unexpected any. Specify a different type                                          @typescript-eslint/no-explicit-any

/Users/mac/Baci-app/apps/mobile-storefront/app/search.tsx
  22:10  error  'OfflineNotice' is defined but never used. Allowed unused vars must match /^_/u  @typescript-eslint/no-unused-vars

/Users/mac/Baci-app/apps/mobile-storefront/components/ConnectivityBanner.tsx
  51:9  warning  The 'showBanner' function makes the dependencies of useEffect Hook (at line 119) change on every render. Move it inside the useEffect callback. Alternatively, wrap the definition of 'showBanner' in its own useCallback() Hook  react-hooks/exhaustive-deps
  60:9  warning  The 'hideBanner' function makes the dependencies of useEffect Hook (at line 119) change on every render. Move it inside the useEffect callback. Alternatively, wrap the definition of 'hideBanner' in its own useCallback() Hook  react-hooks/exhaustive-deps

/Users/mac/Baci-app/apps/mobile-storefront/components/ErrorBoundary.tsx
  19:18  error  'BRAND' is defined but never used. Allowed unused vars must match /^_/u  @typescript-eslint/no-unused-vars

/Users/mac/Baci-app/apps/mobile-storefront/components/ExternalLink.tsx
  13:27  error  Unexpected any. Specify a different type  @typescript-eslint/no-explicit-any

/Users/mac/Baci-app/apps/mobile-storefront/components/__tests__/StyledText-test.js
  5:1  error  'it' is not defined      no-undef
  8:3  error  'expect' is not defined  no-undef

/Users/mac/Baci-app/apps/mobile-storefront/components/chat/ChatWidget.tsx
   30:3   error  'Linking' is defined but never used. Allowed unused vars must match /^_/u       @typescript-eslint/no-unused-vars
  155:24  error  Unexpected any. Specify a different type                                        @typescript-eslint/no-explicit-any
  156:24  error  Unexpected any. Specify a different type                                        @typescript-eslint/no-explicit-any
  172:34  error  'gestureState' is defined but never used. Allowed unused args must match /^_/u  @typescript-eslint/no-unused-vars
  177:36  error  Unexpected any. Specify a different type                                        @typescript-eslint/no-explicit-any
  178:36  error  Unexpected any. Specify a different type                                        @typescript-eslint/no-explicit-any

/Users/mac/Baci-app/apps/mobile-storefront/components/checkout/CheckoutIdentityModal.tsx
  68:6  warning  React Hook useEffect has missing dependencies: 'backdropOpacity' and 'translateY'. Either include them or remove the dependency array  react-hooks/exhaustive-deps

/Users/mac/Baci-app/apps/mobile-storefront/components/modals/NegotiationModal.tsx
   24:8   error    'Colors' is defined but never used. Allowed unused vars must match /^_/u                       @typescript-eslint/no-unused-vars
  288:21  warning  The autoFocus prop should not be used, as it can reduce usability and accessibility for users  jsx-a11y/no-autofocus

/Users/mac/Baci-app/apps/mobile-storefront/components/navigation/DrawerMenu.tsx
  138:25  error  Unexpected any. Specify a different type  @typescript-eslint/no-explicit-any

/Users/mac/Baci-app/apps/mobile-storefront/components/product/CompareButton.tsx
  7:46  error  'View' is defined but never used. Allowed unused vars must match /^_/u  @typescript-eslint/no-unused-vars

/Users/mac/Baci-app/apps/mobile-storefront/components/product/ConditionSelector.tsx
   10:18  error  'BRAND' is defined but never used. Allowed unused vars must match /^_/u  @typescript-eslint/no-unused-vars
  161:42  error  Unexpected any. Specify a different type                                 @typescript-eslint/no-explicit-any

/Users/mac/Baci-app/apps/mobile-storefront/components/product/ImageZoomModal.tsx
  26:3  error  'withTiming' is defined but never used. Allowed unused vars must match /^_/u  @typescript-eslint/no-unused-vars

/Users/mac/Baci-app/apps/mobile-storefront/components/product/NegotiationModal.tsx
   26:8   error    'Colors' is defined but never used. Allowed unused vars must match /^_/u                       @typescript-eslint/no-unused-vars
   28:3   error    'RADIUS' is defined but never used. Allowed unused vars must match /^_/u                       @typescript-eslint/no-unused-vars
   30:3   error    'SPACING' is defined but never used. Allowed unused vars must match /^_/u                      @typescript-eslint/no-unused-vars
   35:8   error    'NegotiationResult' is defined but never used. Allowed unused vars must match /^_/u            @typescript-eslint/no-unused-vars
   36:3   error    'NegotiationResultSchema' is defined but never used. Allowed unused vars must match /^_/u      @typescript-eslint/no-unused-vars
   37:3   error    'parseApiResponse' is defined but never used. Allowed unused vars must match /^_/u             @typescript-eslint/no-unused-vars
   75:9   error    'colorScheme' is assigned a value but never used. Allowed unused vars must match /^_/u         @typescript-eslint/no-unused-vars
   76:9   error    'apiUrl' is assigned a value but never used. Allowed unused vars must match /^_/u              @typescript-eslint/no-unused-vars
  305:21  warning  The autoFocus prop should not be used, as it can reduce usability and accessibility for users  jsx-a11y/no-autofocus

/Users/mac/Baci-app/apps/mobile-storefront/components/storefront/BlockRenderer.tsx
   43:60  error  Unexpected any. Specify a different type  @typescript-eslint/no-explicit-any
   49:11  error  Unexpected any. Specify a different type  @typescript-eslint/no-explicit-any
   79:46  error  Unexpected any. Specify a different type  @typescript-eslint/no-explicit-any
  216:37  error  Unexpected any. Specify a different type  @typescript-eslint/no-explicit-any
  247:33  error  Unexpected any. Specify a different type  @typescript-eslint/no-explicit-any

/Users/mac/Baci-app/apps/mobile-storefront/components/storefront/FilterBar.tsx
   12:33  error  'SPACING' is defined but never used. Allowed unused vars must match /^_/u          @typescript-eslint/no-unused-vars
   63:9   error  'colors' is assigned a value but never used. Allowed unused vars must match /^_/u  @typescript-eslint/no-unused-vars
  334:42  error  Unexpected any. Specify a different type                                           @typescript-eslint/no-explicit-any

/Users/mac/Baci-app/apps/mobile-storefront/components/storefront/Footer.tsx
  116:26  error  Unexpected any. Specify a different type  @typescript-eslint/no-explicit-any
  139:46  error  Unexpected any. Specify a different type  @typescript-eslint/no-explicit-any

/Users/mac/Baci-app/apps/mobile-storefront/components/storefront/Header.tsx
    8:10  error  'Image' is defined but never used. Allowed unused vars must match /^_/u                 @typescript-eslint/no-unused-vars
   28:7   error  'PATTERN_URI' is assigned a value but never used. Allowed unused vars must match /^_/u  @typescript-eslint/no-unused-vars
  223:60  error  Unexpected any. Specify a different type                                                @typescript-eslint/no-explicit-any

/Users/mac/Baci-app/apps/mobile-storefront/components/storefront/Hero.tsx
   80:58  error  Unexpected any. Specify a different type                                 @typescript-eslint/no-explicit-any
  117:52  error  Unexpected any. Specify a different type                                 @typescript-eslint/no-explicit-any
  144:52  error  Unexpected any. Specify a different type                                 @typescript-eslint/no-explicit-any
  182:32  error  'index' is defined but never used. Allowed unused args must match /^_/u  @typescript-eslint/no-unused-vars

/Users/mac/Baci-app/apps/mobile-storefront/components/storefront/ProductCard.tsx
  151:11  error  'showScarcityBadge' is assigned a value but never used. Allowed unused vars must match /^_/u   @typescript-eslint/no-unused-vars
  208:11  error  'discountPercentage' is assigned a value but never used. Allowed unused vars must match /^_/u  @typescript-eslint/no-unused-vars

/Users/mac/Baci-app/apps/mobile-storefront/components/storefront/UtilityPanel.tsx
    2:10  error    'useRouter' is defined but never used. Allowed unused vars must match /^_/u                                             @typescript-eslint/no-unused-vars
   17:3   error    'withSpring' is defined but never used. Allowed unused vars must match /^_/u                                            @typescript-eslint/no-unused-vars
   20:17  error    'RADIUS' is defined but never used. Allowed unused vars must match /^_/u                                                @typescript-eslint/no-unused-vars
   47:3   error    'id' is defined but never used. Allowed unused args must match /^_/u                                                    @typescript-eslint/no-unused-vars
   49:3   error    'slug' is defined but never used. Allowed unused args must match /^_/u                                                  @typescript-eslint/no-unused-vars
   59:6   warning  React Hook useEffect has a missing dependency: 'progress'. Either include it or remove the dependency array             react-hooks/exhaustive-deps
  175:6   warning  React Hook useEffect has a missing dependency: 'categoryIds'. Either include it or remove the dependency array          react-hooks/exhaustive-deps
  188:6   warning  React Hook useEffect has a missing dependency: 'utilityWords.length'. Either include it or remove the dependency array  react-hooks/exhaustive-deps
  218:40  error    Unexpected any. Specify a different type                                                                                @typescript-eslint/no-explicit-any

/Users/mac/Baci-app/apps/mobile-storefront/components/ui/Button.tsx
  75:13  error  Unexpected any. Specify a different type  @typescript-eslint/no-explicit-any

/Users/mac/Baci-app/apps/mobile-storefront/components/ui/HTMLRenderer.tsx
   4:10  error  'TYPOGRAPHY' is defined but never used. Allowed unused vars must match /^_/u  @typescript-eslint/no-unused-vars
  36:30  error  Unexpected any. Specify a different type                                      @typescript-eslint/no-explicit-any
  42:30  error  Unexpected any. Specify a different type                                      @typescript-eslint/no-explicit-any
  49:30  error  Unexpected any. Specify a different type                                      @typescript-eslint/no-explicit-any
  55:30  error  Unexpected any. Specify a different type                                      @typescript-eslint/no-explicit-any
  70:32  error  Unexpected any. Specify a different type                                      @typescript-eslint/no-explicit-any

/Users/mac/Baci-app/apps/mobile-storefront/components/ui/SafeImage.tsx
  14:39  error  'ImageSource' is defined but never used. Allowed unused vars must match /^_/u  @typescript-eslint/no-unused-vars
  17:10  error  'BRAND' is defined but never used. Allowed unused vars must match /^_/u        @typescript-eslint/no-unused-vars

/Users/mac/Baci-app/apps/mobile-storefront/components/ui/SnowEffect.tsx
  37:67  warning  React Hook useMemo has a missing dependency: 'seededRandom'. Either include it or remove the dependency array  react-hooks/exhaustive-deps
  38:56  warning  React Hook useMemo has a missing dependency: 'seededRandom'. Either include it or remove the dependency array  react-hooks/exhaustive-deps
  41:5   warning  React Hook useMemo has a missing dependency: 'seededRandom'. Either include it or remove the dependency array  react-hooks/exhaustive-deps
  43:55  warning  React Hook useMemo has a missing dependency: 'seededRandom'. Either include it or remove the dependency array  react-hooks/exhaustive-deps
  44:65  warning  React Hook useMemo has a missing dependency: 'seededRandom'. Either include it or remove the dependency array  react-hooks/exhaustive-deps

/Users/mac/Baci-app/apps/mobile-storefront/components/ui/Toast.tsx
  14:47  error  'View' is defined but never used. Allowed unused vars must match /^_/u   @typescript-eslint/no-unused-vars
  22:10  error  'BRAND' is defined but never used. Allowed unused vars must match /^_/u  @typescript-eslint/no-unused-vars

✖ 113 problems (94 errors, 19 warnings)

 ELIFECYCLE  Command failed with exit code 1.
